== unpacking /home/asdf/projects/solidedge-wine-main/logs/webview2/wv2.zip
runtime dir : /home/asdf/projects/solidedge-wine-main/state/work/webview2/tree
destination : /home/asdf/projects/solidedge-wine-main/state/work/prefix/drive_c/Program Files (x86)/Microsoft/EdgeWebView/Application/154.0.4258.48  (version 154.0.4258.48)
== registry
0080:fixme:seh:WerSetFlags (2) stub
0080:fixme:heap:RtlSetHeapInformation HEAP_INFORMATION_CLASS 1 not implemented!
0094:fixme:process:SetProcessShutdownParameters (00000380, 00000000): partial stub.
0094:fixme:ntdll:EtwEventSetInformation (deadbeef, 2, 00006FFFFAB425B7, 28) stub
0094:fixme:ver:GetCurrentPackageId (00007FFFFEF6EB50 0000000000000000): stub
00b8:fixme:ntdll:NtQuerySystemInformation info_class SYSTEM_PERFORMANCE_INFORMATION
00b8:fixme:seh:WerSetFlags (2) stub
00b8:fixme:heap:RtlSetHeapInformation HEAP_INFORMATION_CLASS 1 not implemented!
00cc:fixme:process:SetProcessShutdownParameters (00000380, 00000000): partial stub.
00cc:fixme:ntdll:EtwEventSetInformation (deadbeef, 2, 79243241, 28) stub
00cc:fixme:ver:GetCurrentPackageId (00E2ECBC 00000000): stub
00f8:fixme:wineusb:query_id Unhandled ID query type 0x5.
00f8:fixme:wineusb:query_id Unhandled ID query type 0x5.
00f8:fixme:wineusb:query_id Unhandled ID query type 0x5.
  HKCU\Environment WEBVIEW2_BROWSER_EXECUTABLE_FOLDER = C:\Program Files (x86)\Microsoft\EdgeWebView\Application\154.0.4258.48

== result
-rwxrwxr-x 1 asdf asdf 4862792 Sep 28 17:59 /home/asdf/projects/solidedge-wine-main/state/work/prefix/drive_c/Program Files (x86)/Microsoft/EdgeWebView/Application/154.0.4258.48/msedgewebview2.exe
  [ ok ] runtime deployed
