Executing cd /usr/bin
winetricks latest version check update disabled in the Debian package for privacy reasons.
You may enable it by setting WINETRICKS_LATEST_VERSION_CHECK=enabled or creating /home/asdf/.config/winetricks/enable-latest-version-check
------------------------------------------------------
warning: You are using a 64-bit WINEPREFIX. Note that many verbs only install 32-bit versions of packages. If you encounter problems, please retest in a clean 32-bit WINEPREFIX before reporting a bug.
------------------------------------------------------
------------------------------------------------------
warning: You appear to be using Wine's new wow64 mode. Note that this is EXPERIMENTAL and not yet fully supported. If reporting an issue, be sure to mention this.
------------------------------------------------------
Using winetricks 20250102 - sha256sum: 9df4af038f04c753f3b0b02817cf60a51d8eac32357d070c45dfd139b93bd3f5 with wine-11.18 and WINEARCH=win64
Executing w_do_call win10
------------------------------------------------------
warning: You are using a 64-bit WINEPREFIX. Note that many verbs only install 32-bit versions of packages. If you encounter problems, please retest in a clean 32-bit WINEPREFIX before reporting a bug.
------------------------------------------------------
------------------------------------------------------
warning: You appear to be using Wine's new wow64 mode. Note that this is EXPERIMENTAL and not yet fully supported. If reporting an issue, be sure to mention this.
------------------------------------------------------
Executing load_win10 
Executing /home/asdf/projects/solidedge-wine-main/wine-install/bin/wine winecfg -v win10
------------------------------------------------------
warning: Running /home/asdf/projects/solidedge-wine-main/wine-install/bin/wineserver -w. This will hang until all wine processes in prefix=/home/asdf/projects/solidedge-wine-main/state/work/prefix terminate
------------------------------------------------------
