002c:fixme:actctx:parse_depend_manifests Could not find dependent assembly L"Microsoft.Windows.Common-Controls" (6.0.0.0)
004c:fixme:actctx:parse_depend_manifests Could not find dependent assembly L"Microsoft.Windows.Common-Controls" (6.0.0.0)
0054:fixme:actctx:parse_depend_manifests Could not find dependent assembly L"Microsoft.Windows.Common-Controls" (6.0.0.0)
0054:err:ole:StdMarshalImpl_MarshalInterface Failed to create ifstub, hr 0x80004002
0054:err:ole:CoMarshalInterface Failed to marshal the interface {6d5140c1-7436-11ce-8034-00aa006009fa}, hr 0x80004002
0054:err:ole:apartment_get_local_server_stream Failed: 0x80004002
0054:err:ole:start_rpcss Failed to open RpcSs service
004c:err:ole:StdMarshalImpl_MarshalInterface Failed to create ifstub, hr 0x80004002
004c:err:ole:CoMarshalInterface Failed to marshal the interface {6d5140c1-7436-11ce-8034-00aa006009fa}, hr 0x80004002
004c:err:ole:apartment_get_local_server_stream Failed: 0x80004002
009c:fixme:file:NtLockFile I/O completion on lock not implemented yet
009c:fixme:ntdll:NtQuerySystemInformation info_class SYSTEM_PERFORMANCE_INFORMATION
00c0:fixme:file:NtLockFile I/O completion on lock not implemented yet
00c0:fixme:ntdll:NtQuerySystemInformation info_class SYSTEM_PERFORMANCE_INFORMATION
00c0:fixme:msi:internal_ui_handler internal UI not implemented for message 0x0b000000 (UI level = 5)
00c0:fixme:msi:internal_ui_handler internal UI not implemented for message 0x0b000000 (UI level = 5)
009c:fixme:msi:internal_ui_handler internal UI not implemented for message 0x0b000000 (UI level = 1)
009c:fixme:msi:internal_ui_handler internal UI not implemented for message 0x0b000000 (UI level = 1)
0128:fixme:msg:pack_message msg 14 (WM_ERASEBKGND) not supported yet
002c:err:setupapi:do_file_copyW Unsupported style(s) 0x10
002c:err:setupapi:do_file_copyW Unsupported style(s) 0x10
0154:err:setupapi:do_file_copyW Unsupported style(s) 0x10
0154:err:setupapi:do_file_copyW Unsupported style(s) 0x10
002c:err:setupapi:do_file_copyW Unsupported style(s) 0x10
0154:fixme:wineusb:query_id Unhandled ID query type 0x5.
0154:fixme:wineusb:query_id Unhandled ID query type 0x5.
0154:fixme:wineusb:query_id Unhandled ID query type 0x5.
tcache_thread_shutdown(): unaligned tcache chunk detected
