apitrace: started pid 608 (suspended): "C:\Program Files\Resolume Arena\Arena.exe"
apitrace: dll=Z:\home\asdf\projects\resolume-wine\tools\apitrace\build\apihook.dll
apitrace: cfg=Z:\home\asdf\projects\resolume-wine\tools\apitrace\res.cfg
apitrace: out=Z:\home\asdf\projects\resolume-wine\logs\runs\arena_wine.log
apitrace: apihook.dll@0xf1910000 loaded in pid 608
0264:fixme:combase:RoGetActivationFactory (L"Windows.UI.ViewManagement.UIViewSettings", {3694dbf9-8f68-44be-8ff5-195c98ede8a6}, 00007FFFFE68F898): semi-stub
0264:fixme:win:RegisterTouchWindow hwnd 0000000000030066, flags 0 stub!
0264:fixme:msg:ChangeWindowMessageFilterEx 0000000000030066 233 1 0000000000000000
0264:fixme:msg:ChangeWindowMessageFilterEx 0000000000030066 4a 1 0000000000000000
0264:fixme:msg:ChangeWindowMessageFilterEx 0000000000030066 49 1 0000000000000000
0264:err:ole:com_get_class_object class {aa509086-5ca9-4c25-8f95-589d3c07b48a} not registered
0264:err:ole:com_get_class_object class {aa509086-5ca9-4c25-8f95-589d3c07b48a} not registered
0264:err:ole:create_server class {aa509086-5ca9-4c25-8f95-589d3c07b48a} not registered
0264:fixme:ole:com_get_class_object CLSCTX_REMOTE_SERVER not supported
0264:err:ole:com_get_class_object no class object {aa509086-5ca9-4c25-8f95-589d3c07b48a} could be created for context 0x17
0264:fixme:combase:RoGetActivationFactory (L"Windows.UI.ViewManagement.UIViewSettings", {3694dbf9-8f68-44be-8ff5-195c98ede8a6}, 00007FFFFE694038): semi-stub
0264:fixme:win:RegisterTouchWindow hwnd 0000000000030060, flags 0 stub!
0264:fixme:msg:ChangeWindowMessageFilterEx 0000000000030060 233 1 0000000000000000
0264:fixme:msg:ChangeWindowMessageFilterEx 0000000000030060 4a 1 0000000000000000
0264:fixme:msg:ChangeWindowMessageFilterEx 0000000000030060 49 1 0000000000000000
0264:fixme:ntdll:NtQuerySystemInformation info_class SYSTEM_PERFORMANCE_INFORMATION
0264:fixme:win:RegisterSuspendResumeNotification 0000000000030060, 0: stub.
02a4:fixme:dxgi:dxgi_output_WaitForVBlank iface 00007FFFFE692CB0 stub!
0264:fixme:combase:RoGetActivationFactory (L"Windows.UI.ViewManagement.UIViewSettings", {3694dbf9-8f68-44be-8ff5-195c98ede8a6}, 00007FFFFE6A9778): semi-stub
0264:fixme:win:RegisterTouchWindow hwnd 0000000000040056, flags 0 stub!
0264:fixme:msg:ChangeWindowMessageFilterEx 0000000000040056 233 1 0000000000000000
0264:fixme:msg:ChangeWindowMessageFilterEx 0000000000040056 4a 1 0000000000000000
0264:fixme:msg:ChangeWindowMessageFilterEx 0000000000040056 49 1 0000000000000000
0264:fixme:win:RegisterSuspendResumeNotification 0000000000040056, 0: stub.
0264:fixme:combase:RoGetActivationFactory (L"Windows.UI.ViewManagement.UIViewSettings", {3694dbf9-8f68-44be-8ff5-195c98ede8a6}, 00007FFFFE6A99C8): semi-stub
0264:fixme:win:RegisterTouchWindow hwnd 000000000005004E, flags 0 stub!
0264:fixme:msg:ChangeWindowMessageFilterEx 000000000005004E 233 1 0000000000000000
0264:fixme:msg:ChangeWindowMessageFilterEx 000000000005004E 4a 1 0000000000000000
0264:fixme:msg:ChangeWindowMessageFilterEx 000000000005004E 49 1 0000000000000000
0264:fixme:win:RegisterSuspendResumeNotification 000000000005004E, 0: stub.
0264:fixme:combase:RoGetActivationFactory (L"Windows.UI.ViewManagement.UIViewSettings", {3694dbf9-8f68-44be-8ff5-195c98ede8a6}, 00007FFFFE6A9D38): semi-stub
0264:fixme:win:RegisterTouchWindow hwnd 000000000002008E, flags 0 stub!
0264:fixme:msg:ChangeWindowMessageFilterEx 000000000002008E 233 1 0000000000000000
0264:fixme:msg:ChangeWindowMessageFilterEx 000000000002008E 4a 1 0000000000000000
0264:fixme:msg:ChangeWindowMessageFilterEx 000000000002008E 49 1 0000000000000000
0264:fixme:win:RegisterSuspendResumeNotification 000000000002008E, 0: stub.
0264:fixme:win:RegisterSuspendResumeNotification 0000000000030066, 0: stub.
02e8:fixme:cryptasn:CryptDecodeObjectEx Unsupported decoder for lpszStructType 1.3.6.1.4.1.311.2.1.4
02e8:fixme:cryptasn:CryptDecodeObjectEx Unsupported decoder for lpszStructType 1.3.6.1.4.1.311.2.1.4
