00a0:fixme:heap:RtlSetHeapInformation HEAP_INFORMATION_CLASS 1 not implemented!
00ac:fixme:advapi:RegisterEventSourceW ((null),L"Bonjour Service"): stub
00ac:fixme:advapi:ReportEventA (00000000CAFE4242,0x0004,0x0000,0x00000064,0000000000000000,0x0001,0x00000000,0000000000E3FA50,0000000000000000): stub
00ac:fixme:advapi:ReportEventW (00000000CAFE4242,0x0004,0x0000,0x00000064,0000000000000000,0x0001,0x00000000,0000000000711FF0,0000000000000000): stub
00ac:fixme:winsock:WSAIoctl SIO_UDP_CONNRESET stub
00ac:fixme:winsock:WSAIoctl SIO_UDP_CONNRESET stub
00ac:fixme:advapi:ReportEventA (00000000CAFE4242,0x0004,0x0000,0x00000064,0000000000000000,0x0001,0x00000000,0000000000E3FA50,0000000000000000): stub
00ac:fixme:advapi:ReportEventW (00000000CAFE4242,0x0004,0x0000,0x00000064,0000000000000000,0x0001,0x00000000,0000000000711FF0,0000000000000000): stub
0050:fixme:service:svcctl_EnumServicesStatusExW resume handle not supported
0050:fixme:service:svcctl_EnumServicesStatusExW resume handle not supported
0050:fixme:service:svcctl_EnumServicesStatusExW resume handle not supported
0050:fixme:service:svcctl_EnumServicesStatusExW resume handle not supported
00ac:fixme:advapi:ReportEventA (00000000CAFE4242,0x0004,0x0000,0x00000064,0000000000000000,0x0001,0x00000000,0000000000E3FA50,0000000000000000): stub
00ac:fixme:advapi:ReportEventW (00000000CAFE4242,0x0004,0x0000,0x00000064,0000000000000000,0x0001,0x00000000,0000000000711FF0,0000000000000000): stub
00ac:fixme:wkscli:NetGetJoinInformation Semi-stub (null) 0000000000E3FAC8 0000000000E3FAC0
00ac:fixme:winsock:WSAIoctl SIO_UDP_CONNRESET stub
00ac:fixme:winsock:WSAIoctl SIO_UDP_CONNRESET stub
00ac:fixme:winsock:WSAIoctl SIO_UDP_CONNRESET stub
apitrace: started pid 308 (suspended): "C:\Program Files\Resolume Arena\Arena.exe"
apitrace: dll=Z:\home\asdf\projects\resolume-wine\tools\apitrace\build\apihook.dll
apitrace: cfg=Z:\home\asdf\projects\resolume-wine\tools\apitrace\res.cfg
apitrace: out=Z:\home\asdf\projects\resolume-wine\logs\runs\arena_wine2.log
apitrace: apihook.dll@0xf1910000 loaded in pid 308
0138:fixme:combase:RoGetActivationFactory (L"Windows.UI.ViewManagement.UIViewSettings", {3694dbf9-8f68-44be-8ff5-195c98ede8a6}, 00007FFFFE693498): semi-stub
0138:fixme:win:RegisterTouchWindow hwnd 000000000001006E, flags 0 stub!
0138:fixme:msg:ChangeWindowMessageFilterEx 000000000001006E 233 1 0000000000000000
0138:fixme:msg:ChangeWindowMessageFilterEx 000000000001006E 4a 1 0000000000000000
0138:fixme:msg:ChangeWindowMessageFilterEx 000000000001006E 49 1 0000000000000000
0138:err:ole:com_get_class_object class {aa509086-5ca9-4c25-8f95-589d3c07b48a} not registered
0138:err:ole:com_get_class_object class {aa509086-5ca9-4c25-8f95-589d3c07b48a} not registered
0138:err:ole:create_server class {aa509086-5ca9-4c25-8f95-589d3c07b48a} not registered
0138:fixme:ole:com_get_class_object CLSCTX_REMOTE_SERVER not supported
0138:err:ole:com_get_class_object no class object {aa509086-5ca9-4c25-8f95-589d3c07b48a} could be created for context 0x17
0138:fixme:combase:RoGetActivationFactory (L"Windows.UI.ViewManagement.UIViewSettings", {3694dbf9-8f68-44be-8ff5-195c98ede8a6}, 00007FFFFE699B18): semi-stub
0138:fixme:win:RegisterTouchWindow hwnd 0000000000010074, flags 0 stub!
0138:fixme:msg:ChangeWindowMessageFilterEx 0000000000010074 233 1 0000000000000000
0138:fixme:msg:ChangeWindowMessageFilterEx 0000000000010074 4a 1 0000000000000000
0138:fixme:msg:ChangeWindowMessageFilterEx 0000000000010074 49 1 0000000000000000
0138:fixme:ntdll:NtQuerySystemInformation info_class SYSTEM_PERFORMANCE_INFORMATION
0138:fixme:win:RegisterSuspendResumeNotification 0000000000010074, 0: stub.
017c:fixme:dxgi:dxgi_output_WaitForVBlank iface 00007FFFFE698790 stub!
0138:fixme:combase:RoGetActivationFactory (L"Windows.UI.ViewManagement.UIViewSettings", {3694dbf9-8f68-44be-8ff5-195c98ede8a6}, 00007FFFFE6A30C8): semi-stub
0138:fixme:win:RegisterTouchWindow hwnd 000000000002007A, flags 0 stub!
0138:fixme:msg:ChangeWindowMessageFilterEx 000000000002007A 233 1 0000000000000000
0138:fixme:msg:ChangeWindowMessageFilterEx 000000000002007A 4a 1 0000000000000000
0138:fixme:msg:ChangeWindowMessageFilterEx 000000000002007A 49 1 0000000000000000
0138:fixme:win:RegisterSuspendResumeNotification 000000000002007A, 0: stub.
0138:fixme:combase:RoGetActivationFactory (L"Windows.UI.ViewManagement.UIViewSettings", {3694dbf9-8f68-44be-8ff5-195c98ede8a6}, 00007FFFFE6A8378): semi-stub
0138:fixme:win:RegisterTouchWindow hwnd 0000000000020054, flags 0 stub!
0138:fixme:msg:ChangeWindowMessageFilterEx 0000000000020054 233 1 0000000000000000
0138:fixme:msg:ChangeWindowMessageFilterEx 0000000000020054 4a 1 0000000000000000
0138:fixme:msg:ChangeWindowMessageFilterEx 0000000000020054 49 1 0000000000000000
0138:fixme:win:RegisterSuspendResumeNotification 0000000000020054, 0: stub.
0138:fixme:combase:RoGetActivationFactory (L"Windows.UI.ViewManagement.UIViewSettings", {3694dbf9-8f68-44be-8ff5-195c98ede8a6}, 00007FFFFE6A85C8): semi-stub
0138:fixme:win:RegisterTouchWindow hwnd 0000000000020052, flags 0 stub!
0138:fixme:msg:ChangeWindowMessageFilterEx 0000000000020052 233 1 0000000000000000
0138:fixme:msg:ChangeWindowMessageFilterEx 0000000000020052 4a 1 0000000000000000
0138:fixme:msg:ChangeWindowMessageFilterEx 0000000000020052 49 1 0000000000000000
0138:fixme:win:RegisterSuspendResumeNotification 0000000000020052, 0: stub.
0138:fixme:win:RegisterSuspendResumeNotification 000000000001006E, 0: stub.
019c:fixme:cryptasn:CryptDecodeObjectEx Unsupported decoder for lpszStructType 1.3.6.1.4.1.311.2.1.4
019c:fixme:cryptasn:CryptDecodeObjectEx Unsupported decoder for lpszStructType 1.3.6.1.4.1.311.2.1.4
0138:fixme:win:UnregisterSuspendResumeNotification 00000000DEADBEEF: stub.
0138:fixme:win:UnregisterSuspendResumeNotification 00000000DEADBEEF: stub.
0138:fixme:win:UnregisterSuspendResumeNotification 00000000DEADBEEF: stub.
0138:fixme:win:UnregisterSuspendResumeNotification 00000000DEADBEEF: stub.
