215407.467:0194:trace:seh:libc_addr_cb found signal trampoline in /usr/lib/x86_64-linux-gnu/libc.so.6
215407.782:019c:trace:seh:libc_addr_cb found signal trampoline in /usr/lib/x86_64-linux-gnu/libc.so.6
215408.053:0194:trace:seh:__std_exception_copy (00007FFFFE13FE50 00007FFFFE13FDE0)
215408.053:0194:trace:seh:__std_exception_copy (00007FFFFE13FDE0 00007FFFFE307620)
215408.053:0194:trace:seh:__std_exception_destroy (00007FFFFE13FDE0)
215408.053:0194:trace:seh:__std_exception_destroy (00007FFFFE13FE50)
215408.053:0194:trace:seh:__std_exception_copy (00007FFFFE13FE50 00007FFFFE13FDE0)
215408.053:0194:trace:seh:__std_exception_copy (00007FFFFE13FDE0 00007FFFFE3076A0)
215408.053:0194:trace:seh:__std_exception_destroy (00007FFFFE13FDE0)
215408.053:0194:trace:seh:__std_exception_destroy (00007FFFFE13FE50)
215408.080:0194:trace:seh:dispatch_exception code=406d1388 (EXCEPTION_WINE_NAME_THREAD) flags=0 addr=00006FFFFF3AB49E
215408.080:0194:trace:seh:dispatch_exception  info[0]=0000000100001000
215408.080:0194:trace:seh:dispatch_exception  info[1]=00007FFFFE13FDF8
215408.080:0194:trace:seh:dispatch_exception  info[2]=0000000000000194
215408.080:0194:trace:seh:dispatch_exception rip=00006fffff3ab49e rsp=00007ffffe13fc20 rbp=0000000000000000 eflags=00000202
215408.080:0194:trace:seh:dispatch_exception rax=00007ffffe13fc60 rbx=00007ffffe13fdf8 rcx=00007ffffe13fc40 rdx=0000000000000000
215408.080:0194:trace:seh:dispatch_exception rsi=00007ffffe13fd38 rdi=00007ffffe13fc78  r8=0000000000000003  r9=00007ffffe13fd20
215408.080:0194:trace:seh:dispatch_exception r10=00007ffffe29aa40 r11=000000000000001b r12=0000000000000000 r13=0000000000000000
215408.080:0194:trace:seh:dispatch_exception r14=00007fffff3482e8 r15=0000000000000000 mxcsr=00001fb2 cs=0033 ss=002b
215408.080:0194:trace:seh:call_seh_handlers calling handler 0000000141D1800E (rec=00007FFFFE13FC40, frame=7ffffe13fd00 context=00007FFFFE13F740, dispatch=00007FFFFE13F010)
215408.080:0194:trace:seh:RtlUnwindEx code=406d1388 flags=2 end_frame=00007FFFFE13FD00 target_ip=00000001416B5161
215408.080:0194:trace:seh:RtlUnwindEx  info[0]=0000000100001000
215408.080:0194:trace:seh:RtlUnwindEx  info[1]=00007ffffe13fdf8
215408.080:0194:trace:seh:RtlUnwindEx  info[2]=0000000000000194
215408.080:0194:trace:seh:RtlUnwindEx rip=00006fffffbf9de5 rsp=00007ffffe13e7f0 rbp=00007ffffe13f140 eflags=00000206
215408.080:0194:trace:seh:RtlUnwindEx rax=00007ffffe02a000 rbx=00007ffffe13fc40 rcx=00007ffffe13f140 rdx=00000001416b5161
215408.080:0194:trace:seh:RtlUnwindEx rsi=00007ffffe13f140 rdi=0000000140000000  r8=00007ffffe13fc40  r9=00000000406d1388
215408.080:0194:trace:seh:RtlUnwindEx r10=0000000000000000 r11=0000000000000202 r12=00007ffffe13e960 r13=00007ffffe13f010
215408.080:0194:trace:seh:RtlUnwindEx r14=00007ffffe13fd00 r15=0000000000000000 mxcsr=00001fb2 cs=0033 ss=002b
215408.080:0194:trace:seh:RtlRestoreContext returning to 00000001416B5161 stack 00007FFFFE13FD00
215408.080:0194:trace:seh:__processing_throw ()
215408.080:0194:trace:seh:__processing_throw ()
215408.080:0194:trace:seh:__processing_throw ()
215408.080:01b8:trace:seh:dispatch_exception code=406d1388 (EXCEPTION_WINE_NAME_THREAD) flags=0 addr=00006FFFFF3AB49E
215408.080:01b8:trace:seh:dispatch_exception  info[0]=0000000000001000
215408.080:01b8:trace:seh:dispatch_exception  info[1]=00007FFFFFB1FEE0
215408.080:01b8:trace:seh:dispatch_exception  info[2]=00000000000001B8
215408.080:01b8:trace:seh:dispatch_exception rip=00006fffff3ab49e rsp=00007fffffb1fd20 rbp=0000000000000000 eflags=00000202
215408.080:01b8:trace:seh:dispatch_exception rax=00007fffffb1fd60 rbx=00007fffffb1fee0 rcx=00007fffffb1fd40 rdx=0000000000000000
215408.080:01b8:trace:seh:dispatch_exception rsi=00007fffffb1fe38 rdi=00007fffffb1fd78  r8=0000000000000003  r9=00007fffffb1fe20
215408.080:01b8:trace:seh:dispatch_exception r10=0000000000000080 r11=0000000000000030 r12=0000000000000000 r13=0000000000000000
215408.080:01b8:trace:seh:dispatch_exception r14=0000000000000000 r15=0000000000000000 mxcsr=00001f80 cs=0033 ss=002b
215408.080:01b8:trace:seh:call_seh_handlers calling handler 0000000141D1800E (rec=00007FFFFFB1FD40, frame=7fffffb1fe00 context=00007FFFFFB1F840, dispatch=00007FFFFFB1F110)
215408.080:01b8:trace:seh:RtlUnwindEx code=406d1388 flags=2 end_frame=00007FFFFFB1FE00 target_ip=00000001416B5161
215408.080:01b8:trace:seh:RtlUnwindEx  info[0]=0000000000001000
215408.080:01b8:trace:seh:RtlUnwindEx  info[1]=00007fffffb1fee0
215408.080:01b8:trace:seh:RtlUnwindEx  info[2]=00000000000001b8
215408.080:01b8:trace:seh:RtlUnwindEx rip=00006fffffbf9de5 rsp=00007fffffb1e8f0 rbp=00007fffffb1f240 eflags=00000206
215408.080:01b8:trace:seh:RtlUnwindEx rax=00007ffffe027000 rbx=00007fffffb1fd40 rcx=00007fffffb1f240 rdx=00000001416b5161
215408.080:01b8:trace:seh:RtlUnwindEx rsi=00007fffffb1f240 rdi=0000000140000000  r8=00007fffffb1fd40  r9=00000000406d1388
215408.080:01b8:trace:seh:RtlUnwindEx r10=0000000000000000 r11=00007fffffa1f6c0 r12=00007fffffb1ea60 r13=00007fffffb1f110
215408.080:01b8:trace:seh:RtlUnwindEx r14=00007fffffb1fe00 r15=0000000000000000 mxcsr=00001f80 cs=0033 ss=002b
215408.080:01b8:trace:seh:RtlRestoreContext returning to 00000001416B5161 stack 00007FFFFFB1FE00
215408.084:0194:fixme:combase:RoGetActivationFactory (L"Windows.UI.ViewManagement.UIViewSettings", {3694dbf9-8f68-44be-8ff5-195c98ede8a6}, 00007FFFFF354E08): semi-stub
215408.090:0194:fixme:win:RegisterTouchWindow hwnd 000000000002007C, flags 0 stub!
215408.090:0194:fixme:msg:ChangeWindowMessageFilterEx 000000000002007C 233 1 0000000000000000
215408.090:0194:fixme:msg:ChangeWindowMessageFilterEx 000000000002007C 4a 1 0000000000000000
215408.090:0194:fixme:msg:ChangeWindowMessageFilterEx 000000000002007C 49 1 0000000000000000
215408.091:0194:err:ole:com_get_class_object class {aa509086-5ca9-4c25-8f95-589d3c07b48a} not registered
215408.091:0194:err:ole:com_get_class_object class {aa509086-5ca9-4c25-8f95-589d3c07b48a} not registered
215408.093:0194:err:ole:create_server class {aa509086-5ca9-4c25-8f95-589d3c07b48a} not registered
215408.093:0194:fixme:ole:com_get_class_object CLSCTX_REMOTE_SERVER not supported
215408.093:0194:err:ole:com_get_class_object no class object {aa509086-5ca9-4c25-8f95-589d3c07b48a} could be created for context 0x17
215408.093:0194:fixme:combase:RoGetActivationFactory (L"Windows.UI.ViewManagement.UIViewSettings", {3694dbf9-8f68-44be-8ff5-195c98ede8a6}, 00007FFFFF359E58): semi-stub
215408.094:0194:fixme:win:RegisterTouchWindow hwnd 0000000000020066, flags 0 stub!
215408.094:0194:fixme:msg:ChangeWindowMessageFilterEx 0000000000020066 233 1 0000000000000000
215408.094:0194:fixme:msg:ChangeWindowMessageFilterEx 0000000000020066 4a 1 0000000000000000
215408.094:0194:fixme:msg:ChangeWindowMessageFilterEx 0000000000020066 49 1 0000000000000000
215408.250:0194:fixme:ntdll:NtQuerySystemInformation info_class SYSTEM_PERFORMANCE_INFORMATION
215408.355:0194:fixme:win:RegisterSuspendResumeNotification 0000000000020066, 0: stub.
215408.356:01c8:fixme:dxgi:dxgi_output_WaitForVBlank iface 00007FFFFF358A90 stub!
215408.357:0194:fixme:combase:RoGetActivationFactory (L"Windows.UI.ViewManagement.UIViewSettings", {3694dbf9-8f68-44be-8ff5-195c98ede8a6}, 00007FFFFF498068): semi-stub
215408.358:0194:fixme:win:RegisterTouchWindow hwnd 0000000000030098, flags 0 stub!
215408.358:0194:fixme:msg:ChangeWindowMessageFilterEx 0000000000030098 233 1 0000000000000000
215408.358:0194:fixme:msg:ChangeWindowMessageFilterEx 0000000000030098 4a 1 0000000000000000
215408.358:0194:fixme:msg:ChangeWindowMessageFilterEx 0000000000030098 49 1 0000000000000000
215408.358:0194:fixme:win:RegisterSuspendResumeNotification 0000000000030098, 0: stub.
215408.359:0194:fixme:combase:RoGetActivationFactory (L"Windows.UI.ViewManagement.UIViewSettings", {3694dbf9-8f68-44be-8ff5-195c98ede8a6}, 00007FFFFF4983D8): semi-stub
215408.360:0194:fixme:win:RegisterTouchWindow hwnd 0000000000020084, flags 0 stub!
215408.360:0194:fixme:msg:ChangeWindowMessageFilterEx 0000000000020084 233 1 0000000000000000
215408.360:0194:fixme:msg:ChangeWindowMessageFilterEx 0000000000020084 4a 1 0000000000000000
215408.360:0194:fixme:msg:ChangeWindowMessageFilterEx 0000000000020084 49 1 0000000000000000
215408.360:0194:fixme:win:RegisterSuspendResumeNotification 0000000000020084, 0: stub.
215408.361:0194:fixme:combase:RoGetActivationFactory (L"Windows.UI.ViewManagement.UIViewSettings", {3694dbf9-8f68-44be-8ff5-195c98ede8a6}, 00007FFFFF498748): semi-stub
215408.362:0194:fixme:win:RegisterTouchWindow hwnd 000000000002009C, flags 0 stub!
215408.362:0194:fixme:msg:ChangeWindowMessageFilterEx 000000000002009C 233 1 0000000000000000
215408.362:0194:fixme:msg:ChangeWindowMessageFilterEx 000000000002009C 4a 1 0000000000000000
215408.362:0194:fixme:msg:ChangeWindowMessageFilterEx 000000000002009C 49 1 0000000000000000
215408.362:0194:fixme:win:RegisterSuspendResumeNotification 000000000002009C, 0: stub.
215408.376:0194:fixme:win:RegisterSuspendResumeNotification 000000000002007C, 0: stub.
215408.388:0194:trace:seh:__processing_throw ()
215408.388:0194:trace:seh:__processing_throw ()
215408.388:0194:trace:seh:__processing_throw ()
215408.388:0194:trace:seh:__processing_throw ()
215408.389:0194:trace:seh:__processing_throw ()
215408.390:0194:trace:seh:__processing_throw ()
215408.390:0194:trace:seh:__processing_throw ()
215408.390:01cc:trace:seh:dispatch_exception code=406d1388 (EXCEPTION_WINE_NAME_THREAD) flags=0 addr=00006FFFFF3AB49E
215408.390:01cc:trace:seh:dispatch_exception  info[0]=0000000000001000
215408.390:01cc:trace:seh:dispatch_exception  info[1]=00007FFFFF4A0460
215408.390:01cc:trace:seh:dispatch_exception  info[2]=00000000000001CC
215408.390:01cc:trace:seh:dispatch_exception rip=00006fffff3ab49e rsp=00007abc381efd20 rbp=0000000000000000 eflags=00000202
215408.390:01cc:trace:seh:dispatch_exception rax=00007abc381efd60 rbx=00007abc381efee0 rcx=00007abc381efd40 rdx=0000000000000000
215408.390:01cc:trace:seh:dispatch_exception rsi=00007abc381efe38 rdi=00007abc381efd78  r8=0000000000000003  r9=00007abc381efe20
215408.390:01cc:trace:seh:dispatch_exception r10=0000000000000040 r11=0000000000000000 r12=0000000000000000 r13=0000000000000000
215408.390:01cc:trace:seh:dispatch_exception r14=0000000000000000 r15=0000000000000000 mxcsr=00001f80 cs=0033 ss=002b
215408.390:01cc:trace:seh:call_seh_handlers calling handler 0000000141D1800E (rec=00007ABC381EFD40, frame=7abc381efe00 context=00007ABC381EF840, dispatch=00007ABC381EF110)
215408.390:01cc:trace:seh:RtlUnwindEx code=406d1388 flags=2 end_frame=00007ABC381EFE00 target_ip=00000001416B5161
215408.390:01cc:trace:seh:RtlUnwindEx  info[0]=0000000000001000
215408.390:01cc:trace:seh:RtlUnwindEx  info[1]=00007fffff4a0460
215408.390:01cc:trace:seh:RtlUnwindEx  info[2]=00000000000001cc
215408.390:01cc:trace:seh:RtlUnwindEx rip=00006fffffbf9de5 rsp=00007abc381ee8f0 rbp=00007abc381ef240 eflags=00000206
215408.390:01cc:trace:seh:RtlUnwindEx rax=00007ffffe01b000 rbx=00007abc381efd40 rcx=00007abc381ef240 rdx=00000001416b5161
215408.390:01cc:trace:seh:RtlUnwindEx rsi=00007abc381ef240 rdi=0000000140000000  r8=00007abc381efd40  r9=00000000406d1388
215408.390:01cc:trace:seh:RtlUnwindEx r10=0000000000000000 r11=000000010032f6c0 r12=00007abc381eea60 r13=00007abc381ef110
215408.390:01cc:trace:seh:RtlUnwindEx r14=00007abc381efe00 r15=0000000000000000 mxcsr=00001f80 cs=0033 ss=002b
215408.390:01cc:trace:seh:RtlRestoreContext returning to 00000001416B5161 stack 00007ABC381EFE00
215408.391:0194:trace:seh:__processing_throw ()
215408.391:0194:trace:seh:__processing_throw ()
215408.391:01d0:trace:seh:dispatch_exception code=406d1388 (EXCEPTION_WINE_NAME_THREAD) flags=0 addr=00006FFFFF3AB49E
215408.391:01d4:trace:seh:dispatch_exception code=406d1388 (EXCEPTION_WINE_NAME_THREAD) flags=0 addr=00006FFFFF3AB49E
215408.391:01d0:trace:seh:dispatch_exception  info[0]=0000000000001000
215408.391:01d4:trace:seh:dispatch_exception  info[0]=0000000000001000
215408.391:01d0:trace:seh:dispatch_exception  info[1]=00007FFFFF4EC9C0
215408.391:01d4:trace:seh:dispatch_exception  info[1]=00007FFFFF4ED760
215408.391:01d0:trace:seh:dispatch_exception  info[2]=00000000000001D0
215408.391:01d4:trace:seh:dispatch_exception  info[2]=00000000000001D4
215408.391:01d0:trace:seh:dispatch_exception rip=00006fffff3ab49e rsp=00007abc175efd20 rbp=0000000000000000 eflags=00000202
215408.391:01d4:trace:seh:dispatch_exception rip=00006fffff3ab49e rsp=00007abc174dfd20 rbp=0000000000000000 eflags=00000202
215408.391:01d0:trace:seh:dispatch_exception rax=00007abc175efd60 rbx=00007abc175efee0 rcx=00007abc175efd40 rdx=0000000000000000
215408.391:01d4:trace:seh:dispatch_exception rax=00007abc174dfd60 rbx=00007abc174dfee0 rcx=00007abc174dfd40 rdx=0000000000000000
215408.391:01d0:trace:seh:dispatch_exception rsi=00007abc175efe38 rdi=00007abc175efd78  r8=0000000000000003  r9=00007abc175efe20
215408.391:01d4:trace:seh:dispatch_exception rsi=00007abc174dfe38 rdi=00007abc174dfd78  r8=0000000000000003  r9=00007abc174dfe20
215408.391:01d0:trace:seh:dispatch_exception r10=000000000000000e r11=0000000000000000 r12=0000000000000000 r13=0000000000000000
215408.391:01d4:trace:seh:dispatch_exception r10=000000000000000e r11=0000000000000000 r12=0000000000000000 r13=0000000000000000
215408.391:01d0:trace:seh:dispatch_exception r14=0000000000000000 r15=0000000000000000 mxcsr=00001f80 cs=0033 ss=002b
215408.391:01d4:trace:seh:dispatch_exception r14=0000000000000000 r15=0000000000000000 mxcsr=00001f80 cs=0033 ss=002b
215408.391:01d4:trace:seh:call_seh_handlers calling handler 0000000141D1800E (rec=00007ABC174DFD40, frame=7abc174dfe00 context=00007ABC174DF840, dispatch=00007ABC174DF110)
215408.391:01d0:trace:seh:call_seh_handlers calling handler 0000000141D1800E (rec=00007ABC175EFD40, frame=7abc175efe00 context=00007ABC175EF840, dispatch=00007ABC175EF110)
215408.391:01d4:trace:seh:RtlUnwindEx code=406d1388 flags=2 end_frame=00007ABC174DFE00 target_ip=00000001416B5161
215408.391:01d0:trace:seh:RtlUnwindEx code=406d1388 flags=2 end_frame=00007ABC175EFE00 target_ip=00000001416B5161
215408.391:01d4:trace:seh:RtlUnwindEx  info[0]=0000000000001000
215408.391:01d0:trace:seh:RtlUnwindEx  info[0]=0000000000001000
215408.391:01d4:trace:seh:RtlUnwindEx  info[1]=00007fffff4ed760
215408.391:01d0:trace:seh:RtlUnwindEx  info[1]=00007fffff4ec9c0
215408.391:01d0:trace:seh:RtlUnwindEx  info[2]=00000000000001d0
215408.391:01d4:trace:seh:RtlUnwindEx  info[2]=00000000000001d4
215408.391:01d0:trace:seh:RtlUnwindEx rip=00006fffffbf9de5 rsp=00007abc175ee8f0 rbp=00007abc175ef240 eflags=00000206
215408.391:01d4:trace:seh:RtlUnwindEx rip=00006fffffbf9de5 rsp=00007abc174de8f0 rbp=00007abc174df240 eflags=00000206
215408.391:01d0:trace:seh:RtlUnwindEx rax=00007ffffe018000 rbx=00007abc175efd40 rcx=00007abc175ef240 rdx=00000001416b5161
215408.391:01d4:trace:seh:RtlUnwindEx rax=00007ffffe015000 rbx=00007abc174dfd40 rcx=00007abc174df240 rdx=00000001416b5161
215408.391:01d0:trace:seh:RtlUnwindEx rsi=00007abc175ef240 rdi=0000000140000000  r8=00007abc175efd40  r9=00000000406d1388
215408.391:01d8:trace:seh:dispatch_exception code=406d1388 (EXCEPTION_WINE_NAME_THREAD) flags=0 addr=00006FFFFF3AB49E
215408.391:01d4:trace:seh:RtlUnwindEx rsi=00007abc174df240 rdi=0000000140000000  r8=00007abc174dfd40  r9=00000000406d1388
215408.391:01d0:trace:seh:RtlUnwindEx r10=0000000000000000 r11=000000010043f6c0 r12=00007abc175eea60 r13=00007abc175ef110
215408.391:01d8:trace:seh:dispatch_exception  info[0]=0000000000001000
215408.391:01d4:trace:seh:RtlUnwindEx r10=0000000000000000 r11=000000010054f6c0 r12=00007abc174dea60 r13=00007abc174df110
215408.391:01d0:trace:seh:RtlUnwindEx r14=00007abc175efe00 r15=0000000000000000 mxcsr=00001f80 cs=0033 ss=002b
215408.391:01d8:trace:seh:dispatch_exception  info[1]=00007FFFFF4EF6B0
215408.391:01d4:trace:seh:RtlUnwindEx r14=00007abc174dfe00 r15=0000000000000000 mxcsr=00001f80 cs=0033 ss=002b
215408.391:0194:trace:seh:__processing_throw ()
215408.391:01d8:trace:seh:dispatch_exception  info[2]=00000000000001D8
215408.391:01d4:trace:seh:RtlRestoreContext returning to 00000001416B5161 stack 00007ABC174DFE00
215408.391:01d0:trace:seh:RtlRestoreContext returning to 00000001416B5161 stack 00007ABC175EFE00
215408.391:01d8:trace:seh:dispatch_exception rip=00006fffff3ab49e rsp=00007abc173cfd20 rbp=0000000000000000 eflags=00000202
215408.391:01d8:trace:seh:dispatch_exception rax=00007abc173cfd60 rbx=00007abc173cfee0 rcx=00007abc173cfd40 rdx=0000000000000000
215408.391:01d8:trace:seh:dispatch_exception rsi=00007abc173cfe38 rdi=00007abc173cfd78  r8=0000000000000003  r9=00007abc173cfe20
215408.391:01d8:trace:seh:dispatch_exception r10=000000000000000e r11=0000000000000000 r12=0000000000000000 r13=0000000000000000
215408.391:01d8:trace:seh:dispatch_exception r14=0000000000000000 r15=0000000000000000 mxcsr=00001f80 cs=0033 ss=002b
215408.391:01d8:trace:seh:call_seh_handlers calling handler 0000000141D1800E (rec=00007ABC173CFD40, frame=7abc173cfe00 context=00007ABC173CF840, dispatch=00007ABC173CF110)
215408.391:01d8:trace:seh:RtlUnwindEx code=406d1388 flags=2 end_frame=00007ABC173CFE00 target_ip=00000001416B5161
215408.391:01d8:trace:seh:RtlUnwindEx  info[0]=0000000000001000
215408.391:01d8:trace:seh:RtlUnwindEx  info[1]=00007fffff4ef6b0
215408.391:01d8:trace:seh:RtlUnwindEx  info[2]=00000000000001d8
215408.391:01d8:trace:seh:RtlUnwindEx rip=00006fffffbf9de5 rsp=00007abc173ce8f0 rbp=00007abc173cf240 eflags=00000206
215408.391:01d8:trace:seh:RtlUnwindEx rax=00007ffffe012000 rbx=00007abc173cfd40 rcx=00007abc173cf240 rdx=00000001416b5161
215408.391:01d8:trace:seh:RtlUnwindEx rsi=00007abc173cf240 rdi=0000000140000000  r8=00007abc173cfd40  r9=00000000406d1388
215408.391:01d8:trace:seh:RtlUnwindEx r10=0000000000000000 r11=000000010065f6c0 r12=00007abc173cea60 r13=00007abc173cf110
215408.391:01d8:trace:seh:RtlUnwindEx r14=00007abc173cfe00 r15=0000000000000000 mxcsr=00001f80 cs=0033 ss=002b
215408.391:01d8:trace:seh:RtlRestoreContext returning to 00000001416B5161 stack 00007ABC173CFE00
215408.392:0194:trace:seh:__processing_throw ()
215408.392:01dc:trace:seh:dispatch_exception code=406d1388 (EXCEPTION_WINE_NAME_THREAD) flags=0 addr=00006FFFFF3AB49E
215408.392:01dc:trace:seh:dispatch_exception  info[0]=0000000000001000
215408.392:01dc:trace:seh:dispatch_exception  info[1]=00007FFFFF397C10
215408.392:01dc:trace:seh:dispatch_exception  info[2]=00000000000001DC
215408.392:01dc:trace:seh:dispatch_exception rip=00006fffff3ab49e rsp=00007abc172bfd20 rbp=0000000000000000 eflags=00000202
215408.392:01dc:trace:seh:dispatch_exception rax=00007abc172bfd60 rbx=00007abc172bfee0 rcx=00007abc172bfd40 rdx=0000000000000000
215408.392:01dc:trace:seh:dispatch_exception rsi=00007abc172bfe38 rdi=00007abc172bfd78  r8=0000000000000003  r9=00007abc172bfe20
215408.392:01dc:trace:seh:dispatch_exception r10=000000000000000e r11=0000000000000000 r12=0000000000000000 r13=0000000000000000
215408.392:01dc:trace:seh:dispatch_exception r14=0000000000000000 r15=0000000000000000 mxcsr=00001f80 cs=0033 ss=002b
215408.392:01dc:trace:seh:call_seh_handlers calling handler 0000000141D1800E (rec=00007ABC172BFD40, frame=7abc172bfe00 context=00007ABC172BF840, dispatch=00007ABC172BF110)
215408.392:01dc:trace:seh:RtlUnwindEx code=406d1388 flags=2 end_frame=00007ABC172BFE00 target_ip=00000001416B5161
215408.392:01dc:trace:seh:RtlUnwindEx  info[0]=0000000000001000
215408.392:01dc:trace:seh:RtlUnwindEx  info[1]=00007fffff397c10
215408.392:01dc:trace:seh:RtlUnwindEx  info[2]=00000000000001dc
215408.392:01e0:trace:seh:dispatch_exception code=406d1388 (EXCEPTION_WINE_NAME_THREAD) flags=0 addr=00006FFFFF3AB49E
215408.392:01dc:trace:seh:RtlUnwindEx rip=00006fffffbf9de5 rsp=00007abc172be8f0 rbp=00007abc172bf240 eflags=00000206
215408.392:01e0:trace:seh:dispatch_exception  info[0]=0000000000001000
215408.392:01dc:trace:seh:RtlUnwindEx rax=00007ffffe00f000 rbx=00007abc172bfd40 rcx=00007abc172bf240 rdx=00000001416b5161
215408.392:01e0:trace:seh:dispatch_exception  info[1]=00007FFFFF3989B0
215408.392:01dc:trace:seh:RtlUnwindEx rsi=00007abc172bf240 rdi=0000000140000000  r8=00007abc172bfd40  r9=00000000406d1388
215408.392:01e0:trace:seh:dispatch_exception  info[2]=00000000000001E0
215408.392:0194:trace:seh:__processing_throw ()
215408.392:01dc:trace:seh:RtlUnwindEx r10=0000000000000000 r11=000000010076f6c0 r12=00007abc172bea60 r13=00007abc172bf110
215408.392:01e0:trace:seh:dispatch_exception rip=00006fffff3ab49e rsp=00007abc171afd20 rbp=0000000000000000 eflags=00000202
215408.392:01dc:trace:seh:RtlUnwindEx r14=00007abc172bfe00 r15=0000000000000000 mxcsr=00001f80 cs=0033 ss=002b
215408.392:01e0:trace:seh:dispatch_exception rax=00007abc171afd60 rbx=00007abc171afee0 rcx=00007abc171afd40 rdx=0000000000000000
215408.392:01dc:trace:seh:RtlRestoreContext returning to 00000001416B5161 stack 00007ABC172BFE00
215408.392:01e0:trace:seh:dispatch_exception rsi=00007abc171afe38 rdi=00007abc171afd78  r8=0000000000000003  r9=00007abc171afe20
215408.392:01e0:trace:seh:dispatch_exception r10=000000000000000e r11=0000000000000000 r12=0000000000000000 r13=0000000000000000
215408.392:01e0:trace:seh:dispatch_exception r14=0000000000000000 r15=0000000000000000 mxcsr=00001f80 cs=0033 ss=002b
215408.392:01e0:trace:seh:call_seh_handlers calling handler 0000000141D1800E (rec=00007ABC171AFD40, frame=7abc171afe00 context=00007ABC171AF840, dispatch=00007ABC171AF110)
215408.392:01e0:trace:seh:RtlUnwindEx code=406d1388 flags=2 end_frame=00007ABC171AFE00 target_ip=00000001416B5161
215408.392:01e0:trace:seh:RtlUnwindEx  info[0]=0000000000001000
215408.392:01e0:trace:seh:RtlUnwindEx  info[1]=00007fffff3989b0
215408.392:01e0:trace:seh:RtlUnwindEx  info[2]=00000000000001e0
215408.392:01e0:trace:seh:RtlUnwindEx rip=00006fffffbf9de5 rsp=00007abc171ae8f0 rbp=00007abc171af240 eflags=00000206
215408.392:01e0:trace:seh:RtlUnwindEx rax=00007ffffe00c000 rbx=00007abc171afd40 rcx=00007abc171af240 rdx=00000001416b5161
215408.392:01e0:trace:seh:RtlUnwindEx rsi=00007abc171af240 rdi=0000000140000000  r8=00007abc171afd40  r9=00000000406d1388
215408.392:01e0:trace:seh:RtlUnwindEx r10=0000000000000000 r11=000000010087f6c0 r12=00007abc171aea60 r13=00007abc171af110
215408.392:01e0:trace:seh:RtlUnwindEx r14=00007abc171afe00 r15=0000000000000000 mxcsr=00001f80 cs=0033 ss=002b
215408.392:01e0:trace:seh:RtlRestoreContext returning to 00000001416B5161 stack 00007ABC171AFE00
215408.392:0194:trace:seh:__processing_throw ()
215408.392:01e4:trace:seh:dispatch_exception code=406d1388 (EXCEPTION_WINE_NAME_THREAD) flags=0 addr=00006FFFFF3AB49E
215408.392:01e4:trace:seh:dispatch_exception  info[0]=0000000000001000
215408.392:01e4:trace:seh:dispatch_exception  info[1]=00007FFFFF3A6A50
215408.392:01e4:trace:seh:dispatch_exception  info[2]=00000000000001E4
215408.392:01e4:trace:seh:dispatch_exception rip=00006fffff3ab49e rsp=00007abc1709fd20 rbp=0000000000000000 eflags=00000202
215408.392:01e4:trace:seh:dispatch_exception rax=00007abc1709fd60 rbx=00007abc1709fee0 rcx=00007abc1709fd40 rdx=0000000000000000
215408.392:01e4:trace:seh:dispatch_exception rsi=00007abc1709fe38 rdi=00007abc1709fd78  r8=0000000000000003  r9=00007abc1709fe20
215408.392:01e4:trace:seh:dispatch_exception r10=000000000000000e r11=0000000000000000 r12=0000000000000000 r13=0000000000000000
215408.392:01e4:trace:seh:dispatch_exception r14=0000000000000000 r15=0000000000000000 mxcsr=00001f80 cs=0033 ss=002b
215408.392:01e4:trace:seh:call_seh_handlers calling handler 0000000141D1800E (rec=00007ABC1709FD40, frame=7abc1709fe00 context=00007ABC1709F840, dispatch=00007ABC1709F110)
215408.393:0194:trace:seh:__processing_throw ()
215408.393:01e4:trace:seh:RtlUnwindEx code=406d1388 flags=2 end_frame=00007ABC1709FE00 target_ip=00000001416B5161
215408.393:01e4:trace:seh:RtlUnwindEx  info[0]=0000000000001000
215408.393:01e4:trace:seh:RtlUnwindEx  info[1]=00007fffff3a6a50
215408.393:01e4:trace:seh:RtlUnwindEx  info[2]=00000000000001e4
215408.393:01e4:trace:seh:RtlUnwindEx rip=00006fffffbf9de5 rsp=00007abc1709e8f0 rbp=00007abc1709f240 eflags=00000206
215408.393:01e4:trace:seh:RtlUnwindEx rax=00007ffffe009000 rbx=00007abc1709fd40 rcx=00007abc1709f240 rdx=00000001416b5161
215408.393:01e4:trace:seh:RtlUnwindEx rsi=00007abc1709f240 rdi=0000000140000000  r8=00007abc1709fd40  r9=00000000406d1388
215408.393:01e4:trace:seh:RtlUnwindEx r10=0000000000000000 r11=000000010098f6c0 r12=00007abc1709ea60 r13=00007abc1709f110
215408.393:01e4:trace:seh:RtlUnwindEx r14=00007abc1709fe00 r15=0000000000000000 mxcsr=00001f80 cs=0033 ss=002b
215408.393:01e4:trace:seh:RtlRestoreContext returning to 00000001416B5161 stack 00007ABC1709FE00
215408.393:01e8:trace:seh:dispatch_exception code=406d1388 (EXCEPTION_WINE_NAME_THREAD) flags=0 addr=00006FFFFF3AB49E
215408.393:01e8:trace:seh:dispatch_exception  info[0]=0000000000001000
215408.393:01e8:trace:seh:dispatch_exception  info[1]=00007FFFFF3B3750
215408.393:01e8:trace:seh:dispatch_exception  info[2]=00000000000001E8
215408.393:01e8:trace:seh:dispatch_exception rip=00006fffff3ab49e rsp=00007abc16f8fd20 rbp=0000000000000000 eflags=00000202
215408.393:01e8:trace:seh:dispatch_exception rax=00007abc16f8fd60 rbx=00007abc16f8fee0 rcx=00007abc16f8fd40 rdx=0000000000000000
215408.393:01e8:trace:seh:dispatch_exception rsi=00007abc16f8fe38 rdi=00007abc16f8fd78  r8=0000000000000003  r9=00007abc16f8fe20
215408.393:01e8:trace:seh:dispatch_exception r10=000000000000000e r11=0000000000000000 r12=0000000000000000 r13=0000000000000000
215408.393:01e8:trace:seh:dispatch_exception r14=0000000000000000 r15=0000000000000000 mxcsr=00001f80 cs=0033 ss=002b
215408.393:01e8:trace:seh:call_seh_handlers calling handler 0000000141D1800E (rec=00007ABC16F8FD40, frame=7abc16f8fe00 context=00007ABC16F8F840, dispatch=00007ABC16F8F110)
215408.393:01e8:trace:seh:RtlUnwindEx code=406d1388 flags=2 end_frame=00007ABC16F8FE00 target_ip=00000001416B5161
215408.393:01e8:trace:seh:RtlUnwindEx  info[0]=0000000000001000
215408.393:01e8:trace:seh:RtlUnwindEx  info[1]=00007fffff3b3750
215408.393:01e8:trace:seh:RtlUnwindEx  info[2]=00000000000001e8
215408.393:01e8:trace:seh:RtlUnwindEx rip=00006fffffbf9de5 rsp=00007abc16f8e8f0 rbp=00007abc16f8f240 eflags=00000206
215408.393:01e8:trace:seh:RtlUnwindEx rax=00007ffffe006000 rbx=00007abc16f8fd40 rcx=00007abc16f8f240 rdx=00000001416b5161
215408.393:01e8:trace:seh:RtlUnwindEx rsi=00007abc16f8f240 rdi=0000000140000000  r8=00007abc16f8fd40  r9=00000000406d1388
215408.393:01e8:trace:seh:RtlUnwindEx r10=0000000000000000 r11=0000000100a9f6c0 r12=00007abc16f8ea60 r13=00007abc16f8f110
215408.393:01e8:trace:seh:RtlUnwindEx r14=00007abc16f8fe00 r15=0000000000000000 mxcsr=00001f80 cs=0033 ss=002b
215408.393:01e8:trace:seh:RtlRestoreContext returning to 00000001416B5161 stack 00007ABC16F8FE00
215408.393:0194:trace:seh:__processing_throw ()
215408.393:01ec:trace:seh:dispatch_exception code=406d1388 (EXCEPTION_WINE_NAME_THREAD) flags=0 addr=00006FFFFF3AB49E
215408.393:01ec:trace:seh:dispatch_exception  info[0]=0000000000001000
215408.393:01ec:trace:seh:dispatch_exception  info[1]=00007FFFFF3C1FD0
215408.393:01ec:trace:seh:dispatch_exception  info[2]=00000000000001EC
215408.393:01ec:trace:seh:dispatch_exception rip=00006fffff3ab49e rsp=00007abc16e7fd20 rbp=0000000000000000 eflags=00000202
215408.393:01ec:trace:seh:dispatch_exception rax=00007abc16e7fd60 rbx=00007abc16e7fee0 rcx=00007abc16e7fd40 rdx=0000000000000000
215408.393:01ec:trace:seh:dispatch_exception rsi=00007abc16e7fe38 rdi=00007abc16e7fd78  r8=0000000000000003  r9=00007abc16e7fe20
215408.393:01ec:trace:seh:dispatch_exception r10=000000000000000e r11=0000000000000000 r12=0000000000000000 r13=0000000000000000
215408.393:01ec:trace:seh:dispatch_exception r14=0000000000000000 r15=0000000000000000 mxcsr=00001f80 cs=0033 ss=002b
215408.393:01ec:trace:seh:call_seh_handlers calling handler 0000000141D1800E (rec=00007ABC16E7FD40, frame=7abc16e7fe00 context=00007ABC16E7F840, dispatch=00007ABC16E7F110)
215408.393:01ec:trace:seh:RtlUnwindEx code=406d1388 flags=2 end_frame=00007ABC16E7FE00 target_ip=00000001416B5161
215408.393:01ec:trace:seh:RtlUnwindEx  info[0]=0000000000001000
215408.393:01ec:trace:seh:RtlUnwindEx  info[1]=00007fffff3c1fd0
215408.393:01ec:trace:seh:RtlUnwindEx  info[2]=00000000000001ec
215408.393:01ec:trace:seh:RtlUnwindEx rip=00006fffffbf9de5 rsp=00007abc16e7e8f0 rbp=00007abc16e7f240 eflags=00000206
215408.393:01ec:trace:seh:RtlUnwindEx rax=00007ffffe003000 rbx=00007abc16e7fd40 rcx=00007abc16e7f240 rdx=00000001416b5161
215408.393:01ec:trace:seh:RtlUnwindEx rsi=00007abc16e7f240 rdi=0000000140000000  r8=00007abc16e7fd40  r9=00000000406d1388
215408.393:01ec:trace:seh:RtlUnwindEx r10=0000000000000000 r11=0000000100baf6c0 r12=00007abc16e7ea60 r13=00007abc16e7f110
215408.393:01ec:trace:seh:RtlUnwindEx r14=00007abc16e7fe00 r15=0000000000000000 mxcsr=00001f80 cs=0033 ss=002b
215408.393:01ec:trace:seh:RtlRestoreContext returning to 00000001416B5161 stack 00007ABC16E7FE00
215408.393:0194:trace:seh:__processing_throw ()
215408.393:01f0:trace:seh:dispatch_exception code=406d1388 (EXCEPTION_WINE_NAME_THREAD) flags=0 addr=00006FFFFF3AB49E
215408.393:01f0:trace:seh:dispatch_exception  info[0]=0000000000001000
215408.393:01f0:trace:seh:dispatch_exception  info[1]=00007FFFFF3D4D10
215408.393:01f0:trace:seh:dispatch_exception  info[2]=00000000000001F0
215408.393:01f0:trace:seh:dispatch_exception rip=00006fffff3ab49e rsp=00007abc16d6fd20 rbp=0000000000000000 eflags=00000202
215408.393:01f0:trace:seh:dispatch_exception rax=00007abc16d6fd60 rbx=00007abc16d6fee0 rcx=00007abc16d6fd40 rdx=0000000000000000
215408.393:01f0:trace:seh:dispatch_exception rsi=00007abc16d6fe38 rdi=00007abc16d6fd78  r8=0000000000000003  r9=00007abc16d6fe20
215408.393:01f0:trace:seh:dispatch_exception r10=000000000000000e r11=0000000000000000 r12=0000000000000000 r13=0000000000000000
215408.393:01f0:trace:seh:dispatch_exception r14=0000000000000000 r15=0000000000000000 mxcsr=00001f80 cs=0033 ss=002b
215408.393:01f0:trace:seh:call_seh_handlers calling handler 0000000141D1800E (rec=00007ABC16D6FD40, frame=7abc16d6fe00 context=00007ABC16D6F840, dispatch=00007ABC16D6F110)
215408.393:01f0:trace:seh:RtlUnwindEx code=406d1388 flags=2 end_frame=00007ABC16D6FE00 target_ip=00000001416B5161
215408.393:01f0:trace:seh:RtlUnwindEx  info[0]=0000000000001000
215408.393:01f0:trace:seh:RtlUnwindEx  info[1]=00007fffff3d4d10
215408.393:01f0:trace:seh:RtlUnwindEx  info[2]=00000000000001f0
215408.393:01f0:trace:seh:RtlUnwindEx rip=00006fffffbf9de5 rsp=00007abc16d6e8f0 rbp=00007abc16d6f240 eflags=00000206
215408.393:01f0:trace:seh:RtlUnwindEx rax=00007ffffe000000 rbx=00007abc16d6fd40 rcx=00007abc16d6f240 rdx=00000001416b5161
215408.393:01f0:trace:seh:RtlUnwindEx rsi=00007abc16d6f240 rdi=0000000140000000  r8=00007abc16d6fd40  r9=00000000406d1388
215408.393:01f0:trace:seh:RtlUnwindEx r10=0000000000000000 r11=0000000100cbf6c0 r12=00007abc16d6ea60 r13=00007abc16d6f110
215408.393:01f0:trace:seh:RtlUnwindEx r14=00007abc16d6fe00 r15=0000000000000000 mxcsr=00001f80 cs=0033 ss=002b
215408.393:01f0:trace:seh:RtlRestoreContext returning to 00000001416B5161 stack 00007ABC16D6FE00
215408.394:01f4:trace:seh:dispatch_exception code=406d1388 (EXCEPTION_WINE_NAME_THREAD) flags=0 addr=00006FFFFF3AB49E
215408.394:01f4:trace:seh:dispatch_exception  info[0]=0000000000001000
215408.394:01f4:trace:seh:dispatch_exception  info[1]=00007FFFFF3E7A50
215408.394:01f4:trace:seh:dispatch_exception  info[2]=00000000000001F4
215408.394:01f4:trace:seh:dispatch_exception rip=00006fffff3ab49e rsp=00007abc16c5fd20 rbp=0000000000000000 eflags=00000202
215408.394:01f4:trace:seh:dispatch_exception rax=00007abc16c5fd60 rbx=00007abc16c5fee0 rcx=00007abc16c5fd40 rdx=0000000000000000
215408.394:01f4:trace:seh:dispatch_exception rsi=00007abc16c5fe38 rdi=00007abc16c5fd78  r8=0000000000000003  r9=00007abc16c5fe20
215408.394:01f4:trace:seh:dispatch_exception r10=000000000000000e r11=0000000000000000 r12=0000000000000000 r13=0000000000000000
215408.394:01f4:trace:seh:dispatch_exception r14=0000000000000000 r15=0000000000000000 mxcsr=00001f80 cs=0033 ss=002b
215408.394:01f4:trace:seh:call_seh_handlers calling handler 0000000141D1800E (rec=00007ABC16C5FD40, frame=7abc16c5fe00 context=00007ABC16C5F840, dispatch=00007ABC16C5F110)
215408.394:01f4:trace:seh:RtlUnwindEx code=406d1388 flags=2 end_frame=00007ABC16C5FE00 target_ip=00000001416B5161
215408.394:01f4:trace:seh:RtlUnwindEx  info[0]=0000000000001000
215408.394:01f4:trace:seh:RtlUnwindEx  info[1]=00007fffff3e7a50
215408.394:01f4:trace:seh:RtlUnwindEx  info[2]=00000000000001f4
215408.394:01f4:trace:seh:RtlUnwindEx rip=00006fffffbf9de5 rsp=00007abc16c5e8f0 rbp=00007abc16c5f240 eflags=00000206
215408.394:01f4:trace:seh:RtlUnwindEx rax=0000000100e2d000 rbx=00007abc16c5fd40 rcx=00007abc16c5f240 rdx=00000001416b5161
215408.394:01f4:trace:seh:RtlUnwindEx rsi=00007abc16c5f240 rdi=0000000140000000  r8=00007abc16c5fd40  r9=00000000406d1388
215408.394:01f4:trace:seh:RtlUnwindEx r10=0000000000000000 r11=0000000100dcf6c0 r12=00007abc16c5ea60 r13=00007abc16c5f110
215408.394:01f4:trace:seh:RtlUnwindEx r14=00007abc16c5fe00 r15=0000000000000000 mxcsr=00001f80 cs=0033 ss=002b
215408.394:0194:trace:seh:__processing_throw ()
215408.394:01f4:trace:seh:RtlRestoreContext returning to 00000001416B5161 stack 00007ABC16C5FE00
215408.394:01f8:trace:seh:dispatch_exception code=406d1388 (EXCEPTION_WINE_NAME_THREAD) flags=0 addr=00006FFFFF3AB49E
215408.394:01f8:trace:seh:dispatch_exception  info[0]=0000000000001000
215408.394:01f8:trace:seh:dispatch_exception  info[1]=00007FFFFF3FA790
215408.394:01f8:trace:seh:dispatch_exception  info[2]=00000000000001F8
215408.394:01f8:trace:seh:dispatch_exception rip=00006fffff3ab49e rsp=00007abc16b4fd20 rbp=0000000000000000 eflags=00000202
215408.394:01f8:trace:seh:dispatch_exception rax=00007abc16b4fd60 rbx=00007abc16b4fee0 rcx=00007abc16b4fd40 rdx=0000000000000000
215408.394:01f8:trace:seh:dispatch_exception rsi=00007abc16b4fe38 rdi=00007abc16b4fd78  r8=0000000000000003  r9=00007abc16b4fe20
215408.394:01f8:trace:seh:dispatch_exception r10=000000000000000e r11=0000000000000000 r12=0000000000000000 r13=0000000000000000
215408.394:01f8:trace:seh:dispatch_exception r14=0000000000000000 r15=0000000000000000 mxcsr=00001f80 cs=0033 ss=002b
215408.394:01f8:trace:seh:call_seh_handlers calling handler 0000000141D1800E (rec=00007ABC16B4FD40, frame=7abc16b4fe00 context=00007ABC16B4F840, dispatch=00007ABC16B4F110)
215408.394:01f8:trace:seh:RtlUnwindEx code=406d1388 flags=2 end_frame=00007ABC16B4FE00 target_ip=00000001416B5161
215408.394:01f8:trace:seh:RtlUnwindEx  info[0]=0000000000001000
215408.394:01f8:trace:seh:RtlUnwindEx  info[1]=00007fffff3fa790
215408.394:01f8:trace:seh:RtlUnwindEx  info[2]=00000000000001f8
215408.394:01f8:trace:seh:RtlUnwindEx rip=00006fffffbf9de5 rsp=00007abc16b4e8f0 rbp=00007abc16b4f240 eflags=00000206
215408.394:01f8:trace:seh:RtlUnwindEx rax=0000000100e2a000 rbx=00007abc16b4fd40 rcx=00007abc16b4f240 rdx=00000001416b5161
215408.394:0194:trace:seh:__processing_throw ()
215408.394:01f8:trace:seh:RtlUnwindEx rsi=00007abc16b4f240 rdi=0000000140000000  r8=00007abc16b4fd40  r9=00000000406d1388
215408.395:01f8:trace:seh:RtlUnwindEx r10=0000000000000000 r11=0000000100f3f6c0 r12=00007abc16b4ea60 r13=00007abc16b4f110
215408.395:01f8:trace:seh:RtlUnwindEx r14=00007abc16b4fe00 r15=0000000000000000 mxcsr=00001f80 cs=0033 ss=002b
215408.395:01f8:trace:seh:RtlRestoreContext returning to 00000001416B5161 stack 00007ABC16B4FE00
215408.395:0194:trace:seh:__processing_throw ()
215408.395:01fc:trace:seh:dispatch_exception code=406d1388 (EXCEPTION_WINE_NAME_THREAD) flags=0 addr=00006FFFFF3AB49E
215408.395:01fc:trace:seh:dispatch_exception  info[0]=0000000000001000
215408.395:01fc:trace:seh:dispatch_exception  info[1]=00007FFFFF40D4D0
215408.395:01fc:trace:seh:dispatch_exception  info[2]=00000000000001FC
215408.395:01fc:trace:seh:dispatch_exception rip=00006fffff3ab49e rsp=00007abc16a3fd20 rbp=0000000000000000 eflags=00000202
215408.395:01fc:trace:seh:dispatch_exception rax=00007abc16a3fd60 rbx=00007abc16a3fee0 rcx=00007abc16a3fd40 rdx=0000000000000000
215408.395:01fc:trace:seh:dispatch_exception rsi=00007abc16a3fe38 rdi=00007abc16a3fd78  r8=0000000000000003  r9=00007abc16a3fe20
215408.395:01fc:trace:seh:dispatch_exception r10=000000000000000e r11=0000000000000000 r12=0000000000000000 r13=0000000000000000
215408.395:01fc:trace:seh:dispatch_exception r14=0000000000000000 r15=0000000000000000 mxcsr=00001f80 cs=0033 ss=002b
215408.395:01fc:trace:seh:call_seh_handlers calling handler 0000000141D1800E (rec=00007ABC16A3FD40, frame=7abc16a3fe00 context=00007ABC16A3F840, dispatch=00007ABC16A3F110)
215408.395:01fc:trace:seh:RtlUnwindEx code=406d1388 flags=2 end_frame=00007ABC16A3FE00 target_ip=00000001416B5161
215408.395:01fc:trace:seh:RtlUnwindEx  info[0]=0000000000001000
215408.395:01fc:trace:seh:RtlUnwindEx  info[1]=00007fffff40d4d0
215408.395:01fc:trace:seh:RtlUnwindEx  info[2]=00000000000001fc
215408.395:01fc:trace:seh:RtlUnwindEx rip=00006fffffbf9de5 rsp=00007abc16a3e8f0 rbp=00007abc16a3f240 eflags=00000206
215408.395:01fc:trace:seh:RtlUnwindEx rax=0000000100e27000 rbx=00007abc16a3fd40 rcx=00007abc16a3f240 rdx=00000001416b5161
215408.395:01fc:trace:seh:RtlUnwindEx rsi=00007abc16a3f240 rdi=0000000140000000  r8=00007abc16a3fd40  r9=00000000406d1388
215408.395:01fc:trace:seh:RtlUnwindEx r10=0000000000000000 r11=000000010104f6c0 r12=00007abc16a3ea60 r13=00007abc16a3f110
215408.395:01fc:trace:seh:RtlUnwindEx r14=00007abc16a3fe00 r15=0000000000000000 mxcsr=00001f80 cs=0033 ss=002b
215408.395:01fc:trace:seh:RtlRestoreContext returning to 00000001416B5161 stack 00007ABC16A3FE00
215408.395:0200:trace:seh:dispatch_exception code=406d1388 (EXCEPTION_WINE_NAME_THREAD) flags=0 addr=00006FFFFF3AB49E
215408.395:0200:trace:seh:dispatch_exception  info[0]=0000000000001000
215408.396:0200:trace:seh:dispatch_exception  info[1]=00007FFFFF420DD0
215408.396:0200:trace:seh:dispatch_exception  info[2]=0000000000000200
215408.396:0194:trace:seh:__processing_throw ()
215408.396:0200:trace:seh:dispatch_exception rip=00006fffff3ab49e rsp=00007abc1692fd20 rbp=0000000000000000 eflags=00000202
215408.396:0200:trace:seh:dispatch_exception rax=00007abc1692fd60 rbx=00007abc1692fee0 rcx=00007abc1692fd40 rdx=0000000000000000
215408.396:0200:trace:seh:dispatch_exception rsi=00007abc1692fe38 rdi=00007abc1692fd78  r8=0000000000000003  r9=00007abc1692fe20
215408.396:0200:trace:seh:dispatch_exception r10=000000000000000e r11=0000000000000000 r12=0000000000000000 r13=0000000000000000
215408.396:0200:trace:seh:dispatch_exception r14=0000000000000000 r15=0000000000000000 mxcsr=00001f80 cs=0033 ss=002b
215408.396:0200:trace:seh:call_seh_handlers calling handler 0000000141D1800E (rec=00007ABC1692FD40, frame=7abc1692fe00 context=00007ABC1692F840, dispatch=00007ABC1692F110)
215408.396:0200:trace:seh:RtlUnwindEx code=406d1388 flags=2 end_frame=00007ABC1692FE00 target_ip=00000001416B5161
215408.396:0200:trace:seh:RtlUnwindEx  info[0]=0000000000001000
215408.396:0200:trace:seh:RtlUnwindEx  info[1]=00007fffff420dd0
215408.396:0200:trace:seh:RtlUnwindEx  info[2]=0000000000000200
215408.396:0200:trace:seh:RtlUnwindEx rip=00006fffffbf9de5 rsp=00007abc1692e8f0 rbp=00007abc1692f240 eflags=00000206
215408.396:0200:trace:seh:RtlUnwindEx rax=0000000100e24000 rbx=00007abc1692fd40 rcx=00007abc1692f240 rdx=00000001416b5161
215408.396:0200:trace:seh:RtlUnwindEx rsi=00007abc1692f240 rdi=0000000140000000  r8=00007abc1692fd40  r9=00000000406d1388
215408.396:0200:trace:seh:RtlUnwindEx r10=0000000000000000 r11=000000010115f6c0 r12=00007abc1692ea60 r13=00007abc1692f110
215408.396:0200:trace:seh:RtlUnwindEx r14=00007abc1692fe00 r15=0000000000000000 mxcsr=00001f80 cs=0033 ss=002b
215408.396:0200:trace:seh:RtlRestoreContext returning to 00000001416B5161 stack 00007ABC1692FE00
215408.396:0204:trace:seh:dispatch_exception code=406d1388 (EXCEPTION_WINE_NAME_THREAD) flags=0 addr=00006FFFFF3AB49E
215408.396:0204:trace:seh:dispatch_exception  info[0]=0000000000001000
215408.396:0204:trace:seh:dispatch_exception  info[1]=00007FFFFF433730
215408.396:0204:trace:seh:dispatch_exception  info[2]=0000000000000204
215408.396:0204:trace:seh:dispatch_exception rip=00006fffff3ab49e rsp=00007abc1670fd20 rbp=0000000000000000 eflags=00000202
215408.396:0204:trace:seh:dispatch_exception rax=00007abc1670fd60 rbx=00007abc1670fee0 rcx=00007abc1670fd40 rdx=0000000000000000
215408.396:0204:trace:seh:dispatch_exception rsi=00007abc1670fe38 rdi=00007abc1670fd78  r8=0000000000000003  r9=00007abc1670fe20
215408.396:0204:trace:seh:dispatch_exception r10=000000000000000e r11=0000000000000000 r12=0000000000000000 r13=0000000000000000
215408.396:0204:trace:seh:dispatch_exception r14=0000000000000000 r15=0000000000000000 mxcsr=00001f80 cs=0033 ss=002b
215408.396:0204:trace:seh:call_seh_handlers calling handler 0000000141D1800E (rec=00007ABC1670FD40, frame=7abc1670fe00 context=00007ABC1670F840, dispatch=00007ABC1670F110)
215408.396:0204:trace:seh:RtlUnwindEx code=406d1388 flags=2 end_frame=00007ABC1670FE00 target_ip=00000001416B5161
215408.396:0204:trace:seh:RtlUnwindEx  info[0]=0000000000001000
215408.396:0204:trace:seh:RtlUnwindEx  info[1]=00007fffff433730
215408.396:0204:trace:seh:RtlUnwindEx  info[2]=0000000000000204
215408.396:0204:trace:seh:RtlUnwindEx rip=00006fffffbf9de5 rsp=00007abc1670e8f0 rbp=00007abc1670f240 eflags=00000206
215408.396:0204:trace:seh:RtlUnwindEx rax=0000000100e21000 rbx=00007abc1670fd40 rcx=00007abc1670f240 rdx=00000001416b5161
215408.396:0204:trace:seh:RtlUnwindEx rsi=00007abc1670f240 rdi=0000000140000000  r8=00007abc1670fd40  r9=00000000406d1388
215408.396:0204:trace:seh:RtlUnwindEx r10=0000000000000000 r11=000000010126f6c0 r12=00007abc1670ea60 r13=00007abc1670f110
215408.396:0204:trace:seh:RtlUnwindEx r14=00007abc1670fe00 r15=0000000000000000 mxcsr=00001f80 cs=0033 ss=002b
215408.396:0204:trace:seh:RtlRestoreContext returning to 00000001416B5161 stack 00007ABC1670FE00
215408.396:0194:trace:seh:__processing_throw ()
215408.396:0194:trace:seh:__processing_throw ()
215408.397:0194:trace:seh:__processing_throw ()
215408.397:0194:trace:seh:__processing_throw ()
215408.397:020c:trace:seh:dispatch_exception code=406d1388 (EXCEPTION_WINE_NAME_THREAD) flags=0 addr=00006FFFFF3AB49E
215408.397:020c:trace:seh:dispatch_exception  info[0]=0000000000001000
215408.397:020c:trace:seh:dispatch_exception  info[1]=00007FFFFF46A780
215408.397:020c:trace:seh:dispatch_exception  info[2]=000000000000020C
215408.397:020c:trace:seh:dispatch_exception rip=00006fffff3ab49e rsp=00007abc164efd20 rbp=0000000000000000 eflags=00000202
215408.397:020c:trace:seh:dispatch_exception rax=00007abc164efd60 rbx=00007abc164efee0 rcx=00007abc164efd40 rdx=0000000000000000
215408.397:020c:trace:seh:dispatch_exception rsi=00007abc164efe38 rdi=00007abc164efd78  r8=0000000000000003  r9=00007abc164efe20
215408.397:020c:trace:seh:dispatch_exception r10=000000000000000e r11=0000000000000000 r12=0000000000000000 r13=0000000000000000
215408.397:020c:trace:seh:dispatch_exception r14=0000000000000000 r15=0000000000000000 mxcsr=00001f80 cs=0033 ss=002b
215408.397:020c:trace:seh:call_seh_handlers calling handler 0000000141D1800E (rec=00007ABC164EFD40, frame=7abc164efe00 context=00007ABC164EF840, dispatch=00007ABC164EF110)
215408.397:0210:trace:seh:dispatch_exception code=406d1388 (EXCEPTION_WINE_NAME_THREAD) flags=0 addr=00006FFFFF3AB49E
215408.397:020c:trace:seh:RtlUnwindEx code=406d1388 flags=2 end_frame=00007ABC164EFE00 target_ip=00000001416B5161
215408.397:0210:trace:seh:dispatch_exception  info[0]=0000000000001000
215408.397:020c:trace:seh:RtlUnwindEx  info[0]=0000000000001000
215408.397:0210:trace:seh:dispatch_exception  info[1]=00007FFFFF46C8A0
215408.397:020c:trace:seh:RtlUnwindEx  info[1]=00007fffff46a780
215408.397:0210:trace:seh:dispatch_exception  info[2]=0000000000000210
215408.397:020c:trace:seh:RtlUnwindEx  info[2]=000000000000020c
215408.397:0210:trace:seh:dispatch_exception rip=00006fffff3ab49e rsp=00007abc163dfd20 rbp=0000000000000000 eflags=00000202
215408.397:020c:trace:seh:RtlUnwindEx rip=00006fffffbf9de5 rsp=00007abc164ee8f0 rbp=00007abc164ef240 eflags=00000206
215408.397:0210:trace:seh:dispatch_exception rax=00007abc163dfd60 rbx=00007abc163dfee0 rcx=00007abc163dfd40 rdx=0000000000000000
215408.397:020c:trace:seh:RtlUnwindEx rax=0000000100e1b000 rbx=00007abc164efd40 rcx=00007abc164ef240 rdx=00000001416b5161
215408.397:0210:trace:seh:dispatch_exception rsi=00007abc163dfe38 rdi=00007abc163dfd78  r8=0000000000000003  r9=00007abc163dfe20
215408.397:020c:trace:seh:RtlUnwindEx rsi=00007abc164ef240 rdi=0000000140000000  r8=00007abc164efd40  r9=00000000406d1388
215408.397:0210:trace:seh:dispatch_exception r10=000000000000000e r11=0000000000000000 r12=0000000000000000 r13=0000000000000000
215408.397:020c:trace:seh:RtlUnwindEx r10=0000000000000000 r11=000000010148f6c0 r12=00007abc164eea60 r13=00007abc164ef110
215408.397:0210:trace:seh:dispatch_exception r14=0000000000000000 r15=0000000000000000 mxcsr=00001f80 cs=0033 ss=002b
215408.397:020c:trace:seh:RtlUnwindEx r14=00007abc164efe00 r15=0000000000000000 mxcsr=00001f80 cs=0033 ss=002b
215408.397:0210:trace:seh:call_seh_handlers calling handler 0000000141D1800E (rec=00007ABC163DFD40, frame=7abc163dfe00 context=00007ABC163DF840, dispatch=00007ABC163DF110)
215408.397:020c:trace:seh:RtlRestoreContext returning to 00000001416B5161 stack 00007ABC164EFE00
215408.397:0210:trace:seh:RtlUnwindEx code=406d1388 flags=2 end_frame=00007ABC163DFE00 target_ip=00000001416B5161
215408.397:0210:trace:seh:RtlUnwindEx  info[0]=0000000000001000
215408.397:0210:trace:seh:RtlUnwindEx  info[1]=00007fffff46c8a0
215408.397:0210:trace:seh:RtlUnwindEx  info[2]=0000000000000210
215408.397:0210:trace:seh:RtlUnwindEx rip=00006fffffbf9de5 rsp=00007abc163de8f0 rbp=00007abc163df240 eflags=00000206
215408.397:0210:trace:seh:RtlUnwindEx rax=0000000100e18000 rbx=00007abc163dfd40 rcx=00007abc163df240 rdx=00000001416b5161
215408.397:0210:trace:seh:RtlUnwindEx rsi=00007abc163df240 rdi=0000000140000000  r8=00007abc163dfd40  r9=00000000406d1388
215408.397:0210:trace:seh:RtlUnwindEx r10=0000000000000000 r11=000000010159f6c0 r12=00007abc163dea60 r13=00007abc163df110
215408.397:0210:trace:seh:RtlUnwindEx r14=00007abc163dfe00 r15=0000000000000000 mxcsr=00001f80 cs=0033 ss=002b
215408.397:0210:trace:seh:RtlRestoreContext returning to 00000001416B5161 stack 00007ABC163DFE00
215408.397:0208:trace:seh:dispatch_exception code=406d1388 (EXCEPTION_WINE_NAME_THREAD) flags=0 addr=00006FFFFF3AB49E
215408.397:0208:trace:seh:dispatch_exception  info[0]=0000000000001000
215408.397:0208:trace:seh:dispatch_exception  info[1]=00007FFFFF45B0E0
215408.397:0208:trace:seh:dispatch_exception  info[2]=0000000000000208
215408.397:0208:trace:seh:dispatch_exception rip=00006fffff3ab49e rsp=00007abc165ffd20 rbp=0000000000000000 eflags=00000202
215408.397:0208:trace:seh:dispatch_exception rax=00007abc165ffd60 rbx=00007abc165ffee0 rcx=00007abc165ffd40 rdx=0000000000000000
215408.397:0208:trace:seh:dispatch_exception rsi=00007abc165ffe38 rdi=00007abc165ffd78  r8=0000000000000003  r9=00007abc165ffe20
215408.397:0208:trace:seh:dispatch_exception r10=000000000000000e r11=0000000000000000 r12=0000000000000000 r13=0000000000000000
215408.397:0208:trace:seh:dispatch_exception r14=0000000000000000 r15=0000000000000000 mxcsr=00001f80 cs=0033 ss=002b
215408.397:0208:trace:seh:call_seh_handlers calling handler 0000000141D1800E (rec=00007ABC165FFD40, frame=7abc165ffe00 context=00007ABC165FF840, dispatch=00007ABC165FF110)
215408.397:0208:trace:seh:RtlUnwindEx code=406d1388 flags=2 end_frame=00007ABC165FFE00 target_ip=00000001416B5161
215408.397:0208:trace:seh:RtlUnwindEx  info[0]=0000000000001000
215408.397:0208:trace:seh:RtlUnwindEx  info[1]=00007fffff45b0e0
215408.397:0208:trace:seh:RtlUnwindEx  info[2]=0000000000000208
215408.397:0208:trace:seh:RtlUnwindEx rip=00006fffffbf9de5 rsp=00007abc165fe8f0 rbp=00007abc165ff240 eflags=00000206
215408.397:0208:trace:seh:RtlUnwindEx rax=0000000100e1e000 rbx=00007abc165ffd40 rcx=00007abc165ff240 rdx=00000001416b5161
215408.397:0208:trace:seh:RtlUnwindEx rsi=00007abc165ff240 rdi=0000000140000000  r8=00007abc165ffd40  r9=00000000406d1388
215408.397:0208:trace:seh:RtlUnwindEx r10=0000000000000000 r11=000000010137f6c0 r12=00007abc165fea60 r13=00007abc165ff110
215408.397:0208:trace:seh:RtlUnwindEx r14=00007abc165ffe00 r15=0000000000000000 mxcsr=00001f80 cs=0033 ss=002b
215408.397:0208:trace:seh:RtlRestoreContext returning to 00000001416B5161 stack 00007ABC165FFE00
215408.398:0214:trace:seh:dispatch_exception code=406d1388 (EXCEPTION_WINE_NAME_THREAD) flags=0 addr=00006FFFFF3AB49E
215408.398:0214:trace:seh:dispatch_exception  info[0]=0000000000001000
215408.398:0214:trace:seh:dispatch_exception  info[1]=00007FFFFF480980
215408.398:0214:trace:seh:dispatch_exception  info[2]=0000000000000214
215408.398:0214:trace:seh:dispatch_exception rip=00006fffff3ab49e rsp=00007abc162cfd20 rbp=0000000000000000 eflags=00000202
215408.398:0214:trace:seh:dispatch_exception rax=00007abc162cfd60 rbx=00007abc162cfee0 rcx=00007abc162cfd40 rdx=0000000000000000
215408.398:0214:trace:seh:dispatch_exception rsi=00007abc162cfe38 rdi=00007abc162cfd78  r8=0000000000000003  r9=00007abc162cfe20
215408.398:0214:trace:seh:dispatch_exception r10=000000000000000e r11=0000000000000000 r12=0000000000000000 r13=0000000000000000
215408.398:0214:trace:seh:dispatch_exception r14=0000000000000000 r15=0000000000000000 mxcsr=00001f80 cs=0033 ss=002b
215408.398:0214:trace:seh:call_seh_handlers calling handler 0000000141D1800E (rec=00007ABC162CFD40, frame=7abc162cfe00 context=00007ABC162CF840, dispatch=00007ABC162CF110)
215408.398:0214:trace:seh:RtlUnwindEx code=406d1388 flags=2 end_frame=00007ABC162CFE00 target_ip=00000001416B5161
215408.398:0214:trace:seh:RtlUnwindEx  info[0]=0000000000001000
215408.398:0214:trace:seh:RtlUnwindEx  info[1]=00007fffff480980
215408.398:0214:trace:seh:RtlUnwindEx  info[2]=0000000000000214
215408.398:0214:trace:seh:RtlUnwindEx rip=00006fffffbf9de5 rsp=00007abc162ce8f0 rbp=00007abc162cf240 eflags=00000206
215408.398:0214:trace:seh:RtlUnwindEx rax=0000000100e15000 rbx=00007abc162cfd40 rcx=00007abc162cf240 rdx=00000001416b5161
215408.398:0214:trace:seh:RtlUnwindEx rsi=00007abc162cf240 rdi=0000000140000000  r8=00007abc162cfd40  r9=00000000406d1388
215408.398:0214:trace:seh:RtlUnwindEx r10=0000000000000000 r11=00000001016af6c0 r12=00007abc162cea60 r13=00007abc162cf110
215408.398:0214:trace:seh:RtlUnwindEx r14=00007abc162cfe00 r15=0000000000000000 mxcsr=00001f80 cs=0033 ss=002b
215408.398:0214:trace:seh:RtlRestoreContext returning to 00000001416B5161 stack 00007ABC162CFE00
215408.399:0218:trace:seh:dispatch_exception code=406d1388 (EXCEPTION_WINE_NAME_THREAD) flags=0 addr=00006FFFFF3AB49E
215408.399:0218:trace:seh:dispatch_exception  info[0]=0000000000001000
215408.399:0218:trace:seh:dispatch_exception  info[1]=00007FFFFF486F10
215408.399:0218:trace:seh:dispatch_exception  info[2]=0000000000000218
215408.399:0218:trace:seh:dispatch_exception rip=00006fffff3ab49e rsp=00007abc161bfd20 rbp=0000000000000000 eflags=00000202
215408.399:0218:trace:seh:dispatch_exception rax=00007abc161bfd60 rbx=00007abc161bfee0 rcx=00007abc161bfd40 rdx=0000000000000000
215408.399:0218:trace:seh:dispatch_exception rsi=00007abc161bfe38 rdi=00007abc161bfd78  r8=0000000000000003  r9=00007abc161bfe20
215408.399:0218:trace:seh:dispatch_exception r10=000000000000000e r11=0000000000000000 r12=0000000000000000 r13=0000000000000000
215408.399:0218:trace:seh:dispatch_exception r14=0000000000000000 r15=0000000000000000 mxcsr=00001f80 cs=0033 ss=002b
215408.399:0218:trace:seh:call_seh_handlers calling handler 0000000141D1800E (rec=00007ABC161BFD40, frame=7abc161bfe00 context=00007ABC161BF840, dispatch=00007ABC161BF110)
215408.399:0218:trace:seh:RtlUnwindEx code=406d1388 flags=2 end_frame=00007ABC161BFE00 target_ip=00000001416B5161
215408.399:0218:trace:seh:RtlUnwindEx  info[0]=0000000000001000
215408.399:0218:trace:seh:RtlUnwindEx  info[1]=00007fffff486f10
215408.399:0218:trace:seh:RtlUnwindEx  info[2]=0000000000000218
215408.399:0218:trace:seh:RtlUnwindEx rip=00006fffffbf9de5 rsp=00007abc161be8f0 rbp=00007abc161bf240 eflags=00000206
215408.399:0218:trace:seh:RtlUnwindEx rax=0000000100e12000 rbx=00007abc161bfd40 rcx=00007abc161bf240 rdx=00000001416b5161
215408.399:0218:trace:seh:RtlUnwindEx rsi=00007abc161bf240 rdi=0000000140000000  r8=00007abc161bfd40  r9=00000000406d1388
215408.399:0218:trace:seh:RtlUnwindEx r10=0000000000000000 r11=00000001017bf6c0 r12=00007abc161bea60 r13=00007abc161bf110
215408.399:0218:trace:seh:RtlUnwindEx r14=00007abc161bfe00 r15=0000000000000000 mxcsr=00001f80 cs=0033 ss=002b
215408.399:0218:trace:seh:RtlRestoreContext returning to 00000001416B5161 stack 00007ABC161BFE00
215408.400:0194:trace:seh:__processing_throw ()
215408.400:0194:trace:seh:__processing_throw ()
215408.400:0194:trace:seh:__processing_throw ()
215408.402:0194:trace:seh:__processing_throw ()
215408.402:0194:trace:seh:__processing_throw ()
215408.402:0194:trace:seh:__processing_throw ()
215408.419:0208:fixme:cryptasn:CryptDecodeObjectEx Unsupported decoder for lpszStructType 1.3.6.1.4.1.311.2.1.4
215408.419:0208:fixme:cryptasn:CryptDecodeObjectEx Unsupported decoder for lpszStructType 1.3.6.1.4.1.311.2.1.4
