00a0:fixme:heap:RtlSetHeapInformation HEAP_INFORMATION_CLASS 1 not implemented!
00ac:fixme:advapi:RegisterEventSourceW ((null),L"Bonjour Service"): stub
00ac:fixme:advapi:ReportEventA (00000000CAFE4242,0x0004,0x0000,0x00000064,0000000000000000,0x0001,0x00000000,0000000000E3FA50,0000000000000000): stub
00ac:fixme:advapi:ReportEventW (00000000CAFE4242,0x0004,0x0000,0x00000064,0000000000000000,0x0001,0x00000000,0000000000711FF0,0000000000000000): stub
00ac:fixme:winsock:WSAIoctl SIO_UDP_CONNRESET stub
00ac:fixme:winsock:WSAIoctl SIO_UDP_CONNRESET stub
00ac:fixme:advapi:ReportEventA (00000000CAFE4242,0x0004,0x0000,0x00000064,0000000000000000,0x0001,0x00000000,0000000000E3FA50,0000000000000000): stub
00ac:fixme:advapi:ReportEventW (00000000CAFE4242,0x0004,0x0000,0x00000064,0000000000000000,0x0001,0x00000000,0000000000711FF0,0000000000000000): stub
0050:fixme:service:svcctl_EnumServicesStatusExW resume handle not supported
0050:fixme:service:svcctl_EnumServicesStatusExW resume handle not supported
0050:fixme:service:svcctl_EnumServicesStatusExW resume handle not supported
0050:fixme:service:svcctl_EnumServicesStatusExW resume handle not supported
00ac:fixme:advapi:ReportEventA (00000000CAFE4242,0x0004,0x0000,0x00000064,0000000000000000,0x0001,0x00000000,0000000000E3FA50,0000000000000000): stub
00ac:fixme:advapi:ReportEventW (00000000CAFE4242,0x0004,0x0000,0x00000064,0000000000000000,0x0001,0x00000000,0000000000711FF0,0000000000000000): stub
00ac:fixme:wkscli:NetGetJoinInformation Semi-stub (null) 0000000000E3FAC8 0000000000E3FAC0
00ac:fixme:winsock:WSAIoctl SIO_UDP_CONNRESET stub
00ac:fixme:winsock:WSAIoctl SIO_UDP_CONNRESET stub
00ac:fixme:winsock:WSAIoctl SIO_UDP_CONNRESET stub
0024:fixme:combase:RoGetActivationFactory (L"Windows.UI.ViewManagement.UIViewSettings", {3694dbf9-8f68-44be-8ff5-195c98ede8a6}, 00007FFFFF354B58): semi-stub
0024:fixme:win:RegisterTouchWindow hwnd 0000000000020064, flags 0 stub!
0024:fixme:msg:ChangeWindowMessageFilterEx 0000000000020064 233 1 0000000000000000
0024:fixme:msg:ChangeWindowMessageFilterEx 0000000000020064 4a 1 0000000000000000
0024:fixme:msg:ChangeWindowMessageFilterEx 0000000000020064 49 1 0000000000000000
0024:err:ole:com_get_class_object class {aa509086-5ca9-4c25-8f95-589d3c07b48a} not registered
0024:err:ole:com_get_class_object class {aa509086-5ca9-4c25-8f95-589d3c07b48a} not registered
0024:err:ole:create_server class {aa509086-5ca9-4c25-8f95-589d3c07b48a} not registered
0024:fixme:ole:com_get_class_object CLSCTX_REMOTE_SERVER not supported
0024:err:ole:com_get_class_object no class object {aa509086-5ca9-4c25-8f95-589d3c07b48a} could be created for context 0x17
0024:fixme:combase:RoGetActivationFactory (L"Windows.UI.ViewManagement.UIViewSettings", {3694dbf9-8f68-44be-8ff5-195c98ede8a6}, 00007FFFFF359CC8): semi-stub
0024:fixme:win:RegisterTouchWindow hwnd 0000000000040076, flags 0 stub!
0024:fixme:msg:ChangeWindowMessageFilterEx 0000000000040076 233 1 0000000000000000
0024:fixme:msg:ChangeWindowMessageFilterEx 0000000000040076 4a 1 0000000000000000
0024:fixme:msg:ChangeWindowMessageFilterEx 0000000000040076 49 1 0000000000000000
0024:fixme:ntdll:NtQuerySystemInformation info_class SYSTEM_PERFORMANCE_INFORMATION
0024:fixme:win:RegisterSuspendResumeNotification 0000000000040076, 0: stub.
0024:fixme:combase:RoGetActivationFactory (L"Windows.UI.ViewManagement.UIViewSettings", {3694dbf9-8f68-44be-8ff5-195c98ede8a6}, 00007FFFFF497ED8): semi-stub
0024:fixme:win:RegisterTouchWindow hwnd 0000000000050078, flags 0 stub!
0024:fixme:msg:ChangeWindowMessageFilterEx 0000000000050078 233 1 0000000000000000
0024:fixme:msg:ChangeWindowMessageFilterEx 0000000000050078 4a 1 0000000000000000
0024:fixme:msg:ChangeWindowMessageFilterEx 0000000000050078 49 1 0000000000000000
0024:fixme:win:RegisterSuspendResumeNotification 0000000000050078, 0: stub.
0024:fixme:combase:RoGetActivationFactory (L"Windows.UI.ViewManagement.UIViewSettings", {3694dbf9-8f68-44be-8ff5-195c98ede8a6}, 00007FFFFF498248): semi-stub
0024:fixme:win:RegisterTouchWindow hwnd 0000000000030082, flags 0 stub!
0024:fixme:msg:ChangeWindowMessageFilterEx 0000000000030082 233 1 0000000000000000
0024:fixme:msg:ChangeWindowMessageFilterEx 0000000000030082 4a 1 0000000000000000
0024:fixme:msg:ChangeWindowMessageFilterEx 0000000000030082 49 1 0000000000000000
0024:fixme:win:RegisterSuspendResumeNotification 0000000000030082, 0: stub.
0024:fixme:combase:RoGetActivationFactory (L"Windows.UI.ViewManagement.UIViewSettings", {3694dbf9-8f68-44be-8ff5-195c98ede8a6}, 00007FFFFF4985B8): semi-stub
0024:fixme:win:RegisterTouchWindow hwnd 0000000000040052, flags 0 stub!
0024:fixme:msg:ChangeWindowMessageFilterEx 0000000000040052 233 1 0000000000000000
0024:fixme:msg:ChangeWindowMessageFilterEx 0000000000040052 4a 1 0000000000000000
0024:fixme:msg:ChangeWindowMessageFilterEx 0000000000040052 49 1 0000000000000000
0024:fixme:win:RegisterSuspendResumeNotification 0000000000040052, 0: stub.
0024:fixme:win:RegisterSuspendResumeNotification 0000000000020064, 0: stub.
01e8:fixme:cryptasn:CryptDecodeObjectEx Unsupported decoder for lpszStructType 1.3.6.1.4.1.311.2.1.4
01e8:fixme:cryptasn:CryptDecodeObjectEx Unsupported decoder for lpszStructType 1.3.6.1.4.1.311.2.1.4
0024:fixme:dxgi:DXGID3D10CreateDevice Ignoring flags 0x20.
0024:fixme:d2d:d2d_d3d_create_render_target Ignoring render target usage 0x2.
0024:fixme:dwrite:dwritefactory_CreateMonitorRenderingParams (0000000000000001): monitor setting ignored
0024:err:ole:com_get_class_object class {22fbfc33-8d07-495c-a5bf-dab5ea9b82db} not registered
0024:err:ole:com_get_class_object class {22fbfc33-8d07-495c-a5bf-dab5ea9b82db} not registered
0024:err:ole:create_server class {22fbfc33-8d07-495c-a5bf-dab5ea9b82db} not registered
0024:fixme:ole:com_get_class_object CLSCTX_REMOTE_SERVER not supported
0024:err:ole:com_get_class_object no class object {22fbfc33-8d07-495c-a5bf-dab5ea9b82db} could be created for context 0x17
0024:err:ole:com_get_class_object class {263ca19f-ed09-482e-9f9d-84005783a237} not registered
0024:err:ole:com_get_class_object class {263ca19f-ed09-482e-9f9d-84005783a237} not registered
0024:err:ole:create_server class {263ca19f-ed09-482e-9f9d-84005783a237} not registered
0024:fixme:ole:com_get_class_object CLSCTX_REMOTE_SERVER not supported
0024:err:ole:com_get_class_object no class object {263ca19f-ed09-482e-9f9d-84005783a237} could be created for context 0x17
0024:fixme:quartz:v4l2_cid_from_qcap_property Unhandled property 4.
0024:fixme:quartz:v4l2_cid_from_qcap_property Unhandled property 5.
0024:fixme:quartz:v4l2_cid_from_qcap_property Unhandled property 6.
0024:fixme:quartz:v4l2_cid_from_qcap_property Unhandled property 7.
0024:fixme:quartz:v4l2_cid_from_qcap_property Unhandled property 8.
0024:fixme:quartz:v4l2_cid_from_qcap_property Unhandled property 9.
0024:fixme:winsock:_remap_optname Unknown optname 19, can't remap!
0024:fixme:winsock:_remap_optname Unknown optname 19, can't remap!
0174:fixme:service:svcctl_EnumServicesStatusExW resume handle not supported
0164:fixme:service:svcctl_EnumServicesStatusExW resume handle not supported
0174:fixme:service:svcctl_EnumServicesStatusExW resume handle not supported
0164:fixme:service:svcctl_EnumServicesStatusExW resume handle not supported
00ac:fixme:winsock:WSAIoctl SIO_UDP_CONNRESET stub
00ac:fixme:winsock:WSAIoctl SIO_UDP_CONNRESET stub
00ac:fixme:winsock:WSAIoctl SIO_UDP_CONNRESET stub
00ac:fixme:winsock:WSAIoctl SIO_UDP_CONNRESET stub
00ac:fixme:winsock:WSAIoctl SIO_UDP_CONNRESET stub
00ac:fixme:winsock:WSAIoctl SIO_UDP_CONNRESET stub
00ac:fixme:winsock:WSAIoctl SIO_UDP_CONNRESET stub
00ac:fixme:winsock:WSAIoctl SIO_UDP_CONNRESET stub
00ac:fixme:winsock:WSAIoctl SIO_UDP_CONNRESET stub
00ac:fixme:winsock:WSAIoctl SIO_UDP_CONNRESET stub
00ac:fixme:winsock:WSAIoctl SIO_UDP_CONNRESET stub
00ac:fixme:winsock:WSAIoctl SIO_UDP_CONNRESET stub
00ac:fixme:winsock:WSAIoctl SIO_UDP_CONNRESET stub
00ac:fixme:winsock:WSAIoctl SIO_UDP_CONNRESET stub
00ac:fixme:winsock:WSAIoctl SIO_UDP_CONNRESET stub
0024:fixme:ntdll:EtwEventSetInformation (deadbeef, 2, 00006FFFED6E69DE, 62) stub
0024:fixme:ntdll:EtwEventSetInformation (deadbeef, 2, 00006FFFECA61A4F, 34) stub
0024:fixme:ntdll:EtwEventSetInformation (deadbeef, 2, 00006FFFECA61A82, 46) stub
0174:fixme:service:svcctl_EnumServicesStatusExW resume handle not supported
0164:fixme:service:svcctl_EnumServicesStatusExW resume handle not supported
0024:fixme:dxcore:dxcore_adapter_factory_CreateAdapterList iface 00006FFFEB784030, num_attributes 1, filter_attributes 00006FFFEC8DD618, riid {526c7776-40e9-459b-b711-f32ad76dfc28}, out 00007FFFFE13D328 semi-stub!
0024:fixme:dxcore:dxcore_adapter_IsPropertySupported iface 0000739D3A44D890, property 11 stub!
0024:fixme:dxcore:dxcore_adapter_factory_CreateAdapterList iface 00006FFFEB784030, num_attributes 1, filter_attributes 00006FFFEC9DC3E8, riid {526c7776-40e9-459b-b711-f32ad76dfc28}, out 00007FFFFE13D328 semi-stub!
0024:fixme:dxcore:dxcore_adapter_IsPropertySupported iface 0000739D3A44D890, property 11 stub!
0024:fixme:dxcore:dxcore_adapter_factory_CreateAdapterList iface 00006FFFEB784030, num_attributes 1, filter_attributes 00006FFFEC9DC408, riid {526c7776-40e9-459b-b711-f32ad76dfc28}, out 00007FFFFE13D328 semi-stub!
0024:fixme:dxcore:dxcore_adapter_IsPropertySupported iface 0000739D3A44D890, property 11 stub!
0024:fixme:dxgi:dxgi_factory_EnumAdapterByGpuPreference Ignoring GPU preference 0x2.
0024:fixme:dxgi:dxgi_factory_EnumAdapterByGpuPreference Ignoring GPU preference 0x2.
0024:fixme:mmdevapi:control_RegisterAudioSessionNotification (0000739E1B7CF200)->(0000739E1B7CF250) - stub
02b4:fixme:avrt:AvSetMmThreadCharacteristicsW (L"Pro Audio",0000739D2AFEFB90): stub
02b4:fixme:avrt:AvSetMmThreadPriority (0000000012345678)->(0) stub
0024:fixme:file:ReplaceFileW Ignoring flags 6
0024:fixme:combase:RoGetActivationFactory (L"Windows.UI.ViewManagement.UIViewSettings", {3694dbf9-8f68-44be-8ff5-195c98ede8a6}, 0000739D3A478918): semi-stub
0024:fixme:win:RegisterTouchWindow hwnd 00000000000100AE, flags 0 stub!
0024:fixme:msg:ChangeWindowMessageFilterEx 00000000000100AE 233 1 0000000000000000
0024:fixme:msg:ChangeWindowMessageFilterEx 00000000000100AE 4a 1 0000000000000000
0024:fixme:msg:ChangeWindowMessageFilterEx 00000000000100AE 49 1 0000000000000000
0024:fixme:win:RegisterSuspendResumeNotification 00000000000100AE, 0: stub.
0024:fixme:win:UnregisterSuspendResumeNotification 00000000DEADBEEF: stub.
0024:fixme:combase:RoGetActivationFactory (L"Windows.UI.ViewManagement.UIViewSettings", {3694dbf9-8f68-44be-8ff5-195c98ede8a6}, 0000739D3A478918): semi-stub
0024:fixme:win:RegisterTouchWindow hwnd 00000000000200AE, flags 0 stub!
0024:fixme:msg:ChangeWindowMessageFilterEx 00000000000200AE 233 1 0000000000000000
0024:fixme:msg:ChangeWindowMessageFilterEx 00000000000200AE 4a 1 0000000000000000
0024:fixme:msg:ChangeWindowMessageFilterEx 00000000000200AE 49 1 0000000000000000
0024:fixme:win:RegisterSuspendResumeNotification 00000000000200AE, 0: stub.
0024:fixme:win:UnregisterSuspendResumeNotification 00000000DEADBEEF: stub.
0024:fixme:combase:RoGetActivationFactory (L"Windows.UI.ViewManagement.UIViewSettings", {3694dbf9-8f68-44be-8ff5-195c98ede8a6}, 0000739D3A478918): semi-stub
0024:fixme:win:RegisterTouchWindow hwnd 00000000000300AE, flags 0 stub!
0024:fixme:msg:ChangeWindowMessageFilterEx 00000000000300AE 233 1 0000000000000000
0024:fixme:msg:ChangeWindowMessageFilterEx 00000000000300AE 4a 1 0000000000000000
0024:fixme:msg:ChangeWindowMessageFilterEx 00000000000300AE 49 1 0000000000000000
0024:fixme:win:RegisterSuspendResumeNotification 00000000000300AE, 0: stub.
0024:fixme:win:UnregisterSuspendResumeNotification 00000000DEADBEEF: stub.
0024:fixme:combase:RoGetActivationFactory (L"Windows.UI.ViewManagement.UIViewSettings", {3694dbf9-8f68-44be-8ff5-195c98ede8a6}, 0000739D3A478918): semi-stub
0024:fixme:win:RegisterTouchWindow hwnd 00000000000400AE, flags 0 stub!
0024:fixme:msg:ChangeWindowMessageFilterEx 00000000000400AE 233 1 0000000000000000
0024:fixme:msg:ChangeWindowMessageFilterEx 00000000000400AE 4a 1 0000000000000000
0024:fixme:msg:ChangeWindowMessageFilterEx 00000000000400AE 49 1 0000000000000000
0024:fixme:win:RegisterSuspendResumeNotification 00000000000400AE, 0: stub.
ParamCollection::rebuildLookupIfNeeded() took 0.0222 milliseconds for 19 params.
ParamCollection::rebuildLookupIfNeeded() took 0.0563 milliseconds for 34 params.
ParamCollection::rebuildLookupIfNeeded() took 1.0159 milliseconds for 1352 params.
Logging input channels:
	FFT: 0
	SMPTE1: 0
	SMPTE2: 0
Logging output channels:
	Master: 3
	Preview: 0
0024:fixme:file:GetTempPath2W (261, 0000739E282CDA10) semi-stub
0024:fixme:combase:RoGetActivationFactory (L"Windows.UI.ViewManagement.UIViewSettings", {3694dbf9-8f68-44be-8ff5-195c98ede8a6}, 0000739D3A47BFB8): semi-stub
0024:fixme:win:RegisterTouchWindow hwnd 00000000000100C4, flags 0 stub!
0024:fixme:msg:ChangeWindowMessageFilterEx 00000000000100C4 233 1 0000000000000000
0024:fixme:msg:ChangeWindowMessageFilterEx 00000000000100C4 4a 1 0000000000000000
0024:fixme:msg:ChangeWindowMessageFilterEx 00000000000100C4 49 1 0000000000000000
0024:fixme:win:RegisterSuspendResumeNotification 00000000000100C4, 0: stub.
0024:fixme:win:UnregisterSuspendResumeNotification 00000000DEADBEEF: stub.
0024:fixme:combase:RoGetActivationFactory (L"Windows.UI.ViewManagement.UIViewSettings", {3694dbf9-8f68-44be-8ff5-195c98ede8a6}, 0000739D3A47BFB8): semi-stub
0024:fixme:win:RegisterTouchWindow hwnd 00000000000200C4, flags 0 stub!
0024:fixme:msg:ChangeWindowMessageFilterEx 00000000000200C4 233 1 0000000000000000
0024:fixme:msg:ChangeWindowMessageFilterEx 00000000000200C4 4a 1 0000000000000000
0024:fixme:msg:ChangeWindowMessageFilterEx 00000000000200C4 49 1 0000000000000000
0024:fixme:win:RegisterSuspendResumeNotification 00000000000200C4, 0: stub.
0024:fixme:win:UnregisterSuspendResumeNotification 00000000DEADBEEF: stub.
0024:fixme:combase:RoGetActivationFactory (L"Windows.UI.ViewManagement.UIViewSettings", {3694dbf9-8f68-44be-8ff5-195c98ede8a6}, 0000739D3A47BFB8): semi-stub
0024:fixme:win:RegisterTouchWindow hwnd 00000000000300C4, flags 0 stub!
0024:fixme:msg:ChangeWindowMessageFilterEx 00000000000300C4 233 1 0000000000000000
0024:fixme:msg:ChangeWindowMessageFilterEx 00000000000300C4 4a 1 0000000000000000
0024:fixme:msg:ChangeWindowMessageFilterEx 00000000000300C4 49 1 0000000000000000
0024:fixme:win:RegisterSuspendResumeNotification 00000000000300C4, 0: stub.
0024:fixme:win:UnregisterSuspendResumeNotification 00000000DEADBEEF: stub.
0024:fixme:combase:RoGetActivationFactory (L"Windows.UI.ViewManagement.UIViewSettings", {3694dbf9-8f68-44be-8ff5-195c98ede8a6}, 0000739D3A47BFB8): semi-stub
0024:fixme:win:RegisterTouchWindow hwnd 00000000000400C4, flags 0 stub!
0024:fixme:msg:ChangeWindowMessageFilterEx 00000000000400C4 233 1 0000000000000000
0024:fixme:msg:ChangeWindowMessageFilterEx 00000000000400C4 4a 1 0000000000000000
0024:fixme:msg:ChangeWindowMessageFilterEx 00000000000400C4 49 1 0000000000000000
0024:fixme:win:RegisterSuspendResumeNotification 00000000000400C4, 0: stub.
0024:fixme:combase:RoGetActivationFactory (L"Windows.UI.ViewManagement.UIViewSettings", {3694dbf9-8f68-44be-8ff5-195c98ede8a6}, 0000739CF7567F08): semi-stub
0024:fixme:win:RegisterTouchWindow hwnd 00000000000100CA, flags 0 stub!
0024:fixme:msg:ChangeWindowMessageFilterEx 00000000000100CA 233 1 0000000000000000
0024:fixme:msg:ChangeWindowMessageFilterEx 00000000000100CA 4a 1 0000000000000000
0024:fixme:msg:ChangeWindowMessageFilterEx 00000000000100CA 49 1 0000000000000000
0024:fixme:win:RegisterSuspendResumeNotification 00000000000100CA, 0: stub.
0024:fixme:combase:RoGetActivationFactory (L"Windows.UI.ViewManagement.UIViewSettings", {3694dbf9-8f68-44be-8ff5-195c98ede8a6}, 0000739CF7568168): semi-stub
0024:fixme:win:RegisterTouchWindow hwnd 00000000000100CC, flags 0 stub!
0024:fixme:msg:ChangeWindowMessageFilterEx 00000000000100CC 233 1 0000000000000000
0024:fixme:msg:ChangeWindowMessageFilterEx 00000000000100CC 4a 1 0000000000000000
0024:fixme:msg:ChangeWindowMessageFilterEx 00000000000100CC 49 1 0000000000000000
0024:fixme:win:RegisterSuspendResumeNotification 00000000000100CC, 0: stub.
0024:fixme:file:GetTempPath2W (261, 0000739E282BAF20) semi-stub
02e4:fixme:kernelbase:AppPolicyGetThreadInitializationType FFFFFFFFFFFFFFFA, 0000739D041AFF50
02e4:fixme:wininet:InternetSetOptionW Option 148 STUB
021c:fixme:secur32:get_cipher_algid unknown algorithm 23
021c:fixme:secur32:get_mac_algid unknown algorithm 200, cipher 23
021c:fixme:secur32:get_cipher_algid unknown algorithm 23
021c:fixme:secur32:get_mac_algid unknown algorithm 200, cipher 23
021c:fixme:wininet:set_cookie secure not handled
021c:fixme:wininet:set_cookie Unknown additional option L"samesite=lax"
021c:fixme:wininet:set_cookie secure not handled
021c:fixme:wininet:set_cookie Unknown additional option L"samesite=lax"
0024:fixme:win:UnregisterSuspendResumeNotification 00000000DEADBEEF: stub.
0024:fixme:win:UnregisterSuspendResumeNotification 00000000DEADBEEF: stub.
0024:fixme:win:UnregisterSuspendResumeNotification 00000000DEADBEEF: stub.
0024:fixme:win:UnregisterSuspendResumeNotification 00000000DEADBEEF: stub.
0024:fixme:win:UnregisterSuspendResumeNotification 00000000DEADBEEF: stub.
0024:fixme:file:GetTempPath2W (261, 0000739C63E2E2E0) semi-stub
