01e0:fixme:combase:RoGetActivationFactory (L"Windows.UI.ViewManagement.UIViewSettings", {3694dbf9-8f68-44be-8ff5-195c98ede8a6}, 00007FFFFE3F4628): semi-stub
01e0:fixme:win:RegisterTouchWindow hwnd 0000000000020060, flags 0 stub!
01e0:fixme:msg:ChangeWindowMessageFilterEx 0000000000020060 233 1 0000000000000000
01e0:fixme:msg:ChangeWindowMessageFilterEx 0000000000020060 4a 1 0000000000000000
01e0:fixme:msg:ChangeWindowMessageFilterEx 0000000000020060 49 1 0000000000000000
01e0:err:ole:com_get_class_object class {aa509086-5ca9-4c25-8f95-589d3c07b48a} not registered
01e0:err:ole:com_get_class_object class {aa509086-5ca9-4c25-8f95-589d3c07b48a} not registered
01e0:err:ole:create_server class {aa509086-5ca9-4c25-8f95-589d3c07b48a} not registered
01e0:fixme:ole:com_get_class_object CLSCTX_REMOTE_SERVER not supported
01e0:err:ole:com_get_class_object no class object {aa509086-5ca9-4c25-8f95-589d3c07b48a} could be created for context 0x17
01e0:fixme:combase:RoGetActivationFactory (L"Windows.UI.ViewManagement.UIViewSettings", {3694dbf9-8f68-44be-8ff5-195c98ede8a6}, 00007FFFFE3F9798): semi-stub
01e0:fixme:win:RegisterTouchWindow hwnd 0000000000020058, flags 0 stub!
01e0:fixme:msg:ChangeWindowMessageFilterEx 0000000000020058 233 1 0000000000000000
01e0:fixme:msg:ChangeWindowMessageFilterEx 0000000000020058 4a 1 0000000000000000
01e0:fixme:msg:ChangeWindowMessageFilterEx 0000000000020058 49 1 0000000000000000
01e0:fixme:d3d:wined3d_guess_card No card selector available for card vendor 0000 (using GL_RENDERER "llvmpipe (LLVM 21.1.8, 256 bits)").
01e0:fixme:ntdll:NtQuerySystemInformation info_class SYSTEM_PERFORMANCE_INFORMATION
01e0:fixme:win:RegisterSuspendResumeNotification 0000000000020058, 0: stub.
0214:fixme:dxgi:dxgi_output_WaitForVBlank iface 00007FFFFE3F7A00 stub!
01e0:fixme:combase:RoGetActivationFactory (L"Windows.UI.ViewManagement.UIViewSettings", {3694dbf9-8f68-44be-8ff5-195c98ede8a6}, 00007FFFFE40C858): semi-stub
01e0:fixme:win:RegisterTouchWindow hwnd 0000000000030068, flags 0 stub!
01e0:fixme:msg:ChangeWindowMessageFilterEx 0000000000030068 233 1 0000000000000000
01e0:fixme:msg:ChangeWindowMessageFilterEx 0000000000030068 4a 1 0000000000000000
01e0:fixme:msg:ChangeWindowMessageFilterEx 0000000000030068 49 1 0000000000000000
01e0:fixme:win:RegisterSuspendResumeNotification 0000000000030068, 0: stub.
01e0:fixme:combase:RoGetActivationFactory (L"Windows.UI.ViewManagement.UIViewSettings", {3694dbf9-8f68-44be-8ff5-195c98ede8a6}, 00007FFFFE40CBC8): semi-stub
01e0:fixme:win:RegisterTouchWindow hwnd 000000000003007A, flags 0 stub!
01e0:fixme:msg:ChangeWindowMessageFilterEx 000000000003007A 233 1 0000000000000000
01e0:fixme:msg:ChangeWindowMessageFilterEx 000000000003007A 4a 1 0000000000000000
01e0:fixme:msg:ChangeWindowMessageFilterEx 000000000003007A 49 1 0000000000000000
01e0:fixme:win:RegisterSuspendResumeNotification 000000000003007A, 0: stub.
01e0:fixme:combase:RoGetActivationFactory (L"Windows.UI.ViewManagement.UIViewSettings", {3694dbf9-8f68-44be-8ff5-195c98ede8a6}, 00007FFFFE40CF38): semi-stub
01e0:fixme:win:RegisterTouchWindow hwnd 0000000000020064, flags 0 stub!
01e0:fixme:msg:ChangeWindowMessageFilterEx 0000000000020064 233 1 0000000000000000
01e0:fixme:msg:ChangeWindowMessageFilterEx 0000000000020064 4a 1 0000000000000000
01e0:fixme:msg:ChangeWindowMessageFilterEx 0000000000020064 49 1 0000000000000000
01e0:fixme:win:RegisterSuspendResumeNotification 0000000000020064, 0: stub.
01e0:fixme:win:RegisterSuspendResumeNotification 0000000000020060, 0: stub.
0258:fixme:cryptasn:CryptDecodeObjectEx Unsupported decoder for lpszStructType 1.3.6.1.4.1.311.2.1.4
0258:fixme:cryptasn:CryptDecodeObjectEx Unsupported decoder for lpszStructType 1.3.6.1.4.1.311.2.1.4
