0354:fixme:combase:RoGetActivationFactory (L"Windows.UI.ViewManagement.UIViewSettings", {3694dbf9-8f68-44be-8ff5-195c98ede8a6}, 00007FFFFF354AF8): semi-stub
0354:fixme:win:RegisterTouchWindow hwnd 0000000000040066, flags 0 stub!
0354:fixme:msg:ChangeWindowMessageFilterEx 0000000000040066 233 1 0000000000000000
0354:fixme:msg:ChangeWindowMessageFilterEx 0000000000040066 4a 1 0000000000000000
0354:fixme:msg:ChangeWindowMessageFilterEx 0000000000040066 49 1 0000000000000000
0354:err:ole:com_get_class_object class {aa509086-5ca9-4c25-8f95-589d3c07b48a} not registered
0354:err:ole:com_get_class_object class {aa509086-5ca9-4c25-8f95-589d3c07b48a} not registered
0354:err:ole:create_server class {aa509086-5ca9-4c25-8f95-589d3c07b48a} not registered
0354:fixme:ole:com_get_class_object CLSCTX_REMOTE_SERVER not supported
0354:err:ole:com_get_class_object no class object {aa509086-5ca9-4c25-8f95-589d3c07b48a} could be created for context 0x17
0354:fixme:combase:RoGetActivationFactory (L"Windows.UI.ViewManagement.UIViewSettings", {3694dbf9-8f68-44be-8ff5-195c98ede8a6}, 00007FFFFF359C68): semi-stub
0354:fixme:win:RegisterTouchWindow hwnd 000000000004005A, flags 0 stub!
0354:fixme:msg:ChangeWindowMessageFilterEx 000000000004005A 233 1 0000000000000000
0354:fixme:msg:ChangeWindowMessageFilterEx 000000000004005A 4a 1 0000000000000000
0354:fixme:msg:ChangeWindowMessageFilterEx 000000000004005A 49 1 0000000000000000
0354:fixme:ntdll:NtQuerySystemInformation info_class SYSTEM_PERFORMANCE_INFORMATION
0354:fixme:win:RegisterSuspendResumeNotification 000000000004005A, 0: stub.
0388:fixme:dxgi:dxgi_output_WaitForVBlank iface 00007FFFFF357ED0 stub!
0354:fixme:combase:RoGetActivationFactory (L"Windows.UI.ViewManagement.UIViewSettings", {3694dbf9-8f68-44be-8ff5-195c98ede8a6}, 00007FFFFF497E78): semi-stub
0354:fixme:win:RegisterTouchWindow hwnd 0000000000050076, flags 0 stub!
0354:fixme:msg:ChangeWindowMessageFilterEx 0000000000050076 233 1 0000000000000000
0354:fixme:msg:ChangeWindowMessageFilterEx 0000000000050076 4a 1 0000000000000000
0354:fixme:msg:ChangeWindowMessageFilterEx 0000000000050076 49 1 0000000000000000
0354:fixme:win:RegisterSuspendResumeNotification 0000000000050076, 0: stub.
0354:fixme:combase:RoGetActivationFactory (L"Windows.UI.ViewManagement.UIViewSettings", {3694dbf9-8f68-44be-8ff5-195c98ede8a6}, 00007FFFFF4981E8): semi-stub
0354:fixme:win:RegisterTouchWindow hwnd 0000000000050084, flags 0 stub!
0354:fixme:msg:ChangeWindowMessageFilterEx 0000000000050084 233 1 0000000000000000
0354:fixme:msg:ChangeWindowMessageFilterEx 0000000000050084 4a 1 0000000000000000
0354:fixme:msg:ChangeWindowMessageFilterEx 0000000000050084 49 1 0000000000000000
0354:fixme:win:RegisterSuspendResumeNotification 0000000000050084, 0: stub.
0354:fixme:combase:RoGetActivationFactory (L"Windows.UI.ViewManagement.UIViewSettings", {3694dbf9-8f68-44be-8ff5-195c98ede8a6}, 00007FFFFF498558): semi-stub
0354:fixme:win:RegisterTouchWindow hwnd 000000000005006A, flags 0 stub!
0354:fixme:msg:ChangeWindowMessageFilterEx 000000000005006A 233 1 0000000000000000
0354:fixme:msg:ChangeWindowMessageFilterEx 000000000005006A 4a 1 0000000000000000
0354:fixme:msg:ChangeWindowMessageFilterEx 000000000005006A 49 1 0000000000000000
0354:fixme:win:RegisterSuspendResumeNotification 000000000005006A, 0: stub.
0354:fixme:win:RegisterSuspendResumeNotification 0000000000040066, 0: stub.
03cc:fixme:cryptasn:CryptDecodeObjectEx Unsupported decoder for lpszStructType 1.3.6.1.4.1.311.2.1.4
03cc:fixme:cryptasn:CryptDecodeObjectEx Unsupported decoder for lpszStructType 1.3.6.1.4.1.311.2.1.4
