064c:fixme:combase:RoGetActivationFactory (L"Windows.UI.ViewManagement.UIViewSettings", {3694dbf9-8f68-44be-8ff5-195c98ede8a6}, 00007FFFFF354D68): semi-stub
064c:fixme:win:RegisterTouchWindow hwnd 0000000000090070, flags 0 stub!
064c:fixme:msg:ChangeWindowMessageFilterEx 0000000000090070 233 1 0000000000000000
064c:fixme:msg:ChangeWindowMessageFilterEx 0000000000090070 4a 1 0000000000000000
064c:fixme:msg:ChangeWindowMessageFilterEx 0000000000090070 49 1 0000000000000000
064c:err:ole:com_get_class_object class {aa509086-5ca9-4c25-8f95-589d3c07b48a} not registered
064c:err:ole:com_get_class_object class {aa509086-5ca9-4c25-8f95-589d3c07b48a} not registered
064c:err:ole:create_server class {aa509086-5ca9-4c25-8f95-589d3c07b48a} not registered
064c:fixme:ole:com_get_class_object CLSCTX_REMOTE_SERVER not supported
064c:err:ole:com_get_class_object no class object {aa509086-5ca9-4c25-8f95-589d3c07b48a} could be created for context 0x17
064c:fixme:combase:RoGetActivationFactory (L"Windows.UI.ViewManagement.UIViewSettings", {3694dbf9-8f68-44be-8ff5-195c98ede8a6}, 00007FFFFF359DB8): semi-stub
064c:fixme:win:RegisterTouchWindow hwnd 000000000009005A, flags 0 stub!
064c:fixme:msg:ChangeWindowMessageFilterEx 000000000009005A 233 1 0000000000000000
064c:fixme:msg:ChangeWindowMessageFilterEx 000000000009005A 4a 1 0000000000000000
064c:fixme:msg:ChangeWindowMessageFilterEx 000000000009005A 49 1 0000000000000000
064c:fixme:ntdll:NtQuerySystemInformation info_class SYSTEM_PERFORMANCE_INFORMATION
064c:fixme:win:RegisterSuspendResumeNotification 000000000009005A, 0: stub.
0680:fixme:dxgi:dxgi_output_WaitForVBlank iface 00007FFFFF358020 stub!
064c:fixme:combase:RoGetActivationFactory (L"Windows.UI.ViewManagement.UIViewSettings", {3694dbf9-8f68-44be-8ff5-195c98ede8a6}, 00007FFFFF497FC8): semi-stub
064c:fixme:win:RegisterTouchWindow hwnd 00000000000B007E, flags 0 stub!
064c:fixme:msg:ChangeWindowMessageFilterEx 00000000000B007E 233 1 0000000000000000
064c:fixme:msg:ChangeWindowMessageFilterEx 00000000000B007E 4a 1 0000000000000000
064c:fixme:msg:ChangeWindowMessageFilterEx 00000000000B007E 49 1 0000000000000000
064c:fixme:win:RegisterSuspendResumeNotification 00000000000B007E, 0: stub.
064c:fixme:combase:RoGetActivationFactory (L"Windows.UI.ViewManagement.UIViewSettings", {3694dbf9-8f68-44be-8ff5-195c98ede8a6}, 00007FFFFF498338): semi-stub
064c:fixme:win:RegisterTouchWindow hwnd 0000000000090088, flags 0 stub!
064c:fixme:msg:ChangeWindowMessageFilterEx 0000000000090088 233 1 0000000000000000
064c:fixme:msg:ChangeWindowMessageFilterEx 0000000000090088 4a 1 0000000000000000
064c:fixme:msg:ChangeWindowMessageFilterEx 0000000000090088 49 1 0000000000000000
064c:fixme:win:RegisterSuspendResumeNotification 0000000000090088, 0: stub.
064c:fixme:combase:RoGetActivationFactory (L"Windows.UI.ViewManagement.UIViewSettings", {3694dbf9-8f68-44be-8ff5-195c98ede8a6}, 00007FFFFF4986A8): semi-stub
064c:fixme:win:RegisterTouchWindow hwnd 00000000000A006A, flags 0 stub!
064c:fixme:msg:ChangeWindowMessageFilterEx 00000000000A006A 233 1 0000000000000000
064c:fixme:msg:ChangeWindowMessageFilterEx 00000000000A006A 4a 1 0000000000000000
064c:fixme:msg:ChangeWindowMessageFilterEx 00000000000A006A 49 1 0000000000000000
064c:fixme:win:RegisterSuspendResumeNotification 00000000000A006A, 0: stub.
064c:fixme:win:RegisterSuspendResumeNotification 0000000000090070, 0: stub.
06c4:fixme:cryptasn:CryptDecodeObjectEx Unsupported decoder for lpszStructType 1.3.6.1.4.1.311.2.1.4
06c4:fixme:cryptasn:CryptDecodeObjectEx Unsupported decoder for lpszStructType 1.3.6.1.4.1.311.2.1.4
