05b8:fixme:combase:RoGetActivationFactory (L"Windows.UI.ViewManagement.UIViewSettings", {3694dbf9-8f68-44be-8ff5-195c98ede8a6}, 00007FFFFF354AF8): semi-stub
05b8:fixme:win:RegisterTouchWindow hwnd 00000000000A008A, flags 0 stub!
05b8:fixme:msg:ChangeWindowMessageFilterEx 00000000000A008A 233 1 0000000000000000
05b8:fixme:msg:ChangeWindowMessageFilterEx 00000000000A008A 4a 1 0000000000000000
05b8:fixme:msg:ChangeWindowMessageFilterEx 00000000000A008A 49 1 0000000000000000
05b8:err:ole:com_get_class_object class {aa509086-5ca9-4c25-8f95-589d3c07b48a} not registered
05b8:err:ole:com_get_class_object class {aa509086-5ca9-4c25-8f95-589d3c07b48a} not registered
05b8:err:ole:create_server class {aa509086-5ca9-4c25-8f95-589d3c07b48a} not registered
05b8:fixme:ole:com_get_class_object CLSCTX_REMOTE_SERVER not supported
05b8:err:ole:com_get_class_object no class object {aa509086-5ca9-4c25-8f95-589d3c07b48a} could be created for context 0x17
05b8:fixme:combase:RoGetActivationFactory (L"Windows.UI.ViewManagement.UIViewSettings", {3694dbf9-8f68-44be-8ff5-195c98ede8a6}, 00007FFFFF359C68): semi-stub
05b8:fixme:win:RegisterTouchWindow hwnd 0000000000080058, flags 0 stub!
05b8:fixme:msg:ChangeWindowMessageFilterEx 0000000000080058 233 1 0000000000000000
05b8:fixme:msg:ChangeWindowMessageFilterEx 0000000000080058 4a 1 0000000000000000
05b8:fixme:msg:ChangeWindowMessageFilterEx 0000000000080058 49 1 0000000000000000
05b8:fixme:ntdll:NtQuerySystemInformation info_class SYSTEM_PERFORMANCE_INFORMATION
05b8:fixme:win:RegisterSuspendResumeNotification 0000000000080058, 0: stub.
05ec:fixme:dxgi:dxgi_output_WaitForVBlank iface 00007FFFFF357ED0 stub!
05b8:fixme:combase:RoGetActivationFactory (L"Windows.UI.ViewManagement.UIViewSettings", {3694dbf9-8f68-44be-8ff5-195c98ede8a6}, 00007FFFFF497E78): semi-stub
05b8:fixme:win:RegisterTouchWindow hwnd 00000000000B0076, flags 0 stub!
05b8:fixme:msg:ChangeWindowMessageFilterEx 00000000000B0076 233 1 0000000000000000
05b8:fixme:msg:ChangeWindowMessageFilterEx 00000000000B0076 4a 1 0000000000000000
05b8:fixme:msg:ChangeWindowMessageFilterEx 00000000000B0076 49 1 0000000000000000
05b8:fixme:win:RegisterSuspendResumeNotification 00000000000B0076, 0: stub.
05b8:fixme:combase:RoGetActivationFactory (L"Windows.UI.ViewManagement.UIViewSettings", {3694dbf9-8f68-44be-8ff5-195c98ede8a6}, 00007FFFFF4981E8): semi-stub
05b8:fixme:win:RegisterTouchWindow hwnd 0000000000080088, flags 0 stub!
05b8:fixme:msg:ChangeWindowMessageFilterEx 0000000000080088 233 1 0000000000000000
05b8:fixme:msg:ChangeWindowMessageFilterEx 0000000000080088 4a 1 0000000000000000
05b8:fixme:msg:ChangeWindowMessageFilterEx 0000000000080088 49 1 0000000000000000
05b8:fixme:win:RegisterSuspendResumeNotification 0000000000080088, 0: stub.
05b8:fixme:combase:RoGetActivationFactory (L"Windows.UI.ViewManagement.UIViewSettings", {3694dbf9-8f68-44be-8ff5-195c98ede8a6}, 00007FFFFF498558): semi-stub
05b8:fixme:win:RegisterTouchWindow hwnd 000000000009006A, flags 0 stub!
05b8:fixme:msg:ChangeWindowMessageFilterEx 000000000009006A 233 1 0000000000000000
05b8:fixme:msg:ChangeWindowMessageFilterEx 000000000009006A 4a 1 0000000000000000
05b8:fixme:msg:ChangeWindowMessageFilterEx 000000000009006A 49 1 0000000000000000
05b8:fixme:win:RegisterSuspendResumeNotification 000000000009006A, 0: stub.
05b8:fixme:win:RegisterSuspendResumeNotification 00000000000A008A, 0: stub.
0630:fixme:cryptasn:CryptDecodeObjectEx Unsupported decoder for lpszStructType 1.3.6.1.4.1.311.2.1.4
0630:fixme:cryptasn:CryptDecodeObjectEx Unsupported decoder for lpszStructType 1.3.6.1.4.1.311.2.1.4
