047c:fixme:combase:RoGetActivationFactory (L"Windows.UI.ViewManagement.UIViewSettings", {3694dbf9-8f68-44be-8ff5-195c98ede8a6}, 00007FFFFF354AF8): semi-stub
047c:fixme:win:RegisterTouchWindow hwnd 0000000000060066, flags 0 stub!
047c:fixme:msg:ChangeWindowMessageFilterEx 0000000000060066 233 1 0000000000000000
047c:fixme:msg:ChangeWindowMessageFilterEx 0000000000060066 4a 1 0000000000000000
047c:fixme:msg:ChangeWindowMessageFilterEx 0000000000060066 49 1 0000000000000000
047c:err:ole:com_get_class_object class {aa509086-5ca9-4c25-8f95-589d3c07b48a} not registered
047c:err:ole:com_get_class_object class {aa509086-5ca9-4c25-8f95-589d3c07b48a} not registered
047c:err:ole:create_server class {aa509086-5ca9-4c25-8f95-589d3c07b48a} not registered
047c:fixme:ole:com_get_class_object CLSCTX_REMOTE_SERVER not supported
047c:err:ole:com_get_class_object no class object {aa509086-5ca9-4c25-8f95-589d3c07b48a} could be created for context 0x17
047c:fixme:combase:RoGetActivationFactory (L"Windows.UI.ViewManagement.UIViewSettings", {3694dbf9-8f68-44be-8ff5-195c98ede8a6}, 00007FFFFF359C68): semi-stub
047c:fixme:win:RegisterTouchWindow hwnd 000000000006005A, flags 0 stub!
047c:fixme:msg:ChangeWindowMessageFilterEx 000000000006005A 233 1 0000000000000000
047c:fixme:msg:ChangeWindowMessageFilterEx 000000000006005A 4a 1 0000000000000000
047c:fixme:msg:ChangeWindowMessageFilterEx 000000000006005A 49 1 0000000000000000
047c:fixme:ntdll:NtQuerySystemInformation info_class SYSTEM_PERFORMANCE_INFORMATION
047c:fixme:win:RegisterSuspendResumeNotification 000000000006005A, 0: stub.
04b0:fixme:dxgi:dxgi_output_WaitForVBlank iface 00007FFFFF357ED0 stub!
047c:fixme:combase:RoGetActivationFactory (L"Windows.UI.ViewManagement.UIViewSettings", {3694dbf9-8f68-44be-8ff5-195c98ede8a6}, 00007FFFFF497E78): semi-stub
047c:fixme:win:RegisterTouchWindow hwnd 0000000000070078, flags 0 stub!
047c:fixme:msg:ChangeWindowMessageFilterEx 0000000000070078 233 1 0000000000000000
047c:fixme:msg:ChangeWindowMessageFilterEx 0000000000070078 4a 1 0000000000000000
047c:fixme:msg:ChangeWindowMessageFilterEx 0000000000070078 49 1 0000000000000000
047c:fixme:win:RegisterSuspendResumeNotification 0000000000070078, 0: stub.
047c:fixme:combase:RoGetActivationFactory (L"Windows.UI.ViewManagement.UIViewSettings", {3694dbf9-8f68-44be-8ff5-195c98ede8a6}, 00007FFFFF4981E8): semi-stub
047c:fixme:win:RegisterTouchWindow hwnd 0000000000060088, flags 0 stub!
047c:fixme:msg:ChangeWindowMessageFilterEx 0000000000060088 233 1 0000000000000000
047c:fixme:msg:ChangeWindowMessageFilterEx 0000000000060088 4a 1 0000000000000000
047c:fixme:msg:ChangeWindowMessageFilterEx 0000000000060088 49 1 0000000000000000
047c:fixme:win:RegisterSuspendResumeNotification 0000000000060088, 0: stub.
047c:fixme:combase:RoGetActivationFactory (L"Windows.UI.ViewManagement.UIViewSettings", {3694dbf9-8f68-44be-8ff5-195c98ede8a6}, 00007FFFFF498558): semi-stub
047c:fixme:win:RegisterTouchWindow hwnd 000000000007006A, flags 0 stub!
047c:fixme:msg:ChangeWindowMessageFilterEx 000000000007006A 233 1 0000000000000000
047c:fixme:msg:ChangeWindowMessageFilterEx 000000000007006A 4a 1 0000000000000000
047c:fixme:msg:ChangeWindowMessageFilterEx 000000000007006A 49 1 0000000000000000
047c:fixme:win:RegisterSuspendResumeNotification 000000000007006A, 0: stub.
047c:fixme:win:RegisterSuspendResumeNotification 0000000000060066, 0: stub.
04f8:fixme:cryptasn:CryptDecodeObjectEx Unsupported decoder for lpszStructType 1.3.6.1.4.1.311.2.1.4
04f8:fixme:cryptasn:CryptDecodeObjectEx Unsupported decoder for lpszStructType 1.3.6.1.4.1.311.2.1.4
