215649.975:002c:trace:seh:libc_addr_cb found signal trampoline in /usr/lib/x86_64-linux-gnu/libc.so.6
215650.004:0034:trace:seh:libc_addr_cb found signal trampoline in /usr/lib/x86_64-linux-gnu/libc.so.6
215650.009:003c:trace:seh:libc_addr_cb found signal trampoline in /usr/lib/x86_64-linux-gnu/libc.so.6
215650.039:0048:trace:seh:libc_addr_cb found signal trampoline in /usr/lib/x86_64-linux-gnu/libc.so.6
215650.067:006c:trace:seh:libc_addr_cb found signal trampoline in /usr/lib/x86_64-linux-gnu/libc.so.6
215650.105:0080:trace:seh:libc_addr_cb found signal trampoline in /usr/lib/x86_64-linux-gnu/libc.so.6
215650.251:0088:trace:seh:libc_addr_cb found signal trampoline in /usr/lib/x86_64-linux-gnu/libc.so.6
215650.267:00a0:trace:seh:libc_addr_cb found signal trampoline in /usr/lib/x86_64-linux-gnu/libc.so.6
215650.378:00a0:fixme:heap:RtlSetHeapInformation HEAP_INFORMATION_CLASS 1 not implemented!
215650.381:00ac:fixme:advapi:RegisterEventSourceW ((null),L"Bonjour Service"): stub
215650.382:00ac:fixme:advapi:ReportEventA (00000000CAFE4242,0x0004,0x0000,0x00000064,0000000000000000,0x0001,0x00000000,0000000000E3FA50,0000000000000000): stub
215650.382:00ac:fixme:advapi:ReportEventW (00000000CAFE4242,0x0004,0x0000,0x00000064,0000000000000000,0x0001,0x00000000,0000000000711FF0,0000000000000000): stub
215650.382:00ac:fixme:winsock:WSAIoctl SIO_UDP_CONNRESET stub
215650.382:00ac:fixme:winsock:WSAIoctl SIO_UDP_CONNRESET stub
215650.398:00ac:fixme:advapi:ReportEventA (00000000CAFE4242,0x0004,0x0000,0x00000064,0000000000000000,0x0001,0x00000000,0000000000E3FA50,0000000000000000): stub
215650.398:00ac:fixme:advapi:ReportEventW (00000000CAFE4242,0x0004,0x0000,0x00000064,0000000000000000,0x0001,0x00000000,0000000000711FF0,0000000000000000): stub
215650.398:0050:fixme:service:svcctl_EnumServicesStatusExW resume handle not supported
215650.399:0050:fixme:service:svcctl_EnumServicesStatusExW resume handle not supported
215650.400:0050:fixme:service:svcctl_EnumServicesStatusExW resume handle not supported
215650.400:0050:fixme:service:svcctl_EnumServicesStatusExW resume handle not supported
215650.400:00ac:fixme:advapi:ReportEventA (00000000CAFE4242,0x0004,0x0000,0x00000064,0000000000000000,0x0001,0x00000000,0000000000E3FA50,0000000000000000): stub
215650.400:00ac:fixme:advapi:ReportEventW (00000000CAFE4242,0x0004,0x0000,0x00000064,0000000000000000,0x0001,0x00000000,0000000000711FF0,0000000000000000): stub
215650.400:00ac:fixme:wkscli:NetGetJoinInformation Semi-stub (null) 0000000000E3FAC8 0000000000E3FAC0
215650.404:00b8:trace:seh:libc_addr_cb found signal trampoline in /usr/lib/x86_64-linux-gnu/libc.so.6
215650.410:00ac:fixme:winsock:WSAIoctl SIO_UDP_CONNRESET stub
215650.411:00ac:fixme:winsock:WSAIoctl SIO_UDP_CONNRESET stub
215650.411:00ac:fixme:winsock:WSAIoctl SIO_UDP_CONNRESET stub
215650.556:0088:trace:seh:dispatch_exception code=6ba (RPC_S_SERVER_UNAVAILABLE) flags=0 addr=00006FFFFF3AB49E
215650.556:0088:trace:seh:dispatch_exception rip=00006fffff3ab49e rsp=00007ffffe23d680 rbp=0000000000000000 eflags=00000202
215650.556:0088:trace:seh:dispatch_exception rax=00006fffff3ab450 rbx=00007ffffe23e530 rcx=00007ffffe23d6a0 rdx=0000000000000000
215650.556:0088:trace:seh:dispatch_exception rsi=0000000000000064 rdi=00007ffffe851640  r8=0000000000000000  r9=0000000000000000
215650.556:0088:trace:seh:dispatch_exception r10=00007ffffe851d70 r11=0000000000000010 r12=00007ffffe23d838 r13=0000000000000005
215650.556:0088:trace:seh:dispatch_exception r14=0000000000000000 r15=00007ffffe23d840 mxcsr=00001f80 cs=0033 ss=002b
215650.556:0088:trace:seh:call_seh_handlers calling TEB handler 00006FFFFE6F7740 (rec=00007FFFFE23D6A0 frame=00007FFFFE23D8C0 context=00007FFFFE23D1A0 dispatch=00007FFFFE23CA70) sp=7ffffe23e240
215650.556:0088:trace:seh:call_seh_handlers TEB handler at 00006FFFFE6F7740 returned 1
215650.556:0088:trace:seh:call_seh_handlers calling TEB handler 00006FFFFE006A90 (rec=00007FFFFE23D6A0 frame=00007FFFFE23EDB0 context=00007FFFFE23D1A0 dispatch=00007FFFFE23CA70) sp=7ffffe23ef00
215650.556:0088:trace:seh:RtlUnwindEx code=6ba flags=2 end_frame=00007FFFFE23EDB0 target_ip=00006FFFFDFF4E1A
215650.556:0088:trace:seh:RtlUnwindEx rip=00006fffffbf9de5 rsp=00007ffffe23bd60 rbp=00007ffffe23c430 eflags=00000206
215650.556:0088:trace:seh:RtlUnwindEx rax=00007ffffe02a000 rbx=00007ffffe23d6a0 rcx=00007ffffe23c430 rdx=00006ffffdff4e1a
215650.556:0088:trace:seh:RtlUnwindEx rsi=00007ffffe23c430 rdi=00007ffffe23edb0  r8=00007ffffe23d6a0  r9=00006ffffe016c10
215650.556:0088:trace:seh:RtlUnwindEx r10=0000000000000000 r11=00007ed256bbe740 r12=00007ffffe23bed0 r13=00007ffffe02a000
215650.556:0088:trace:seh:RtlUnwindEx r14=00007ffffe23edb0 r15=00007ffffe23d8c0 mxcsr=00001f80 cs=0033 ss=002b
215650.556:0088:trace:seh:RtlUnwindEx calling TEB handler 00006FFFFE6F7740 (rec=00007FFFFE23D6A0, frame=00007FFFFE23D8C0 context=00007FFFFE23C430, dispatch=00007FFFFE23BDE0)
215650.556:0088:trace:seh:RtlUnwindEx handler at 00006FFFFE6F7740 returned 1
215650.556:0088:trace:seh:RtlRestoreContext returning to 00006FFFFDFF4E1A stack 00007FFFFE23ED60
215650.643:0114:trace:seh:libc_addr_cb found signal trampoline in /usr/lib/x86_64-linux-gnu/libc.so.6
215650.832:0024:trace:seh:libc_addr_cb found signal trampoline in /usr/lib/x86_64-linux-gnu/libc.so.6
215651.177:0024:trace:seh:dispatch_exception code=6ba (RPC_S_SERVER_UNAVAILABLE) flags=0 addr=00006FFFFF3AB49E
215651.177:0024:trace:seh:dispatch_exception rip=00006fffff3ab49e rsp=00007ffffe13da00 rbp=0000000000000000 eflags=00000206
215651.177:0024:trace:seh:dispatch_exception rax=00006fffff3ab450 rbx=00007ffffe13e8b0 rcx=00007ffffe13da20 rdx=0000000000000000
215651.177:0024:trace:seh:dispatch_exception rsi=0000000000000000 rdi=00007ffffe2d8f70  r8=0000000000000000  r9=0000000000000000
215651.177:0024:trace:seh:dispatch_exception r10=0000000000000080 r11=0000000000000030 r12=00007ffffe13dbb8 r13=0000000000000003
215651.177:0024:trace:seh:dispatch_exception r14=0000000000000000 r15=00007ffffe13dbc0 mxcsr=00001f80 cs=0033 ss=002b
215651.177:0024:trace:seh:call_seh_handlers calling TEB handler 00006FFFFE6F7740 (rec=00007FFFFE13DA20 frame=00007FFFFE13DC40 context=00007FFFFE13D520 dispatch=00007FFFFE13CDF0) sp=7ffffe13e5c0
215651.177:0024:trace:seh:call_seh_handlers TEB handler at 00006FFFFE6F7740 returned 1
215651.177:0024:trace:seh:call_seh_handlers calling TEB handler 00006FFFF38E7600 (rec=00007FFFFE13DA20 frame=00007FFFFE13F150 context=00007FFFFE13D520 dispatch=00007FFFFE13CDF0) sp=7ffffe13f2d0
215651.177:0024:trace:seh:RtlUnwindEx code=6ba flags=2 end_frame=00007FFFFE13F150 target_ip=00006FFFF38E1F1A
215651.177:0024:trace:seh:RtlUnwindEx rip=00006fffffbf9de5 rsp=00007ffffe13c0e0 rbp=00007ffffe13c7b0 eflags=00000202
215651.177:0024:trace:seh:RtlUnwindEx rax=00007ffffe02a000 rbx=00007ffffe13da20 rcx=00007ffffe13c7b0 rdx=00006ffff38e1f1a
215651.177:0024:trace:seh:RtlUnwindEx rsi=00007ffffe13c7b0 rdi=00007ffffe13f150  r8=00007ffffe13da20  r9=00006ffff38f1980
215651.177:0024:trace:seh:RtlUnwindEx r10=0000000000014470 r11=0000000000000202 r12=00007ffffe13c250 r13=00007ffffe02a000
215651.177:0024:trace:seh:RtlUnwindEx r14=00007ffffe13f150 r15=00007ffffe13dc40 mxcsr=00001f80 cs=0033 ss=002b
215651.177:0024:trace:seh:RtlUnwindEx calling TEB handler 00006FFFFE6F7740 (rec=00007FFFFE13DA20, frame=00007FFFFE13DC40 context=00007FFFFE13C7B0, dispatch=00007FFFFE13C160)
215651.177:0024:trace:seh:RtlUnwindEx handler at 00006FFFFE6F7740 returned 1
215651.177:0024:trace:seh:RtlRestoreContext returning to 00006FFFF38E1F1A stack 00007FFFFE13F0D0
215651.187:013c:trace:seh:libc_addr_cb found signal trampoline in /usr/lib/x86_64-linux-gnu/libc.so.6
215651.223:0024:trace:seh:__std_exception_copy (00007FFFFE13FE50 00007FFFFE13FDE0)
215651.223:0024:trace:seh:__std_exception_copy (00007FFFFE13FDE0 00007FFFFE307800)
215651.223:0024:trace:seh:__std_exception_destroy (00007FFFFE13FDE0)
215651.223:0024:trace:seh:__std_exception_destroy (00007FFFFE13FE50)
215651.223:0024:trace:seh:__std_exception_copy (00007FFFFE13FE50 00007FFFFE13FDE0)
215651.223:0024:trace:seh:__std_exception_copy (00007FFFFE13FDE0 00007FFFFE307880)
215651.223:0024:trace:seh:__std_exception_destroy (00007FFFFE13FDE0)
215651.223:0024:trace:seh:__std_exception_destroy (00007FFFFE13FE50)
215651.232:0024:trace:seh:dispatch_exception code=406d1388 (EXCEPTION_WINE_NAME_THREAD) flags=0 addr=00006FFFFF3AB49E
215651.232:0024:trace:seh:dispatch_exception  info[0]=0000000100001000
215651.232:0024:trace:seh:dispatch_exception  info[1]=00007FFFFE13FDF8
215651.232:0024:trace:seh:dispatch_exception  info[2]=0000000000000024
215651.232:0024:trace:seh:dispatch_exception rip=00006fffff3ab49e rsp=00007ffffe13fc20 rbp=0000000000000000 eflags=00000202
215651.232:0024:trace:seh:dispatch_exception rax=00007ffffe13fc60 rbx=00007ffffe13fdf8 rcx=00007ffffe13fc40 rdx=0000000000000000
215651.232:0024:trace:seh:dispatch_exception rsi=00007ffffe13fd38 rdi=00007ffffe13fc78  r8=0000000000000003  r9=00007ffffe13fd20
215651.232:0024:trace:seh:dispatch_exception r10=00007ffffe29aa40 r11=000000000000001b r12=0000000000000000 r13=0000000000000000
215651.232:0024:trace:seh:dispatch_exception r14=00007fffff3484b8 r15=0000000000000000 mxcsr=00001fb2 cs=0033 ss=002b
215651.232:0024:trace:seh:call_seh_handlers calling handler 0000000141D1800E (rec=00007FFFFE13FC40, frame=7ffffe13fd00 context=00007FFFFE13F740, dispatch=00007FFFFE13F010)
215651.232:0024:trace:seh:RtlUnwindEx code=406d1388 flags=2 end_frame=00007FFFFE13FD00 target_ip=00000001416B5161
215651.232:0024:trace:seh:RtlUnwindEx  info[0]=0000000100001000
215651.232:0024:trace:seh:RtlUnwindEx  info[1]=00007ffffe13fdf8
215651.232:0024:trace:seh:RtlUnwindEx  info[2]=0000000000000024
215651.232:0024:trace:seh:RtlUnwindEx rip=00006fffffbf9de5 rsp=00007ffffe13e7f0 rbp=00007ffffe13f140 eflags=00000206
215651.232:0024:trace:seh:RtlUnwindEx rax=00007ffffe02a000 rbx=00007ffffe13fc40 rcx=00007ffffe13f140 rdx=00000001416b5161
215651.232:0024:trace:seh:RtlUnwindEx rsi=00007ffffe13f140 rdi=0000000140000000  r8=00007ffffe13fc40  r9=00000000406d1388
215651.232:0024:trace:seh:RtlUnwindEx r10=0000000000000000 r11=0000000000000202 r12=00007ffffe13e960 r13=00007ffffe13f010
215651.232:0024:trace:seh:RtlUnwindEx r14=00007ffffe13fd00 r15=0000000000000000 mxcsr=00001fb2 cs=0033 ss=002b
215651.232:0024:trace:seh:RtlRestoreContext returning to 00000001416B5161 stack 00007FFFFE13FD00
215651.233:0158:trace:seh:dispatch_exception code=406d1388 (EXCEPTION_WINE_NAME_THREAD) flags=0 addr=00006FFFFF3AB49E
215651.233:0158:trace:seh:dispatch_exception  info[0]=0000000000001000
215651.233:0158:trace:seh:dispatch_exception  info[1]=00007FFFFFB1FEE0
215651.233:0158:trace:seh:dispatch_exception  info[2]=0000000000000158
215651.233:0158:trace:seh:dispatch_exception rip=00006fffff3ab49e rsp=00007fffffb1fd20 rbp=0000000000000000 eflags=00000202
215651.233:0158:trace:seh:dispatch_exception rax=00007fffffb1fd60 rbx=00007fffffb1fee0 rcx=00007fffffb1fd40 rdx=0000000000000000
215651.233:0158:trace:seh:dispatch_exception rsi=00007fffffb1fe38 rdi=00007fffffb1fd78  r8=0000000000000003  r9=00007fffffb1fe20
215651.233:0158:trace:seh:dispatch_exception r10=0000000000000080 r11=0000000000000030 r12=0000000000000000 r13=0000000000000000
215651.233:0158:trace:seh:dispatch_exception r14=0000000000000000 r15=0000000000000000 mxcsr=00001f80 cs=0033 ss=002b
215651.233:0158:trace:seh:call_seh_handlers calling handler 0000000141D1800E (rec=00007FFFFFB1FD40, frame=7fffffb1fe00 context=00007FFFFFB1F840, dispatch=00007FFFFFB1F110)
215651.233:0158:trace:seh:RtlUnwindEx code=406d1388 flags=2 end_frame=00007FFFFFB1FE00 target_ip=00000001416B5161
215651.233:0158:trace:seh:RtlUnwindEx  info[0]=0000000000001000
215651.233:0158:trace:seh:RtlUnwindEx  info[1]=00007fffffb1fee0
215651.233:0158:trace:seh:RtlUnwindEx  info[2]=0000000000000158
215651.233:0158:trace:seh:RtlUnwindEx rip=00006fffffbf9de5 rsp=00007fffffb1e8f0 rbp=00007fffffb1f240 eflags=00000206
215651.233:0158:trace:seh:RtlUnwindEx rax=00007ffffe027000 rbx=00007fffffb1fd40 rcx=00007fffffb1f240 rdx=00000001416b5161
215651.233:0158:trace:seh:RtlUnwindEx rsi=00007fffffb1f240 rdi=0000000140000000  r8=00007fffffb1fd40  r9=00000000406d1388
215651.233:0158:trace:seh:RtlUnwindEx r10=0000000000000000 r11=00007fffffa1f6c0 r12=00007fffffb1ea60 r13=00007fffffb1f110
215651.233:0158:trace:seh:RtlUnwindEx r14=00007fffffb1fe00 r15=0000000000000000 mxcsr=00001f80 cs=0033 ss=002b
215651.233:0158:trace:seh:RtlRestoreContext returning to 00000001416B5161 stack 00007FFFFFB1FE00
215651.234:0024:trace:seh:__processing_throw ()
215651.234:0024:trace:seh:__processing_throw ()
215651.234:0024:trace:seh:__processing_throw ()
215651.236:0024:fixme:combase:RoGetActivationFactory (L"Windows.UI.ViewManagement.UIViewSettings", {3694dbf9-8f68-44be-8ff5-195c98ede8a6}, 00007FFFFF356F88): semi-stub
215651.240:0024:fixme:win:RegisterTouchWindow hwnd 000000000001006E, flags 0 stub!
215651.240:0024:fixme:msg:ChangeWindowMessageFilterEx 000000000001006E 233 1 0000000000000000
215651.240:0024:fixme:msg:ChangeWindowMessageFilterEx 000000000001006E 4a 1 0000000000000000
215651.240:0024:fixme:msg:ChangeWindowMessageFilterEx 000000000001006E 49 1 0000000000000000
215651.240:0024:err:ole:com_get_class_object class {aa509086-5ca9-4c25-8f95-589d3c07b48a} not registered
215651.240:0024:err:ole:com_get_class_object class {aa509086-5ca9-4c25-8f95-589d3c07b48a} not registered
215651.241:0024:err:ole:create_server class {aa509086-5ca9-4c25-8f95-589d3c07b48a} not registered
215651.242:0024:fixme:ole:com_get_class_object CLSCTX_REMOTE_SERVER not supported
215651.242:0024:err:ole:com_get_class_object no class object {aa509086-5ca9-4c25-8f95-589d3c07b48a} could be created for context 0x17
215651.242:0024:fixme:combase:RoGetActivationFactory (L"Windows.UI.ViewManagement.UIViewSettings", {3694dbf9-8f68-44be-8ff5-195c98ede8a6}, 00007FFFFF35DFD8): semi-stub
215651.243:0024:fixme:win:RegisterTouchWindow hwnd 0000000000010074, flags 0 stub!
215651.243:0024:fixme:msg:ChangeWindowMessageFilterEx 0000000000010074 233 1 0000000000000000
215651.243:0024:fixme:msg:ChangeWindowMessageFilterEx 0000000000010074 4a 1 0000000000000000
215651.243:0024:fixme:msg:ChangeWindowMessageFilterEx 0000000000010074 49 1 0000000000000000
215651.455:0024:fixme:ntdll:NtQuerySystemInformation info_class SYSTEM_PERFORMANCE_INFORMATION
215651.543:0024:fixme:win:RegisterSuspendResumeNotification 0000000000010074, 0: stub.
215651.543:0168:fixme:dxgi:dxgi_output_WaitForVBlank iface 00007FFFFF35CC10 stub!
215651.547:0024:fixme:combase:RoGetActivationFactory (L"Windows.UI.ViewManagement.UIViewSettings", {3694dbf9-8f68-44be-8ff5-195c98ede8a6}, 00007FFFFF49E1E8): semi-stub
215651.548:0024:fixme:win:RegisterTouchWindow hwnd 000000000002007A, flags 0 stub!
215651.548:0024:fixme:msg:ChangeWindowMessageFilterEx 000000000002007A 233 1 0000000000000000
215651.548:0024:fixme:msg:ChangeWindowMessageFilterEx 000000000002007A 4a 1 0000000000000000
215651.548:0024:fixme:msg:ChangeWindowMessageFilterEx 000000000002007A 49 1 0000000000000000
215651.548:0024:fixme:win:RegisterSuspendResumeNotification 000000000002007A, 0: stub.
215651.549:0024:fixme:combase:RoGetActivationFactory (L"Windows.UI.ViewManagement.UIViewSettings", {3694dbf9-8f68-44be-8ff5-195c98ede8a6}, 00007FFFFF49E558): semi-stub
215651.549:0024:fixme:win:RegisterTouchWindow hwnd 0000000000020054, flags 0 stub!
215651.549:0024:fixme:msg:ChangeWindowMessageFilterEx 0000000000020054 233 1 0000000000000000
215651.549:0024:fixme:msg:ChangeWindowMessageFilterEx 0000000000020054 4a 1 0000000000000000
215651.549:0024:fixme:msg:ChangeWindowMessageFilterEx 0000000000020054 49 1 0000000000000000
215651.549:0024:fixme:win:RegisterSuspendResumeNotification 0000000000020054, 0: stub.
215651.551:0024:fixme:combase:RoGetActivationFactory (L"Windows.UI.ViewManagement.UIViewSettings", {3694dbf9-8f68-44be-8ff5-195c98ede8a6}, 00007FFFFF49E8C8): semi-stub
215651.551:0024:fixme:win:RegisterTouchWindow hwnd 0000000000020052, flags 0 stub!
215651.551:0024:fixme:msg:ChangeWindowMessageFilterEx 0000000000020052 233 1 0000000000000000
215651.551:0024:fixme:msg:ChangeWindowMessageFilterEx 0000000000020052 4a 1 0000000000000000
215651.551:0024:fixme:msg:ChangeWindowMessageFilterEx 0000000000020052 49 1 0000000000000000
215651.551:0024:fixme:win:RegisterSuspendResumeNotification 0000000000020052, 0: stub.
215651.561:0024:fixme:win:RegisterSuspendResumeNotification 000000000001006E, 0: stub.
215651.566:0024:trace:seh:__processing_throw ()
215651.566:0024:trace:seh:__processing_throw ()
215651.566:0024:trace:seh:__processing_throw ()
215651.566:0024:trace:seh:__processing_throw ()
215651.567:0024:trace:seh:__processing_throw ()
215651.567:0024:trace:seh:__processing_throw ()
215651.567:0024:trace:seh:__processing_throw ()
215651.567:0024:trace:seh:__processing_throw ()
215651.567:016c:trace:seh:dispatch_exception code=406d1388 (EXCEPTION_WINE_NAME_THREAD) flags=0 addr=00006FFFFF3AB49E
215651.567:016c:trace:seh:dispatch_exception  info[0]=0000000000001000
215651.567:016c:trace:seh:dispatch_exception  info[1]=00007FFFFF4A4230
215651.567:0024:trace:seh:__processing_throw ()
215651.567:016c:trace:seh:dispatch_exception  info[2]=000000000000016C
215651.567:016c:trace:seh:dispatch_exception rip=00006fffff3ab49e rsp=0000770d707efd20 rbp=0000000000000000 eflags=00000202
215651.567:016c:trace:seh:dispatch_exception rax=0000770d707efd60 rbx=0000770d707efee0 rcx=0000770d707efd40 rdx=0000000000000000
215651.567:016c:trace:seh:dispatch_exception rsi=0000770d707efe38 rdi=0000770d707efd78  r8=0000000000000003  r9=0000770d707efe20
215651.567:016c:trace:seh:dispatch_exception r10=0000000000000040 r11=0000000000000000 r12=0000000000000000 r13=0000000000000000
215651.567:016c:trace:seh:dispatch_exception r14=0000000000000000 r15=0000000000000000 mxcsr=00001f80 cs=0033 ss=002b
215651.567:0170:trace:seh:dispatch_exception code=406d1388 (EXCEPTION_WINE_NAME_THREAD) flags=0 addr=00006FFFFF3AB49E
215651.567:016c:trace:seh:call_seh_handlers calling handler 0000000141D1800E (rec=0000770D707EFD40, frame=770d707efe00 context=0000770D707EF840, dispatch=0000770D707EF110)
215651.567:0170:trace:seh:dispatch_exception  info[0]=0000000000001000
215651.567:016c:trace:seh:RtlUnwindEx code=406d1388 flags=2 end_frame=0000770D707EFE00 target_ip=00000001416B5161
215651.567:0170:trace:seh:dispatch_exception  info[1]=00007FFFFF4EB970
215651.567:016c:trace:seh:RtlUnwindEx  info[0]=0000000000001000
215651.567:0170:trace:seh:dispatch_exception  info[2]=0000000000000170
215651.567:016c:trace:seh:RtlUnwindEx  info[1]=00007fffff4a4230
215651.567:0170:trace:seh:dispatch_exception rip=00006fffff3ab49e rsp=0000770d706dfd20 rbp=0000000000000000 eflags=00000202
215651.567:016c:trace:seh:RtlUnwindEx  info[2]=000000000000016c
215651.567:0170:trace:seh:dispatch_exception rax=0000770d706dfd60 rbx=0000770d706dfee0 rcx=0000770d706dfd40 rdx=0000000000000000
215651.567:016c:trace:seh:RtlUnwindEx rip=00006fffffbf9de5 rsp=0000770d707ee8f0 rbp=0000770d707ef240 eflags=00000206
215651.567:0170:trace:seh:dispatch_exception rsi=0000770d706dfe38 rdi=0000770d706dfd78  r8=0000000000000003  r9=0000770d706dfe20
215651.567:016c:trace:seh:RtlUnwindEx rax=00007ffffe01b000 rbx=0000770d707efd40 rcx=0000770d707ef240 rdx=00000001416b5161
215651.567:0170:trace:seh:dispatch_exception r10=000000000000000e r11=0000000000000000 r12=0000000000000000 r13=0000000000000000
215651.567:016c:trace:seh:RtlUnwindEx rsi=0000770d707ef240 rdi=0000000140000000  r8=0000770d707efd40  r9=00000000406d1388
215651.567:0170:trace:seh:dispatch_exception r14=0000000000000000 r15=0000000000000000 mxcsr=00001f80 cs=0033 ss=002b
215651.567:016c:trace:seh:RtlUnwindEx r10=0000000000000000 r11=000000010032f6c0 r12=0000770d707eea60 r13=0000770d707ef110
215651.567:016c:trace:seh:RtlUnwindEx r14=0000770d707efe00 r15=0000000000000000 mxcsr=00001f80 cs=0033 ss=002b
215651.567:0170:trace:seh:call_seh_handlers calling handler 0000000141D1800E (rec=0000770D706DFD40, frame=770d706dfe00 context=0000770D706DF840, dispatch=0000770D706DF110)
215651.567:0170:trace:seh:RtlUnwindEx code=406d1388 flags=2 end_frame=0000770D706DFE00 target_ip=00000001416B5161
215651.567:0170:trace:seh:RtlUnwindEx  info[0]=0000000000001000
215651.567:0170:trace:seh:RtlUnwindEx  info[1]=00007fffff4eb970
215651.567:016c:trace:seh:RtlRestoreContext returning to 00000001416B5161 stack 0000770D707EFE00
215651.567:0170:trace:seh:RtlUnwindEx  info[2]=0000000000000170
215651.567:0170:trace:seh:RtlUnwindEx rip=00006fffffbf9de5 rsp=0000770d706de8f0 rbp=0000770d706df240 eflags=00000206
215651.567:0170:trace:seh:RtlUnwindEx rax=00007ffffe018000 rbx=0000770d706dfd40 rcx=0000770d706df240 rdx=00000001416b5161
215651.567:0170:trace:seh:RtlUnwindEx rsi=0000770d706df240 rdi=0000000140000000  r8=0000770d706dfd40  r9=00000000406d1388
215651.567:0170:trace:seh:RtlUnwindEx r10=0000000000000000 r11=000000010043f6c0 r12=0000770d706dea60 r13=0000770d706df110
215651.567:0170:trace:seh:RtlUnwindEx r14=0000770d706dfe00 r15=0000000000000000 mxcsr=00001f80 cs=0033 ss=002b
215651.567:0170:trace:seh:RtlRestoreContext returning to 00000001416B5161 stack 0000770D706DFE00
215651.567:0024:trace:seh:__processing_throw ()
215651.568:0024:trace:seh:__processing_throw ()
215651.568:0174:trace:seh:dispatch_exception code=406d1388 (EXCEPTION_WINE_NAME_THREAD) flags=0 addr=00006FFFFF3AB49E
215651.568:0174:trace:seh:dispatch_exception  info[0]=0000000000001000
215651.568:0174:trace:seh:dispatch_exception  info[1]=00007FFFFF384F50
215651.568:0174:trace:seh:dispatch_exception  info[2]=0000000000000174
215651.568:0178:trace:seh:dispatch_exception code=406d1388 (EXCEPTION_WINE_NAME_THREAD) flags=0 addr=00006FFFFF3AB49E
215651.568:0174:trace:seh:dispatch_exception rip=00006fffff3ab49e rsp=0000770d705cfd20 rbp=0000000000000000 eflags=00000202
215651.568:0178:trace:seh:dispatch_exception  info[0]=0000000000001000
215651.568:0174:trace:seh:dispatch_exception rax=0000770d705cfd60 rbx=0000770d705cfee0 rcx=0000770d705cfd40 rdx=0000000000000000
215651.568:0178:trace:seh:dispatch_exception  info[1]=00007FFFFF391C50
215651.568:0174:trace:seh:dispatch_exception rsi=0000770d705cfe38 rdi=0000770d705cfd78  r8=0000000000000003  r9=0000770d705cfe20
215651.568:0178:trace:seh:dispatch_exception  info[2]=0000000000000178
215651.568:0174:trace:seh:dispatch_exception r10=000000000000000e r11=0000000000000000 r12=0000000000000000 r13=0000000000000000
215651.568:0178:trace:seh:dispatch_exception rip=00006fffff3ab49e rsp=0000770d704bfd20 rbp=0000000000000000 eflags=00000202
215651.568:0174:trace:seh:dispatch_exception r14=0000000000000000 r15=0000000000000000 mxcsr=00001f80 cs=0033 ss=002b
215651.568:0178:trace:seh:dispatch_exception rax=0000770d704bfd60 rbx=0000770d704bfee0 rcx=0000770d704bfd40 rdx=0000000000000000
215651.568:0178:trace:seh:dispatch_exception rsi=0000770d704bfe38 rdi=0000770d704bfd78  r8=0000000000000003  r9=0000770d704bfe20
215651.568:0178:trace:seh:dispatch_exception r10=000000000000000e r11=0000000000000000 r12=0000000000000000 r13=0000000000000000
215651.568:0174:trace:seh:call_seh_handlers calling handler 0000000141D1800E (rec=0000770D705CFD40, frame=770d705cfe00 context=0000770D705CF840, dispatch=0000770D705CF110)
215651.568:0178:trace:seh:dispatch_exception r14=0000000000000000 r15=0000000000000000 mxcsr=00001f80 cs=0033 ss=002b
215651.568:0174:trace:seh:RtlUnwindEx code=406d1388 flags=2 end_frame=0000770D705CFE00 target_ip=00000001416B5161
215651.568:0174:trace:seh:RtlUnwindEx  info[0]=0000000000001000
215651.568:0178:trace:seh:call_seh_handlers calling handler 0000000141D1800E (rec=0000770D704BFD40, frame=770d704bfe00 context=0000770D704BF840, dispatch=0000770D704BF110)
215651.568:0174:trace:seh:RtlUnwindEx  info[1]=00007fffff384f50
215651.568:0178:trace:seh:RtlUnwindEx code=406d1388 flags=2 end_frame=0000770D704BFE00 target_ip=00000001416B5161
215651.568:0174:trace:seh:RtlUnwindEx  info[2]=0000000000000174
215651.568:0178:trace:seh:RtlUnwindEx  info[0]=0000000000001000
215651.568:0174:trace:seh:RtlUnwindEx rip=00006fffffbf9de5 rsp=0000770d705ce8f0 rbp=0000770d705cf240 eflags=00000206
215651.568:0178:trace:seh:RtlUnwindEx  info[1]=00007fffff391c50
215651.568:0174:trace:seh:RtlUnwindEx rax=00007ffffe015000 rbx=0000770d705cfd40 rcx=0000770d705cf240 rdx=00000001416b5161
215651.568:0178:trace:seh:RtlUnwindEx  info[2]=0000000000000178
215651.568:0174:trace:seh:RtlUnwindEx rsi=0000770d705cf240 rdi=0000000140000000  r8=0000770d705cfd40  r9=00000000406d1388
215651.568:0178:trace:seh:RtlUnwindEx rip=00006fffffbf9de5 rsp=0000770d704be8f0 rbp=0000770d704bf240 eflags=00000206
215651.568:0174:trace:seh:RtlUnwindEx r10=0000000000000000 r11=000000010054f6c0 r12=0000770d705cea60 r13=0000770d705cf110
215651.568:0178:trace:seh:RtlUnwindEx rax=00007ffffe012000 rbx=0000770d704bfd40 rcx=0000770d704bf240 rdx=00000001416b5161
215651.568:0174:trace:seh:RtlUnwindEx r14=0000770d705cfe00 r15=0000000000000000 mxcsr=00001f80 cs=0033 ss=002b
215651.568:0178:trace:seh:RtlUnwindEx rsi=0000770d704bf240 rdi=0000000140000000  r8=0000770d704bfd40  r9=00000000406d1388
215651.568:0178:trace:seh:RtlUnwindEx r10=0000000000000000 r11=000000010065f6c0 r12=0000770d704bea60 r13=0000770d704bf110
215651.568:0174:trace:seh:RtlRestoreContext returning to 00000001416B5161 stack 0000770D705CFE00
215651.568:0178:trace:seh:RtlUnwindEx r14=0000770d704bfe00 r15=0000000000000000 mxcsr=00001f80 cs=0033 ss=002b
215651.568:0024:trace:seh:__processing_throw ()
215651.568:0178:trace:seh:RtlRestoreContext returning to 00000001416B5161 stack 0000770D704BFE00
215651.568:017c:trace:seh:dispatch_exception code=406d1388 (EXCEPTION_WINE_NAME_THREAD) flags=0 addr=00006FFFFF3AB49E
215651.568:017c:trace:seh:dispatch_exception  info[0]=0000000000001000
215651.568:017c:trace:seh:dispatch_exception  info[1]=00007FFFFF3929F0
215651.568:017c:trace:seh:dispatch_exception  info[2]=000000000000017C
215651.568:017c:trace:seh:dispatch_exception rip=00006fffff3ab49e rsp=0000770d703afd20 rbp=0000000000000000 eflags=00000202
215651.568:017c:trace:seh:dispatch_exception rax=0000770d703afd60 rbx=0000770d703afee0 rcx=0000770d703afd40 rdx=0000000000000000
215651.568:017c:trace:seh:dispatch_exception rsi=0000770d703afe38 rdi=0000770d703afd78  r8=0000000000000003  r9=0000770d703afe20
215651.568:017c:trace:seh:dispatch_exception r10=000000000000000e r11=0000000000000000 r12=0000000000000000 r13=0000000000000000
215651.568:017c:trace:seh:dispatch_exception r14=0000000000000000 r15=0000000000000000 mxcsr=00001f80 cs=0033 ss=002b
215651.568:017c:trace:seh:call_seh_handlers calling handler 0000000141D1800E (rec=0000770D703AFD40, frame=770d703afe00 context=0000770D703AF840, dispatch=0000770D703AF110)
215651.568:017c:trace:seh:RtlUnwindEx code=406d1388 flags=2 end_frame=0000770D703AFE00 target_ip=00000001416B5161
215651.568:017c:trace:seh:RtlUnwindEx  info[0]=0000000000001000
215651.568:017c:trace:seh:RtlUnwindEx  info[1]=00007fffff3929f0
215651.568:017c:trace:seh:RtlUnwindEx  info[2]=000000000000017c
215651.568:017c:trace:seh:RtlUnwindEx rip=00006fffffbf9de5 rsp=0000770d703ae8f0 rbp=0000770d703af240 eflags=00000206
215651.568:017c:trace:seh:RtlUnwindEx rax=00007ffffe00f000 rbx=0000770d703afd40 rcx=0000770d703af240 rdx=00000001416b5161
215651.568:017c:trace:seh:RtlUnwindEx rsi=0000770d703af240 rdi=0000000140000000  r8=0000770d703afd40  r9=00000000406d1388
215651.568:017c:trace:seh:RtlUnwindEx r10=0000000000000000 r11=000000010076f6c0 r12=0000770d703aea60 r13=0000770d703af110
215651.568:017c:trace:seh:RtlUnwindEx r14=0000770d703afe00 r15=0000000000000000 mxcsr=00001f80 cs=0033 ss=002b
215651.568:017c:trace:seh:RtlRestoreContext returning to 00000001416B5161 stack 0000770D703AFE00
215651.568:0180:trace:seh:dispatch_exception code=406d1388 (EXCEPTION_WINE_NAME_THREAD) flags=0 addr=00006FFFFF3AB49E
215651.568:0180:trace:seh:dispatch_exception  info[0]=0000000000001000
215651.568:0180:trace:seh:dispatch_exception  info[1]=00007FFFFF3A0A90
215651.568:0180:trace:seh:dispatch_exception  info[2]=0000000000000180
215651.568:0180:trace:seh:dispatch_exception rip=00006fffff3ab49e rsp=0000770d7029fd20 rbp=0000000000000000 eflags=00000202
215651.568:0180:trace:seh:dispatch_exception rax=0000770d7029fd60 rbx=0000770d7029fee0 rcx=0000770d7029fd40 rdx=0000000000000000
215651.568:0180:trace:seh:dispatch_exception rsi=0000770d7029fe38 rdi=0000770d7029fd78  r8=0000000000000003  r9=0000770d7029fe20
215651.568:0180:trace:seh:dispatch_exception r10=000000000000000e r11=0000000000000000 r12=0000000000000000 r13=0000000000000000
215651.568:0180:trace:seh:dispatch_exception r14=0000000000000000 r15=0000000000000000 mxcsr=00001f80 cs=0033 ss=002b
215651.568:0024:trace:seh:__processing_throw ()
215651.568:0180:trace:seh:call_seh_handlers calling handler 0000000141D1800E (rec=0000770D7029FD40, frame=770d7029fe00 context=0000770D7029F840, dispatch=0000770D7029F110)
215651.568:0180:trace:seh:RtlUnwindEx code=406d1388 flags=2 end_frame=0000770D7029FE00 target_ip=00000001416B5161
215651.568:0180:trace:seh:RtlUnwindEx  info[0]=0000000000001000
215651.568:0180:trace:seh:RtlUnwindEx  info[1]=00007fffff3a0a90
215651.568:0180:trace:seh:RtlUnwindEx  info[2]=0000000000000180
215651.568:0180:trace:seh:RtlUnwindEx rip=00006fffffbf9de5 rsp=0000770d7029e8f0 rbp=0000770d7029f240 eflags=00000206
215651.568:0180:trace:seh:RtlUnwindEx rax=00007ffffe00c000 rbx=0000770d7029fd40 rcx=0000770d7029f240 rdx=00000001416b5161
215651.568:0180:trace:seh:RtlUnwindEx rsi=0000770d7029f240 rdi=0000000140000000  r8=0000770d7029fd40  r9=00000000406d1388
215651.568:0180:trace:seh:RtlUnwindEx r10=0000000000000000 r11=000000010087f6c0 r12=0000770d7029ea60 r13=0000770d7029f110
215651.568:0180:trace:seh:RtlUnwindEx r14=0000770d7029fe00 r15=0000000000000000 mxcsr=00001f80 cs=0033 ss=002b
215651.568:0180:trace:seh:RtlRestoreContext returning to 00000001416B5161 stack 0000770D7029FE00
215651.568:0024:trace:seh:__processing_throw ()
215651.568:0184:trace:seh:dispatch_exception code=406d1388 (EXCEPTION_WINE_NAME_THREAD) flags=0 addr=00006FFFFF3AB49E
215651.568:0184:trace:seh:dispatch_exception  info[0]=0000000000001000
215651.568:0184:trace:seh:dispatch_exception  info[1]=00007FFFFF3AF6F0
215651.568:0184:trace:seh:dispatch_exception  info[2]=0000000000000184
215651.568:0184:trace:seh:dispatch_exception rip=00006fffff3ab49e rsp=0000770d7018fd20 rbp=0000000000000000 eflags=00000202
215651.568:0184:trace:seh:dispatch_exception rax=0000770d7018fd60 rbx=0000770d7018fee0 rcx=0000770d7018fd40 rdx=0000000000000000
215651.568:0188:trace:seh:dispatch_exception code=406d1388 (EXCEPTION_WINE_NAME_THREAD) flags=0 addr=00006FFFFF3AB49E
215651.568:0184:trace:seh:dispatch_exception rsi=0000770d7018fe38 rdi=0000770d7018fd78  r8=0000000000000003  r9=0000770d7018fe20
215651.568:0024:trace:seh:__processing_throw ()
215651.568:0188:trace:seh:dispatch_exception  info[0]=0000000000001000
215651.568:0184:trace:seh:dispatch_exception r10=000000000000000e r11=0000000000000000 r12=0000000000000000 r13=0000000000000000
215651.568:0188:trace:seh:dispatch_exception  info[1]=00007FFFFF3BB830
215651.568:0188:trace:seh:dispatch_exception  info[2]=0000000000000188
215651.568:0184:trace:seh:dispatch_exception r14=0000000000000000 r15=0000000000000000 mxcsr=00001f80 cs=0033 ss=002b
215651.568:0188:trace:seh:dispatch_exception rip=00006fffff3ab49e rsp=0000770d5bfefd20 rbp=0000000000000000 eflags=00000202
215651.568:0188:trace:seh:dispatch_exception rax=0000770d5bfefd60 rbx=0000770d5bfefee0 rcx=0000770d5bfefd40 rdx=0000000000000000
215651.568:0188:trace:seh:dispatch_exception rsi=0000770d5bfefe38 rdi=0000770d5bfefd78  r8=0000000000000003  r9=0000770d5bfefe20
215651.568:0188:trace:seh:dispatch_exception r10=000000000000000e r11=0000000000000000 r12=0000000000000000 r13=0000000000000000
215651.568:0184:trace:seh:call_seh_handlers calling handler 0000000141D1800E (rec=0000770D7018FD40, frame=770d7018fe00 context=0000770D7018F840, dispatch=0000770D7018F110)
215651.568:0188:trace:seh:dispatch_exception r14=0000000000000000 r15=0000000000000000 mxcsr=00001f80 cs=0033 ss=002b
215651.568:0184:trace:seh:RtlUnwindEx code=406d1388 flags=2 end_frame=0000770D7018FE00 target_ip=00000001416B5161
215651.568:0188:trace:seh:call_seh_handlers calling handler 0000000141D1800E (rec=0000770D5BFEFD40, frame=770d5bfefe00 context=0000770D5BFEF840, dispatch=0000770D5BFEF110)
215651.568:0184:trace:seh:RtlUnwindEx  info[0]=0000000000001000
215651.568:0188:trace:seh:RtlUnwindEx code=406d1388 flags=2 end_frame=0000770D5BFEFE00 target_ip=00000001416B5161
215651.568:0184:trace:seh:RtlUnwindEx  info[1]=00007fffff3af6f0
215651.568:0188:trace:seh:RtlUnwindEx  info[0]=0000000000001000
215651.568:0184:trace:seh:RtlUnwindEx  info[2]=0000000000000184
215651.568:0188:trace:seh:RtlUnwindEx  info[1]=00007fffff3bb830
215651.568:0188:trace:seh:RtlUnwindEx  info[2]=0000000000000188
215651.568:0184:trace:seh:RtlUnwindEx rip=00006fffffbf9de5 rsp=0000770d7018e8f0 rbp=0000770d7018f240 eflags=00000206
215651.568:0188:trace:seh:RtlUnwindEx rip=00006fffffbf9de5 rsp=0000770d5bfee8f0 rbp=0000770d5bfef240 eflags=00000206
215651.568:0184:trace:seh:RtlUnwindEx rax=00007ffffe009000 rbx=0000770d7018fd40 rcx=0000770d7018f240 rdx=00000001416b5161
215651.568:0188:trace:seh:RtlUnwindEx rax=00007ffffe006000 rbx=0000770d5bfefd40 rcx=0000770d5bfef240 rdx=00000001416b5161
215651.568:0188:trace:seh:RtlUnwindEx rsi=0000770d5bfef240 rdi=0000000140000000  r8=0000770d5bfefd40  r9=00000000406d1388
215651.568:0184:trace:seh:RtlUnwindEx rsi=0000770d7018f240 rdi=0000000140000000  r8=0000770d7018fd40  r9=00000000406d1388
215651.568:0188:trace:seh:RtlUnwindEx r10=0000000000000000 r11=0000000100a9f6c0 r12=0000770d5bfeea60 r13=0000770d5bfef110
215651.568:0188:trace:seh:RtlUnwindEx r14=0000770d5bfefe00 r15=0000000000000000 mxcsr=00001f80 cs=0033 ss=002b
215651.568:0184:trace:seh:RtlUnwindEx r10=0000000000000000 r11=000000010098f6c0 r12=0000770d7018ea60 r13=0000770d7018f110
215651.568:0188:trace:seh:RtlRestoreContext returning to 00000001416B5161 stack 0000770D5BFEFE00
215651.568:0184:trace:seh:RtlUnwindEx r14=0000770d7018fe00 r15=0000000000000000 mxcsr=00001f80 cs=0033 ss=002b
215651.568:018c:trace:seh:dispatch_exception code=406d1388 (EXCEPTION_WINE_NAME_THREAD) flags=0 addr=00006FFFFF3AB49E
215651.568:018c:trace:seh:dispatch_exception  info[0]=0000000000001000
215651.568:018c:trace:seh:dispatch_exception  info[1]=00007FFFFF3C8D10
215651.568:018c:trace:seh:dispatch_exception  info[2]=000000000000018C
215651.568:018c:trace:seh:dispatch_exception rip=00006fffff3ab49e rsp=0000770d5bedfd20 rbp=0000000000000000 eflags=00000202
215651.568:0184:trace:seh:RtlRestoreContext returning to 00000001416B5161 stack 0000770D7018FE00
215651.568:018c:trace:seh:dispatch_exception rax=0000770d5bedfd60 rbx=0000770d5bedfee0 rcx=0000770d5bedfd40 rdx=0000000000000000
215651.568:0024:trace:seh:__processing_throw ()
215651.568:018c:trace:seh:dispatch_exception rsi=0000770d5bedfe38 rdi=0000770d5bedfd78  r8=0000000000000003  r9=0000770d5bedfe20
215651.568:018c:trace:seh:dispatch_exception r10=000000000000000e r11=0000000000000000 r12=0000000000000000 r13=0000000000000000
215651.568:018c:trace:seh:dispatch_exception r14=0000000000000000 r15=0000000000000000 mxcsr=00001f80 cs=0033 ss=002b
215651.568:018c:trace:seh:call_seh_handlers calling handler 0000000141D1800E (rec=0000770D5BEDFD40, frame=770d5bedfe00 context=0000770D5BEDF840, dispatch=0000770D5BEDF110)
215651.568:018c:trace:seh:RtlUnwindEx code=406d1388 flags=2 end_frame=0000770D5BEDFE00 target_ip=00000001416B5161
215651.568:018c:trace:seh:RtlUnwindEx  info[0]=0000000000001000
215651.568:018c:trace:seh:RtlUnwindEx  info[1]=00007fffff3c8d10
215651.568:018c:trace:seh:RtlUnwindEx  info[2]=000000000000018c
215651.568:018c:trace:seh:RtlUnwindEx rip=00006fffffbf9de5 rsp=0000770d5bede8f0 rbp=0000770d5bedf240 eflags=00000206
215651.568:018c:trace:seh:RtlUnwindEx rax=00007ffffe003000 rbx=0000770d5bedfd40 rcx=0000770d5bedf240 rdx=00000001416b5161
215651.568:018c:trace:seh:RtlUnwindEx rsi=0000770d5bedf240 rdi=0000000140000000  r8=0000770d5bedfd40  r9=00000000406d1388
215651.568:018c:trace:seh:RtlUnwindEx r10=0000000000000000 r11=0000000100baf6c0 r12=0000770d5bedea60 r13=0000770d5bedf110
215651.568:018c:trace:seh:RtlUnwindEx r14=0000770d5bedfe00 r15=0000000000000000 mxcsr=00001f80 cs=0033 ss=002b
215651.568:018c:trace:seh:RtlRestoreContext returning to 00000001416B5161 stack 0000770D5BEDFE00
215651.568:0024:trace:seh:__processing_throw ()
215651.568:0190:trace:seh:dispatch_exception code=406d1388 (EXCEPTION_WINE_NAME_THREAD) flags=0 addr=00006FFFFF3AB49E
215651.568:0190:trace:seh:dispatch_exception  info[0]=0000000000001000
215651.568:0190:trace:seh:dispatch_exception  info[1]=00007FFFFF3DC420
215651.568:0190:trace:seh:dispatch_exception  info[2]=0000000000000190
215651.568:0190:trace:seh:dispatch_exception rip=00006fffff3ab49e rsp=0000770d5bdcfd20 rbp=0000000000000000 eflags=00000202
215651.568:0190:trace:seh:dispatch_exception rax=0000770d5bdcfd60 rbx=0000770d5bdcfee0 rcx=0000770d5bdcfd40 rdx=0000000000000000
215651.568:0190:trace:seh:dispatch_exception rsi=0000770d5bdcfe38 rdi=0000770d5bdcfd78  r8=0000000000000003  r9=0000770d5bdcfe20
215651.568:0190:trace:seh:dispatch_exception r10=000000000000000e r11=0000000000000000 r12=0000000000000000 r13=0000000000000000
215651.568:0190:trace:seh:dispatch_exception r14=0000000000000000 r15=0000000000000000 mxcsr=00001f80 cs=0033 ss=002b
215651.568:0190:trace:seh:call_seh_handlers calling handler 0000000141D1800E (rec=0000770D5BDCFD40, frame=770d5bdcfe00 context=0000770D5BDCF840, dispatch=0000770D5BDCF110)
215651.568:0190:trace:seh:RtlUnwindEx code=406d1388 flags=2 end_frame=0000770D5BDCFE00 target_ip=00000001416B5161
215651.568:0190:trace:seh:RtlUnwindEx  info[0]=0000000000001000
215651.568:0190:trace:seh:RtlUnwindEx  info[1]=00007fffff3dc420
215651.568:0190:trace:seh:RtlUnwindEx  info[2]=0000000000000190
215651.568:0190:trace:seh:RtlUnwindEx rip=00006fffffbf9de5 rsp=0000770d5bdce8f0 rbp=0000770d5bdcf240 eflags=00000206
215651.568:0190:trace:seh:RtlUnwindEx rax=00007ffffe000000 rbx=0000770d5bdcfd40 rcx=0000770d5bdcf240 rdx=00000001416b5161
215651.568:0190:trace:seh:RtlUnwindEx rsi=0000770d5bdcf240 rdi=0000000140000000  r8=0000770d5bdcfd40  r9=00000000406d1388
215651.568:0190:trace:seh:RtlUnwindEx r10=0000000000000000 r11=0000000100cbf6c0 r12=0000770d5bdcea60 r13=0000770d5bdcf110
215651.568:0024:trace:seh:__processing_throw ()
215651.568:0190:trace:seh:RtlUnwindEx r14=0000770d5bdcfe00 r15=0000000000000000 mxcsr=00001f80 cs=0033 ss=002b
215651.568:0194:trace:seh:dispatch_exception code=406d1388 (EXCEPTION_WINE_NAME_THREAD) flags=0 addr=00006FFFFF3AB49E
215651.568:0190:trace:seh:RtlRestoreContext returning to 00000001416B5161 stack 0000770D5BDCFE00
215651.568:0194:trace:seh:dispatch_exception  info[0]=0000000000001000
215651.568:0194:trace:seh:dispatch_exception  info[1]=00007FFFFF3EF160
215651.568:0194:trace:seh:dispatch_exception  info[2]=0000000000000194
215651.568:0194:trace:seh:dispatch_exception rip=00006fffff3ab49e rsp=0000770d5bcbfd20 rbp=0000000000000000 eflags=00000202
215651.568:0194:trace:seh:dispatch_exception rax=0000770d5bcbfd60 rbx=0000770d5bcbfee0 rcx=0000770d5bcbfd40 rdx=0000000000000000
215651.568:0194:trace:seh:dispatch_exception rsi=0000770d5bcbfe38 rdi=0000770d5bcbfd78  r8=0000000000000003  r9=0000770d5bcbfe20
215651.568:0194:trace:seh:dispatch_exception r10=000000000000000e r11=0000000000000000 r12=0000000000000000 r13=0000000000000000
215651.568:0194:trace:seh:dispatch_exception r14=0000000000000000 r15=0000000000000000 mxcsr=00001f80 cs=0033 ss=002b
215651.568:0194:trace:seh:call_seh_handlers calling handler 0000000141D1800E (rec=0000770D5BCBFD40, frame=770d5bcbfe00 context=0000770D5BCBF840, dispatch=0000770D5BCBF110)
215651.568:0194:trace:seh:RtlUnwindEx code=406d1388 flags=2 end_frame=0000770D5BCBFE00 target_ip=00000001416B5161
215651.568:0194:trace:seh:RtlUnwindEx  info[0]=0000000000001000
215651.568:0194:trace:seh:RtlUnwindEx  info[1]=00007fffff3ef160
215651.568:0194:trace:seh:RtlUnwindEx  info[2]=0000000000000194
215651.568:0194:trace:seh:RtlUnwindEx rip=00006fffffbf9de5 rsp=0000770d5bcbe8f0 rbp=0000770d5bcbf240 eflags=00000206
215651.568:0194:trace:seh:RtlUnwindEx rax=0000000100e2d000 rbx=0000770d5bcbfd40 rcx=0000770d5bcbf240 rdx=00000001416b5161
215651.568:0194:trace:seh:RtlUnwindEx rsi=0000770d5bcbf240 rdi=0000000140000000  r8=0000770d5bcbfd40  r9=00000000406d1388
215651.568:0194:trace:seh:RtlUnwindEx r10=0000000000000000 r11=0000000100dcf6c0 r12=0000770d5bcbea60 r13=0000770d5bcbf110
215651.568:0194:trace:seh:RtlUnwindEx r14=0000770d5bcbfe00 r15=0000000000000000 mxcsr=00001f80 cs=0033 ss=002b
215651.568:0194:trace:seh:RtlRestoreContext returning to 00000001416B5161 stack 0000770D5BCBFE00
215651.568:0024:trace:seh:__processing_throw ()
215651.568:0024:trace:seh:__processing_throw ()
215651.568:0198:trace:seh:dispatch_exception code=406d1388 (EXCEPTION_WINE_NAME_THREAD) flags=0 addr=00006FFFFF3AB49E
215651.568:0198:trace:seh:dispatch_exception  info[0]=0000000000001000
215651.568:019c:trace:seh:dispatch_exception code=406d1388 (EXCEPTION_WINE_NAME_THREAD) flags=0 addr=00006FFFFF3AB49E
215651.568:0198:trace:seh:dispatch_exception  info[1]=00007FFFFF414FF0
215651.568:019c:trace:seh:dispatch_exception  info[0]=0000000000001000
215651.568:019c:trace:seh:dispatch_exception  info[1]=00007FFFFF427360
215651.568:019c:trace:seh:dispatch_exception  info[2]=000000000000019C
215651.568:0198:trace:seh:dispatch_exception  info[2]=0000000000000198
215651.568:019c:trace:seh:dispatch_exception rip=00006fffff3ab49e rsp=0000770d5ba9fd20 rbp=0000000000000000 eflags=00000202
215651.568:019c:trace:seh:dispatch_exception rax=0000770d5ba9fd60 rbx=0000770d5ba9fee0 rcx=0000770d5ba9fd40 rdx=0000000000000000
215651.568:0198:trace:seh:dispatch_exception rip=00006fffff3ab49e rsp=0000770d5bbafd20 rbp=0000000000000000 eflags=00000202
215651.568:019c:trace:seh:dispatch_exception rsi=0000770d5ba9fe38 rdi=0000770d5ba9fd78  r8=0000000000000003  r9=0000770d5ba9fe20
215651.568:019c:trace:seh:dispatch_exception r10=000000000000000e r11=0000000000000000 r12=0000000000000000 r13=0000000000000000
215651.568:0198:trace:seh:dispatch_exception rax=0000770d5bbafd60 rbx=0000770d5bbafee0 rcx=0000770d5bbafd40 rdx=0000000000000000
215651.568:019c:trace:seh:dispatch_exception r14=0000000000000000 r15=0000000000000000 mxcsr=00001f80 cs=0033 ss=002b
215651.568:0198:trace:seh:dispatch_exception rsi=0000770d5bbafe38 rdi=0000770d5bbafd78  r8=0000000000000003  r9=0000770d5bbafe20
215651.568:019c:trace:seh:call_seh_handlers calling handler 0000000141D1800E (rec=0000770D5BA9FD40, frame=770d5ba9fe00 context=0000770D5BA9F840, dispatch=0000770D5BA9F110)
215651.568:0198:trace:seh:dispatch_exception r10=000000000000000e r11=0000000000000000 r12=0000000000000000 r13=0000000000000000
215651.568:019c:trace:seh:RtlUnwindEx code=406d1388 flags=2 end_frame=0000770D5BA9FE00 target_ip=00000001416B5161
215651.568:019c:trace:seh:RtlUnwindEx  info[0]=0000000000001000
215651.568:0198:trace:seh:dispatch_exception r14=0000000000000000 r15=0000000000000000 mxcsr=00001f80 cs=0033 ss=002b
215651.568:019c:trace:seh:RtlUnwindEx  info[1]=00007fffff427360
215651.568:019c:trace:seh:RtlUnwindEx  info[2]=000000000000019c
215651.569:019c:trace:seh:RtlUnwindEx rip=00006fffffbf9de5 rsp=0000770d5ba9e8f0 rbp=0000770d5ba9f240 eflags=00000206
215651.569:0198:trace:seh:call_seh_handlers calling handler 0000000141D1800E (rec=0000770D5BBAFD40, frame=770d5bbafe00 context=0000770D5BBAF840, dispatch=0000770D5BBAF110)
215651.569:019c:trace:seh:RtlUnwindEx rax=0000000100e27000 rbx=0000770d5ba9fd40 rcx=0000770d5ba9f240 rdx=00000001416b5161
215651.569:0024:trace:seh:__processing_throw ()
215651.569:0198:trace:seh:RtlUnwindEx code=406d1388 flags=2 end_frame=0000770D5BBAFE00 target_ip=00000001416B5161
215651.569:019c:trace:seh:RtlUnwindEx rsi=0000770d5ba9f240 rdi=0000000140000000  r8=0000770d5ba9fd40  r9=00000000406d1388
215651.569:0198:trace:seh:RtlUnwindEx  info[0]=0000000000001000
215651.569:019c:trace:seh:RtlUnwindEx r10=0000000000000000 r11=000000010104f6c0 r12=0000770d5ba9ea60 r13=0000770d5ba9f110
215651.569:019c:trace:seh:RtlUnwindEx r14=0000770d5ba9fe00 r15=0000000000000000 mxcsr=00001f80 cs=0033 ss=002b
215651.569:0198:trace:seh:RtlUnwindEx  info[1]=00007fffff414ff0
215651.569:0198:trace:seh:RtlUnwindEx  info[2]=0000000000000198
215651.569:019c:trace:seh:RtlRestoreContext returning to 00000001416B5161 stack 0000770D5BA9FE00
215651.569:0198:trace:seh:RtlUnwindEx rip=00006fffffbf9de5 rsp=0000770d5bbae8f0 rbp=0000770d5bbaf240 eflags=00000206
215651.569:0198:trace:seh:RtlUnwindEx rax=0000000100e2a000 rbx=0000770d5bbafd40 rcx=0000770d5bbaf240 rdx=00000001416b5161
215651.569:0198:trace:seh:RtlUnwindEx rsi=0000770d5bbaf240 rdi=0000000140000000  r8=0000770d5bbafd40  r9=00000000406d1388
215651.569:0198:trace:seh:RtlUnwindEx r10=0000000000000000 r11=0000000100f3f6c0 r12=0000770d5bbaea60 r13=0000770d5bbaf110
215651.569:0198:trace:seh:RtlUnwindEx r14=0000770d5bbafe00 r15=0000000000000000 mxcsr=00001f80 cs=0033 ss=002b
215651.569:0198:trace:seh:RtlRestoreContext returning to 00000001416B5161 stack 0000770D5BBAFE00
215651.569:01a0:trace:seh:dispatch_exception code=406d1388 (EXCEPTION_WINE_NAME_THREAD) flags=0 addr=00006FFFFF3AB49E
215651.569:01a0:trace:seh:dispatch_exception  info[0]=0000000000001000
215651.569:01a0:trace:seh:dispatch_exception  info[1]=00007FFFFF4396D0
215651.569:01a0:trace:seh:dispatch_exception  info[2]=00000000000001A0
215651.569:01a0:trace:seh:dispatch_exception rip=00006fffff3ab49e rsp=0000770d5b98fd20 rbp=0000000000000000 eflags=00000202
215651.569:01a0:trace:seh:dispatch_exception rax=0000770d5b98fd60 rbx=0000770d5b98fee0 rcx=0000770d5b98fd40 rdx=0000000000000000
215651.569:01a0:trace:seh:dispatch_exception rsi=0000770d5b98fe38 rdi=0000770d5b98fd78  r8=0000000000000003  r9=0000770d5b98fe20
215651.569:01a0:trace:seh:dispatch_exception r10=000000000000000e r11=0000000000000000 r12=0000000000000000 r13=0000000000000000
215651.569:01a0:trace:seh:dispatch_exception r14=0000000000000000 r15=0000000000000000 mxcsr=00001f80 cs=0033 ss=002b
215651.569:01a0:trace:seh:call_seh_handlers calling handler 0000000141D1800E (rec=0000770D5B98FD40, frame=770d5b98fe00 context=0000770D5B98F840, dispatch=0000770D5B98F110)
215651.569:01a0:trace:seh:RtlUnwindEx code=406d1388 flags=2 end_frame=0000770D5B98FE00 target_ip=00000001416B5161
215651.569:01a0:trace:seh:RtlUnwindEx  info[0]=0000000000001000
215651.569:01a0:trace:seh:RtlUnwindEx  info[1]=00007fffff4396d0
215651.569:01a0:trace:seh:RtlUnwindEx  info[2]=00000000000001a0
215651.569:01a0:trace:seh:RtlUnwindEx rip=00006fffffbf9de5 rsp=0000770d5b98e8f0 rbp=0000770d5b98f240 eflags=00000206
215651.569:01a0:trace:seh:RtlUnwindEx rax=0000000100e24000 rbx=0000770d5b98fd40 rcx=0000770d5b98f240 rdx=00000001416b5161
215651.569:01a0:trace:seh:RtlUnwindEx rsi=0000770d5b98f240 rdi=0000000140000000  r8=0000770d5b98fd40  r9=00000000406d1388
215651.569:01a0:trace:seh:RtlUnwindEx r10=0000000000000000 r11=000000010115f6c0 r12=0000770d5b98ea60 r13=0000770d5b98f110
215651.569:01a0:trace:seh:RtlUnwindEx r14=0000770d5b98fe00 r15=0000000000000000 mxcsr=00001f80 cs=0033 ss=002b
215651.569:0024:trace:seh:__processing_throw ()
215651.569:01a0:trace:seh:RtlRestoreContext returning to 00000001416B5161 stack 0000770D5B98FE00
215651.569:01a4:trace:seh:dispatch_exception code=406d1388 (EXCEPTION_WINE_NAME_THREAD) flags=0 addr=00006FFFFF3AB49E
215651.569:01a4:trace:seh:dispatch_exception  info[0]=0000000000001000
215651.569:01a4:trace:seh:dispatch_exception  info[1]=00007FFFFF44CDE0
215651.569:01a4:trace:seh:dispatch_exception  info[2]=00000000000001A4
215651.569:01a4:trace:seh:dispatch_exception rip=00006fffff3ab49e rsp=0000770d5b87fd20 rbp=0000000000000000 eflags=00000202
215651.569:01a4:trace:seh:dispatch_exception rax=0000770d5b87fd60 rbx=0000770d5b87fee0 rcx=0000770d5b87fd40 rdx=0000000000000000
215651.569:01a4:trace:seh:dispatch_exception rsi=0000770d5b87fe38 rdi=0000770d5b87fd78  r8=0000000000000003  r9=0000770d5b87fe20
215651.569:01a4:trace:seh:dispatch_exception r10=000000000000000e r11=0000000000000000 r12=0000000000000000 r13=0000000000000000
215651.569:01a4:trace:seh:dispatch_exception r14=0000000000000000 r15=0000000000000000 mxcsr=00001f80 cs=0033 ss=002b
215651.569:01a4:trace:seh:call_seh_handlers calling handler 0000000141D1800E (rec=0000770D5B87FD40, frame=770d5b87fe00 context=0000770D5B87F840, dispatch=0000770D5B87F110)
215651.569:01a4:trace:seh:RtlUnwindEx code=406d1388 flags=2 end_frame=0000770D5B87FE00 target_ip=00000001416B5161
215651.569:01a4:trace:seh:RtlUnwindEx  info[0]=0000000000001000
215651.569:01a4:trace:seh:RtlUnwindEx  info[1]=00007fffff44cde0
215651.569:01a4:trace:seh:RtlUnwindEx  info[2]=00000000000001a4
215651.569:01a4:trace:seh:RtlUnwindEx rip=00006fffffbf9de5 rsp=0000770d5b87e8f0 rbp=0000770d5b87f240 eflags=00000206
215651.569:01a4:trace:seh:RtlUnwindEx rax=0000000100e21000 rbx=0000770d5b87fd40 rcx=0000770d5b87f240 rdx=00000001416b5161
215651.569:01a4:trace:seh:RtlUnwindEx rsi=0000770d5b87f240 rdi=0000000140000000  r8=0000770d5b87fd40  r9=00000000406d1388
215651.569:01a4:trace:seh:RtlUnwindEx r10=0000000000000000 r11=000000010126f6c0 r12=0000770d5b87ea60 r13=0000770d5b87f110
215651.569:01a4:trace:seh:RtlUnwindEx r14=0000770d5b87fe00 r15=0000000000000000 mxcsr=00001f80 cs=0033 ss=002b
215651.569:01a4:trace:seh:RtlRestoreContext returning to 00000001416B5161 stack 0000770D5B87FE00
215651.569:01a8:trace:seh:dispatch_exception code=406d1388 (EXCEPTION_WINE_NAME_THREAD) flags=0 addr=00006FFFFF3AB49E
215651.569:01a8:trace:seh:dispatch_exception  info[0]=0000000000001000
215651.569:01a8:trace:seh:dispatch_exception  info[1]=00007FFFFF44DB80
215651.569:0024:trace:seh:__processing_throw ()
215651.569:01a8:trace:seh:dispatch_exception  info[2]=00000000000001A8
215651.569:01a8:trace:seh:dispatch_exception rip=00006fffff3ab49e rsp=0000770d5b65fd20 rbp=0000000000000000 eflags=00000202
215651.569:01a8:trace:seh:dispatch_exception rax=0000770d5b65fd60 rbx=0000770d5b65fee0 rcx=0000770d5b65fd40 rdx=0000000000000000
215651.569:01a8:trace:seh:dispatch_exception rsi=0000770d5b65fe38 rdi=0000770d5b65fd78  r8=0000000000000003  r9=0000770d5b65fe20
215651.569:01a8:trace:seh:dispatch_exception r10=000000000000000e r11=0000000000000000 r12=0000000000000000 r13=0000000000000000
215651.569:01a8:trace:seh:dispatch_exception r14=0000000000000000 r15=0000000000000000 mxcsr=00001f80 cs=0033 ss=002b
215651.569:01a8:trace:seh:call_seh_handlers calling handler 0000000141D1800E (rec=0000770D5B65FD40, frame=770d5b65fe00 context=0000770D5B65F840, dispatch=0000770D5B65F110)
215651.569:01a8:trace:seh:RtlUnwindEx code=406d1388 flags=2 end_frame=0000770D5B65FE00 target_ip=00000001416B5161
215651.569:01a8:trace:seh:RtlUnwindEx  info[0]=0000000000001000
215651.569:01a8:trace:seh:RtlUnwindEx  info[1]=00007fffff44db80
215651.569:01a8:trace:seh:RtlUnwindEx  info[2]=00000000000001a8
215651.569:01a8:trace:seh:RtlUnwindEx rip=00006fffffbf9de5 rsp=0000770d5b65e8f0 rbp=0000770d5b65f240 eflags=00000206
215651.569:01a8:trace:seh:RtlUnwindEx rax=0000000100e1e000 rbx=0000770d5b65fd40 rcx=0000770d5b65f240 rdx=00000001416b5161
215651.569:01a8:trace:seh:RtlUnwindEx rsi=0000770d5b65f240 rdi=0000000140000000  r8=0000770d5b65fd40  r9=00000000406d1388
215651.569:01a8:trace:seh:RtlUnwindEx r10=0000000000000000 r11=000000010137f6c0 r12=0000770d5b65ea60 r13=0000770d5b65f110
215651.569:01a8:trace:seh:RtlUnwindEx r14=0000770d5b65fe00 r15=0000000000000000 mxcsr=00001f80 cs=0033 ss=002b
215651.569:01a8:trace:seh:RtlRestoreContext returning to 00000001416B5161 stack 0000770D5B65FE00
215651.569:0024:trace:seh:__processing_throw ()
215651.569:01ac:trace:seh:dispatch_exception code=406d1388 (EXCEPTION_WINE_NAME_THREAD) flags=0 addr=00006FFFFF3AB49E
215651.569:01ac:trace:seh:dispatch_exception  info[0]=0000000000001000
215651.569:01ac:trace:seh:dispatch_exception  info[1]=00007FFFFF461290
215651.569:01ac:trace:seh:dispatch_exception  info[2]=00000000000001AC
215651.569:01ac:trace:seh:dispatch_exception rip=00006fffff3ab49e rsp=0000770d5b54fd20 rbp=0000000000000000 eflags=00000202
215651.569:01ac:trace:seh:dispatch_exception rax=0000770d5b54fd60 rbx=0000770d5b54fee0 rcx=0000770d5b54fd40 rdx=0000000000000000
215651.569:01ac:trace:seh:dispatch_exception rsi=0000770d5b54fe38 rdi=0000770d5b54fd78  r8=0000000000000003  r9=0000770d5b54fe20
215651.569:01ac:trace:seh:dispatch_exception r10=000000000000000e r11=0000000000000000 r12=0000000000000000 r13=0000000000000000
215651.569:01ac:trace:seh:dispatch_exception r14=0000000000000000 r15=0000000000000000 mxcsr=00001f80 cs=0033 ss=002b
215651.569:01ac:trace:seh:call_seh_handlers calling handler 0000000141D1800E (rec=0000770D5B54FD40, frame=770d5b54fe00 context=0000770D5B54F840, dispatch=0000770D5B54F110)
215651.569:01ac:trace:seh:RtlUnwindEx code=406d1388 flags=2 end_frame=0000770D5B54FE00 target_ip=00000001416B5161
215651.569:01ac:trace:seh:RtlUnwindEx  info[0]=0000000000001000
215651.569:01ac:trace:seh:RtlUnwindEx  info[1]=00007fffff461290
215651.569:01ac:trace:seh:RtlUnwindEx  info[2]=00000000000001ac
215651.569:01ac:trace:seh:RtlUnwindEx rip=00006fffffbf9de5 rsp=0000770d5b54e8f0 rbp=0000770d5b54f240 eflags=00000206
215651.569:01ac:trace:seh:RtlUnwindEx rax=0000000100e1b000 rbx=0000770d5b54fd40 rcx=0000770d5b54f240 rdx=00000001416b5161
215651.569:01ac:trace:seh:RtlUnwindEx rsi=0000770d5b54f240 rdi=0000000140000000  r8=0000770d5b54fd40  r9=00000000406d1388
215651.569:01ac:trace:seh:RtlUnwindEx r10=0000000000000000 r11=000000010148f6c0 r12=0000770d5b54ea60 r13=0000770d5b54f110
215651.569:01ac:trace:seh:RtlUnwindEx r14=0000770d5b54fe00 r15=0000000000000000 mxcsr=00001f80 cs=0033 ss=002b
215651.569:01ac:trace:seh:RtlRestoreContext returning to 00000001416B5161 stack 0000770D5B54FE00
215651.569:01b4:trace:seh:dispatch_exception code=406d1388 (EXCEPTION_WINE_NAME_THREAD) flags=0 addr=00006FFFFF3AB49E
215651.569:01b4:trace:seh:dispatch_exception  info[0]=0000000000001000
215651.569:01b4:trace:seh:dispatch_exception  info[1]=00007FFFFF488A60
215651.569:01b4:trace:seh:dispatch_exception  info[2]=00000000000001B4
215651.569:01b4:trace:seh:dispatch_exception rip=00006fffff3ab49e rsp=0000770d5b32fd20 rbp=0000000000000000 eflags=00000202
215651.569:01b4:trace:seh:dispatch_exception rax=0000770d5b32fd60 rbx=0000770d5b32fee0 rcx=0000770d5b32fd40 rdx=0000000000000000
215651.569:01b4:trace:seh:dispatch_exception rsi=0000770d5b32fe38 rdi=0000770d5b32fd78  r8=0000000000000003  r9=0000770d5b32fe20
215651.569:01b4:trace:seh:dispatch_exception r10=000000000000000e r11=0000000000000000 r12=0000000000000000 r13=0000000000000000
215651.569:01b4:trace:seh:dispatch_exception r14=0000000000000000 r15=0000000000000000 mxcsr=00001f80 cs=0033 ss=002b
215651.569:01b4:trace:seh:call_seh_handlers calling handler 0000000141D1800E (rec=0000770D5B32FD40, frame=770d5b32fe00 context=0000770D5B32F840, dispatch=0000770D5B32F110)
215651.569:01b4:trace:seh:RtlUnwindEx code=406d1388 flags=2 end_frame=0000770D5B32FE00 target_ip=00000001416B5161
215651.569:01b4:trace:seh:RtlUnwindEx  info[0]=0000000000001000
215651.569:01b4:trace:seh:RtlUnwindEx  info[1]=00007fffff488a60
215651.569:01b0:trace:seh:dispatch_exception code=406d1388 (EXCEPTION_WINE_NAME_THREAD) flags=0 addr=00006FFFFF3AB49E
215651.569:01b4:trace:seh:RtlUnwindEx  info[2]=00000000000001b4
215651.569:01b4:trace:seh:RtlUnwindEx rip=00006fffffbf9de5 rsp=0000770d5b32e8f0 rbp=0000770d5b32f240 eflags=00000206
215651.569:01b0:trace:seh:dispatch_exception  info[0]=0000000000001000
215651.569:01b4:trace:seh:RtlUnwindEx rax=0000000100e15000 rbx=0000770d5b32fd40 rcx=0000770d5b32f240 rdx=00000001416b5161
215651.569:01b4:trace:seh:RtlUnwindEx rsi=0000770d5b32f240 rdi=0000000140000000  r8=0000770d5b32fd40  r9=00000000406d1388
215651.569:01b0:trace:seh:dispatch_exception  info[1]=00007FFFFF488280
215651.569:01b4:trace:seh:RtlUnwindEx r10=0000000000000000 r11=00000001016af6c0 r12=0000770d5b32ea60 r13=0000770d5b32f110
215651.569:01b0:trace:seh:dispatch_exception  info[2]=00000000000001B0
215651.569:01b4:trace:seh:RtlUnwindEx r14=0000770d5b32fe00 r15=0000000000000000 mxcsr=00001f80 cs=0033 ss=002b
215651.569:01b0:trace:seh:dispatch_exception rip=00006fffff3ab49e rsp=0000770d5b43fd20 rbp=0000000000000000 eflags=00000202
215651.569:01b4:trace:seh:RtlRestoreContext returning to 00000001416B5161 stack 0000770D5B32FE00
215651.569:01b0:trace:seh:dispatch_exception rax=0000770d5b43fd60 rbx=0000770d5b43fee0 rcx=0000770d5b43fd40 rdx=0000000000000000
215651.569:01b0:trace:seh:dispatch_exception rsi=0000770d5b43fe38 rdi=0000770d5b43fd78  r8=0000000000000003  r9=0000770d5b43fe20
215651.569:01b0:trace:seh:dispatch_exception r10=000000000000000e r11=0000000000000000 r12=0000000000000000 r13=0000000000000000
215651.569:01b0:trace:seh:dispatch_exception r14=0000000000000000 r15=0000000000000000 mxcsr=00001f80 cs=0033 ss=002b
215651.569:01b0:trace:seh:call_seh_handlers calling handler 0000000141D1800E (rec=0000770D5B43FD40, frame=770d5b43fe00 context=0000770D5B43F840, dispatch=0000770D5B43F110)
215651.569:01b0:trace:seh:RtlUnwindEx code=406d1388 flags=2 end_frame=0000770D5B43FE00 target_ip=00000001416B5161
215651.569:01b8:trace:seh:dispatch_exception code=406d1388 (EXCEPTION_WINE_NAME_THREAD) flags=0 addr=00006FFFFF3AB49E
215651.569:01b0:trace:seh:RtlUnwindEx  info[0]=0000000000001000
215651.569:01b8:trace:seh:dispatch_exception  info[0]=0000000000001000
215651.569:01b8:trace:seh:dispatch_exception  info[1]=0000770D5AD1EF30
215651.569:01b0:trace:seh:RtlUnwindEx  info[1]=00007fffff488280
215651.569:01b8:trace:seh:dispatch_exception  info[2]=00000000000001B8
215651.569:01b0:trace:seh:RtlUnwindEx  info[2]=00000000000001b0
215651.569:01b8:trace:seh:dispatch_exception rip=00006fffff3ab49e rsp=0000770d5b21fd20 rbp=0000000000000000 eflags=00000202
215651.569:01b8:trace:seh:dispatch_exception rax=0000770d5b21fd60 rbx=0000770d5b21fee0 rcx=0000770d5b21fd40 rdx=0000000000000000
215651.569:01b0:trace:seh:RtlUnwindEx rip=00006fffffbf9de5 rsp=0000770d5b43e8f0 rbp=0000770d5b43f240 eflags=00000206
215651.569:01b8:trace:seh:dispatch_exception rsi=0000770d5b21fe38 rdi=0000770d5b21fd78  r8=0000000000000003  r9=0000770d5b21fe20
215651.569:01b8:trace:seh:dispatch_exception r10=000000000000000e r11=0000000000000000 r12=0000000000000000 r13=0000000000000000
215651.569:01b0:trace:seh:RtlUnwindEx rax=0000000100e18000 rbx=0000770d5b43fd40 rcx=0000770d5b43f240 rdx=00000001416b5161
215651.569:01b8:trace:seh:dispatch_exception r14=0000000000000000 r15=0000000000000000 mxcsr=00001f80 cs=0033 ss=002b
215651.569:01b8:trace:seh:call_seh_handlers calling handler 0000000141D1800E (rec=0000770D5B21FD40, frame=770d5b21fe00 context=0000770D5B21F840, dispatch=0000770D5B21F110)
215651.569:01b8:trace:seh:RtlUnwindEx code=406d1388 flags=2 end_frame=0000770D5B21FE00 target_ip=00000001416B5161
215651.569:01b0:trace:seh:RtlUnwindEx rsi=0000770d5b43f240 rdi=0000000140000000  r8=0000770d5b43fd40  r9=00000000406d1388
215651.569:01b8:trace:seh:RtlUnwindEx  info[0]=0000000000001000
215651.569:01b8:trace:seh:RtlUnwindEx  info[1]=0000770d5ad1ef30
215651.569:01b8:trace:seh:RtlUnwindEx  info[2]=00000000000001b8
215651.569:01b0:trace:seh:RtlUnwindEx r10=0000000000000000 r11=000000010159f6c0 r12=0000770d5b43ea60 r13=0000770d5b43f110
215651.569:01b8:trace:seh:RtlUnwindEx rip=00006fffffbf9de5 rsp=0000770d5b21e8f0 rbp=0000770d5b21f240 eflags=00000206
215651.569:01b8:trace:seh:RtlUnwindEx rax=0000000100e12000 rbx=0000770d5b21fd40 rcx=0000770d5b21f240 rdx=00000001416b5161
215651.569:01b0:trace:seh:RtlUnwindEx r14=0000770d5b43fe00 r15=0000000000000000 mxcsr=00001f80 cs=0033 ss=002b
215651.569:01b8:trace:seh:RtlUnwindEx rsi=0000770d5b21f240 rdi=0000000140000000  r8=0000770d5b21fd40  r9=00000000406d1388
215651.569:01b8:trace:seh:RtlUnwindEx r10=0000000000000000 r11=00000001017bf6c0 r12=0000770d5b21ea60 r13=0000770d5b21f110
215651.569:01b8:trace:seh:RtlUnwindEx r14=0000770d5b21fe00 r15=0000000000000000 mxcsr=00001f80 cs=0033 ss=002b
215651.569:01b8:trace:seh:RtlRestoreContext returning to 00000001416B5161 stack 0000770D5B21FE00
215651.569:01b0:trace:seh:RtlRestoreContext returning to 00000001416B5161 stack 0000770D5B43FE00
215651.569:0024:trace:seh:__processing_throw ()
215651.569:0024:trace:seh:__processing_throw ()
215651.569:0024:trace:seh:__processing_throw ()
215651.570:0024:trace:seh:__processing_throw ()
215651.570:0024:trace:seh:__processing_throw ()
215651.570:0024:trace:seh:__processing_throw ()
215651.572:01b8:fixme:cryptasn:CryptDecodeObjectEx Unsupported decoder for lpszStructType 1.3.6.1.4.1.311.2.1.4
215651.572:01b8:fixme:cryptasn:CryptDecodeObjectEx Unsupported decoder for lpszStructType 1.3.6.1.4.1.311.2.1.4
