00a0:fixme:heap:RtlSetHeapInformation HEAP_INFORMATION_CLASS 1 not implemented!
00ac:fixme:advapi:RegisterEventSourceW ((null),L"Bonjour Service"): stub
00ac:fixme:advapi:ReportEventA (00000000CAFE4242,0x0004,0x0000,0x00000064,0000000000000000,0x0001,0x00000000,0000000000E3FA50,0000000000000000): stub
00ac:fixme:advapi:ReportEventW (00000000CAFE4242,0x0004,0x0000,0x00000064,0000000000000000,0x0001,0x00000000,0000000000711FF0,0000000000000000): stub
00ac:fixme:winsock:WSAIoctl SIO_UDP_CONNRESET stub
00ac:fixme:winsock:WSAIoctl SIO_UDP_CONNRESET stub
00ac:fixme:advapi:ReportEventA (00000000CAFE4242,0x0004,0x0000,0x00000064,0000000000000000,0x0001,0x00000000,0000000000E3FA50,0000000000000000): stub
00ac:fixme:advapi:ReportEventW (00000000CAFE4242,0x0004,0x0000,0x00000064,0000000000000000,0x0001,0x00000000,0000000000711FF0,0000000000000000): stub
0050:fixme:service:svcctl_EnumServicesStatusExW resume handle not supported
0050:fixme:service:svcctl_EnumServicesStatusExW resume handle not supported
0050:fixme:service:svcctl_EnumServicesStatusExW resume handle not supported
0050:fixme:service:svcctl_EnumServicesStatusExW resume handle not supported
00ac:fixme:advapi:ReportEventA (00000000CAFE4242,0x0004,0x0000,0x00000064,0000000000000000,0x0001,0x00000000,0000000000E3FA50,0000000000000000): stub
00ac:fixme:advapi:ReportEventW (00000000CAFE4242,0x0004,0x0000,0x00000064,0000000000000000,0x0001,0x00000000,0000000000711FF0,0000000000000000): stub
00ac:fixme:wkscli:NetGetJoinInformation Semi-stub (null) 0000000000E3FAC8 0000000000E3FAC0
00ac:fixme:winsock:WSAIoctl SIO_UDP_CONNRESET stub
00ac:fixme:winsock:WSAIoctl SIO_UDP_CONNRESET stub
00ac:fixme:winsock:WSAIoctl SIO_UDP_CONNRESET stub
0024:fixme:combase:RoGetActivationFactory (L"Windows.UI.ViewManagement.UIViewSettings", {3694dbf9-8f68-44be-8ff5-195c98ede8a6}, 00007FFFFF356C38): semi-stub
0024:fixme:win:RegisterTouchWindow hwnd 000000000001006E, flags 0 stub!
0024:fixme:msg:ChangeWindowMessageFilterEx 000000000001006E 233 1 0000000000000000
0024:fixme:msg:ChangeWindowMessageFilterEx 000000000001006E 4a 1 0000000000000000
0024:fixme:msg:ChangeWindowMessageFilterEx 000000000001006E 49 1 0000000000000000
0024:err:ole:com_get_class_object class {aa509086-5ca9-4c25-8f95-589d3c07b48a} not registered
0024:err:ole:com_get_class_object class {aa509086-5ca9-4c25-8f95-589d3c07b48a} not registered
0024:err:ole:create_server class {aa509086-5ca9-4c25-8f95-589d3c07b48a} not registered
0024:fixme:ole:com_get_class_object CLSCTX_REMOTE_SERVER not supported
0024:err:ole:com_get_class_object no class object {aa509086-5ca9-4c25-8f95-589d3c07b48a} could be created for context 0x17
0024:fixme:combase:RoGetActivationFactory (L"Windows.UI.ViewManagement.UIViewSettings", {3694dbf9-8f68-44be-8ff5-195c98ede8a6}, 00007FFFFF35BDA8): semi-stub
0024:fixme:win:RegisterTouchWindow hwnd 0000000000010074, flags 0 stub!
0024:fixme:msg:ChangeWindowMessageFilterEx 0000000000010074 233 1 0000000000000000
0024:fixme:msg:ChangeWindowMessageFilterEx 0000000000010074 4a 1 0000000000000000
0024:fixme:msg:ChangeWindowMessageFilterEx 0000000000010074 49 1 0000000000000000
0024:fixme:ntdll:NtQuerySystemInformation info_class SYSTEM_PERFORMANCE_INFORMATION
0024:fixme:win:RegisterSuspendResumeNotification 0000000000010074, 0: stub.
0024:fixme:combase:RoGetActivationFactory (L"Windows.UI.ViewManagement.UIViewSettings", {3694dbf9-8f68-44be-8ff5-195c98ede8a6}, 00007FFFFF499FB8): semi-stub
0024:fixme:win:RegisterTouchWindow hwnd 000000000002007A, flags 0 stub!
0024:fixme:msg:ChangeWindowMessageFilterEx 000000000002007A 233 1 0000000000000000
0024:fixme:msg:ChangeWindowMessageFilterEx 000000000002007A 4a 1 0000000000000000
0024:fixme:msg:ChangeWindowMessageFilterEx 000000000002007A 49 1 0000000000000000
0024:fixme:win:RegisterSuspendResumeNotification 000000000002007A, 0: stub.
0024:fixme:combase:RoGetActivationFactory (L"Windows.UI.ViewManagement.UIViewSettings", {3694dbf9-8f68-44be-8ff5-195c98ede8a6}, 00007FFFFF49A328): semi-stub
0024:fixme:win:RegisterTouchWindow hwnd 0000000000010080, flags 0 stub!
0024:fixme:msg:ChangeWindowMessageFilterEx 0000000000010080 233 1 0000000000000000
0024:fixme:msg:ChangeWindowMessageFilterEx 0000000000010080 4a 1 0000000000000000
0024:fixme:msg:ChangeWindowMessageFilterEx 0000000000010080 49 1 0000000000000000
0024:fixme:win:RegisterSuspendResumeNotification 0000000000010080, 0: stub.
0024:fixme:combase:RoGetActivationFactory (L"Windows.UI.ViewManagement.UIViewSettings", {3694dbf9-8f68-44be-8ff5-195c98ede8a6}, 00007FFFFF49A698): semi-stub
0024:fixme:win:RegisterTouchWindow hwnd 0000000000010086, flags 0 stub!
0024:fixme:msg:ChangeWindowMessageFilterEx 0000000000010086 233 1 0000000000000000
0024:fixme:msg:ChangeWindowMessageFilterEx 0000000000010086 4a 1 0000000000000000
0024:fixme:msg:ChangeWindowMessageFilterEx 0000000000010086 49 1 0000000000000000
0024:fixme:win:RegisterSuspendResumeNotification 0000000000010086, 0: stub.
0024:fixme:win:RegisterSuspendResumeNotification 000000000001006E, 0: stub.
01ac:fixme:cryptasn:CryptDecodeObjectEx Unsupported decoder for lpszStructType 1.3.6.1.4.1.311.2.1.4
01ac:fixme:cryptasn:CryptDecodeObjectEx Unsupported decoder for lpszStructType 1.3.6.1.4.1.311.2.1.4
0024:fixme:dxgi:DXGID3D10CreateDevice Ignoring flags 0x20.
0024:fixme:d2d:d2d_d3d_create_render_target Ignoring render target usage 0x2.
0024:fixme:dwrite:dwritefactory_CreateMonitorRenderingParams (0000000000000001): monitor setting ignored
0024:err:ole:com_get_class_object class {22fbfc33-8d07-495c-a5bf-dab5ea9b82db} not registered
0024:err:ole:com_get_class_object class {22fbfc33-8d07-495c-a5bf-dab5ea9b82db} not registered
0024:err:ole:create_server class {22fbfc33-8d07-495c-a5bf-dab5ea9b82db} not registered
0024:fixme:ole:com_get_class_object CLSCTX_REMOTE_SERVER not supported
0024:err:ole:com_get_class_object no class object {22fbfc33-8d07-495c-a5bf-dab5ea9b82db} could be created for context 0x17
0024:err:ole:com_get_class_object class {263ca19f-ed09-482e-9f9d-84005783a237} not registered
0024:err:ole:com_get_class_object class {263ca19f-ed09-482e-9f9d-84005783a237} not registered
0024:err:ole:create_server class {263ca19f-ed09-482e-9f9d-84005783a237} not registered
0024:fixme:ole:com_get_class_object CLSCTX_REMOTE_SERVER not supported
0024:err:ole:com_get_class_object no class object {263ca19f-ed09-482e-9f9d-84005783a237} could be created for context 0x17
0024:fixme:quartz:v4l2_cid_from_qcap_property Unhandled property 4.
0024:fixme:quartz:v4l2_cid_from_qcap_property Unhandled property 5.
0024:fixme:quartz:v4l2_cid_from_qcap_property Unhandled property 6.
0024:fixme:quartz:v4l2_cid_from_qcap_property Unhandled property 7.
0024:fixme:quartz:v4l2_cid_from_qcap_property Unhandled property 8.
0024:fixme:quartz:v4l2_cid_from_qcap_property Unhandled property 9.
0024:fixme:winsock:_remap_optname Unknown optname 19, can't remap!
0024:fixme:winsock:_remap_optname Unknown optname 19, can't remap!
00f4:fixme:service:svcctl_EnumServicesStatusExW resume handle not supported
0050:fixme:service:svcctl_EnumServicesStatusExW resume handle not supported
00ec:fixme:service:svcctl_EnumServicesStatusExW resume handle not supported
00f4:fixme:service:svcctl_EnumServicesStatusExW resume handle not supported
00ac:fixme:winsock:WSAIoctl SIO_UDP_CONNRESET stub
00ac:fixme:winsock:WSAIoctl SIO_UDP_CONNRESET stub
00ac:fixme:winsock:WSAIoctl SIO_UDP_CONNRESET stub
00ac:fixme:winsock:WSAIoctl SIO_UDP_CONNRESET stub
00ac:fixme:winsock:WSAIoctl SIO_UDP_CONNRESET stub
00ac:fixme:winsock:WSAIoctl SIO_UDP_CONNRESET stub
00ac:fixme:winsock:WSAIoctl SIO_UDP_CONNRESET stub
00ac:fixme:winsock:WSAIoctl SIO_UDP_CONNRESET stub
00ac:fixme:winsock:WSAIoctl SIO_UDP_CONNRESET stub
00ac:fixme:winsock:WSAIoctl SIO_UDP_CONNRESET stub
00ac:fixme:winsock:WSAIoctl SIO_UDP_CONNRESET stub
00ac:fixme:winsock:WSAIoctl SIO_UDP_CONNRESET stub
00ac:fixme:winsock:WSAIoctl SIO_UDP_CONNRESET stub
00ac:fixme:winsock:WSAIoctl SIO_UDP_CONNRESET stub
00ac:fixme:winsock:WSAIoctl SIO_UDP_CONNRESET stub
0024:fixme:ntdll:EtwEventSetInformation (deadbeef, 2, 00006FFFED1B69DE, 62) stub
0024:fixme:ntdll:EtwEventSetInformation (deadbeef, 2, 00006FFFEC5C1A4F, 34) stub
0024:fixme:ntdll:EtwEventSetInformation (deadbeef, 2, 00006FFFEC5C1A82, 46) stub
00f4:fixme:service:svcctl_EnumServicesStatusExW resume handle not supported
0050:fixme:service:svcctl_EnumServicesStatusExW resume handle not supported
0024:fixme:dxcore:dxcore_adapter_factory_CreateAdapterList iface 00006FFFF1854030, num_attributes 1, filter_attributes 00006FFFEC43D618, riid {526c7776-40e9-459b-b711-f32ad76dfc28}, out 00007FFFFE13D328 semi-stub!
0024:fixme:dxcore:dxcore_adapter_IsPropertySupported iface 0000734CC5AFD140, property 11 stub!
0024:fixme:dxcore:dxcore_adapter_factory_CreateAdapterList iface 00006FFFF1854030, num_attributes 1, filter_attributes 00006FFFEC53C3E8, riid {526c7776-40e9-459b-b711-f32ad76dfc28}, out 00007FFFFE13D328 semi-stub!
0024:fixme:dxcore:dxcore_adapter_IsPropertySupported iface 0000734CC5AFD140, property 11 stub!
0024:fixme:dxcore:dxcore_adapter_factory_CreateAdapterList iface 00006FFFF1854030, num_attributes 1, filter_attributes 00006FFFEC53C408, riid {526c7776-40e9-459b-b711-f32ad76dfc28}, out 00007FFFFE13D328 semi-stub!
0024:fixme:dxcore:dxcore_adapter_IsPropertySupported iface 0000734CC5AFD140, property 11 stub!
0024:fixme:dxgi:dxgi_factory_EnumAdapterByGpuPreference Ignoring GPU preference 0x2.
0024:fixme:dxgi:dxgi_factory_EnumAdapterByGpuPreference Ignoring GPU preference 0x2.
0024:fixme:mmdevapi:control_RegisterAudioSessionNotification (0000734D9F853FC0)->(0000734D9F854010) - stub
027c:fixme:avrt:AvSetMmThreadCharacteristicsW (L"Pro Audio",0000734CC412FB90): stub
027c:fixme:avrt:AvSetMmThreadPriority (0000000012345678)->(0) stub
0024:fixme:mmdevapi:control_UnregisterAudioSessionNotification (0000734D9F853FC0)->(0000734D9F854010) - stub
0024:fixme:mmdevapi:control_RegisterAudioSessionNotification (0000734CC5D91270)->(0000734CC5D912C0) - stub
0284:fixme:avrt:AvSetMmThreadCharacteristicsW (L"Pro Audio",0000734DC865FB90): stub
0284:fixme:avrt:AvSetMmThreadPriority (0000000012345678)->(0) stub
0024:fixme:combase:RoGetActivationFactory (L"Windows.UI.ViewManagement.UIViewSettings", {3694dbf9-8f68-44be-8ff5-195c98ede8a6}, 0000734CC5B79F78): semi-stub
0024:fixme:win:RegisterTouchWindow hwnd 00000000000100AE, flags 0 stub!
0024:fixme:msg:ChangeWindowMessageFilterEx 00000000000100AE 233 1 0000000000000000
0024:fixme:msg:ChangeWindowMessageFilterEx 00000000000100AE 4a 1 0000000000000000
0024:fixme:msg:ChangeWindowMessageFilterEx 00000000000100AE 49 1 0000000000000000
0024:fixme:win:RegisterSuspendResumeNotification 00000000000100AE, 0: stub.
0024:fixme:win:UnregisterSuspendResumeNotification 00000000DEADBEEF: stub.
0024:fixme:combase:RoGetActivationFactory (L"Windows.UI.ViewManagement.UIViewSettings", {3694dbf9-8f68-44be-8ff5-195c98ede8a6}, 0000734CC5B79F78): semi-stub
0024:fixme:win:RegisterTouchWindow hwnd 00000000000200AE, flags 0 stub!
0024:fixme:msg:ChangeWindowMessageFilterEx 00000000000200AE 233 1 0000000000000000
0024:fixme:msg:ChangeWindowMessageFilterEx 00000000000200AE 4a 1 0000000000000000
0024:fixme:msg:ChangeWindowMessageFilterEx 00000000000200AE 49 1 0000000000000000
0024:fixme:win:RegisterSuspendResumeNotification 00000000000200AE, 0: stub.
0024:fixme:win:UnregisterSuspendResumeNotification 00000000DEADBEEF: stub.
0024:fixme:combase:RoGetActivationFactory (L"Windows.UI.ViewManagement.UIViewSettings", {3694dbf9-8f68-44be-8ff5-195c98ede8a6}, 0000734CC5B79F78): semi-stub
0024:fixme:win:RegisterTouchWindow hwnd 00000000000300AE, flags 0 stub!
0024:fixme:msg:ChangeWindowMessageFilterEx 00000000000300AE 233 1 0000000000000000
0024:fixme:msg:ChangeWindowMessageFilterEx 00000000000300AE 4a 1 0000000000000000
0024:fixme:msg:ChangeWindowMessageFilterEx 00000000000300AE 49 1 0000000000000000
0024:fixme:win:RegisterSuspendResumeNotification 00000000000300AE, 0: stub.
0024:fixme:win:UnregisterSuspendResumeNotification 00000000DEADBEEF: stub.
0024:fixme:combase:RoGetActivationFactory (L"Windows.UI.ViewManagement.UIViewSettings", {3694dbf9-8f68-44be-8ff5-195c98ede8a6}, 0000734CC5B79F78): semi-stub
0024:fixme:win:RegisterTouchWindow hwnd 00000000000400AE, flags 0 stub!
0024:fixme:msg:ChangeWindowMessageFilterEx 00000000000400AE 233 1 0000000000000000
0024:fixme:msg:ChangeWindowMessageFilterEx 00000000000400AE 4a 1 0000000000000000
0024:fixme:msg:ChangeWindowMessageFilterEx 00000000000400AE 49 1 0000000000000000
0024:fixme:win:RegisterSuspendResumeNotification 00000000000400AE, 0: stub.
ParamCollection::rebuildLookupIfNeeded() took 0.0245 milliseconds for 19 params.
ParamCollection::rebuildLookupIfNeeded() took 0.052 milliseconds for 34 params.
Logging input channels:
	FFT: 0
	SMPTE1: 0
	SMPTE2: 0
Logging output channels:
	Master: 3
	Preview: 0
0024:fixme:combase:RoGetActivationFactory (L"Windows.UI.ViewManagement.UIViewSettings", {3694dbf9-8f68-44be-8ff5-195c98ede8a6}, 0000734C8A3D83E8): semi-stub
0024:fixme:win:RegisterTouchWindow hwnd 00000000000100C4, flags 0 stub!
0024:fixme:msg:ChangeWindowMessageFilterEx 00000000000100C4 233 1 0000000000000000
0024:fixme:msg:ChangeWindowMessageFilterEx 00000000000100C4 4a 1 0000000000000000
0024:fixme:msg:ChangeWindowMessageFilterEx 00000000000100C4 49 1 0000000000000000
0024:fixme:win:RegisterSuspendResumeNotification 00000000000100C4, 0: stub.
0024:fixme:win:UnregisterSuspendResumeNotification 00000000DEADBEEF: stub.
0024:fixme:combase:RoGetActivationFactory (L"Windows.UI.ViewManagement.UIViewSettings", {3694dbf9-8f68-44be-8ff5-195c98ede8a6}, 0000734C8A3D83E8): semi-stub
0024:fixme:win:RegisterTouchWindow hwnd 00000000000200C4, flags 0 stub!
0024:fixme:msg:ChangeWindowMessageFilterEx 00000000000200C4 233 1 0000000000000000
0024:fixme:msg:ChangeWindowMessageFilterEx 00000000000200C4 4a 1 0000000000000000
0024:fixme:msg:ChangeWindowMessageFilterEx 00000000000200C4 49 1 0000000000000000
0024:fixme:win:RegisterSuspendResumeNotification 00000000000200C4, 0: stub.
0024:fixme:win:UnregisterSuspendResumeNotification 00000000DEADBEEF: stub.
0024:fixme:combase:RoGetActivationFactory (L"Windows.UI.ViewManagement.UIViewSettings", {3694dbf9-8f68-44be-8ff5-195c98ede8a6}, 0000734C8A3D83E8): semi-stub
0024:fixme:win:RegisterTouchWindow hwnd 00000000000300C4, flags 0 stub!
0024:fixme:msg:ChangeWindowMessageFilterEx 00000000000300C4 233 1 0000000000000000
0024:fixme:msg:ChangeWindowMessageFilterEx 00000000000300C4 4a 1 0000000000000000
0024:fixme:msg:ChangeWindowMessageFilterEx 00000000000300C4 49 1 0000000000000000
0024:fixme:win:RegisterSuspendResumeNotification 00000000000300C4, 0: stub.
0024:fixme:win:UnregisterSuspendResumeNotification 00000000DEADBEEF: stub.
0024:fixme:combase:RoGetActivationFactory (L"Windows.UI.ViewManagement.UIViewSettings", {3694dbf9-8f68-44be-8ff5-195c98ede8a6}, 0000734C8A3D83E8): semi-stub
0024:fixme:win:RegisterTouchWindow hwnd 00000000000400C4, flags 0 stub!
0024:fixme:msg:ChangeWindowMessageFilterEx 00000000000400C4 233 1 0000000000000000
0024:fixme:msg:ChangeWindowMessageFilterEx 00000000000400C4 4a 1 0000000000000000
0024:fixme:msg:ChangeWindowMessageFilterEx 00000000000400C4 49 1 0000000000000000
0024:fixme:win:RegisterSuspendResumeNotification 00000000000400C4, 0: stub.
0024:fixme:combase:RoGetActivationFactory (L"Windows.UI.ViewManagement.UIViewSettings", {3694dbf9-8f68-44be-8ff5-195c98ede8a6}, 0000734C8A3D7F28): semi-stub
0024:fixme:win:RegisterTouchWindow hwnd 00000000000100CA, flags 0 stub!
0024:fixme:msg:ChangeWindowMessageFilterEx 00000000000100CA 233 1 0000000000000000
0024:fixme:msg:ChangeWindowMessageFilterEx 00000000000100CA 4a 1 0000000000000000
0024:fixme:msg:ChangeWindowMessageFilterEx 00000000000100CA 49 1 0000000000000000
0024:fixme:win:RegisterSuspendResumeNotification 00000000000100CA, 0: stub.
0024:fixme:combase:RoGetActivationFactory (L"Windows.UI.ViewManagement.UIViewSettings", {3694dbf9-8f68-44be-8ff5-195c98ede8a6}, 0000734C8A3D8188): semi-stub
0024:fixme:win:RegisterTouchWindow hwnd 00000000000100CC, flags 0 stub!
0024:fixme:msg:ChangeWindowMessageFilterEx 00000000000100CC 233 1 0000000000000000
0024:fixme:msg:ChangeWindowMessageFilterEx 00000000000100CC 4a 1 0000000000000000
0024:fixme:msg:ChangeWindowMessageFilterEx 00000000000100CC 49 1 0000000000000000
0024:fixme:win:RegisterSuspendResumeNotification 00000000000100CC, 0: stub.
02b8:fixme:kernelbase:AppPolicyGetThreadInitializationType FFFFFFFFFFFFFFFA, 0000734C9082FF50
0024:fixme:win:UnregisterSuspendResumeNotification 00000000DEADBEEF: stub.
0024:fixme:win:UnregisterSuspendResumeNotification 00000000DEADBEEF: stub.
0024:fixme:win:UnregisterSuspendResumeNotification 00000000DEADBEEF: stub.
0024:fixme:win:UnregisterSuspendResumeNotification 00000000DEADBEEF: stub.
0024:fixme:win:UnregisterSuspendResumeNotification 00000000DEADBEEF: stub.
03ac:fixme:service:svcctl_EnumServicesStatusExW resume handle not supported
03ac:fixme:service:svcctl_EnumServicesStatusExW resume handle not supported
03ac:fixme:service:svcctl_EnumServicesStatusExW resume handle not supported
03ac:fixme:service:svcctl_EnumServicesStatusExW resume handle not supported
03ac:fixme:service:svcctl_EnumServicesStatusExW resume handle not supported
03ac:fixme:service:svcctl_EnumServicesStatusExW resume handle not supported
