i686-w64-mingw32-gcc -c -o dlls/uiautomationcore/i386-windows/uia_client.o dlls/uiautomationcore/uia_client.c -Idlls/uiautomationcore -Iinclude \
  -Iinclude/msvcrt -D_UCRT -D__WINESRC__ -D__WINE_PE_BUILD -Wall -fno-strict-aliasing -Wempty-body \
  -Wignored-qualifiers -Winit-self -Wno-packed-not-aligned -Wshift-overflow=2 -Wtype-limits \
  -Wunused-but-set-parameter -Wvla -Wwrite-strings -Wpointer-arith -Wlogical-op -ffunction-sections \
  -Wno-misleading-indentation -fno-omit-frame-pointer -mpreferred-stack-boundary=2 -mlong-double-64 \
  -msse2 -gdwarf-4 -Wdeclaration-after-statement -Wstrict-prototypes -Wabsolute-value -g -O2
x86_64-w64-mingw32-gcc -c -o dlls/uiautomationcore/x86_64-windows/uia_client.o dlls/uiautomationcore/uia_client.c -Idlls/uiautomationcore -Iinclude \
  -Iinclude/msvcrt -D_UCRT -D__WINESRC__ -D__WINE_PE_BUILD -Wall -fno-strict-aliasing -Wempty-body \
  -Wignored-qualifiers -Winit-self -Wno-packed-not-aligned -Wshift-overflow=2 -Wtype-limits \
  -Wunused-but-set-parameter -Wvla -Wwrite-strings -Wpointer-arith -Wlogical-op -ffunction-sections \
  -Wno-misleading-indentation -Wformat-overflow -Wnonnull -mlong-double-64 -mcx16 -mcmodel=small \
  -gdwarf-4 -Wdeclaration-after-statement -Wstrict-prototypes -Wabsolute-value -g -O2
tools/wrc/wrc -u -o programs/winetest/build.res --nostdinc -Iprograms/winetest -Iinclude -Iinclude/msvcrt -D_MSVCR_VER=0 \
  -D__WINESRC__ programs/winetest/build.rc
tools/winegcc/winegcc -o programs/winetest/i386-windows/winetest.exe --wine-objdir . --cc-cmd="i686-w64-mingw32-gcc" -b i686-w64-mingw32 \
  -Wl,--wine-builtin -mconsole programs/winetest/i386-windows/gui.o \
  programs/winetest/i386-windows/main.o programs/winetest/i386-windows/send.o \
  programs/winetest/i386-windows/util.o programs/winetest/winetest.res programs/winetest/build.res \
  programs/winetest/i386-windows/activeds_test.res programs/winetest/i386-windows/adsldp_test.res \
  programs/winetest/i386-windows/advapi32_test.res programs/winetest/i386-windows/advpack_test.res \
  programs/winetest/i386-windows/amstream_test.res programs/winetest/i386-windows/apphelp_test.res \
  programs/winetest/i386-windows/atl_test.res programs/winetest/i386-windows/atl100_test.res \
  programs/winetest/i386-windows/atl110_test.res programs/winetest/i386-windows/atl80_test.res \
  programs/winetest/i386-windows/atlthunk_test.res programs/winetest/i386-windows/avifil32_test.res \
  programs/winetest/i386-windows/bcp47langs_test.res programs/winetest/i386-windows/bcrypt_test.res \
  programs/winetest/i386-windows/bluetoothapis_test.res \
  programs/winetest/i386-windows/browseui_test.res programs/winetest/i386-windows/cabinet_test.res \
  programs/winetest/i386-windows/cfgmgr32_test.res programs/winetest/i386-windows/combase_test.res \
  programs/winetest/i386-windows/comcat_test.res programs/winetest/i386-windows/comctl32_test.res \
  programs/winetest/i386-windows/comdlg32_test.res programs/winetest/i386-windows/compstui_test.res \
  programs/winetest/i386-windows/comsvcs_test.res programs/winetest/i386-windows/concrt140_test.res \
  programs/winetest/i386-windows/coremessaging_test.res \
  programs/winetest/i386-windows/credui_test.res programs/winetest/i386-windows/crypt32_test.res \
  programs/winetest/i386-windows/cryptext_test.res programs/winetest/i386-windows/cryptnet_test.res \
  programs/winetest/i386-windows/cryptowinrt_test.res \
  programs/winetest/i386-windows/cryptui_test.res programs/winetest/i386-windows/cryptxml_test.res \
  programs/winetest/i386-windows/d2d1_test.res programs/winetest/i386-windows/d3d10_test.res \
  programs/winetest/i386-windows/d3d10_1_test.res programs/winetest/i386-windows/d3d10core_test.res \
  programs/winetest/i386-windows/d3d11_test.res programs/winetest/i386-windows/d3d12_test.res \
  programs/winetest/i386-windows/d3d8_test.res programs/winetest/i386-windows/d3d9_test.res \
  programs/winetest/i386-windows/d3dcompiler_42_test.res \
  programs/winetest/i386-windows/d3dcompiler_43_test.res \
  programs/winetest/i386-windows/d3dcompiler_46_test.res \
  programs/winetest/i386-windows/d3dcompiler_47_test.res \
  programs/winetest/i386-windows/d3drm_test.res programs/winetest/i386-windows/d3dx10_33_test.res \
  programs/winetest/i386-windows/d3dx10_34_test.res \
  programs/winetest/i386-windows/d3dx10_35_test.res \
  programs/winetest/i386-windows/d3dx10_36_test.res \
  programs/winetest/i386-windows/d3dx10_37_test.res \
  programs/winetest/i386-windows/d3dx10_38_test.res \
  programs/winetest/i386-windows/d3dx10_39_test.res \
  programs/winetest/i386-windows/d3dx10_40_test.res \
  programs/winetest/i386-windows/d3dx10_41_test.res \
  programs/winetest/i386-windows/d3dx10_42_test.res \
  programs/winetest/i386-windows/d3dx10_43_test.res \
  programs/winetest/i386-windows/d3dx11_42_test.res \
  programs/winetest/i386-windows/d3dx11_43_test.res programs/winetest/i386-windows/d3dx9_35_test.res \
  programs/winetest/i386-windows/d3dx9_36_test.res programs/winetest/i386-windows/d3dx9_42_test.res \
  programs/winetest/i386-windows/d3dx9_43_test.res programs/winetest/i386-windows/d3dxof_test.res \
  programs/winetest/i386-windows/dataexchange_test.res \
  programs/winetest/i386-windows/dbgeng_test.res programs/winetest/i386-windows/dbghelp_test.res \
  programs/winetest/i386-windows/ddraw_test.res programs/winetest/i386-windows/ddrawex_test.res \
  programs/winetest/i386-windows/devenum_test.res programs/winetest/i386-windows/dhcpcsvc_test.res \
  programs/winetest/i386-windows/dinput_test.res \
  programs/winetest/i386-windows/directmanipulation_test.res \
  programs/winetest/i386-windows/dispex_test.res programs/winetest/i386-windows/dmband_test.res \
  programs/winetest/i386-windows/dmcompos_test.res programs/winetest/i386-windows/dmime_test.res \
  programs/winetest/i386-windows/dmloader_test.res programs/winetest/i386-windows/dmscript_test.res \
  programs/winetest/i386-windows/dmstyle_test.res programs/winetest/i386-windows/dmsynth_test.res \
  programs/winetest/i386-windows/dmusic_test.res programs/winetest/i386-windows/dnsapi_test.res \
  programs/winetest/i386-windows/dplayx_test.res programs/winetest/i386-windows/dpnet_test.res \
  programs/winetest/i386-windows/dpvoice_test.res programs/winetest/i386-windows/dsdmo_test.res \
  programs/winetest/i386-windows/dsound_test.res programs/winetest/i386-windows/dssenh_test.res \
  programs/winetest/i386-windows/dswave_test.res programs/winetest/i386-windows/dwmapi_test.res \
  programs/winetest/i386-windows/dwrite_test.res programs/winetest/i386-windows/dxcore_test.res \
  programs/winetest/i386-windows/dxdiagn_test.res programs/winetest/i386-windows/dxgi_test.res \
  programs/winetest/i386-windows/dxva2_test.res programs/winetest/i386-windows/evr_test.res \
  programs/winetest/i386-windows/explorerframe_test.res \
  programs/winetest/i386-windows/faultrep_test.res programs/winetest/i386-windows/fusion_test.res \
  programs/winetest/i386-windows/gameux_test.res programs/winetest/i386-windows/gdi32_test.res \
  programs/winetest/i386-windows/gdiplus_test.res \
  programs/winetest/i386-windows/geolocation_test.res programs/winetest/i386-windows/glu32_test.res \
  programs/winetest/i386-windows/graphicscapture_test.res \
  programs/winetest/i386-windows/hid_test.res programs/winetest/i386-windows/hlink_test.res \
  programs/winetest/i386-windows/hnetcfg_test.res programs/winetest/i386-windows/httpapi_test.res \
  programs/winetest/i386-windows/hvsimanagementapi_test.res \
  programs/winetest/i386-windows/iccvid_test.res programs/winetest/i386-windows/icmui_test.res \
  programs/winetest/i386-windows/icu_test.res programs/winetest/i386-windows/ieframe_test.res \
  programs/winetest/i386-windows/iertutil_test.res programs/winetest/i386-windows/imagehlp_test.res \
  programs/winetest/i386-windows/imm32_test.res programs/winetest/i386-windows/inetcomm_test.res \
  programs/winetest/i386-windows/inetmib1_test.res programs/winetest/i386-windows/infosoft_test.res \
  programs/winetest/i386-windows/iphlpapi_test.res programs/winetest/i386-windows/ir50_32_test.res \
  programs/winetest/i386-windows/itss_test.res programs/winetest/i386-windows/iyuv_32_test.res \
  programs/winetest/i386-windows/jscript_test.res programs/winetest/i386-windows/jsproxy_test.res \
  programs/winetest/i386-windows/kernel32_test.res \
  programs/winetest/i386-windows/kernelbase_test.res \
  programs/winetest/i386-windows/localspl_test.res programs/winetest/i386-windows/localui_test.res \
  programs/winetest/i386-windows/lz32_test.res programs/winetest/i386-windows/mapi32_test.res \
  programs/winetest/i386-windows/mf_test.res programs/winetest/i386-windows/mfmediaengine_test.res \
  programs/winetest/i386-windows/mfplat_test.res programs/winetest/i386-windows/mfplay_test.res \
  programs/winetest/i386-windows/mfreadwrite_test.res \
  programs/winetest/i386-windows/mfsrcsnk_test.res programs/winetest/i386-windows/mlang_test.res \
  programs/winetest/i386-windows/mmcndmgr_test.res programs/winetest/i386-windows/mmdevapi_test.res \
  programs/winetest/i386-windows/mp3dmod_test.res programs/winetest/i386-windows/mpr_test.res \
  programs/winetest/i386-windows/msacm32_test.res programs/winetest/i386-windows/msado15_test.res \
  programs/winetest/i386-windows/msasn1_test.res programs/winetest/i386-windows/mscms_test.res \
  programs/winetest/i386-windows/mscoree_test.res programs/winetest/i386-windows/msctf_test.res \
  programs/winetest/i386-windows/msdasql_test.res programs/winetest/i386-windows/msdmo_test.res \
  programs/winetest/i386-windows/msftedit_test.res programs/winetest/i386-windows/mshtml_test.res \
  programs/winetest/i386-windows/msi_test.res programs/winetest/i386-windows/mspatcha_test.res \
  programs/winetest/i386-windows/msrle32_test.res \
  programs/winetest/i386-windows/msscript.ocx_test.res \
  programs/winetest/i386-windows/mstask_test.res programs/winetest/i386-windows/msvcirt_test.res \
  programs/winetest/i386-windows/msvcp100_test.res programs/winetest/i386-windows/msvcp110_test.res \
  programs/winetest/i386-windows/msvcp120_test.res programs/winetest/i386-windows/msvcp140_test.res \
  programs/winetest/i386-windows/msvcp140_1_test.res \
  programs/winetest/i386-windows/msvcp140_2_test.res \
  programs/winetest/i386-windows/msvcp140_atomic_wait_test.res \
  programs/winetest/i386-windows/msvcp60_test.res programs/winetest/i386-windows/msvcp90_test.res \
  programs/winetest/i386-windows/msvcr100_test.res programs/winetest/i386-windows/msvcr110_test.res \
  programs/winetest/i386-windows/msvcr120_test.res programs/winetest/i386-windows/msvcr70_test.res \
  programs/winetest/i386-windows/msvcr71_test.res programs/winetest/i386-windows/msvcr80_test.res \
  programs/winetest/i386-windows/msvcr90_test.res programs/winetest/i386-windows/msvcrt_test.res \
  programs/winetest/i386-windows/msvcrtd_test.res programs/winetest/i386-windows/msvfw32_test.res \
  programs/winetest/i386-windows/msxml3_test.res programs/winetest/i386-windows/msxml4_test.res \
  programs/winetest/i386-windows/msxml6_test.res programs/winetest/i386-windows/ncrypt_test.res \
  programs/winetest/i386-windows/ndis.sys_test.res programs/winetest/i386-windows/netapi32_test.res \
  programs/winetest/i386-windows/netcfgx_test.res programs/winetest/i386-windows/netprofm_test.res \
  programs/winetest/i386-windows/ninput_test.res programs/winetest/i386-windows/nsi_test.res \
  programs/winetest/i386-windows/ntdll_test.res programs/winetest/i386-windows/ntdsapi_test.res \
  programs/winetest/i386-windows/ntoskrnl.exe_test.res \
  programs/winetest/i386-windows/ntprint_test.res programs/winetest/i386-windows/odbc32_test.res \
  programs/winetest/i386-windows/odbccp32_test.res programs/winetest/i386-windows/ole32_test.res \
  programs/winetest/i386-windows/oleacc_test.res programs/winetest/i386-windows/oleaut32_test.res \
  programs/winetest/i386-windows/oledb32_test.res programs/winetest/i386-windows/oledlg_test.res \
  programs/winetest/i386-windows/opcservices_test.res \
  programs/winetest/i386-windows/opengl32_test.res programs/winetest/i386-windows/packager_test.res \
  programs/winetest/i386-windows/pdh_test.res programs/winetest/i386-windows/prntvpt_test.res \
  programs/winetest/i386-windows/propsys_test.res programs/winetest/i386-windows/psapi_test.res \
  programs/winetest/i386-windows/pstorec_test.res programs/winetest/i386-windows/qasf_test.res \
  programs/winetest/i386-windows/qcap_test.res programs/winetest/i386-windows/qdvd_test.res \
  programs/winetest/i386-windows/qedit_test.res programs/winetest/i386-windows/qmgr_test.res \
  programs/winetest/i386-windows/quartz_test.res programs/winetest/i386-windows/qwave_test.res \
  programs/winetest/i386-windows/rasapi32_test.res programs/winetest/i386-windows/riched20_test.res \
  programs/winetest/i386-windows/riched32_test.res \
  programs/winetest/i386-windows/rometadata_test.res programs/winetest/i386-windows/rpcrt4_test.res \
  programs/winetest/i386-windows/rsaenh_test.res programs/winetest/i386-windows/rtworkq_test.res \
  programs/winetest/i386-windows/sapi_test.res programs/winetest/i386-windows/schannel_test.res \
  programs/winetest/i386-windows/schedsvc_test.res programs/winetest/i386-windows/scrobj_test.res \
  programs/winetest/i386-windows/scrrun_test.res programs/winetest/i386-windows/secur32_test.res \
  programs/winetest/i386-windows/serialui_test.res programs/winetest/i386-windows/setupapi_test.res \
  programs/winetest/i386-windows/shcore_test.res programs/winetest/i386-windows/shdocvw_test.res \
  programs/winetest/i386-windows/shell32_test.res programs/winetest/i386-windows/shlwapi_test.res \
  programs/winetest/i386-windows/slc_test.res programs/winetest/i386-windows/snmpapi_test.res \
  programs/winetest/i386-windows/spoolss_test.res programs/winetest/i386-windows/sti_test.res \
  programs/winetest/i386-windows/sxs_test.res programs/winetest/i386-windows/t2embed_test.res \
  programs/winetest/i386-windows/tapi32_test.res programs/winetest/i386-windows/taskschd_test.res \
  programs/winetest/i386-windows/tdh_test.res \
  programs/winetest/i386-windows/threadpoolwinrt_test.res \
  programs/winetest/i386-windows/thumbcache_test.res \
  programs/winetest/i386-windows/twain_32_test.res \
  programs/winetest/i386-windows/twinapi.appcore_test.res \
  programs/winetest/i386-windows/ucrtbase_test.res \
  programs/winetest/i386-windows/uianimation_test.res \
  programs/winetest/i386-windows/uiautomationcore_test.res \
  programs/winetest/i386-windows/urlmon_test.res programs/winetest/i386-windows/user32_test.res \
  programs/winetest/i386-windows/userenv_test.res programs/winetest/i386-windows/usp10_test.res \
  programs/winetest/i386-windows/uxtheme_test.res programs/winetest/i386-windows/vbscript_test.res \
  programs/winetest/i386-windows/vccorlib140_test.res programs/winetest/i386-windows/vcomp_test.res \
  programs/winetest/i386-windows/vcomp110_test.res programs/winetest/i386-windows/version_test.res \
  programs/winetest/i386-windows/virtdisk_test.res programs/winetest/i386-windows/vulkan-1_test.res \
  programs/winetest/i386-windows/wbemdisp_test.res programs/winetest/i386-windows/wbemprox_test.res \
  programs/winetest/i386-windows/webservices_test.res programs/winetest/i386-windows/wer_test.res \
  programs/winetest/i386-windows/wevtapi_test.res programs/winetest/i386-windows/wiaservc_test.res \
  programs/winetest/i386-windows/win32u_test.res \
  programs/winetest/i386-windows/windows.applicationmodel_test.res \
  programs/winetest/i386-windows/windows.devices.bluetooth_test.res \
  programs/winetest/i386-windows/windows.devices.enumeration_test.res \
  programs/winetest/i386-windows/windows.devices.radios_test.res \
  programs/winetest/i386-windows/windows.devices.usb_test.res \
  programs/winetest/i386-windows/windows.gaming.input_test.res \
  programs/winetest/i386-windows/windows.gaming.ui.gamebar_test.res \
  programs/winetest/i386-windows/windows.globalization_test.res \
  programs/winetest/i386-windows/windows.graphics_test.res \
  programs/winetest/i386-windows/windows.media.devices_test.res \
  programs/winetest/i386-windows/windows.media.mediacontrol_test.res \
  programs/winetest/i386-windows/windows.media.playback.backgroundmediaplayer_test.res \
  programs/winetest/i386-windows/windows.media.playback.mediaplayer_test.res \
  programs/winetest/i386-windows/windows.media.speech_test.res \
  programs/winetest/i386-windows/windows.media_test.res \
  programs/winetest/i386-windows/windows.networking.connectivity_test.res \
  programs/winetest/i386-windows/windows.networking.hostname_test.res \
  programs/winetest/i386-windows/windows.perception.stub_test.res \
  programs/winetest/i386-windows/windows.security.authentication.onlineid_test.res \
  programs/winetest/i386-windows/windows.security.credentials.ui.userconsentverifier_test.res \
  programs/winetest/i386-windows/windows.storage.applicationdata_test.res \
  programs/winetest/i386-windows/windows.storage_test.res \
  programs/winetest/i386-windows/windows.system.profile.systemid_test.res \
  programs/winetest/i386-windows/windows.system.profile.systemmanufacturers_test.res \
  programs/winetest/i386-windows/windows.ui.core.textinput_test.res \
  programs/winetest/i386-windows/windows.ui.xaml_test.res \
  programs/winetest/i386-windows/windows.ui_test.res \
  programs/winetest/i386-windows/windows.web_test.res \
  programs/winetest/i386-windows/windowscodecs_test.res \
  programs/winetest/i386-windows/windowscodecsext_test.res \
  programs/winetest/i386-windows/wing32_test.res programs/winetest/i386-windows/winhttp_test.res \
  programs/winetest/i386-windows/wininet_test.res programs/winetest/i386-windows/winmm_test.res \
  programs/winetest/i386-windows/winscard_test.res \
  programs/winetest/i386-windows/winspool.drv_test.res \
  programs/winetest/i386-windows/winsqlite3_test.res \
  programs/winetest/i386-windows/wintab32_test.res programs/winetest/i386-windows/wintrust_test.res \
  programs/winetest/i386-windows/wintypes_test.res programs/winetest/i386-windows/wlanapi_test.res \
  programs/winetest/i386-windows/wldap32_test.res programs/winetest/i386-windows/wldp_test.res \
  programs/winetest/i386-windows/wmiutils_test.res programs/winetest/i386-windows/wmp_test.res \
  programs/winetest/i386-windows/wmvcore_test.res programs/winetest/i386-windows/wpc_test.res \
  programs/winetest/i386-windows/wpcap_test.res programs/winetest/i386-windows/ws2_32_test.res \
  programs/winetest/i386-windows/wsdapi_test.res programs/winetest/i386-windows/wshom.ocx_test.res \
  programs/winetest/i386-windows/wsnmp32_test.res programs/winetest/i386-windows/wtsapi32_test.res \
  programs/winetest/i386-windows/xactengine3_7_test.res \
  programs/winetest/i386-windows/xaudio2_7_test.res \
  programs/winetest/i386-windows/xaudio2_8_test.res \
  programs/winetest/i386-windows/xinput1_3_test.res programs/winetest/i386-windows/xmllite_test.res \
  programs/winetest/i386-windows/cmd.exe_test.res \
  programs/winetest/i386-windows/explorer.exe_test.res \
  programs/winetest/i386-windows/fc.exe_test.res programs/winetest/i386-windows/find.exe_test.res \
  programs/winetest/i386-windows/findstr.exe_test.res \
  programs/winetest/i386-windows/fsutil.exe_test.res programs/winetest/i386-windows/net.exe_test.res \
  programs/winetest/i386-windows/reg.exe_test.res \
  programs/winetest/i386-windows/regedit.exe_test.res programs/winetest/i386-windows/sc.exe_test.res \
  programs/winetest/i386-windows/schtasks.exe_test.res \
  programs/winetest/i386-windows/tasklist.exe_test.res \
  programs/winetest/i386-windows/timeout.exe_test.res \
  programs/winetest/i386-windows/wscript.exe_test.res \
  programs/winetest/i386-windows/xcopy.exe_test.res libs/uuid/i386-windows/libuuid.a \
  dlls/comctl32/i386-windows/libcomctl32.a dlls/version/i386-windows/libversion.a \
  dlls/user32/i386-windows/libuser32.a dlls/gdi32/i386-windows/libgdi32.a \
  dlls/advapi32/i386-windows/libadvapi32.a dlls/wsock32/i386-windows/libwsock32.a \
  dlls/ole32/i386-windows/libole32.delay.a libs/winecrt0/i386-windows/libwinecrt0.a \
  libs/compiler-rt/i386-windows/libcompiler-rt.a dlls/msvcrt/i386-windows/libmsvcrt.a \
  dlls/kernel32/i386-windows/libkernel32.a dlls/ntdll/i386-windows/libntdll.a -Wl,--disable-stdcall-fixup -Wl,--build-id
tools/winegcc/winegcc -o programs/winetest/x86_64-windows/winetest.exe --wine-objdir . --cc-cmd="x86_64-w64-mingw32-gcc" -b x86_64-w64-mingw32 \
  -Wl,--wine-builtin -mconsole programs/winetest/x86_64-windows/gui.o \
  programs/winetest/x86_64-windows/main.o programs/winetest/x86_64-windows/send.o \
  programs/winetest/x86_64-windows/util.o programs/winetest/winetest.res programs/winetest/build.res \
  programs/winetest/x86_64-windows/activeds_test.res \
  programs/winetest/x86_64-windows/adsldp_test.res \
  programs/winetest/x86_64-windows/advapi32_test.res \
  programs/winetest/x86_64-windows/advpack_test.res \
  programs/winetest/x86_64-windows/amstream_test.res \
  programs/winetest/x86_64-windows/apphelp_test.res programs/winetest/x86_64-windows/atl_test.res \
  programs/winetest/x86_64-windows/atl100_test.res programs/winetest/x86_64-windows/atl110_test.res \
  programs/winetest/x86_64-windows/atl80_test.res programs/winetest/x86_64-windows/atlthunk_test.res \
  programs/winetest/x86_64-windows/avifil32_test.res \
  programs/winetest/x86_64-windows/bcp47langs_test.res \
  programs/winetest/x86_64-windows/bcrypt_test.res \
  programs/winetest/x86_64-windows/bluetoothapis_test.res \
  programs/winetest/x86_64-windows/browseui_test.res \
  programs/winetest/x86_64-windows/cabinet_test.res \
  programs/winetest/x86_64-windows/cfgmgr32_test.res \
  programs/winetest/x86_64-windows/combase_test.res programs/winetest/x86_64-windows/comcat_test.res \
  programs/winetest/x86_64-windows/comctl32_test.res \
  programs/winetest/x86_64-windows/comdlg32_test.res \
  programs/winetest/x86_64-windows/compstui_test.res \
  programs/winetest/x86_64-windows/comsvcs_test.res \
  programs/winetest/x86_64-windows/concrt140_test.res \
  programs/winetest/x86_64-windows/coremessaging_test.res \
  programs/winetest/x86_64-windows/credui_test.res programs/winetest/x86_64-windows/crypt32_test.res \
  programs/winetest/x86_64-windows/cryptext_test.res \
  programs/winetest/x86_64-windows/cryptnet_test.res \
  programs/winetest/x86_64-windows/cryptowinrt_test.res \
  programs/winetest/x86_64-windows/cryptui_test.res \
  programs/winetest/x86_64-windows/cryptxml_test.res programs/winetest/x86_64-windows/d2d1_test.res \
  programs/winetest/x86_64-windows/d3d10_test.res programs/winetest/x86_64-windows/d3d10_1_test.res \
  programs/winetest/x86_64-windows/d3d10core_test.res \
  programs/winetest/x86_64-windows/d3d11_test.res programs/winetest/x86_64-windows/d3d12_test.res \
  programs/winetest/x86_64-windows/d3d9_test.res \
  programs/winetest/x86_64-windows/d3dcompiler_42_test.res \
  programs/winetest/x86_64-windows/d3dcompiler_43_test.res \
  programs/winetest/x86_64-windows/d3dcompiler_46_test.res \
  programs/winetest/x86_64-windows/d3dcompiler_47_test.res \
  programs/winetest/x86_64-windows/d3drm_test.res \
  programs/winetest/x86_64-windows/d3dx10_33_test.res \
  programs/winetest/x86_64-windows/d3dx10_34_test.res \
  programs/winetest/x86_64-windows/d3dx10_35_test.res \
  programs/winetest/x86_64-windows/d3dx10_36_test.res \
  programs/winetest/x86_64-windows/d3dx10_37_test.res \
  programs/winetest/x86_64-windows/d3dx10_38_test.res \
  programs/winetest/x86_64-windows/d3dx10_39_test.res \
  programs/winetest/x86_64-windows/d3dx10_40_test.res \
  programs/winetest/x86_64-windows/d3dx10_41_test.res \
  programs/winetest/x86_64-windows/d3dx10_42_test.res \
  programs/winetest/x86_64-windows/d3dx10_43_test.res \
  programs/winetest/x86_64-windows/d3dx11_42_test.res \
  programs/winetest/x86_64-windows/d3dx11_43_test.res \
  programs/winetest/x86_64-windows/d3dx9_35_test.res \
  programs/winetest/x86_64-windows/d3dx9_36_test.res \
  programs/winetest/x86_64-windows/d3dx9_42_test.res \
  programs/winetest/x86_64-windows/d3dx9_43_test.res \
  programs/winetest/x86_64-windows/d3dxof_test.res \
  programs/winetest/x86_64-windows/dataexchange_test.res \
  programs/winetest/x86_64-windows/dbgeng_test.res programs/winetest/x86_64-windows/dbghelp_test.res \
  programs/winetest/x86_64-windows/ddraw_test.res programs/winetest/x86_64-windows/ddrawex_test.res \
  programs/winetest/x86_64-windows/devenum_test.res \
  programs/winetest/x86_64-windows/dhcpcsvc_test.res \
  programs/winetest/x86_64-windows/dinput_test.res \
  programs/winetest/x86_64-windows/directmanipulation_test.res \
  programs/winetest/x86_64-windows/dispex_test.res \
  programs/winetest/x86_64-windows/dmloader_test.res \
  programs/winetest/x86_64-windows/dmsynth_test.res programs/winetest/x86_64-windows/dmusic_test.res \
  programs/winetest/x86_64-windows/dnsapi_test.res programs/winetest/x86_64-windows/dpnet_test.res \
  programs/winetest/x86_64-windows/dpvoice_test.res programs/winetest/x86_64-windows/dsdmo_test.res \
  programs/winetest/x86_64-windows/dsound_test.res programs/winetest/x86_64-windows/dssenh_test.res \
  programs/winetest/x86_64-windows/dswave_test.res programs/winetest/x86_64-windows/dwmapi_test.res \
  programs/winetest/x86_64-windows/dwrite_test.res programs/winetest/x86_64-windows/dxcore_test.res \
  programs/winetest/x86_64-windows/dxdiagn_test.res programs/winetest/x86_64-windows/dxgi_test.res \
  programs/winetest/x86_64-windows/dxva2_test.res programs/winetest/x86_64-windows/evr_test.res \
  programs/winetest/x86_64-windows/explorerframe_test.res \
  programs/winetest/x86_64-windows/faultrep_test.res \
  programs/winetest/x86_64-windows/fusion_test.res programs/winetest/x86_64-windows/gameux_test.res \
  programs/winetest/x86_64-windows/gdi32_test.res programs/winetest/x86_64-windows/gdiplus_test.res \
  programs/winetest/x86_64-windows/geolocation_test.res \
  programs/winetest/x86_64-windows/glu32_test.res \
  programs/winetest/x86_64-windows/graphicscapture_test.res \
  programs/winetest/x86_64-windows/hid_test.res programs/winetest/x86_64-windows/hlink_test.res \
  programs/winetest/x86_64-windows/hnetcfg_test.res \
  programs/winetest/x86_64-windows/httpapi_test.res \
  programs/winetest/x86_64-windows/hvsimanagementapi_test.res \
  programs/winetest/x86_64-windows/icmui_test.res programs/winetest/x86_64-windows/icu_test.res \
  programs/winetest/x86_64-windows/ieframe_test.res \
  programs/winetest/x86_64-windows/iertutil_test.res \
  programs/winetest/x86_64-windows/imagehlp_test.res programs/winetest/x86_64-windows/imm32_test.res \
  programs/winetest/x86_64-windows/inetcomm_test.res \
  programs/winetest/x86_64-windows/inetmib1_test.res \
  programs/winetest/x86_64-windows/infosoft_test.res \
  programs/winetest/x86_64-windows/iphlpapi_test.res \
  programs/winetest/x86_64-windows/ir50_32_test.res programs/winetest/x86_64-windows/itss_test.res \
  programs/winetest/x86_64-windows/iyuv_32_test.res \
  programs/winetest/x86_64-windows/jscript_test.res \
  programs/winetest/x86_64-windows/jsproxy_test.res \
  programs/winetest/x86_64-windows/kernel32_test.res \
  programs/winetest/x86_64-windows/kernelbase_test.res \
  programs/winetest/x86_64-windows/localspl_test.res \
  programs/winetest/x86_64-windows/localui_test.res programs/winetest/x86_64-windows/lz32_test.res \
  programs/winetest/x86_64-windows/mapi32_test.res programs/winetest/x86_64-windows/mf_test.res \
  programs/winetest/x86_64-windows/mfmediaengine_test.res \
  programs/winetest/x86_64-windows/mfplat_test.res programs/winetest/x86_64-windows/mfplay_test.res \
  programs/winetest/x86_64-windows/mfreadwrite_test.res \
  programs/winetest/x86_64-windows/mfsrcsnk_test.res programs/winetest/x86_64-windows/mlang_test.res \
  programs/winetest/x86_64-windows/mmcndmgr_test.res \
  programs/winetest/x86_64-windows/mmdevapi_test.res \
  programs/winetest/x86_64-windows/mp3dmod_test.res programs/winetest/x86_64-windows/mpr_test.res \
  programs/winetest/x86_64-windows/msacm32_test.res \
  programs/winetest/x86_64-windows/msado15_test.res programs/winetest/x86_64-windows/msasn1_test.res \
  programs/winetest/x86_64-windows/mscms_test.res programs/winetest/x86_64-windows/mscoree_test.res \
  programs/winetest/x86_64-windows/msctf_test.res programs/winetest/x86_64-windows/msdasql_test.res \
  programs/winetest/x86_64-windows/msdmo_test.res programs/winetest/x86_64-windows/msftedit_test.res \
  programs/winetest/x86_64-windows/mshtml_test.res programs/winetest/x86_64-windows/msi_test.res \
  programs/winetest/x86_64-windows/mspatcha_test.res \
  programs/winetest/x86_64-windows/msrle32_test.res programs/winetest/x86_64-windows/mstask_test.res \
  programs/winetest/x86_64-windows/msvcirt_test.res \
  programs/winetest/x86_64-windows/msvcp100_test.res \
  programs/winetest/x86_64-windows/msvcp110_test.res \
  programs/winetest/x86_64-windows/msvcp120_test.res \
  programs/winetest/x86_64-windows/msvcp140_test.res \
  programs/winetest/x86_64-windows/msvcp140_1_test.res \
  programs/winetest/x86_64-windows/msvcp140_2_test.res \
  programs/winetest/x86_64-windows/msvcp140_atomic_wait_test.res \
  programs/winetest/x86_64-windows/msvcp60_test.res \
  programs/winetest/x86_64-windows/msvcp90_test.res \
  programs/winetest/x86_64-windows/msvcr100_test.res \
  programs/winetest/x86_64-windows/msvcr110_test.res \
  programs/winetest/x86_64-windows/msvcr120_test.res \
  programs/winetest/x86_64-windows/msvcr80_test.res \
  programs/winetest/x86_64-windows/msvcr90_test.res programs/winetest/x86_64-windows/msvcrt_test.res \
  programs/winetest/x86_64-windows/msvfw32_test.res programs/winetest/x86_64-windows/msxml3_test.res \
  programs/winetest/x86_64-windows/msxml4_test.res programs/winetest/x86_64-windows/msxml6_test.res \
  programs/winetest/x86_64-windows/ncrypt_test.res \
  programs/winetest/x86_64-windows/ndis.sys_test.res \
  programs/winetest/x86_64-windows/netapi32_test.res \
  programs/winetest/x86_64-windows/netcfgx_test.res \
  programs/winetest/x86_64-windows/netprofm_test.res \
  programs/winetest/x86_64-windows/ninput_test.res programs/winetest/x86_64-windows/nsi_test.res \
  programs/winetest/x86_64-windows/ntdll_test.res programs/winetest/x86_64-windows/ntdsapi_test.res \
  programs/winetest/x86_64-windows/ntoskrnl.exe_test.res \
  programs/winetest/x86_64-windows/ntprint_test.res programs/winetest/x86_64-windows/odbc32_test.res \
  programs/winetest/x86_64-windows/odbccp32_test.res programs/winetest/x86_64-windows/ole32_test.res \
  programs/winetest/x86_64-windows/oleacc_test.res \
  programs/winetest/x86_64-windows/oleaut32_test.res \
  programs/winetest/x86_64-windows/oledb32_test.res programs/winetest/x86_64-windows/oledlg_test.res \
  programs/winetest/x86_64-windows/opcservices_test.res \
  programs/winetest/x86_64-windows/opengl32_test.res \
  programs/winetest/x86_64-windows/packager_test.res programs/winetest/x86_64-windows/pdh_test.res \
  programs/winetest/x86_64-windows/prntvpt_test.res \
  programs/winetest/x86_64-windows/propsys_test.res programs/winetest/x86_64-windows/psapi_test.res \
  programs/winetest/x86_64-windows/pstorec_test.res programs/winetest/x86_64-windows/qasf_test.res \
  programs/winetest/x86_64-windows/qcap_test.res programs/winetest/x86_64-windows/qdvd_test.res \
  programs/winetest/x86_64-windows/qedit_test.res programs/winetest/x86_64-windows/qmgr_test.res \
  programs/winetest/x86_64-windows/quartz_test.res programs/winetest/x86_64-windows/qwave_test.res \
  programs/winetest/x86_64-windows/rasapi32_test.res \
  programs/winetest/x86_64-windows/riched20_test.res \
  programs/winetest/x86_64-windows/riched32_test.res \
  programs/winetest/x86_64-windows/rometadata_test.res \
  programs/winetest/x86_64-windows/rpcrt4_test.res programs/winetest/x86_64-windows/rsaenh_test.res \
  programs/winetest/x86_64-windows/rtworkq_test.res programs/winetest/x86_64-windows/sapi_test.res \
  programs/winetest/x86_64-windows/schannel_test.res \
  programs/winetest/x86_64-windows/schedsvc_test.res \
  programs/winetest/x86_64-windows/scrobj_test.res programs/winetest/x86_64-windows/scrrun_test.res \
  programs/winetest/x86_64-windows/secur32_test.res \
  programs/winetest/x86_64-windows/serialui_test.res \
  programs/winetest/x86_64-windows/setupapi_test.res \
  programs/winetest/x86_64-windows/shcore_test.res programs/winetest/x86_64-windows/shdocvw_test.res \
  programs/winetest/x86_64-windows/shell32_test.res \
  programs/winetest/x86_64-windows/shlwapi_test.res programs/winetest/x86_64-windows/slc_test.res \
  programs/winetest/x86_64-windows/snmpapi_test.res \
  programs/winetest/x86_64-windows/spoolss_test.res programs/winetest/x86_64-windows/sti_test.res \
  programs/winetest/x86_64-windows/sxs_test.res programs/winetest/x86_64-windows/t2embed_test.res \
  programs/winetest/x86_64-windows/tapi32_test.res \
  programs/winetest/x86_64-windows/taskschd_test.res programs/winetest/x86_64-windows/tdh_test.res \
  programs/winetest/x86_64-windows/threadpoolwinrt_test.res \
  programs/winetest/x86_64-windows/thumbcache_test.res \
  programs/winetest/x86_64-windows/twinapi.appcore_test.res \
  programs/winetest/x86_64-windows/ucrtbase_test.res \
  programs/winetest/x86_64-windows/uianimation_test.res \
  programs/winetest/x86_64-windows/uiautomationcore_test.res \
  programs/winetest/x86_64-windows/urlmon_test.res programs/winetest/x86_64-windows/user32_test.res \
  programs/winetest/x86_64-windows/userenv_test.res programs/winetest/x86_64-windows/usp10_test.res \
  programs/winetest/x86_64-windows/uxtheme_test.res \
  programs/winetest/x86_64-windows/vbscript_test.res \
  programs/winetest/x86_64-windows/vccorlib140_test.res \
  programs/winetest/x86_64-windows/vcomp_test.res programs/winetest/x86_64-windows/vcomp110_test.res \
  programs/winetest/x86_64-windows/version_test.res \
  programs/winetest/x86_64-windows/virtdisk_test.res \
  programs/winetest/x86_64-windows/vulkan-1_test.res \
  programs/winetest/x86_64-windows/wbemdisp_test.res \
  programs/winetest/x86_64-windows/wbemprox_test.res \
  programs/winetest/x86_64-windows/webservices_test.res \
  programs/winetest/x86_64-windows/wer_test.res programs/winetest/x86_64-windows/wevtapi_test.res \
  programs/winetest/x86_64-windows/wiaservc_test.res \
  programs/winetest/x86_64-windows/win32u_test.res \
  programs/winetest/x86_64-windows/windows.applicationmodel_test.res \
  programs/winetest/x86_64-windows/windows.devices.bluetooth_test.res \
  programs/winetest/x86_64-windows/windows.devices.enumeration_test.res \
  programs/winetest/x86_64-windows/windows.devices.radios_test.res \
  programs/winetest/x86_64-windows/windows.devices.usb_test.res \
  programs/winetest/x86_64-windows/windows.gaming.input_test.res \
  programs/winetest/x86_64-windows/windows.gaming.ui.gamebar_test.res \
  programs/winetest/x86_64-windows/windows.globalization_test.res \
  programs/winetest/x86_64-windows/windows.graphics_test.res \
  programs/winetest/x86_64-windows/windows.media.devices_test.res \
  programs/winetest/x86_64-windows/windows.media.mediacontrol_test.res \
  programs/winetest/x86_64-windows/windows.media.playback.backgroundmediaplayer_test.res \
  programs/winetest/x86_64-windows/windows.media.playback.mediaplayer_test.res \
  programs/winetest/x86_64-windows/windows.media.speech_test.res \
  programs/winetest/x86_64-windows/windows.media_test.res \
  programs/winetest/x86_64-windows/windows.networking.connectivity_test.res \
  programs/winetest/x86_64-windows/windows.networking.hostname_test.res \
  programs/winetest/x86_64-windows/windows.perception.stub_test.res \
  programs/winetest/x86_64-windows/windows.security.authentication.onlineid_test.res \
  programs/winetest/x86_64-windows/windows.security.credentials.ui.userconsentverifier_test.res \
  programs/winetest/x86_64-windows/windows.storage.applicationdata_test.res \
  programs/winetest/x86_64-windows/windows.storage_test.res \
  programs/winetest/x86_64-windows/windows.system.profile.systemid_test.res \
  programs/winetest/x86_64-windows/windows.system.profile.systemmanufacturers_test.res \
  programs/winetest/x86_64-windows/windows.ui.core.textinput_test.res \
  programs/winetest/x86_64-windows/windows.ui.xaml_test.res \
  programs/winetest/x86_64-windows/windows.ui_test.res \
  programs/winetest/x86_64-windows/windows.web_test.res \
  programs/winetest/x86_64-windows/windowscodecs_test.res \
  programs/winetest/x86_64-windows/windowscodecsext_test.res \
  programs/winetest/x86_64-windows/wing32_test.res programs/winetest/x86_64-windows/winhttp_test.res \
  programs/winetest/x86_64-windows/wininet_test.res programs/winetest/x86_64-windows/winmm_test.res \
  programs/winetest/x86_64-windows/winscard_test.res \
  programs/winetest/x86_64-windows/winspool.drv_test.res \
  programs/winetest/x86_64-windows/winsqlite3_test.res \
  programs/winetest/x86_64-windows/wintab32_test.res \
  programs/winetest/x86_64-windows/wintrust_test.res \
  programs/winetest/x86_64-windows/wintypes_test.res \
  programs/winetest/x86_64-windows/wlanapi_test.res \
  programs/winetest/x86_64-windows/wldap32_test.res programs/winetest/x86_64-windows/wldp_test.res \
  programs/winetest/x86_64-windows/wmiutils_test.res programs/winetest/x86_64-windows/wmp_test.res \
  programs/winetest/x86_64-windows/wmvcore_test.res programs/winetest/x86_64-windows/wpc_test.res \
  programs/winetest/x86_64-windows/wpcap_test.res programs/winetest/x86_64-windows/ws2_32_test.res \
  programs/winetest/x86_64-windows/wsdapi_test.res \
  programs/winetest/x86_64-windows/wshom.ocx_test.res \
  programs/winetest/x86_64-windows/wsnmp32_test.res \
  programs/winetest/x86_64-windows/wtsapi32_test.res \
  programs/winetest/x86_64-windows/xactengine3_7_test.res \
  programs/winetest/x86_64-windows/xaudio2_7_test.res \
  programs/winetest/x86_64-windows/xaudio2_8_test.res \
  programs/winetest/x86_64-windows/xinput1_3_test.res \
  programs/winetest/x86_64-windows/xmllite_test.res \
  programs/winetest/x86_64-windows/cmd.exe_test.res \
  programs/winetest/x86_64-windows/conhost.exe_test.res \
  programs/winetest/x86_64-windows/explorer.exe_test.res \
  programs/winetest/x86_64-windows/fc.exe_test.res \
  programs/winetest/x86_64-windows/find.exe_test.res \
  programs/winetest/x86_64-windows/findstr.exe_test.res \
  programs/winetest/x86_64-windows/fsutil.exe_test.res \
  programs/winetest/x86_64-windows/net.exe_test.res \
  programs/winetest/x86_64-windows/reg.exe_test.res \
  programs/winetest/x86_64-windows/regedit.exe_test.res \
  programs/winetest/x86_64-windows/sc.exe_test.res \
  programs/winetest/x86_64-windows/schtasks.exe_test.res \
  programs/winetest/x86_64-windows/services.exe_test.res \
  programs/winetest/x86_64-windows/tasklist.exe_test.res \
  programs/winetest/x86_64-windows/timeout.exe_test.res \
  programs/winetest/x86_64-windows/wscript.exe_test.res \
  programs/winetest/x86_64-windows/xcopy.exe_test.res libs/uuid/x86_64-windows/libuuid.a \
  dlls/comctl32/x86_64-windows/libcomctl32.a dlls/version/x86_64-windows/libversion.a \
  dlls/user32/x86_64-windows/libuser32.a dlls/gdi32/x86_64-windows/libgdi32.a \
  dlls/advapi32/x86_64-windows/libadvapi32.a dlls/wsock32/x86_64-windows/libwsock32.a \
  dlls/ole32/x86_64-windows/libole32.delay.a libs/winecrt0/x86_64-windows/libwinecrt0.a \
  libs/compiler-rt/x86_64-windows/libcompiler-rt.a dlls/msvcrt/x86_64-windows/libmsvcrt.a \
  dlls/kernel32/x86_64-windows/libkernel32.a dlls/ntdll/x86_64-windows/libntdll.a -Wl,--build-id
tools/winegcc/winegcc -o dlls/uiautomationcore/i386-windows/uiautomationcore.dll --wine-objdir . --cc-cmd="i686-w64-mingw32-gcc" -b i686-w64-mingw32 \
  -Wl,--wine-builtin -shared dlls/uiautomationcore/uiautomationcore.spec \
  dlls/uiautomationcore/i386-windows/uia_client.o \
  dlls/uiautomationcore/i386-windows/uia_com_client.o dlls/uiautomationcore/i386-windows/uia_event.o \
  dlls/uiautomationcore/i386-windows/uia_ids.o dlls/uiautomationcore/i386-windows/uia_main.o \
  dlls/uiautomationcore/i386-windows/uia_provider.o dlls/uiautomationcore/i386-windows/uia_utils.o \
  dlls/uiautomationcore/i386-windows/uia_classes_t.res \
  dlls/uiautomationcore/i386-windows/uia_classes_client_t.res \
  dlls/uiautomationcore/i386-windows/uia_classes_core_t.res libs/uuid/i386-windows/libuuid.a \
  dlls/ole32/i386-windows/libole32.a dlls/oleaut32/i386-windows/liboleaut32.a \
  dlls/user32/i386-windows/libuser32.a dlls/oleacc/i386-windows/liboleacc.a \
  libs/winecrt0/i386-windows/libwinecrt0.a libs/compiler-rt/i386-windows/libcompiler-rt.a \
  dlls/ucrtbase/i386-windows/libucrtbase.a dlls/kernel32/i386-windows/libkernel32.a \
  dlls/ntdll/i386-windows/libntdll.a -Wl,--disable-stdcall-fixup -Wl,--build-id
tools/winegcc/winegcc -o dlls/uiautomationcore/x86_64-windows/uiautomationcore.dll --wine-objdir . --cc-cmd="x86_64-w64-mingw32-gcc" -b x86_64-w64-mingw32 \
  -Wl,--wine-builtin -shared dlls/uiautomationcore/uiautomationcore.spec \
  dlls/uiautomationcore/x86_64-windows/uia_client.o \
  dlls/uiautomationcore/x86_64-windows/uia_com_client.o \
  dlls/uiautomationcore/x86_64-windows/uia_event.o dlls/uiautomationcore/x86_64-windows/uia_ids.o \
  dlls/uiautomationcore/x86_64-windows/uia_main.o \
  dlls/uiautomationcore/x86_64-windows/uia_provider.o \
  dlls/uiautomationcore/x86_64-windows/uia_utils.o \
  dlls/uiautomationcore/x86_64-windows/uia_classes_t.res \
  dlls/uiautomationcore/x86_64-windows/uia_classes_client_t.res \
  dlls/uiautomationcore/x86_64-windows/uia_classes_core_t.res libs/uuid/x86_64-windows/libuuid.a \
  dlls/ole32/x86_64-windows/libole32.a dlls/oleaut32/x86_64-windows/liboleaut32.a \
  dlls/user32/x86_64-windows/libuser32.a dlls/oleacc/x86_64-windows/liboleacc.a \
  libs/winecrt0/x86_64-windows/libwinecrt0.a libs/compiler-rt/x86_64-windows/libcompiler-rt.a \
  dlls/ucrtbase/x86_64-windows/libucrtbase.a dlls/kernel32/x86_64-windows/libkernel32.a \
  dlls/ntdll/x86_64-windows/libntdll.a -Wl,--build-id
Wine build complete.
tools/install -m 644 \
  --strip-program="tools/winebuild/winebuild --builtin --strip-cmd=i686-w64-mingw32-strip" \
   -t /home/asdf/projects/solidedge-wine-main/wine-install/lib/wine/i386-windows \
  dlls/acledit/i386-windows/acledit.dll dlls/aclui/i386-windows/aclui.dll \
  dlls/activeds/i386-windows/activeds.dll dlls/actxprxy/i386-windows/actxprxy.dll \
  dlls/adsldp/i386-windows/adsldp.dll dlls/adsldpc/i386-windows/adsldpc.dll \
  dlls/advapi32/i386-windows/advapi32.dll dlls/advpack/i386-windows/advpack.dll \
  dlls/amsi/i386-windows/amsi.dll dlls/amstream/i386-windows/amstream.dll \
  dlls/apphelp/i386-windows/apphelp.dll dlls/appwiz.cpl/i386-windows/appwiz.cpl \
  dlls/appxdeploymentclient/i386-windows/appxdeploymentclient.dll dlls/atl/i386-windows/atl.dll \
  dlls/atl100/i386-windows/atl100.dll dlls/atl110/i386-windows/atl110.dll \
  dlls/atl80/i386-windows/atl80.dll dlls/atl90/i386-windows/atl90.dll \
  dlls/atlthunk/i386-windows/atlthunk.dll dlls/atmlib/i386-windows/atmlib.dll \
  dlls/authz/i386-windows/authz.dll dlls/avicap32/i386-windows/avicap32.dll \
  dlls/avifil32/i386-windows/avifil32.dll dlls/avifile.dll16/i386-windows/avifile.dll16 \
  dlls/avrt/i386-windows/avrt.dll dlls/bcp47langs/i386-windows/bcp47langs.dll \
  dlls/bcrypt/i386-windows/bcrypt.dll dlls/bcryptprimitives/i386-windows/bcryptprimitives.dll \
  dlls/bluetoothapis/i386-windows/bluetoothapis.dll dlls/browseui/i386-windows/browseui.dll \
  dlls/bthprops.cpl/i386-windows/bthprops.cpl dlls/cabinet/i386-windows/cabinet.dll \
  dlls/capi2032/i386-windows/capi2032.dll dlls/cards/i386-windows/cards.dll \
  dlls/cdosys/i386-windows/cdosys.dll dlls/cfgmgr32/i386-windows/cfgmgr32.dll \
  dlls/chakra/i386-windows/chakra.dll dlls/cldapi/i386-windows/cldapi.dll \
  dlls/clusapi/i386-windows/clusapi.dll dlls/cng.sys/i386-windows/cng.sys \
  dlls/colorcnv/i386-windows/colorcnv.dll dlls/combase/i386-windows/combase.dll \
  dlls/comcat/i386-windows/comcat.dll dlls/comctl32/i386-windows/comctl32.dll \
  dlls/comctl32_v6/i386-windows/comctl32_v6.dll dlls/comdlg32/i386-windows/comdlg32.dll \
  dlls/coml2/i386-windows/coml2.dll dlls/comm.drv16/i386-windows/comm.drv16 \
  dlls/commdlg.dll16/i386-windows/commdlg.dll16 dlls/compobj.dll16/i386-windows/compobj.dll16 \
  dlls/compstui/i386-windows/compstui.dll dlls/comsvcs/i386-windows/comsvcs.dll \
  dlls/concrt140/i386-windows/concrt140.dll dlls/connect/i386-windows/connect.dll \
  dlls/coremessaging/i386-windows/coremessaging.dll dlls/credui/i386-windows/credui.dll \
  dlls/crtdll/i386-windows/crtdll.dll dlls/crypt32/i386-windows/crypt32.dll \
  dlls/cryptbase/i386-windows/cryptbase.dll dlls/cryptdlg/i386-windows/cryptdlg.dll \
  dlls/cryptdll/i386-windows/cryptdll.dll dlls/cryptext/i386-windows/cryptext.dll \
  dlls/cryptnet/i386-windows/cryptnet.dll dlls/cryptowinrt/i386-windows/cryptowinrt.dll \
  dlls/cryptsp/i386-windows/cryptsp.dll dlls/cryptui/i386-windows/cryptui.dll \
  dlls/cryptxml/i386-windows/cryptxml.dll dlls/ctapi32/i386-windows/ctapi32.dll \
  dlls/ctl3d.dll16/i386-windows/ctl3d.dll16 dlls/ctl3d32/i386-windows/ctl3d32.dll \
  dlls/ctl3dv2.dll16/i386-windows/ctl3dv2.dll16 dlls/d2d1/i386-windows/d2d1.dll \
  dlls/d3d10/i386-windows/d3d10.dll dlls/d3d10_1/i386-windows/d3d10_1.dll \
  dlls/d3d10core/i386-windows/d3d10core.dll dlls/d3d11/i386-windows/d3d11.dll \
  dlls/d3d12/i386-windows/d3d12.dll dlls/d3d12core/i386-windows/d3d12core.dll \
  dlls/d3d8/i386-windows/d3d8.dll dlls/d3d8thk/i386-windows/d3d8thk.dll \
  dlls/d3d9/i386-windows/d3d9.dll dlls/d3dcompiler_33/i386-windows/d3dcompiler_33.dll \
  dlls/d3dcompiler_34/i386-windows/d3dcompiler_34.dll \
  dlls/d3dcompiler_35/i386-windows/d3dcompiler_35.dll \
  dlls/d3dcompiler_36/i386-windows/d3dcompiler_36.dll \
  dlls/d3dcompiler_37/i386-windows/d3dcompiler_37.dll \
  dlls/d3dcompiler_38/i386-windows/d3dcompiler_38.dll \
  dlls/d3dcompiler_39/i386-windows/d3dcompiler_39.dll \
  dlls/d3dcompiler_40/i386-windows/d3dcompiler_40.dll \
  dlls/d3dcompiler_41/i386-windows/d3dcompiler_41.dll \
  dlls/d3dcompiler_42/i386-windows/d3dcompiler_42.dll \
  dlls/d3dcompiler_43/i386-windows/d3dcompiler_43.dll \
  dlls/d3dcompiler_46/i386-windows/d3dcompiler_46.dll \
  dlls/d3dcompiler_47/i386-windows/d3dcompiler_47.dll dlls/d3dim/i386-windows/d3dim.dll \
  dlls/d3dim700/i386-windows/d3dim700.dll dlls/d3drm/i386-windows/d3drm.dll \
  dlls/d3dx10_33/i386-windows/d3dx10_33.dll dlls/d3dx10_34/i386-windows/d3dx10_34.dll \
  dlls/d3dx10_35/i386-windows/d3dx10_35.dll dlls/d3dx10_36/i386-windows/d3dx10_36.dll \
  dlls/d3dx10_37/i386-windows/d3dx10_37.dll dlls/d3dx10_38/i386-windows/d3dx10_38.dll \
  dlls/d3dx10_39/i386-windows/d3dx10_39.dll dlls/d3dx10_40/i386-windows/d3dx10_40.dll \
  dlls/d3dx10_41/i386-windows/d3dx10_41.dll dlls/d3dx10_42/i386-windows/d3dx10_42.dll \
  dlls/d3dx10_43/i386-windows/d3dx10_43.dll dlls/d3dx11_42/i386-windows/d3dx11_42.dll \
  dlls/d3dx11_43/i386-windows/d3dx11_43.dll dlls/d3dx9_24/i386-windows/d3dx9_24.dll \
  dlls/d3dx9_25/i386-windows/d3dx9_25.dll dlls/d3dx9_26/i386-windows/d3dx9_26.dll \
  dlls/d3dx9_27/i386-windows/d3dx9_27.dll dlls/d3dx9_28/i386-windows/d3dx9_28.dll \
  dlls/d3dx9_29/i386-windows/d3dx9_29.dll dlls/d3dx9_30/i386-windows/d3dx9_30.dll \
  dlls/d3dx9_31/i386-windows/d3dx9_31.dll dlls/d3dx9_32/i386-windows/d3dx9_32.dll \
  dlls/d3dx9_33/i386-windows/d3dx9_33.dll dlls/d3dx9_34/i386-windows/d3dx9_34.dll \
  dlls/d3dx9_35/i386-windows/d3dx9_35.dll dlls/d3dx9_36/i386-windows/d3dx9_36.dll \
  dlls/d3dx9_37/i386-windows/d3dx9_37.dll dlls/d3dx9_38/i386-windows/d3dx9_38.dll \
  dlls/d3dx9_39/i386-windows/d3dx9_39.dll dlls/d3dx9_40/i386-windows/d3dx9_40.dll \
  dlls/d3dx9_41/i386-windows/d3dx9_41.dll dlls/d3dx9_42/i386-windows/d3dx9_42.dll \
  dlls/d3dx9_43/i386-windows/d3dx9_43.dll dlls/d3dxof/i386-windows/d3dxof.dll \
  dlls/dataexchange/i386-windows/dataexchange.dll dlls/davclnt/i386-windows/davclnt.dll \
  dlls/dbgeng/i386-windows/dbgeng.dll dlls/dbghelp/i386-windows/dbghelp.dll \
  dlls/dciman32/i386-windows/dciman32.dll dlls/dcomp/i386-windows/dcomp.dll \
  dlls/ddeml.dll16/i386-windows/ddeml.dll16 dlls/ddraw/i386-windows/ddraw.dll \
  dlls/ddrawex/i386-windows/ddrawex.dll dlls/desk.cpl/i386-windows/desk.cpl \
  dlls/devenum/i386-windows/devenum.dll dlls/dhcpcsvc/i386-windows/dhcpcsvc.dll \
  dlls/dhcpcsvc6/i386-windows/dhcpcsvc6.dll dlls/dhtmled.ocx/i386-windows/dhtmled.ocx \
  dlls/diasymreader/i386-windows/diasymreader.dll dlls/difxapi/i386-windows/difxapi.dll \
  dlls/dinput/i386-windows/dinput.dll dlls/dinput8/i386-windows/dinput8.dll \
  dlls/directmanipulation/i386-windows/directmanipulation.dll \
  dlls/dispdib.dll16/i386-windows/dispdib.dll16 dlls/dispex/i386-windows/dispex.dll \
  dlls/display.drv16/i386-windows/display.drv16 dlls/dmband/i386-windows/dmband.dll \
  dlls/dmcompos/i386-windows/dmcompos.dll dlls/dmime/i386-windows/dmime.dll \
  dlls/dmloader/i386-windows/dmloader.dll dlls/dmscript/i386-windows/dmscript.dll \
  dlls/dmstyle/i386-windows/dmstyle.dll dlls/dmsynth/i386-windows/dmsynth.dll \
  dlls/dmusic/i386-windows/dmusic.dll dlls/dmusic32/i386-windows/dmusic32.dll \
  dlls/dnsapi/i386-windows/dnsapi.dll dlls/dplay/i386-windows/dplay.dll \
  dlls/dplayx/i386-windows/dplayx.dll dlls/dpnaddr/i386-windows/dpnaddr.dll \
  dlls/dpnet/i386-windows/dpnet.dll dlls/dpnhpast/i386-windows/dpnhpast.dll \
  dlls/dpnhupnp/i386-windows/dpnhupnp.dll dlls/dpnlobby/i386-windows/dpnlobby.dll \
  dlls/dpvoice/i386-windows/dpvoice.dll dlls/dpwsockx/i386-windows/dpwsockx.dll \
  dlls/drmclien/i386-windows/drmclien.dll dlls/dsdmo/i386-windows/dsdmo.dll \
  dlls/dsound/i386-windows/dsound.dll dlls/dsquery/i386-windows/dsquery.dll \
  dlls/dsrole/i386-windows/dsrole.dll dlls/dssenh/i386-windows/dssenh.dll \
  dlls/dsuiext/i386-windows/dsuiext.dll dlls/dswave/i386-windows/dswave.dll \
  dlls/dwmapi/i386-windows/dwmapi.dll dlls/dwrite/i386-windows/dwrite.dll \
  dlls/dx8vb/i386-windows/dx8vb.dll dlls/dxcore/i386-windows/dxcore.dll \
  dlls/dxdiagn/i386-windows/dxdiagn.dll dlls/dxgi/i386-windows/dxgi.dll \
  dlls/dxtrans/i386-windows/dxtrans.dll dlls/dxva2/i386-windows/dxva2.dll \
  dlls/esent/i386-windows/esent.dll dlls/evr/i386-windows/evr.dll \
  dlls/explorerframe/i386-windows/explorerframe.dll dlls/faultrep/i386-windows/faultrep.dll \
  dlls/feclient/i386-windows/feclient.dll dlls/fltlib/i386-windows/fltlib.dll \
  dlls/fltmgr.sys/i386-windows/fltmgr.sys dlls/fntcache/i386-windows/fntcache.dll \
  dlls/fontsub/i386-windows/fontsub.dll dlls/fusion/i386-windows/fusion.dll \
  dlls/fwpuclnt/i386-windows/fwpuclnt.dll dlls/gameinput/i386-windows/gameinput.dll \
  dlls/gameux/i386-windows/gameux.dll dlls/gamingtcui/i386-windows/gamingtcui.dll \
  dlls/gdi.exe16/i386-windows/gdi.exe16 dlls/gdi32/i386-windows/gdi32.dll \
  dlls/gdiplus/i386-windows/gdiplus.dll dlls/geolocation/i386-windows/geolocation.dll \
  dlls/glu32/i386-windows/glu32.dll dlls/gphoto2.ds/i386-windows/gphoto2.ds \
  dlls/gpkcsp/i386-windows/gpkcsp.dll dlls/graphicscapture/i386-windows/graphicscapture.dll \
  dlls/hal/i386-windows/hal.dll dlls/hhctrl.ocx/i386-windows/hhctrl.ocx \
  dlls/hid/i386-windows/hid.dll dlls/hidclass.sys/i386-windows/hidclass.sys \
  dlls/hidparse.sys/i386-windows/hidparse.sys dlls/hlink/i386-windows/hlink.dll \
  dlls/hnetcfg/i386-windows/hnetcfg.dll dlls/hrtfapo/i386-windows/hrtfapo.dll \
  dlls/http.sys/i386-windows/http.sys dlls/httpapi/i386-windows/httpapi.dll \
  dlls/hvsimanagementapi/i386-windows/hvsimanagementapi.dll \
  dlls/ia2comproxy/i386-windows/ia2comproxy.dll dlls/iccvid/i386-windows/iccvid.dll \
  dlls/icmui/i386-windows/icmui.dll dlls/icu/i386-windows/icu.dll \
  dlls/ieframe/i386-windows/ieframe.dll dlls/ieproxy/i386-windows/ieproxy.dll \
  dlls/iertutil/i386-windows/iertutil.dll dlls/ifsmgr.vxd/i386-windows/ifsmgr.vxd \
  dlls/imaadp32.acm/i386-windows/imaadp32.acm dlls/imagehlp/i386-windows/imagehlp.dll \
  dlls/imm.dll16/i386-windows/imm.dll16 dlls/imm32/i386-windows/imm32.dll \
  dlls/inetcomm/i386-windows/inetcomm.dll dlls/inetcpl.cpl/i386-windows/inetcpl.cpl \
  dlls/inetmib1/i386-windows/inetmib1.dll dlls/infosoft/i386-windows/infosoft.dll \
  dlls/initpki/i386-windows/initpki.dll dlls/inkobj/i386-windows/inkobj.dll \
  dlls/inseng/i386-windows/inseng.dll dlls/iphlpapi/i386-windows/iphlpapi.dll \
  dlls/iprop/i386-windows/iprop.dll dlls/ir50_32/i386-windows/ir50_32.dll \
  dlls/irprops.cpl/i386-windows/irprops.cpl dlls/itircl/i386-windows/itircl.dll \
  dlls/itss/i386-windows/itss.dll dlls/iyuv_32/i386-windows/iyuv_32.dll \
  dlls/joy.cpl/i386-windows/joy.cpl dlls/jscript/i386-windows/jscript.dll \
  dlls/jsproxy/i386-windows/jsproxy.dll dlls/kerberos/i386-windows/kerberos.dll \
  dlls/kernel32/i386-windows/kernel32.dll dlls/kernelbase/i386-windows/kernelbase.dll \
  dlls/keyboard.drv16/i386-windows/keyboard.drv16 dlls/krnl386.exe16/i386-windows/krnl386.exe16 \
  dlls/ksecdd.sys/i386-windows/ksecdd.sys dlls/ksproxy.ax/i386-windows/ksproxy.ax \
  dlls/ksuser/i386-windows/ksuser.dll dlls/ktmw32/i386-windows/ktmw32.dll \
  dlls/l3codeca.acm/i386-windows/l3codeca.acm dlls/l3codecx.ax/i386-windows/l3codecx.ax \
  dlls/loadperf/i386-windows/loadperf.dll dlls/localspl/i386-windows/localspl.dll \
  dlls/localui/i386-windows/localui.dll dlls/lzexpand.dll16/i386-windows/lzexpand.dll16 \
  dlls/magnification/i386-windows/magnification.dll dlls/mapi32/i386-windows/mapi32.dll \
  dlls/mapistub/i386-windows/mapistub.dll dlls/mciavi32/i386-windows/mciavi32.dll \
  dlls/mcicda/i386-windows/mcicda.dll dlls/mciqtz32/i386-windows/mciqtz32.dll \
  dlls/mciseq/i386-windows/mciseq.dll dlls/mciwave/i386-windows/mciwave.dll \
  dlls/mf/i386-windows/mf.dll dlls/mf3216/i386-windows/mf3216.dll \
  dlls/mfasfsrcsnk/i386-windows/mfasfsrcsnk.dll dlls/mfh264enc/i386-windows/mfh264enc.dll \
  dlls/mfmediaengine/i386-windows/mfmediaengine.dll dlls/mfmp4srcsnk/i386-windows/mfmp4srcsnk.dll \
  dlls/mfplat/i386-windows/mfplat.dll dlls/mfplay/i386-windows/mfplay.dll \
  dlls/mfreadwrite/i386-windows/mfreadwrite.dll dlls/mfsrcsnk/i386-windows/mfsrcsnk.dll \
  dlls/mgmtapi/i386-windows/mgmtapi.dll dlls/midimap/i386-windows/midimap.dll \
  dlls/mlang/i386-windows/mlang.dll dlls/mmcndmgr/i386-windows/mmcndmgr.dll \
  dlls/mmdevapi/i386-windows/mmdevapi.dll dlls/mmdevldr.vxd/i386-windows/mmdevldr.vxd \
  dlls/mmsystem.dll16/i386-windows/mmsystem.dll16 dlls/monodebg.vxd/i386-windows/monodebg.vxd \
  dlls/mouhid.sys/i386-windows/mouhid.sys dlls/mountmgr.sys/i386-windows/mountmgr.sys \
  dlls/mouse.drv16/i386-windows/mouse.drv16 dlls/mp3dmod/i386-windows/mp3dmod.dll \
  dlls/mpr/i386-windows/mpr.dll dlls/mprapi/i386-windows/mprapi.dll \
  dlls/msacm.dll16/i386-windows/msacm.dll16 dlls/msacm32.drv/i386-windows/msacm32.drv \
  dlls/msacm32/i386-windows/msacm32.dll dlls/msado15/i386-windows/msado15.dll \
  dlls/msadp32.acm/i386-windows/msadp32.acm dlls/msasn1/i386-windows/msasn1.dll \
  dlls/msauddecmft/i386-windows/msauddecmft.dll dlls/mscat32/i386-windows/mscat32.dll \
  dlls/mscms/i386-windows/mscms.dll dlls/mscoree/i386-windows/mscoree.dll \
  dlls/mscorwks/i386-windows/mscorwks.dll dlls/msctf/i386-windows/msctf.dll \
  dlls/msctfmonitor/i386-windows/msctfmonitor.dll dlls/msctfp/i386-windows/msctfp.dll \
  dlls/msdaps/i386-windows/msdaps.dll dlls/msdasql/i386-windows/msdasql.dll \
  dlls/msdelta/i386-windows/msdelta.dll dlls/msdmo/i386-windows/msdmo.dll \
  dlls/msdrm/i386-windows/msdrm.dll dlls/msftedit/i386-windows/msftedit.dll \
  dlls/msg711.acm/i386-windows/msg711.acm dlls/msgsm32.acm/i386-windows/msgsm32.acm \
  dlls/mshtml/i386-windows/mshtml.dll dlls/msi/i386-windows/msi.dll \
  dlls/msident/i386-windows/msident.dll dlls/msimg32/i386-windows/msimg32.dll \
  dlls/msimtf/i386-windows/msimtf.dll dlls/msisip/i386-windows/msisip.dll \
  dlls/msisys.ocx/i386-windows/msisys.ocx dlls/msls31/i386-windows/msls31.dll \
  dlls/msmpeg2vdec/i386-windows/msmpeg2vdec.dll dlls/msnet32/i386-windows/msnet32.dll \
  dlls/mspatcha/i386-windows/mspatcha.dll dlls/msports/i386-windows/msports.dll \
  dlls/msrle32/i386-windows/msrle32.dll dlls/msscript.ocx/i386-windows/msscript.ocx \
  dlls/mssign32/i386-windows/mssign32.dll dlls/mssip32/i386-windows/mssip32.dll \
  dlls/mstask/i386-windows/mstask.dll dlls/msttsengine/i386-windows/msttsengine.dll \
  dlls/msv1_0/i386-windows/msv1_0.dll dlls/msvcirt/i386-windows/msvcirt.dll \
  dlls/msvcm80/i386-windows/msvcm80.dll dlls/msvcm90/i386-windows/msvcm90.dll \
  dlls/msvcp100/i386-windows/msvcp100.dll dlls/msvcp110/i386-windows/msvcp110.dll \
  dlls/msvcp120/i386-windows/msvcp120.dll dlls/msvcp120_app/i386-windows/msvcp120_app.dll \
  dlls/msvcp140/i386-windows/msvcp140.dll dlls/msvcp140_1/i386-windows/msvcp140_1.dll \
  dlls/msvcp140_2/i386-windows/msvcp140_2.dll \
  dlls/msvcp140_atomic_wait/i386-windows/msvcp140_atomic_wait.dll \
  dlls/msvcp140_codecvt_ids/i386-windows/msvcp140_codecvt_ids.dll \
  dlls/msvcp60/i386-windows/msvcp60.dll dlls/msvcp70/i386-windows/msvcp70.dll \
  dlls/msvcp71/i386-windows/msvcp71.dll dlls/msvcp80/i386-windows/msvcp80.dll \
  dlls/msvcp90/i386-windows/msvcp90.dll dlls/msvcp_win/i386-windows/msvcp_win.dll \
  dlls/msvcr100/i386-windows/msvcr100.dll dlls/msvcr110/i386-windows/msvcr110.dll \
  dlls/msvcr120/i386-windows/msvcr120.dll dlls/msvcr120_app/i386-windows/msvcr120_app.dll \
  dlls/msvcr70/i386-windows/msvcr70.dll dlls/msvcr71/i386-windows/msvcr71.dll \
  dlls/msvcr80/i386-windows/msvcr80.dll dlls/msvcr90/i386-windows/msvcr90.dll \
  dlls/msvcrt/i386-windows/msvcrt.dll dlls/msvcrt20/i386-windows/msvcrt20.dll \
  dlls/msvcrt40/i386-windows/msvcrt40.dll dlls/msvcrtd/i386-windows/msvcrtd.dll \
  dlls/msvdsp/i386-windows/msvdsp.dll dlls/msvfw32/i386-windows/msvfw32.dll \
  dlls/msvidc32/i386-windows/msvidc32.dll dlls/msvideo.dll16/i386-windows/msvideo.dll16 \
  dlls/msvproc/i386-windows/msvproc.dll dlls/mswsock/i386-windows/mswsock.dll \
  dlls/msxml/i386-windows/msxml.dll dlls/msxml2/i386-windows/msxml2.dll \
  dlls/msxml3/i386-windows/msxml3.dll dlls/msxml4/i386-windows/msxml4.dll \
  dlls/msxml6/i386-windows/msxml6.dll dlls/mtxdm/i386-windows/mtxdm.dll \
  dlls/ncrypt/i386-windows/ncrypt.dll dlls/nddeapi/i386-windows/nddeapi.dll \
  dlls/ndfapi/i386-windows/ndfapi.dll dlls/ndis.sys/i386-windows/ndis.sys \
  dlls/netapi32/i386-windows/netapi32.dll dlls/netcfgx/i386-windows/netcfgx.dll \
  dlls/netio.sys/i386-windows/netio.sys dlls/netprofm/i386-windows/netprofm.dll \
  dlls/netutils/i386-windows/netutils.dll dlls/newdev/i386-windows/newdev.dll \
  dlls/ninput/i386-windows/ninput.dll dlls/npmshtml/i386-windows/npmshtml.dll \
  dlls/npptools/i386-windows/npptools.dll dlls/nsi/i386-windows/nsi.dll \
  dlls/nsiproxy.sys/i386-windows/nsiproxy.sys dlls/ntdll/i386-windows/ntdll.dll \
  dlls/ntdsapi/i386-windows/ntdsapi.dll dlls/ntoskrnl.exe/i386-windows/ntoskrnl.exe \
  dlls/ntprint/i386-windows/ntprint.dll dlls/objsel/i386-windows/objsel.dll \
  dlls/odbc32/i386-windows/odbc32.dll dlls/odbcbcp/i386-windows/odbcbcp.dll \
  dlls/odbccp32/i386-windows/odbccp32.dll dlls/odbccu32/i386-windows/odbccu32.dll \
  dlls/ole2.dll16/i386-windows/ole2.dll16 dlls/ole2conv.dll16/i386-windows/ole2conv.dll16 \
  dlls/ole2disp.dll16/i386-windows/ole2disp.dll16 dlls/ole2nls.dll16/i386-windows/ole2nls.dll16 \
  dlls/ole2prox.dll16/i386-windows/ole2prox.dll16 dlls/ole2thk.dll16/i386-windows/ole2thk.dll16 \
  dlls/ole32/i386-windows/ole32.dll dlls/oleacc/i386-windows/oleacc.dll \
  dlls/oleaut32/i386-windows/oleaut32.dll dlls/olecli.dll16/i386-windows/olecli.dll16 \
  dlls/olecli32/i386-windows/olecli32.dll dlls/oledb32/i386-windows/oledb32.dll \
  dlls/oledlg/i386-windows/oledlg.dll dlls/olepro32/i386-windows/olepro32.dll \
  dlls/olesvr.dll16/i386-windows/olesvr.dll16 dlls/olesvr32/i386-windows/olesvr32.dll \
  dlls/olethk32/i386-windows/olethk32.dll dlls/opcservices/i386-windows/opcservices.dll \
  dlls/opencl/i386-windows/opencl.dll dlls/opengl32/i386-windows/opengl32.dll \
  dlls/packager/i386-windows/packager.dll dlls/pdh/i386-windows/pdh.dll \
  dlls/photometadatahandler/i386-windows/photometadatahandler.dll \
  dlls/pidgen/i386-windows/pidgen.dll dlls/powrprof/i386-windows/powrprof.dll \
  dlls/printui/i386-windows/printui.dll dlls/prntvpt/i386-windows/prntvpt.dll \
  dlls/profapi/i386-windows/profapi.dll dlls/propsys/i386-windows/propsys.dll \
  dlls/psapi/i386-windows/psapi.dll dlls/pstorec/i386-windows/pstorec.dll \
  dlls/pwrshplugin/i386-windows/pwrshplugin.dll dlls/qasf/i386-windows/qasf.dll \
  dlls/qcap/i386-windows/qcap.dll dlls/qdvd/i386-windows/qdvd.dll dlls/qedit/i386-windows/qedit.dll \
  dlls/qmgr/i386-windows/qmgr.dll dlls/qmgrprxy/i386-windows/qmgrprxy.dll \
  dlls/quartz/i386-windows/quartz.dll dlls/query/i386-windows/query.dll \
  dlls/qwave/i386-windows/qwave.dll dlls/rasapi16.dll16/i386-windows/rasapi16.dll16 \
  dlls/rasapi32/i386-windows/rasapi32.dll dlls/rasdlg/i386-windows/rasdlg.dll \
  dlls/regapi/i386-windows/regapi.dll dlls/resampledmo/i386-windows/resampledmo.dll \
  dlls/resutils/i386-windows/resutils.dll dlls/riched20/i386-windows/riched20.dll \
  dlls/riched32/i386-windows/riched32.dll dlls/rometadata/i386-windows/rometadata.dll \
  dlls/rpcrt4/i386-windows/rpcrt4.dll dlls/rsabase/i386-windows/rsabase.dll \
  dlls/rsaenh/i386-windows/rsaenh.dll dlls/rstrtmgr/i386-windows/rstrtmgr.dll \
  dlls/rtscom/i386-windows/rtscom.dll dlls/rtutils/i386-windows/rtutils.dll \
  dlls/rtworkq/i386-windows/rtworkq.dll dlls/samlib/i386-windows/samlib.dll \
  dlls/sane.ds/i386-windows/sane.ds dlls/sapi/i386-windows/sapi.dll dlls/sas/i386-windows/sas.dll \
  dlls/scarddlg/i386-windows/scarddlg.dll dlls/scardsvr/i386-windows/scardsvr.dll \
  dlls/sccbase/i386-windows/sccbase.dll dlls/schannel/i386-windows/schannel.dll \
  dlls/schedsvc/i386-windows/schedsvc.dll dlls/scrobj/i386-windows/scrobj.dll \
  dlls/scrrun/i386-windows/scrrun.dll dlls/scsiport.sys/i386-windows/scsiport.sys \
  dlls/sechost/i386-windows/sechost.dll dlls/secur32/i386-windows/secur32.dll \
  dlls/sensapi/i386-windows/sensapi.dll dlls/serialui/i386-windows/serialui.dll \
  dlls/setupapi/i386-windows/setupapi.dll dlls/setupx.dll16/i386-windows/setupx.dll16 \
  dlls/sfc_os/i386-windows/sfc_os.dll dlls/shcore/i386-windows/shcore.dll \
  dlls/shdocvw/i386-windows/shdocvw.dll dlls/shell.dll16/i386-windows/shell.dll16 \
  dlls/shell32/i386-windows/shell32.dll dlls/shfolder/i386-windows/shfolder.dll \
  dlls/shlwapi/i386-windows/shlwapi.dll dlls/slbcsp/i386-windows/slbcsp.dll \
  dlls/slc/i386-windows/slc.dll dlls/snmpapi/i386-windows/snmpapi.dll \
  dlls/softpub/i386-windows/softpub.dll dlls/sound.drv16/i386-windows/sound.drv16 \
  dlls/spoolss/i386-windows/spoolss.dll dlls/sppc/i386-windows/sppc.dll \
  dlls/srclient/i386-windows/srclient.dll dlls/srvcli/i386-windows/srvcli.dll \
  dlls/srvsvc/i386-windows/srvsvc.dll dlls/sspicli/i386-windows/sspicli.dll \
  dlls/sti/i386-windows/sti.dll dlls/storage.dll16/i386-windows/storage.dll16 \
  dlls/stress.dll16/i386-windows/stress.dll16 dlls/strmdll/i386-windows/strmdll.dll \
  dlls/svrapi/i386-windows/svrapi.dll dlls/sxs/i386-windows/sxs.dll \
  dlls/system.drv16/i386-windows/system.drv16 dlls/t2embed/i386-windows/t2embed.dll \
  dlls/tapi32/i386-windows/tapi32.dll dlls/taskschd/i386-windows/taskschd.dll \
  dlls/tbs/i386-windows/tbs.dll dlls/tdh/i386-windows/tdh.dll dlls/tdi.sys/i386-windows/tdi.sys \
  dlls/threadpoolwinrt/i386-windows/threadpoolwinrt.dll dlls/thumbcache/i386-windows/thumbcache.dll \
  dlls/tiptsf/i386-windows/tiptsf.dll dlls/toolhelp.dll16/i386-windows/toolhelp.dll16 \
  dlls/traffic/i386-windows/traffic.dll dlls/twain.dll16/i386-windows/twain.dll16 \
  dlls/twain_32/i386-windows/twain_32.dll dlls/twaindsm/i386-windows/twaindsm.dll \
  dlls/twinapi.appcore/i386-windows/twinapi.appcore.dll \
  dlls/typelib.dll16/i386-windows/typelib.dll16 dlls/ucrtbase/i386-windows/ucrtbase.dll \
  dlls/uianimation/i386-windows/uianimation.dll \
  dlls/uiautomationcore/i386-windows/uiautomationcore.dll dlls/uiribbon/i386-windows/uiribbon.dll \
  dlls/unicows/i386-windows/unicows.dll dlls/updspapi/i386-windows/updspapi.dll \
  dlls/url/i386-windows/url.dll dlls/urlmon/i386-windows/urlmon.dll \
  dlls/usbd.sys/i386-windows/usbd.sys dlls/user.exe16/i386-windows/user.exe16 \
  dlls/user32/i386-windows/user32.dll dlls/userenv/i386-windows/userenv.dll \
  dlls/utildll/i386-windows/utildll.dll dlls/uxtheme/i386-windows/uxtheme.dll \
  dlls/vbscript/i386-windows/vbscript.dll dlls/vccorlib140/i386-windows/vccorlib140.dll \
  dlls/vcomp/i386-windows/vcomp.dll dlls/vcomp100/i386-windows/vcomp100.dll \
  dlls/vcomp110/i386-windows/vcomp110.dll dlls/vcomp120/i386-windows/vcomp120.dll \
  dlls/vcomp140/i386-windows/vcomp140.dll dlls/vcomp90/i386-windows/vcomp90.dll \
  dlls/vcruntime140/i386-windows/vcruntime140.dll dlls/vdhcp.vxd/i386-windows/vdhcp.vxd \
  dlls/vdmdbg/i386-windows/vdmdbg.dll dlls/ver.dll16/i386-windows/ver.dll16 \
  dlls/version/i386-windows/version.dll dlls/vga/i386-windows/vga.dll \
  dlls/vidreszr/i386-windows/vidreszr.dll dlls/virtdisk/i386-windows/virtdisk.dll \
  dlls/vmm.vxd/i386-windows/vmm.vxd dlls/vnbt.vxd/i386-windows/vnbt.vxd \
  dlls/vnetbios.vxd/i386-windows/vnetbios.vxd dlls/vssapi/i386-windows/vssapi.dll \
  dlls/vtdapi.vxd/i386-windows/vtdapi.vxd dlls/vulkan-1/i386-windows/vulkan-1.dll \
  dlls/vwin32.vxd/i386-windows/vwin32.vxd dlls/w32skrnl/i386-windows/w32skrnl.dll \
  dlls/w32sys.dll16/i386-windows/w32sys.dll16 dlls/wbemdisp/i386-windows/wbemdisp.dll \
  dlls/wbemprox/i386-windows/wbemprox.dll dlls/wdscore/i386-windows/wdscore.dll \
  dlls/webservices/i386-windows/webservices.dll dlls/websocket/i386-windows/websocket.dll \
  dlls/wer/i386-windows/wer.dll dlls/wevtapi/i386-windows/wevtapi.dll \
  dlls/wevtsvc/i386-windows/wevtsvc.dll dlls/wiaservc/i386-windows/wiaservc.dll \
  dlls/wimgapi/i386-windows/wimgapi.dll dlls/win32s16.dll16/i386-windows/win32s16.dll16 \
  dlls/win32u/i386-windows/win32u.dll dlls/win87em.dll16/i386-windows/win87em.dll16 \
  dlls/winaspi.dll16/i386-windows/winaspi.dll16 dlls/winbio/i386-windows/winbio.dll \
  dlls/winbrand/i386-windows/winbrand.dll dlls/windebug.dll16/i386-windows/windebug.dll16 \
  dlls/windows.applicationmodel/i386-windows/windows.applicationmodel.dll \
  dlls/windows.devices.bluetooth/i386-windows/windows.devices.bluetooth.dll \
  dlls/windows.devices.enumeration/i386-windows/windows.devices.enumeration.dll \
  dlls/windows.devices.radios/i386-windows/windows.devices.radios.dll \
  dlls/windows.devices.usb/i386-windows/windows.devices.usb.dll \
  dlls/windows.gaming.input/i386-windows/windows.gaming.input.dll \
  dlls/windows.gaming.ui.gamebar/i386-windows/windows.gaming.ui.gamebar.dll \
  dlls/windows.globalization/i386-windows/windows.globalization.dll \
  dlls/windows.graphics/i386-windows/windows.graphics.dll \
  dlls/windows.media.devices/i386-windows/windows.media.devices.dll \
  dlls/windows.media.mediacontrol/i386-windows/windows.media.mediacontrol.dll \
  dlls/windows.media.playback.backgroundmediaplayer/i386-windows/windows.media.playback.backgroundmediaplayer.dll \
  dlls/windows.media.playback.mediaplayer/i386-windows/windows.media.playback.mediaplayer.dll \
  dlls/windows.media.speech/i386-windows/windows.media.speech.dll \
  dlls/windows.media/i386-windows/windows.media.dll \
  dlls/windows.networking.connectivity/i386-windows/windows.networking.connectivity.dll \
  dlls/windows.networking.hostname/i386-windows/windows.networking.hostname.dll \
  dlls/windows.networking/i386-windows/windows.networking.dll \
  dlls/windows.perception.stub/i386-windows/windows.perception.stub.dll \
  dlls/windows.security.authentication.onlineid/i386-windows/windows.security.authentication.onlineid.dll \
  dlls/windows.security.credentials.ui.userconsentverifier/i386-windows/windows.security.credentials.ui.userconsentverifier.dll \
  dlls/windows.storage.applicationdata/i386-windows/windows.storage.applicationdata.dll \
  dlls/windows.storage/i386-windows/windows.storage.dll \
  dlls/windows.system.profile.systemid/i386-windows/windows.system.profile.systemid.dll \
  dlls/windows.system.profile.systemmanufacturers/i386-windows/windows.system.profile.systemmanufacturers.dll \
  dlls/windows.ui.core.textinput/i386-windows/windows.ui.core.textinput.dll \
  dlls/windows.ui.xaml/i386-windows/windows.ui.xaml.dll dlls/windows.ui/i386-windows/windows.ui.dll \
  dlls/windows.web/i386-windows/windows.web.dll dlls/windowscodecs/i386-windows/windowscodecs.dll \
  dlls/windowscodecsext/i386-windows/windowscodecsext.dll dlls/winebth.sys/i386-windows/winebth.sys \
  dlls/winebus.sys/i386-windows/winebus.sys dlls/wined3d/i386-windows/wined3d.dll \
  dlls/winedmo/i386-windows/winedmo.dll dlls/winegstreamer/i386-windows/winegstreamer.dll \
  dlls/winehid.sys/i386-windows/winehid.sys dlls/winemapi/i386-windows/winemapi.dll \
  dlls/wineps.drv/i386-windows/wineps.drv dlls/wineps16.drv16/i386-windows/wineps16.drv16 \
  dlls/wineusb.sys/i386-windows/wineusb.sys dlls/winevulkan/i386-windows/winevulkan.dll \
  dlls/winewayland.drv/i386-windows/winewayland.drv dlls/winex11.drv/i386-windows/winex11.drv \
  dlls/winexinput.sys/i386-windows/winexinput.sys dlls/wing.dll16/i386-windows/wing.dll16 \
  dlls/wing32/i386-windows/wing32.dll dlls/winhttp/i386-windows/winhttp.dll \
  dlls/wininet/i386-windows/wininet.dll dlls/winmm/i386-windows/winmm.dll \
  dlls/winnls.dll16/i386-windows/winnls.dll16 dlls/winnls32/i386-windows/winnls32.dll \
  dlls/winprint/i386-windows/winprint.dll dlls/winscard/i386-windows/winscard.dll \
  dlls/winsock.dll16/i386-windows/winsock.dll16 dlls/winspool.drv/i386-windows/winspool.drv \
  dlls/winsqlite3/i386-windows/winsqlite3.dll dlls/winsta/i386-windows/winsta.dll \
  dlls/wintab.dll16/i386-windows/wintab.dll16 dlls/wintab32/i386-windows/wintab32.dll \
  dlls/wintrust/i386-windows/wintrust.dll dlls/wintypes/i386-windows/wintypes.dll \
  dlls/winusb/i386-windows/winusb.dll dlls/wkscli/i386-windows/wkscli.dll \
  dlls/wlanapi/i386-windows/wlanapi.dll dlls/wlanui/i386-windows/wlanui.dll \
  dlls/wldap32/i386-windows/wldap32.dll dlls/wldp/i386-windows/wldp.dll \
  dlls/wmadmod/i386-windows/wmadmod.dll dlls/wmasf/i386-windows/wmasf.dll \
  dlls/wmilib.sys/i386-windows/wmilib.sys dlls/wminet_utils/i386-windows/wminet_utils.dll \
  dlls/wmiutils/i386-windows/wmiutils.dll dlls/wmp/i386-windows/wmp.dll \
  dlls/wmphoto/i386-windows/wmphoto.dll dlls/wmvcore/i386-windows/wmvcore.dll \
  dlls/wmvdecod/i386-windows/wmvdecod.dll dlls/wnaspi32/i386-windows/wnaspi32.dll \
  dlls/wofutil/i386-windows/wofutil.dll dlls/wow32/i386-windows/wow32.dll \
  dlls/wpc/i386-windows/wpc.dll dlls/wpcap/i386-windows/wpcap.dll \
  dlls/ws2_32/i386-windows/ws2_32.dll dlls/wsdapi/i386-windows/wsdapi.dll \
  dlls/wshom.ocx/i386-windows/wshom.ocx dlls/wsnmp32/i386-windows/wsnmp32.dll \
  dlls/wsock32/i386-windows/wsock32.dll dlls/wtsapi32/i386-windows/wtsapi32.dll \
  dlls/wuapi/i386-windows/wuapi.dll dlls/wuaueng/i386-windows/wuaueng.dll \
  dlls/x3daudio1_0/i386-windows/x3daudio1_0.dll dlls/x3daudio1_1/i386-windows/x3daudio1_1.dll \
  dlls/x3daudio1_2/i386-windows/x3daudio1_2.dll dlls/x3daudio1_3/i386-windows/x3daudio1_3.dll \
  dlls/x3daudio1_4/i386-windows/x3daudio1_4.dll dlls/x3daudio1_5/i386-windows/x3daudio1_5.dll \
  dlls/x3daudio1_6/i386-windows/x3daudio1_6.dll dlls/x3daudio1_7/i386-windows/x3daudio1_7.dll \
  dlls/xactengine2_0/i386-windows/xactengine2_0.dll \
  dlls/xactengine2_4/i386-windows/xactengine2_4.dll \
  dlls/xactengine2_7/i386-windows/xactengine2_7.dll \
  dlls/xactengine2_9/i386-windows/xactengine2_9.dll \
  dlls/xactengine3_0/i386-windows/xactengine3_0.dll \
  dlls/xactengine3_1/i386-windows/xactengine3_1.dll \
  dlls/xactengine3_2/i386-windows/xactengine3_2.dll \
  dlls/xactengine3_3/i386-windows/xactengine3_3.dll \
  dlls/xactengine3_4/i386-windows/xactengine3_4.dll \
  dlls/xactengine3_5/i386-windows/xactengine3_5.dll \
  dlls/xactengine3_6/i386-windows/xactengine3_6.dll \
  dlls/xactengine3_7/i386-windows/xactengine3_7.dll dlls/xapofx1_1/i386-windows/xapofx1_1.dll \
  dlls/xapofx1_2/i386-windows/xapofx1_2.dll dlls/xapofx1_3/i386-windows/xapofx1_3.dll \
  dlls/xapofx1_4/i386-windows/xapofx1_4.dll dlls/xapofx1_5/i386-windows/xapofx1_5.dll \
  dlls/xaudio2_0/i386-windows/xaudio2_0.dll dlls/xaudio2_1/i386-windows/xaudio2_1.dll \
  dlls/xaudio2_2/i386-windows/xaudio2_2.dll dlls/xaudio2_3/i386-windows/xaudio2_3.dll \
  dlls/xaudio2_4/i386-windows/xaudio2_4.dll dlls/xaudio2_5/i386-windows/xaudio2_5.dll \
  dlls/xaudio2_6/i386-windows/xaudio2_6.dll dlls/xaudio2_7/i386-windows/xaudio2_7.dll \
  dlls/xaudio2_8/i386-windows/xaudio2_8.dll dlls/xaudio2_9/i386-windows/xaudio2_9.dll \
  dlls/xinput1_1/i386-windows/xinput1_1.dll dlls/xinput1_2/i386-windows/xinput1_2.dll \
  dlls/xinput1_3/i386-windows/xinput1_3.dll dlls/xinput1_4/i386-windows/xinput1_4.dll \
  dlls/xinput9_1_0/i386-windows/xinput9_1_0.dll dlls/xinputuap/i386-windows/xinputuap.dll \
  dlls/xmllite/i386-windows/xmllite.dll dlls/xolehlp/i386-windows/xolehlp.dll \
  dlls/xpsprint/i386-windows/xpsprint.dll dlls/xpssvcs/i386-windows/xpssvcs.dll \
  programs/arp/i386-windows/arp.exe programs/aspnet_regiis/i386-windows/aspnet_regiis.exe \
  programs/attrib/i386-windows/attrib.exe programs/cabarc/i386-windows/cabarc.exe \
  programs/cacls/i386-windows/cacls.exe programs/certutil/i386-windows/certutil.exe \
  programs/chcp.com/i386-windows/chcp.com programs/clock/i386-windows/clock.exe \
  programs/cmd/i386-windows/cmd.exe programs/control/i386-windows/control.exe \
  programs/cscript/i386-windows/cscript.exe programs/dism/i386-windows/dism.exe \
  programs/dllhost/i386-windows/dllhost.exe programs/dplaysvr/i386-windows/dplaysvr.exe \
  programs/dpnsvr/i386-windows/dpnsvr.exe programs/dpvsetup/i386-windows/dpvsetup.exe \
  programs/dxdiag/i386-windows/dxdiag.exe
error: failed to write to /home/asdf/projects/solidedge-wine-main/wine-install/lib/wine/i386-windows/tmp6acc0cf0/mfmediaengine.dll : No space left on device
make: *** [Makefile:341981: install] Error 1
