i686-w64-mingw32-gcc -c -o dlls/dwmapi/i386-windows/dwmapi_main.o dlls/dwmapi/dwmapi_main.c -Idlls/dwmapi -Iinclude -Iinclude/msvcrt -D_UCRT \
  -D__WINESRC__ -D__WINE_PE_BUILD -Wall -fno-strict-aliasing -Wempty-body -Wignored-qualifiers \
  -Winit-self -Wno-packed-not-aligned -Wshift-overflow=2 -Wtype-limits -Wunused-but-set-parameter \
  -Wvla -Wwrite-strings -Wpointer-arith -Wlogical-op -ffunction-sections -Wno-misleading-indentation \
  -fno-omit-frame-pointer -mpreferred-stack-boundary=2 -mlong-double-64 -msse2 -gdwarf-4 \
  -Wdeclaration-after-statement -Wstrict-prototypes -Wabsolute-value -g -O2
x86_64-w64-mingw32-gcc -c -o dlls/dwmapi/x86_64-windows/dwmapi_main.o dlls/dwmapi/dwmapi_main.c -Idlls/dwmapi -Iinclude -Iinclude/msvcrt -D_UCRT \
  -D__WINESRC__ -D__WINE_PE_BUILD -Wall -fno-strict-aliasing -Wempty-body -Wignored-qualifiers \
  -Winit-self -Wno-packed-not-aligned -Wshift-overflow=2 -Wtype-limits -Wunused-but-set-parameter \
  -Wvla -Wwrite-strings -Wpointer-arith -Wlogical-op -ffunction-sections -Wno-misleading-indentation \
  -Wformat-overflow -Wnonnull -mlong-double-64 -mcx16 -mcmodel=small -gdwarf-4 \
  -Wdeclaration-after-statement -Wstrict-prototypes -Wabsolute-value -g -O2
i686-w64-mingw32-gcc -c -o dlls/dwmapi/tests/i386-windows/dwmapi.o dlls/dwmapi/tests/dwmapi.c -Idlls/dwmapi/tests -Iinclude -Iinclude/msvcrt \
  -D_MSVCR_VER=0 -D__WINESRC__ -D__WINE_PE_BUILD -Wall -fno-strict-aliasing -Wempty-body \
  -Wignored-qualifiers -Winit-self -Wno-packed-not-aligned -Wshift-overflow=2 -Wtype-limits \
  -Wunused-but-set-parameter -Wvla -Wwrite-strings -Wpointer-arith -Wlogical-op -ffunction-sections \
  -Wno-misleading-indentation -fno-omit-frame-pointer -mpreferred-stack-boundary=2 -mlong-double-64 \
  -msse2 -gdwarf-4 -Wdeclaration-after-statement -Wstrict-prototypes -Wabsolute-value -g -O2
x86_64-w64-mingw32-gcc -c -o dlls/dwmapi/tests/x86_64-windows/dwmapi.o dlls/dwmapi/tests/dwmapi.c -Idlls/dwmapi/tests -Iinclude -Iinclude/msvcrt \
  -D_MSVCR_VER=0 -D__WINESRC__ -D__WINE_PE_BUILD -Wall -fno-strict-aliasing -Wempty-body \
  -Wignored-qualifiers -Winit-self -Wno-packed-not-aligned -Wshift-overflow=2 -Wtype-limits \
  -Wunused-but-set-parameter -Wvla -Wwrite-strings -Wpointer-arith -Wlogical-op -ffunction-sections \
  -Wno-misleading-indentation -Wformat-overflow -Wnonnull -mlong-double-64 -mcx16 -mcmodel=small \
  -gdwarf-4 -Wdeclaration-after-statement -Wstrict-prototypes -Wabsolute-value -g -O2
tools/wrc/wrc -u -o programs/winetest/build.res --nostdinc -Iprograms/winetest -Iinclude -Iinclude/msvcrt -D_MSVCR_VER=0 \
  -D__WINESRC__ programs/winetest/build.rc
tools/winegcc/winegcc -o dlls/dwmapi/tests/x86_64-windows/dwmapi_test.exe --wine-objdir . --cc-cmd="x86_64-w64-mingw32-gcc" -b x86_64-w64-mingw32 \
  dlls/dwmapi/tests/x86_64-windows/dwmapi.o dlls/dwmapi/tests/x86_64-windows/testlist.o \
  dlls/dwmapi/x86_64-windows/libdwmapi.a dlls/user32/x86_64-windows/libuser32.a \
  libs/winecrt0/x86_64-windows/libwinecrt0.a libs/compiler-rt/x86_64-windows/libcompiler-rt.a \
  dlls/msvcrt/x86_64-windows/libmsvcrt.a dlls/kernel32/x86_64-windows/libkernel32.a \
  dlls/ntdll/x86_64-windows/libntdll.a -Wl,--build-id
tools/winegcc/winegcc -o dlls/dwmapi/tests/x86_64-windows/dwmapi_test-stripped.exe --wine-objdir . --cc-cmd="x86_64-w64-mingw32-gcc" -b x86_64-w64-mingw32 \
  -s -Wb,-F,dwmapi_test.exe dlls/dwmapi/tests/x86_64-windows/dwmapi.o \
  dlls/dwmapi/tests/x86_64-windows/testlist.o dlls/dwmapi/x86_64-windows/libdwmapi.a \
  dlls/user32/x86_64-windows/libuser32.a libs/winecrt0/x86_64-windows/libwinecrt0.a \
  libs/compiler-rt/x86_64-windows/libcompiler-rt.a dlls/msvcrt/x86_64-windows/libmsvcrt.a \
  dlls/kernel32/x86_64-windows/libkernel32.a dlls/ntdll/x86_64-windows/libntdll.a -Wl,--build-id
tools/winegcc/winegcc -o dlls/dwmapi/i386-windows/dwmapi.dll --wine-objdir . --cc-cmd="i686-w64-mingw32-gcc" -b i686-w64-mingw32 \
  -Wl,--wine-builtin -shared dlls/dwmapi/dwmapi.spec dlls/dwmapi/i386-windows/dwmapi_main.o \
  dlls/dwmapi/version.res dlls/user32/i386-windows/libuser32.a \
  libs/winecrt0/i386-windows/libwinecrt0.a libs/compiler-rt/i386-windows/libcompiler-rt.a \
  dlls/ucrtbase/i386-windows/libucrtbase.a dlls/kernel32/i386-windows/libkernel32.a \
  dlls/ntdll/i386-windows/libntdll.a -Wl,--disable-stdcall-fixup -Wl,--build-id
tools/winegcc/winegcc -o dlls/dwmapi/tests/i386-windows/dwmapi_test.exe --wine-objdir . --cc-cmd="i686-w64-mingw32-gcc" -b i686-w64-mingw32 \
  dlls/dwmapi/tests/i386-windows/dwmapi.o dlls/dwmapi/tests/i386-windows/testlist.o \
  dlls/dwmapi/i386-windows/libdwmapi.a dlls/user32/i386-windows/libuser32.a \
  libs/winecrt0/i386-windows/libwinecrt0.a libs/compiler-rt/i386-windows/libcompiler-rt.a \
  dlls/msvcrt/i386-windows/libmsvcrt.a dlls/kernel32/i386-windows/libkernel32.a \
  dlls/ntdll/i386-windows/libntdll.a -Wl,--disable-stdcall-fixup -Wl,--build-id
tools/winegcc/winegcc -o dlls/dwmapi/tests/i386-windows/dwmapi_test-stripped.exe --wine-objdir . --cc-cmd="i686-w64-mingw32-gcc" -b i686-w64-mingw32 -s \
  -Wb,-F,dwmapi_test.exe dlls/dwmapi/tests/i386-windows/dwmapi.o \
  dlls/dwmapi/tests/i386-windows/testlist.o dlls/dwmapi/i386-windows/libdwmapi.a \
  dlls/user32/i386-windows/libuser32.a libs/winecrt0/i386-windows/libwinecrt0.a \
  libs/compiler-rt/i386-windows/libcompiler-rt.a dlls/msvcrt/i386-windows/libmsvcrt.a \
  dlls/kernel32/i386-windows/libkernel32.a dlls/ntdll/i386-windows/libntdll.a -Wl,--disable-stdcall-fixup -Wl,--build-id
echo "dwmapi_test.exe TESTRES \"dlls/dwmapi/tests/x86_64-windows/dwmapi_test-stripped.exe\"" | tools/wrc/wrc -u -o programs/winetest/x86_64-windows/dwmapi_test.res
tools/winegcc/winegcc -o programs/winetest/x86_64-windows/winetest.exe --wine-objdir . --cc-cmd="x86_64-w64-mingw32-gcc" -b x86_64-w64-mingw32 \
  -Wl,--wine-builtin -mconsole programs/winetest/x86_64-windows/gui.o \
  programs/winetest/x86_64-windows/main.o programs/winetest/x86_64-windows/send.o \
  programs/winetest/x86_64-windows/util.o programs/winetest/winetest.res programs/winetest/build.res \
  programs/winetest/x86_64-windows/activeds_test.res \
  programs/winetest/x86_64-windows/adsldp_test.res \
  programs/winetest/x86_64-windows/advapi32_test.res \
  programs/winetest/x86_64-windows/advpack_test.res \
  programs/winetest/x86_64-windows/amstream_test.res \
  programs/winetest/x86_64-windows/apphelp_test.res programs/winetest/x86_64-windows/atl_test.res \
  programs/winetest/x86_64-windows/atl100_test.res programs/winetest/x86_64-windows/atl110_test.res \
  programs/winetest/x86_64-windows/atl80_test.res programs/winetest/x86_64-windows/atlthunk_test.res \
  programs/winetest/x86_64-windows/avifil32_test.res \
  programs/winetest/x86_64-windows/bcp47langs_test.res \
  programs/winetest/x86_64-windows/bcrypt_test.res \
  programs/winetest/x86_64-windows/bluetoothapis_test.res \
  programs/winetest/x86_64-windows/browseui_test.res \
  programs/winetest/x86_64-windows/cabinet_test.res \
  programs/winetest/x86_64-windows/cfgmgr32_test.res \
  programs/winetest/x86_64-windows/combase_test.res programs/winetest/x86_64-windows/comcat_test.res \
  programs/winetest/x86_64-windows/comctl32_test.res \
  programs/winetest/x86_64-windows/comdlg32_test.res \
  programs/winetest/x86_64-windows/compstui_test.res \
  programs/winetest/x86_64-windows/comsvcs_test.res \
  programs/winetest/x86_64-windows/concrt140_test.res \
  programs/winetest/x86_64-windows/coremessaging_test.res \
  programs/winetest/x86_64-windows/credui_test.res programs/winetest/x86_64-windows/crypt32_test.res \
  programs/winetest/x86_64-windows/cryptext_test.res \
  programs/winetest/x86_64-windows/cryptnet_test.res \
  programs/winetest/x86_64-windows/cryptowinrt_test.res \
  programs/winetest/x86_64-windows/cryptui_test.res \
  programs/winetest/x86_64-windows/cryptxml_test.res programs/winetest/x86_64-windows/d2d1_test.res \
  programs/winetest/x86_64-windows/d3d10_test.res programs/winetest/x86_64-windows/d3d10_1_test.res \
  programs/winetest/x86_64-windows/d3d10core_test.res \
  programs/winetest/x86_64-windows/d3d11_test.res programs/winetest/x86_64-windows/d3d12_test.res \
  programs/winetest/x86_64-windows/d3d9_test.res \
  programs/winetest/x86_64-windows/d3dcompiler_42_test.res \
  programs/winetest/x86_64-windows/d3dcompiler_43_test.res \
  programs/winetest/x86_64-windows/d3dcompiler_46_test.res \
  programs/winetest/x86_64-windows/d3dcompiler_47_test.res \
  programs/winetest/x86_64-windows/d3drm_test.res \
  programs/winetest/x86_64-windows/d3dx10_33_test.res \
  programs/winetest/x86_64-windows/d3dx10_34_test.res \
  programs/winetest/x86_64-windows/d3dx10_35_test.res \
  programs/winetest/x86_64-windows/d3dx10_36_test.res \
  programs/winetest/x86_64-windows/d3dx10_37_test.res \
  programs/winetest/x86_64-windows/d3dx10_38_test.res \
  programs/winetest/x86_64-windows/d3dx10_39_test.res \
  programs/winetest/x86_64-windows/d3dx10_40_test.res \
  programs/winetest/x86_64-windows/d3dx10_41_test.res \
  programs/winetest/x86_64-windows/d3dx10_42_test.res \
  programs/winetest/x86_64-windows/d3dx10_43_test.res \
  programs/winetest/x86_64-windows/d3dx11_42_test.res \
  programs/winetest/x86_64-windows/d3dx11_43_test.res \
  programs/winetest/x86_64-windows/d3dx9_35_test.res \
  programs/winetest/x86_64-windows/d3dx9_36_test.res \
  programs/winetest/x86_64-windows/d3dx9_42_test.res \
  programs/winetest/x86_64-windows/d3dx9_43_test.res \
  programs/winetest/x86_64-windows/d3dxof_test.res \
  programs/winetest/x86_64-windows/dataexchange_test.res \
  programs/winetest/x86_64-windows/dbgeng_test.res programs/winetest/x86_64-windows/dbghelp_test.res \
  programs/winetest/x86_64-windows/ddraw_test.res programs/winetest/x86_64-windows/ddrawex_test.res \
  programs/winetest/x86_64-windows/devenum_test.res \
  programs/winetest/x86_64-windows/dhcpcsvc_test.res \
  programs/winetest/x86_64-windows/dinput_test.res \
  programs/winetest/x86_64-windows/directmanipulation_test.res \
  programs/winetest/x86_64-windows/dispex_test.res \
  programs/winetest/x86_64-windows/dmloader_test.res \
  programs/winetest/x86_64-windows/dmsynth_test.res programs/winetest/x86_64-windows/dmusic_test.res \
  programs/winetest/x86_64-windows/dnsapi_test.res programs/winetest/x86_64-windows/dpnet_test.res \
  programs/winetest/x86_64-windows/dpvoice_test.res programs/winetest/x86_64-windows/dsdmo_test.res \
  programs/winetest/x86_64-windows/dsound_test.res programs/winetest/x86_64-windows/dssenh_test.res \
  programs/winetest/x86_64-windows/dswave_test.res programs/winetest/x86_64-windows/dwmapi_test.res \
  programs/winetest/x86_64-windows/dwrite_test.res programs/winetest/x86_64-windows/dxcore_test.res \
  programs/winetest/x86_64-windows/dxdiagn_test.res programs/winetest/x86_64-windows/dxgi_test.res \
  programs/winetest/x86_64-windows/dxva2_test.res programs/winetest/x86_64-windows/evr_test.res \
  programs/winetest/x86_64-windows/explorerframe_test.res \
  programs/winetest/x86_64-windows/faultrep_test.res \
  programs/winetest/x86_64-windows/fusion_test.res programs/winetest/x86_64-windows/gameux_test.res \
  programs/winetest/x86_64-windows/gdi32_test.res programs/winetest/x86_64-windows/gdiplus_test.res \
  programs/winetest/x86_64-windows/geolocation_test.res \
  programs/winetest/x86_64-windows/glu32_test.res \
  programs/winetest/x86_64-windows/graphicscapture_test.res \
  programs/winetest/x86_64-windows/hid_test.res programs/winetest/x86_64-windows/hlink_test.res \
  programs/winetest/x86_64-windows/hnetcfg_test.res \
  programs/winetest/x86_64-windows/httpapi_test.res \
  programs/winetest/x86_64-windows/hvsimanagementapi_test.res \
  programs/winetest/x86_64-windows/icmui_test.res programs/winetest/x86_64-windows/icu_test.res \
  programs/winetest/x86_64-windows/ieframe_test.res \
  programs/winetest/x86_64-windows/iertutil_test.res \
  programs/winetest/x86_64-windows/imagehlp_test.res programs/winetest/x86_64-windows/imm32_test.res \
  programs/winetest/x86_64-windows/inetcomm_test.res \
  programs/winetest/x86_64-windows/inetmib1_test.res \
  programs/winetest/x86_64-windows/infosoft_test.res \
  programs/winetest/x86_64-windows/iphlpapi_test.res \
  programs/winetest/x86_64-windows/ir50_32_test.res programs/winetest/x86_64-windows/itss_test.res \
  programs/winetest/x86_64-windows/iyuv_32_test.res \
  programs/winetest/x86_64-windows/jscript_test.res \
  programs/winetest/x86_64-windows/jsproxy_test.res \
  programs/winetest/x86_64-windows/kernel32_test.res \
  programs/winetest/x86_64-windows/kernelbase_test.res \
  programs/winetest/x86_64-windows/localspl_test.res \
  programs/winetest/x86_64-windows/localui_test.res programs/winetest/x86_64-windows/lz32_test.res \
  programs/winetest/x86_64-windows/mapi32_test.res programs/winetest/x86_64-windows/mf_test.res \
  programs/winetest/x86_64-windows/mfmediaengine_test.res \
  programs/winetest/x86_64-windows/mfplat_test.res programs/winetest/x86_64-windows/mfplay_test.res \
  programs/winetest/x86_64-windows/mfreadwrite_test.res \
  programs/winetest/x86_64-windows/mfsrcsnk_test.res programs/winetest/x86_64-windows/mlang_test.res \
  programs/winetest/x86_64-windows/mmcndmgr_test.res \
  programs/winetest/x86_64-windows/mmdevapi_test.res \
  programs/winetest/x86_64-windows/mp3dmod_test.res programs/winetest/x86_64-windows/mpr_test.res \
  programs/winetest/x86_64-windows/msacm32_test.res \
  programs/winetest/x86_64-windows/msado15_test.res programs/winetest/x86_64-windows/msasn1_test.res \
  programs/winetest/x86_64-windows/mscms_test.res programs/winetest/x86_64-windows/mscoree_test.res \
  programs/winetest/x86_64-windows/msctf_test.res programs/winetest/x86_64-windows/msdasql_test.res \
  programs/winetest/x86_64-windows/msdmo_test.res programs/winetest/x86_64-windows/msftedit_test.res \
  programs/winetest/x86_64-windows/mshtml_test.res programs/winetest/x86_64-windows/msi_test.res \
  programs/winetest/x86_64-windows/mspatcha_test.res \
  programs/winetest/x86_64-windows/msrle32_test.res programs/winetest/x86_64-windows/mstask_test.res \
  programs/winetest/x86_64-windows/msvcirt_test.res \
  programs/winetest/x86_64-windows/msvcp100_test.res \
  programs/winetest/x86_64-windows/msvcp110_test.res \
  programs/winetest/x86_64-windows/msvcp120_test.res \
  programs/winetest/x86_64-windows/msvcp140_test.res \
  programs/winetest/x86_64-windows/msvcp140_1_test.res \
  programs/winetest/x86_64-windows/msvcp140_2_test.res \
  programs/winetest/x86_64-windows/msvcp140_atomic_wait_test.res \
  programs/winetest/x86_64-windows/msvcp60_test.res \
  programs/winetest/x86_64-windows/msvcp90_test.res \
  programs/winetest/x86_64-windows/msvcr100_test.res \
  programs/winetest/x86_64-windows/msvcr110_test.res \
  programs/winetest/x86_64-windows/msvcr120_test.res \
  programs/winetest/x86_64-windows/msvcr80_test.res \
  programs/winetest/x86_64-windows/msvcr90_test.res programs/winetest/x86_64-windows/msvcrt_test.res \
  programs/winetest/x86_64-windows/msvfw32_test.res programs/winetest/x86_64-windows/msxml3_test.res \
  programs/winetest/x86_64-windows/msxml4_test.res programs/winetest/x86_64-windows/msxml6_test.res \
  programs/winetest/x86_64-windows/ncrypt_test.res \
  programs/winetest/x86_64-windows/ndis.sys_test.res \
  programs/winetest/x86_64-windows/netapi32_test.res \
  programs/winetest/x86_64-windows/netcfgx_test.res \
  programs/winetest/x86_64-windows/netprofm_test.res \
  programs/winetest/x86_64-windows/ninput_test.res programs/winetest/x86_64-windows/nsi_test.res \
  programs/winetest/x86_64-windows/ntdll_test.res programs/winetest/x86_64-windows/ntdsapi_test.res \
  programs/winetest/x86_64-windows/ntoskrnl.exe_test.res \
  programs/winetest/x86_64-windows/ntprint_test.res programs/winetest/x86_64-windows/odbc32_test.res \
  programs/winetest/x86_64-windows/odbccp32_test.res programs/winetest/x86_64-windows/ole32_test.res \
  programs/winetest/x86_64-windows/oleacc_test.res \
  programs/winetest/x86_64-windows/oleaut32_test.res \
  programs/winetest/x86_64-windows/oledb32_test.res programs/winetest/x86_64-windows/oledlg_test.res \
  programs/winetest/x86_64-windows/opcservices_test.res \
  programs/winetest/x86_64-windows/opengl32_test.res \
  programs/winetest/x86_64-windows/packager_test.res programs/winetest/x86_64-windows/pdh_test.res \
  programs/winetest/x86_64-windows/prntvpt_test.res \
  programs/winetest/x86_64-windows/propsys_test.res programs/winetest/x86_64-windows/psapi_test.res \
  programs/winetest/x86_64-windows/pstorec_test.res programs/winetest/x86_64-windows/qasf_test.res \
  programs/winetest/x86_64-windows/qcap_test.res programs/winetest/x86_64-windows/qdvd_test.res \
  programs/winetest/x86_64-windows/qedit_test.res programs/winetest/x86_64-windows/qmgr_test.res \
  programs/winetest/x86_64-windows/quartz_test.res programs/winetest/x86_64-windows/qwave_test.res \
  programs/winetest/x86_64-windows/rasapi32_test.res \
  programs/winetest/x86_64-windows/riched20_test.res \
  programs/winetest/x86_64-windows/riched32_test.res \
  programs/winetest/x86_64-windows/rometadata_test.res \
  programs/winetest/x86_64-windows/rpcrt4_test.res programs/winetest/x86_64-windows/rsaenh_test.res \
  programs/winetest/x86_64-windows/rtworkq_test.res programs/winetest/x86_64-windows/sapi_test.res \
  programs/winetest/x86_64-windows/schannel_test.res \
  programs/winetest/x86_64-windows/schedsvc_test.res \
  programs/winetest/x86_64-windows/scrobj_test.res programs/winetest/x86_64-windows/scrrun_test.res \
  programs/winetest/x86_64-windows/secur32_test.res \
  programs/winetest/x86_64-windows/serialui_test.res \
  programs/winetest/x86_64-windows/setupapi_test.res \
  programs/winetest/x86_64-windows/shcore_test.res programs/winetest/x86_64-windows/shdocvw_test.res \
  programs/winetest/x86_64-windows/shell32_test.res \
  programs/winetest/x86_64-windows/shlwapi_test.res programs/winetest/x86_64-windows/slc_test.res \
  programs/winetest/x86_64-windows/snmpapi_test.res \
  programs/winetest/x86_64-windows/spoolss_test.res programs/winetest/x86_64-windows/sti_test.res \
  programs/winetest/x86_64-windows/sxs_test.res programs/winetest/x86_64-windows/t2embed_test.res \
  programs/winetest/x86_64-windows/tapi32_test.res \
  programs/winetest/x86_64-windows/taskschd_test.res programs/winetest/x86_64-windows/tdh_test.res \
  programs/winetest/x86_64-windows/threadpoolwinrt_test.res \
  programs/winetest/x86_64-windows/thumbcache_test.res \
  programs/winetest/x86_64-windows/twinapi.appcore_test.res \
  programs/winetest/x86_64-windows/ucrtbase_test.res \
  programs/winetest/x86_64-windows/uianimation_test.res \
  programs/winetest/x86_64-windows/uiautomationcore_test.res \
  programs/winetest/x86_64-windows/urlmon_test.res programs/winetest/x86_64-windows/user32_test.res \
  programs/winetest/x86_64-windows/userenv_test.res programs/winetest/x86_64-windows/usp10_test.res \
  programs/winetest/x86_64-windows/uxtheme_test.res \
  programs/winetest/x86_64-windows/vbscript_test.res \
  programs/winetest/x86_64-windows/vccorlib140_test.res \
  programs/winetest/x86_64-windows/vcomp_test.res programs/winetest/x86_64-windows/vcomp110_test.res \
  programs/winetest/x86_64-windows/version_test.res \
  programs/winetest/x86_64-windows/virtdisk_test.res \
  programs/winetest/x86_64-windows/vulkan-1_test.res \
  programs/winetest/x86_64-windows/wbemdisp_test.res \
  programs/winetest/x86_64-windows/wbemprox_test.res \
  programs/winetest/x86_64-windows/webservices_test.res \
  programs/winetest/x86_64-windows/wer_test.res programs/winetest/x86_64-windows/wevtapi_test.res \
  programs/winetest/x86_64-windows/wiaservc_test.res \
  programs/winetest/x86_64-windows/win32u_test.res \
  programs/winetest/x86_64-windows/windows.applicationmodel_test.res \
  programs/winetest/x86_64-windows/windows.devices.bluetooth_test.res \
  programs/winetest/x86_64-windows/windows.devices.enumeration_test.res \
  programs/winetest/x86_64-windows/windows.devices.radios_test.res \
  programs/winetest/x86_64-windows/windows.devices.usb_test.res \
  programs/winetest/x86_64-windows/windows.gaming.input_test.res \
  programs/winetest/x86_64-windows/windows.gaming.ui.gamebar_test.res \
  programs/winetest/x86_64-windows/windows.globalization_test.res \
  programs/winetest/x86_64-windows/windows.graphics_test.res \
  programs/winetest/x86_64-windows/windows.media.devices_test.res \
  programs/winetest/x86_64-windows/windows.media.mediacontrol_test.res \
  programs/winetest/x86_64-windows/windows.media.playback.backgroundmediaplayer_test.res \
  programs/winetest/x86_64-windows/windows.media.playback.mediaplayer_test.res \
  programs/winetest/x86_64-windows/windows.media.speech_test.res \
  programs/winetest/x86_64-windows/windows.media_test.res \
  programs/winetest/x86_64-windows/windows.networking.connectivity_test.res \
  programs/winetest/x86_64-windows/windows.networking.hostname_test.res \
  programs/winetest/x86_64-windows/windows.perception.stub_test.res \
  programs/winetest/x86_64-windows/windows.security.authentication.onlineid_test.res \
  programs/winetest/x86_64-windows/windows.security.credentials.ui.userconsentverifier_test.res \
  programs/winetest/x86_64-windows/windows.storage.applicationdata_test.res \
  programs/winetest/x86_64-windows/windows.storage_test.res \
  programs/winetest/x86_64-windows/windows.system.profile.systemid_test.res \
  programs/winetest/x86_64-windows/windows.system.profile.systemmanufacturers_test.res \
  programs/winetest/x86_64-windows/windows.ui.core.textinput_test.res \
  programs/winetest/x86_64-windows/windows.ui.xaml_test.res \
  programs/winetest/x86_64-windows/windows.ui_test.res \
  programs/winetest/x86_64-windows/windows.web_test.res \
  programs/winetest/x86_64-windows/windowscodecs_test.res \
  programs/winetest/x86_64-windows/windowscodecsext_test.res \
  programs/winetest/x86_64-windows/wing32_test.res programs/winetest/x86_64-windows/winhttp_test.res \
  programs/winetest/x86_64-windows/wininet_test.res programs/winetest/x86_64-windows/winmm_test.res \
  programs/winetest/x86_64-windows/winscard_test.res \
  programs/winetest/x86_64-windows/winspool.drv_test.res \
  programs/winetest/x86_64-windows/winsqlite3_test.res \
  programs/winetest/x86_64-windows/wintab32_test.res \
  programs/winetest/x86_64-windows/wintrust_test.res \
  programs/winetest/x86_64-windows/wintypes_test.res \
  programs/winetest/x86_64-windows/wlanapi_test.res \
  programs/winetest/x86_64-windows/wldap32_test.res programs/winetest/x86_64-windows/wldp_test.res \
  programs/winetest/x86_64-windows/wmiutils_test.res programs/winetest/x86_64-windows/wmp_test.res \
  programs/winetest/x86_64-windows/wmvcore_test.res programs/winetest/x86_64-windows/wpc_test.res \
  programs/winetest/x86_64-windows/wpcap_test.res programs/winetest/x86_64-windows/ws2_32_test.res \
  programs/winetest/x86_64-windows/wsdapi_test.res \
  programs/winetest/x86_64-windows/wshom.ocx_test.res \
  programs/winetest/x86_64-windows/wsnmp32_test.res \
  programs/winetest/x86_64-windows/wtsapi32_test.res \
  programs/winetest/x86_64-windows/xactengine3_7_test.res \
  programs/winetest/x86_64-windows/xaudio2_7_test.res \
  programs/winetest/x86_64-windows/xaudio2_8_test.res \
  programs/winetest/x86_64-windows/xinput1_3_test.res \
  programs/winetest/x86_64-windows/xmllite_test.res \
  programs/winetest/x86_64-windows/cmd.exe_test.res \
  programs/winetest/x86_64-windows/conhost.exe_test.res \
  programs/winetest/x86_64-windows/explorer.exe_test.res \
  programs/winetest/x86_64-windows/fc.exe_test.res \
  programs/winetest/x86_64-windows/find.exe_test.res \
  programs/winetest/x86_64-windows/findstr.exe_test.res \
  programs/winetest/x86_64-windows/fsutil.exe_test.res \
  programs/winetest/x86_64-windows/net.exe_test.res \
  programs/winetest/x86_64-windows/reg.exe_test.res \
  programs/winetest/x86_64-windows/regedit.exe_test.res \
  programs/winetest/x86_64-windows/sc.exe_test.res \
  programs/winetest/x86_64-windows/schtasks.exe_test.res \
  programs/winetest/x86_64-windows/services.exe_test.res \
  programs/winetest/x86_64-windows/tasklist.exe_test.res \
  programs/winetest/x86_64-windows/timeout.exe_test.res \
  programs/winetest/x86_64-windows/wscript.exe_test.res \
  programs/winetest/x86_64-windows/xcopy.exe_test.res libs/uuid/x86_64-windows/libuuid.a \
  dlls/comctl32/x86_64-windows/libcomctl32.a dlls/version/x86_64-windows/libversion.a \
  dlls/user32/x86_64-windows/libuser32.a dlls/gdi32/x86_64-windows/libgdi32.a \
  dlls/advapi32/x86_64-windows/libadvapi32.a dlls/wsock32/x86_64-windows/libwsock32.a \
  dlls/ole32/x86_64-windows/libole32.delay.a libs/winecrt0/x86_64-windows/libwinecrt0.a \
  libs/compiler-rt/x86_64-windows/libcompiler-rt.a dlls/msvcrt/x86_64-windows/libmsvcrt.a \
  dlls/kernel32/x86_64-windows/libkernel32.a dlls/ntdll/x86_64-windows/libntdll.a -Wl,--build-id
tools/winegcc/winegcc -o dlls/dwmapi/x86_64-windows/dwmapi.dll --wine-objdir . --cc-cmd="x86_64-w64-mingw32-gcc" -b x86_64-w64-mingw32 \
  -Wl,--wine-builtin -shared dlls/dwmapi/dwmapi.spec dlls/dwmapi/x86_64-windows/dwmapi_main.o \
  dlls/dwmapi/version.res dlls/user32/x86_64-windows/libuser32.a \
  libs/winecrt0/x86_64-windows/libwinecrt0.a libs/compiler-rt/x86_64-windows/libcompiler-rt.a \
  dlls/ucrtbase/x86_64-windows/libucrtbase.a dlls/kernel32/x86_64-windows/libkernel32.a \
  dlls/ntdll/x86_64-windows/libntdll.a -Wl,--build-id
echo "dwmapi_test.exe TESTRES \"dlls/dwmapi/tests/i386-windows/dwmapi_test-stripped.exe\"" | tools/wrc/wrc -u -o programs/winetest/i386-windows/dwmapi_test.res
tools/winegcc/winegcc -o programs/winetest/i386-windows/winetest.exe --wine-objdir . --cc-cmd="i686-w64-mingw32-gcc" -b i686-w64-mingw32 \
  -Wl,--wine-builtin -mconsole programs/winetest/i386-windows/gui.o \
  programs/winetest/i386-windows/main.o programs/winetest/i386-windows/send.o \
  programs/winetest/i386-windows/util.o programs/winetest/winetest.res programs/winetest/build.res \
  programs/winetest/i386-windows/activeds_test.res programs/winetest/i386-windows/adsldp_test.res \
  programs/winetest/i386-windows/advapi32_test.res programs/winetest/i386-windows/advpack_test.res \
  programs/winetest/i386-windows/amstream_test.res programs/winetest/i386-windows/apphelp_test.res \
  programs/winetest/i386-windows/atl_test.res programs/winetest/i386-windows/atl100_test.res \
  programs/winetest/i386-windows/atl110_test.res programs/winetest/i386-windows/atl80_test.res \
  programs/winetest/i386-windows/atlthunk_test.res programs/winetest/i386-windows/avifil32_test.res \
  programs/winetest/i386-windows/bcp47langs_test.res programs/winetest/i386-windows/bcrypt_test.res \
  programs/winetest/i386-windows/bluetoothapis_test.res \
  programs/winetest/i386-windows/browseui_test.res programs/winetest/i386-windows/cabinet_test.res \
  programs/winetest/i386-windows/cfgmgr32_test.res programs/winetest/i386-windows/combase_test.res \
  programs/winetest/i386-windows/comcat_test.res programs/winetest/i386-windows/comctl32_test.res \
  programs/winetest/i386-windows/comdlg32_test.res programs/winetest/i386-windows/compstui_test.res \
  programs/winetest/i386-windows/comsvcs_test.res programs/winetest/i386-windows/concrt140_test.res \
  programs/winetest/i386-windows/coremessaging_test.res \
  programs/winetest/i386-windows/credui_test.res programs/winetest/i386-windows/crypt32_test.res \
  programs/winetest/i386-windows/cryptext_test.res programs/winetest/i386-windows/cryptnet_test.res \
  programs/winetest/i386-windows/cryptowinrt_test.res \
  programs/winetest/i386-windows/cryptui_test.res programs/winetest/i386-windows/cryptxml_test.res \
  programs/winetest/i386-windows/d2d1_test.res programs/winetest/i386-windows/d3d10_test.res \
  programs/winetest/i386-windows/d3d10_1_test.res programs/winetest/i386-windows/d3d10core_test.res \
  programs/winetest/i386-windows/d3d11_test.res programs/winetest/i386-windows/d3d12_test.res \
  programs/winetest/i386-windows/d3d8_test.res programs/winetest/i386-windows/d3d9_test.res \
  programs/winetest/i386-windows/d3dcompiler_42_test.res \
  programs/winetest/i386-windows/d3dcompiler_43_test.res \
  programs/winetest/i386-windows/d3dcompiler_46_test.res \
  programs/winetest/i386-windows/d3dcompiler_47_test.res \
  programs/winetest/i386-windows/d3drm_test.res programs/winetest/i386-windows/d3dx10_33_test.res \
  programs/winetest/i386-windows/d3dx10_34_test.res \
  programs/winetest/i386-windows/d3dx10_35_test.res \
  programs/winetest/i386-windows/d3dx10_36_test.res \
  programs/winetest/i386-windows/d3dx10_37_test.res \
  programs/winetest/i386-windows/d3dx10_38_test.res \
  programs/winetest/i386-windows/d3dx10_39_test.res \
  programs/winetest/i386-windows/d3dx10_40_test.res \
  programs/winetest/i386-windows/d3dx10_41_test.res \
  programs/winetest/i386-windows/d3dx10_42_test.res \
  programs/winetest/i386-windows/d3dx10_43_test.res \
  programs/winetest/i386-windows/d3dx11_42_test.res \
  programs/winetest/i386-windows/d3dx11_43_test.res programs/winetest/i386-windows/d3dx9_35_test.res \
  programs/winetest/i386-windows/d3dx9_36_test.res programs/winetest/i386-windows/d3dx9_42_test.res \
  programs/winetest/i386-windows/d3dx9_43_test.res programs/winetest/i386-windows/d3dxof_test.res \
  programs/winetest/i386-windows/dataexchange_test.res \
  programs/winetest/i386-windows/dbgeng_test.res programs/winetest/i386-windows/dbghelp_test.res \
  programs/winetest/i386-windows/ddraw_test.res programs/winetest/i386-windows/ddrawex_test.res \
  programs/winetest/i386-windows/devenum_test.res programs/winetest/i386-windows/dhcpcsvc_test.res \
  programs/winetest/i386-windows/dinput_test.res \
  programs/winetest/i386-windows/directmanipulation_test.res \
  programs/winetest/i386-windows/dispex_test.res programs/winetest/i386-windows/dmband_test.res \
  programs/winetest/i386-windows/dmcompos_test.res programs/winetest/i386-windows/dmime_test.res \
  programs/winetest/i386-windows/dmloader_test.res programs/winetest/i386-windows/dmscript_test.res \
  programs/winetest/i386-windows/dmstyle_test.res programs/winetest/i386-windows/dmsynth_test.res \
  programs/winetest/i386-windows/dmusic_test.res programs/winetest/i386-windows/dnsapi_test.res \
  programs/winetest/i386-windows/dplayx_test.res programs/winetest/i386-windows/dpnet_test.res \
  programs/winetest/i386-windows/dpvoice_test.res programs/winetest/i386-windows/dsdmo_test.res \
  programs/winetest/i386-windows/dsound_test.res programs/winetest/i386-windows/dssenh_test.res \
  programs/winetest/i386-windows/dswave_test.res programs/winetest/i386-windows/dwmapi_test.res \
  programs/winetest/i386-windows/dwrite_test.res programs/winetest/i386-windows/dxcore_test.res \
  programs/winetest/i386-windows/dxdiagn_test.res programs/winetest/i386-windows/dxgi_test.res \
  programs/winetest/i386-windows/dxva2_test.res programs/winetest/i386-windows/evr_test.res \
  programs/winetest/i386-windows/explorerframe_test.res \
  programs/winetest/i386-windows/faultrep_test.res programs/winetest/i386-windows/fusion_test.res \
  programs/winetest/i386-windows/gameux_test.res programs/winetest/i386-windows/gdi32_test.res \
  programs/winetest/i386-windows/gdiplus_test.res \
  programs/winetest/i386-windows/geolocation_test.res programs/winetest/i386-windows/glu32_test.res \
  programs/winetest/i386-windows/graphicscapture_test.res \
  programs/winetest/i386-windows/hid_test.res programs/winetest/i386-windows/hlink_test.res \
  programs/winetest/i386-windows/hnetcfg_test.res programs/winetest/i386-windows/httpapi_test.res \
  programs/winetest/i386-windows/hvsimanagementapi_test.res \
  programs/winetest/i386-windows/iccvid_test.res programs/winetest/i386-windows/icmui_test.res \
  programs/winetest/i386-windows/icu_test.res programs/winetest/i386-windows/ieframe_test.res \
  programs/winetest/i386-windows/iertutil_test.res programs/winetest/i386-windows/imagehlp_test.res \
  programs/winetest/i386-windows/imm32_test.res programs/winetest/i386-windows/inetcomm_test.res \
  programs/winetest/i386-windows/inetmib1_test.res programs/winetest/i386-windows/infosoft_test.res \
  programs/winetest/i386-windows/iphlpapi_test.res programs/winetest/i386-windows/ir50_32_test.res \
  programs/winetest/i386-windows/itss_test.res programs/winetest/i386-windows/iyuv_32_test.res \
  programs/winetest/i386-windows/jscript_test.res programs/winetest/i386-windows/jsproxy_test.res \
  programs/winetest/i386-windows/kernel32_test.res \
  programs/winetest/i386-windows/kernelbase_test.res \
  programs/winetest/i386-windows/localspl_test.res programs/winetest/i386-windows/localui_test.res \
  programs/winetest/i386-windows/lz32_test.res programs/winetest/i386-windows/mapi32_test.res \
  programs/winetest/i386-windows/mf_test.res programs/winetest/i386-windows/mfmediaengine_test.res \
  programs/winetest/i386-windows/mfplat_test.res programs/winetest/i386-windows/mfplay_test.res \
  programs/winetest/i386-windows/mfreadwrite_test.res \
  programs/winetest/i386-windows/mfsrcsnk_test.res programs/winetest/i386-windows/mlang_test.res \
  programs/winetest/i386-windows/mmcndmgr_test.res programs/winetest/i386-windows/mmdevapi_test.res \
  programs/winetest/i386-windows/mp3dmod_test.res programs/winetest/i386-windows/mpr_test.res \
  programs/winetest/i386-windows/msacm32_test.res programs/winetest/i386-windows/msado15_test.res \
  programs/winetest/i386-windows/msasn1_test.res programs/winetest/i386-windows/mscms_test.res \
  programs/winetest/i386-windows/mscoree_test.res programs/winetest/i386-windows/msctf_test.res \
  programs/winetest/i386-windows/msdasql_test.res programs/winetest/i386-windows/msdmo_test.res \
  programs/winetest/i386-windows/msftedit_test.res programs/winetest/i386-windows/mshtml_test.res \
  programs/winetest/i386-windows/msi_test.res programs/winetest/i386-windows/mspatcha_test.res \
  programs/winetest/i386-windows/msrle32_test.res \
  programs/winetest/i386-windows/msscript.ocx_test.res \
  programs/winetest/i386-windows/mstask_test.res programs/winetest/i386-windows/msvcirt_test.res \
  programs/winetest/i386-windows/msvcp100_test.res programs/winetest/i386-windows/msvcp110_test.res \
  programs/winetest/i386-windows/msvcp120_test.res programs/winetest/i386-windows/msvcp140_test.res \
  programs/winetest/i386-windows/msvcp140_1_test.res \
  programs/winetest/i386-windows/msvcp140_2_test.res \
  programs/winetest/i386-windows/msvcp140_atomic_wait_test.res \
  programs/winetest/i386-windows/msvcp60_test.res programs/winetest/i386-windows/msvcp90_test.res \
  programs/winetest/i386-windows/msvcr100_test.res programs/winetest/i386-windows/msvcr110_test.res \
  programs/winetest/i386-windows/msvcr120_test.res programs/winetest/i386-windows/msvcr70_test.res \
  programs/winetest/i386-windows/msvcr71_test.res programs/winetest/i386-windows/msvcr80_test.res \
  programs/winetest/i386-windows/msvcr90_test.res programs/winetest/i386-windows/msvcrt_test.res \
  programs/winetest/i386-windows/msvcrtd_test.res programs/winetest/i386-windows/msvfw32_test.res \
  programs/winetest/i386-windows/msxml3_test.res programs/winetest/i386-windows/msxml4_test.res \
  programs/winetest/i386-windows/msxml6_test.res programs/winetest/i386-windows/ncrypt_test.res \
  programs/winetest/i386-windows/ndis.sys_test.res programs/winetest/i386-windows/netapi32_test.res \
  programs/winetest/i386-windows/netcfgx_test.res programs/winetest/i386-windows/netprofm_test.res \
  programs/winetest/i386-windows/ninput_test.res programs/winetest/i386-windows/nsi_test.res \
  programs/winetest/i386-windows/ntdll_test.res programs/winetest/i386-windows/ntdsapi_test.res \
  programs/winetest/i386-windows/ntoskrnl.exe_test.res \
  programs/winetest/i386-windows/ntprint_test.res programs/winetest/i386-windows/odbc32_test.res \
  programs/winetest/i386-windows/odbccp32_test.res programs/winetest/i386-windows/ole32_test.res \
  programs/winetest/i386-windows/oleacc_test.res programs/winetest/i386-windows/oleaut32_test.res \
  programs/winetest/i386-windows/oledb32_test.res programs/winetest/i386-windows/oledlg_test.res \
  programs/winetest/i386-windows/opcservices_test.res \
  programs/winetest/i386-windows/opengl32_test.res programs/winetest/i386-windows/packager_test.res \
  programs/winetest/i386-windows/pdh_test.res programs/winetest/i386-windows/prntvpt_test.res \
  programs/winetest/i386-windows/propsys_test.res programs/winetest/i386-windows/psapi_test.res \
  programs/winetest/i386-windows/pstorec_test.res programs/winetest/i386-windows/qasf_test.res \
  programs/winetest/i386-windows/qcap_test.res programs/winetest/i386-windows/qdvd_test.res \
  programs/winetest/i386-windows/qedit_test.res programs/winetest/i386-windows/qmgr_test.res \
  programs/winetest/i386-windows/quartz_test.res programs/winetest/i386-windows/qwave_test.res \
  programs/winetest/i386-windows/rasapi32_test.res programs/winetest/i386-windows/riched20_test.res \
  programs/winetest/i386-windows/riched32_test.res \
  programs/winetest/i386-windows/rometadata_test.res programs/winetest/i386-windows/rpcrt4_test.res \
  programs/winetest/i386-windows/rsaenh_test.res programs/winetest/i386-windows/rtworkq_test.res \
  programs/winetest/i386-windows/sapi_test.res programs/winetest/i386-windows/schannel_test.res \
  programs/winetest/i386-windows/schedsvc_test.res programs/winetest/i386-windows/scrobj_test.res \
  programs/winetest/i386-windows/scrrun_test.res programs/winetest/i386-windows/secur32_test.res \
  programs/winetest/i386-windows/serialui_test.res programs/winetest/i386-windows/setupapi_test.res \
  programs/winetest/i386-windows/shcore_test.res programs/winetest/i386-windows/shdocvw_test.res \
  programs/winetest/i386-windows/shell32_test.res programs/winetest/i386-windows/shlwapi_test.res \
  programs/winetest/i386-windows/slc_test.res programs/winetest/i386-windows/snmpapi_test.res \
  programs/winetest/i386-windows/spoolss_test.res programs/winetest/i386-windows/sti_test.res \
  programs/winetest/i386-windows/sxs_test.res programs/winetest/i386-windows/t2embed_test.res \
  programs/winetest/i386-windows/tapi32_test.res programs/winetest/i386-windows/taskschd_test.res \
  programs/winetest/i386-windows/tdh_test.res \
  programs/winetest/i386-windows/threadpoolwinrt_test.res \
  programs/winetest/i386-windows/thumbcache_test.res \
  programs/winetest/i386-windows/twain_32_test.res \
  programs/winetest/i386-windows/twinapi.appcore_test.res \
  programs/winetest/i386-windows/ucrtbase_test.res \
  programs/winetest/i386-windows/uianimation_test.res \
  programs/winetest/i386-windows/uiautomationcore_test.res \
  programs/winetest/i386-windows/urlmon_test.res programs/winetest/i386-windows/user32_test.res \
  programs/winetest/i386-windows/userenv_test.res programs/winetest/i386-windows/usp10_test.res \
  programs/winetest/i386-windows/uxtheme_test.res programs/winetest/i386-windows/vbscript_test.res \
  programs/winetest/i386-windows/vccorlib140_test.res programs/winetest/i386-windows/vcomp_test.res \
  programs/winetest/i386-windows/vcomp110_test.res programs/winetest/i386-windows/version_test.res \
  programs/winetest/i386-windows/virtdisk_test.res programs/winetest/i386-windows/vulkan-1_test.res \
  programs/winetest/i386-windows/wbemdisp_test.res programs/winetest/i386-windows/wbemprox_test.res \
  programs/winetest/i386-windows/webservices_test.res programs/winetest/i386-windows/wer_test.res \
  programs/winetest/i386-windows/wevtapi_test.res programs/winetest/i386-windows/wiaservc_test.res \
  programs/winetest/i386-windows/win32u_test.res \
  programs/winetest/i386-windows/windows.applicationmodel_test.res \
  programs/winetest/i386-windows/windows.devices.bluetooth_test.res \
  programs/winetest/i386-windows/windows.devices.enumeration_test.res \
  programs/winetest/i386-windows/windows.devices.radios_test.res \
  programs/winetest/i386-windows/windows.devices.usb_test.res \
  programs/winetest/i386-windows/windows.gaming.input_test.res \
  programs/winetest/i386-windows/windows.gaming.ui.gamebar_test.res \
  programs/winetest/i386-windows/windows.globalization_test.res \
  programs/winetest/i386-windows/windows.graphics_test.res \
  programs/winetest/i386-windows/windows.media.devices_test.res \
  programs/winetest/i386-windows/windows.media.mediacontrol_test.res \
  programs/winetest/i386-windows/windows.media.playback.backgroundmediaplayer_test.res \
  programs/winetest/i386-windows/windows.media.playback.mediaplayer_test.res \
  programs/winetest/i386-windows/windows.media.speech_test.res \
  programs/winetest/i386-windows/windows.media_test.res \
  programs/winetest/i386-windows/windows.networking.connectivity_test.res \
  programs/winetest/i386-windows/windows.networking.hostname_test.res \
  programs/winetest/i386-windows/windows.perception.stub_test.res \
  programs/winetest/i386-windows/windows.security.authentication.onlineid_test.res \
  programs/winetest/i386-windows/windows.security.credentials.ui.userconsentverifier_test.res \
  programs/winetest/i386-windows/windows.storage.applicationdata_test.res \
  programs/winetest/i386-windows/windows.storage_test.res \
  programs/winetest/i386-windows/windows.system.profile.systemid_test.res \
  programs/winetest/i386-windows/windows.system.profile.systemmanufacturers_test.res \
  programs/winetest/i386-windows/windows.ui.core.textinput_test.res \
  programs/winetest/i386-windows/windows.ui.xaml_test.res \
  programs/winetest/i386-windows/windows.ui_test.res \
  programs/winetest/i386-windows/windows.web_test.res \
  programs/winetest/i386-windows/windowscodecs_test.res \
  programs/winetest/i386-windows/windowscodecsext_test.res \
  programs/winetest/i386-windows/wing32_test.res programs/winetest/i386-windows/winhttp_test.res \
  programs/winetest/i386-windows/wininet_test.res programs/winetest/i386-windows/winmm_test.res \
  programs/winetest/i386-windows/winscard_test.res \
  programs/winetest/i386-windows/winspool.drv_test.res \
  programs/winetest/i386-windows/winsqlite3_test.res \
  programs/winetest/i386-windows/wintab32_test.res programs/winetest/i386-windows/wintrust_test.res \
  programs/winetest/i386-windows/wintypes_test.res programs/winetest/i386-windows/wlanapi_test.res \
  programs/winetest/i386-windows/wldap32_test.res programs/winetest/i386-windows/wldp_test.res \
  programs/winetest/i386-windows/wmiutils_test.res programs/winetest/i386-windows/wmp_test.res \
  programs/winetest/i386-windows/wmvcore_test.res programs/winetest/i386-windows/wpc_test.res \
  programs/winetest/i386-windows/wpcap_test.res programs/winetest/i386-windows/ws2_32_test.res \
  programs/winetest/i386-windows/wsdapi_test.res programs/winetest/i386-windows/wshom.ocx_test.res \
  programs/winetest/i386-windows/wsnmp32_test.res programs/winetest/i386-windows/wtsapi32_test.res \
  programs/winetest/i386-windows/xactengine3_7_test.res \
  programs/winetest/i386-windows/xaudio2_7_test.res \
  programs/winetest/i386-windows/xaudio2_8_test.res \
  programs/winetest/i386-windows/xinput1_3_test.res programs/winetest/i386-windows/xmllite_test.res \
  programs/winetest/i386-windows/cmd.exe_test.res \
  programs/winetest/i386-windows/explorer.exe_test.res \
  programs/winetest/i386-windows/fc.exe_test.res programs/winetest/i386-windows/find.exe_test.res \
  programs/winetest/i386-windows/findstr.exe_test.res \
  programs/winetest/i386-windows/fsutil.exe_test.res programs/winetest/i386-windows/net.exe_test.res \
  programs/winetest/i386-windows/reg.exe_test.res \
  programs/winetest/i386-windows/regedit.exe_test.res programs/winetest/i386-windows/sc.exe_test.res \
  programs/winetest/i386-windows/schtasks.exe_test.res \
  programs/winetest/i386-windows/tasklist.exe_test.res \
  programs/winetest/i386-windows/timeout.exe_test.res \
  programs/winetest/i386-windows/wscript.exe_test.res \
  programs/winetest/i386-windows/xcopy.exe_test.res libs/uuid/i386-windows/libuuid.a \
  dlls/comctl32/i386-windows/libcomctl32.a dlls/version/i386-windows/libversion.a \
  dlls/user32/i386-windows/libuser32.a dlls/gdi32/i386-windows/libgdi32.a \
  dlls/advapi32/i386-windows/libadvapi32.a dlls/wsock32/i386-windows/libwsock32.a \
  dlls/ole32/i386-windows/libole32.delay.a libs/winecrt0/i386-windows/libwinecrt0.a \
  libs/compiler-rt/i386-windows/libcompiler-rt.a dlls/msvcrt/i386-windows/libmsvcrt.a \
  dlls/kernel32/i386-windows/libkernel32.a dlls/ntdll/i386-windows/libntdll.a -Wl,--disable-stdcall-fixup -Wl,--build-id
Wine build complete.
