
7-Zip 26.00 (x64) : Copyright (c) 1999-2026 Igor Pavlov : 2026-02-12
 64-bit locale=en_US.UTF-8 Threads:22 OPEN_MAX:524288, ASM

Scanning the drive for archives:
1 file, 199229440 bytes (190 MiB)

Extracting archive: ../media/Solid_Edge_Web_Package_2026.7z.001
--
Path = ../media/Solid_Edge_Web_Package_2026.7z.001
Type = Split
Physical Size = 199229440
Volumes = 27
Total Physical Size = 5292040716
----
Path = Solid_Edge_Web_Package_2026.7z
Size = 5292040716
--
Path = Solid_Edge_Web_Package_2026.7z
Type = 7z
Physical Size = 5292040716
Headers Size = 12238
Method = LZMA2:25 BCJ
Solid = +
Blocks = 2

Everything is Ok

Folders: 54
Files: 705
Size:       5528671055
Compressed: 5292040716
