libEGL warning: DRI3 error: Could not get DRI3 device
libEGL warning: Ensure your X server supports DRI3 to get accelerated rendering
00b4:fixme:wineusb:query_id Unhandled ID query type 0x5.
00b4:fixme:wineusb:query_id Unhandled ID query type 0x5.
00b4:fixme:wineusb:query_id Unhandled ID query type 0x5.
002c:fixme:ver:GetCurrentPackageId (00007FFFFE23FEB0 0000000000000000): stub
0034:fixme:ver:GetCurrentPackageId (00007FFFFE23FEB0 0000000000000000): stub
011c:fixme:ntdll:NtQuerySystemInformation info_class SYSTEM_PERFORMANCE_INFORMATION
0120:fixme:ver:GetCurrentPackageId (1375FF00 00000000): stub
21:42:09.846 [main] INFO net.steinberg.elicenser.download.singleinstance.SingleInstanceLock - Lock file is: C:\users\asdf\AppData\Local\Temp\net-steinberg-sda.4EA4CA71-30AB-4E8A-A087-757CA9B5E747.lock
011c:fixme:file:NtLockFile I/O completion on lock not implemented yet
21:42:09.878 [main] INFO net.steinberg.elicenser.download.singleinstance.SingleInstanceLock - Message file is: C:\users\asdf\AppData\Local\Temp\net-steinberg-sda.4EA4CA71-30AB-4E8A-A087-757CA9B5E747.message
WARNING: The prism-j2d pipeline should not be used as the software
fallback pipeline. It is no longer tested nor intended to be used for
on-screen rendering. Please use the prism-sw pipeline instead by setting
the "prism.order" system property to "sw" rather than "j2d".
Oct 03, 2026 9:42:10 PM tornadofx.Stylesheet$Companion detectAndInstallUrlHandler
INFO: Installing CSS url handler, since it was not picked up automatically
0150:fixme:win:RegisterTouchWindow hwnd 0002005C, flags 0x2 stub!
0150:err:ole:com_get_class_object class {597d4fb0-47fd-4aff-89b9-c6cfae8cf08e} not registered
0150:err:ole:com_get_class_object no class object {597d4fb0-47fd-4aff-89b9-c6cfae8cf08e} could be created for context 0x1
=================================================================================================================================================

                                    ????????????????????????????????   ?????????? ???????????????  ???????
                                    ?????????????????????????????????  ???????????????????????????????????
                                    ????????   ???   ??????  ????????? ?????????????????  ???????????  ????
                                    ????????   ???   ??????  ???????????????????????????  ???????????   ???
                                    ????????   ???   ?????????????? ?????????????????????????  ????????????
                                    ????????   ???   ??????????????  ???????????? ???????????  ??? ???????

???????  ??????? ???    ???????   ??????      ???????  ?????? ???????      ?????? ???????????????????????????????????? ?????? ????   ????????????
????????????????????    ????????  ??????     ?????????????????????????    ?????????????????????????????????????????????????????????  ????????????
???  ??????   ?????? ?? ????????? ??????     ???   ??????????????  ???    ???????????????????????????????????   ???   ?????????????? ???   ???
???  ??????   ??????????????????????????     ???   ??????????????  ???    ???????????????????????????????????   ???   ??????????????????   ???
?????????????????????????????? ??????????????????????????  ???????????    ???  ??????????????????????????????   ???   ???  ?????? ??????   ???
???????  ???????  ???????? ???  ????????????? ??????? ???  ??????????     ???  ??????????????????????????????   ???   ???  ??????  ?????   ???

-------------------------------------------------------------------------------------------------------------------------------------------------
Steinberg Download Assistant Version: 1.40.1
Spring-Boot Framework Version: 2.7.18
-------------------------------------------------------------------------------------------------------------------------------------------------

2026-10-03 21:42:13.628  INFO 280 --- [JavaFX-Launcher] o.s.boot.SpringApplication               : Starting application using Java 1.8.0_492 on asdf-ThinkPad-E16-Gen-2 with PID 280 (C:\Program Files (x86)\Steinberg\Download Assistant\app\Steinberg Download Assistant.jar started by asdf in C:\Program Files (x86)\Steinberg\Download Assistant\app)
2026-10-03 21:42:13.630  INFO 280 --- [JavaFX-Launcher] o.s.boot.SpringApplication               : No active profile set, falling back to 1 default profile: "default"
2026-10-03 21:42:15.966  INFO 280 --- [JavaFX-Launcher] n.s.e.d.d.a.i.Aria2SettingsService       : Use free port 6800 for Aria (within the configured range 6800-6850)
2026-10-03 21:42:15.995  INFO 280 --- [JavaFX-Launcher] n.s.e.d.c.DownloadDirectoryServiceImpl   : Set default download subfolder to Steinberg
2026-10-03 21:42:16.015  INFO 280 --- [JavaFX-Launcher] n.s.elicenser.aria2j.Aria2JConnector     : Connect to aria service
2026-10-03 21:42:16.033  INFO 280 --- [JavaFX-Launcher] n.s.e.d.d.a.internal.Aria2Configuration  : Aria2 Installation found. Creating Aria2Process.
2026-10-03 21:42:16.138  INFO 280 --- [JavaFX-Launcher] n.s.e.d.c.SystemInformationServiceImpl   : getPid() - This JVM's name is '280@asdf-ThinkPad-E16-Gen-2'
2026-10-03 21:42:16.138  INFO 280 --- [JavaFX-Launcher] n.s.e.d.d.a.internal.Aria2Configuration  : Process parameters complete. Starting Aria process.
2026-10-03 21:42:16.139  INFO 280 --- [JavaFX-Launcher] n.s.e.d.d.aria2.internal.Aria2Process    : Start Aria2: C:\Program Files (x86)\Steinberg\Download Assistant\3rd Party\optional\aria2\aria2c.exe, --no-conf=true, --enable-rpc, --rpc-listen-port=6800, --rpc-secret=261cf55b-55b7-4bd6-b3da-36b35af5d8dd, --rpc-listen-all=false, --dir=C:\users\asdf\Downloads\Steinberg, --auto-save-interval=1, --retry-wait=5, --max-concurrent-downloads=5, --max-overall-download-limit=0K, --max-tries=5, --stop-with-process=280, --file-allocation=falloc
2026-10-03 21:42:16.340  INFO 280 --- [       Thread-8] n.s.e.d.d.aria2.internal.Aria2Process    : stream: 10/03 21:42:16 [[1;32mNOTICE[0m] IPv4 RPC: listening on TCP port 6800
2026-10-03 21:42:16.342  INFO 280 --- [       Thread-8] n.s.e.d.d.aria2.internal.Aria2Process    : stream: 10/03 21:42:16 [[1;32mNOTICE[0m] IPv6 RPC: listening on TCP port 6800
2026-10-03 21:42:16.480  INFO 280 --- [JavaFX-Launcher] .e.d.d.r.PersistedDownloadRepositoryImpl : No file with persisted downloads found.
2026-10-03 21:42:16.566  INFO 280 --- [JavaFX-Launcher] n.s.e.d.common.system.WindowsOsHelper    : 
Windows OS Information:
- buildLabEx [registry]   : '19045.1.amd64fre.vb_release.191206-1406'
- WinBuild [registry]     : '19045'
- ProgramW6432 [env]      : 'C:\Program Files'
- ProgramFiles [env]      : 'C:\Program Files (x86)'
- ProgramFiles(x86) [env] : 'C:\Program Files (x86)'
- Proc Arch [env]         : 'x86'
- Proc Arch W6432 [env]   : 'AMD64'
2026-10-03 21:42:16.617  INFO 280 --- [JavaFX-Launcher] n.s.e.d.common.system.WindowsOsHelper    : isWow64Process = true, processMachine = 332, nativeMachine = 34404 => isArm64OS = false
2026-10-03 21:42:16.618  INFO 280 --- [JavaFX-Launcher] n.s.e.d.common.system.WindowsOsHelper    : buildLabEx contains amd64, ProgramFiles(x86) environment variable exists => isWin64OS=true
2026-10-03 21:42:16.618  INFO 280 --- [JavaFX-Launcher] n.s.e.d.common.system.WindowsOsHelper    : Windows platform was determined as WIN64
2026-10-03 21:42:16.625  INFO 280 --- [nPool-worker-25] n.s.e.d.d.aria2.DownloadObserverPolling  : Starting observer thread
2026-10-03 21:42:16.626  INFO 280 --- [nPool-worker-25] n.s.e.d.d.aria2.DownloadObserverPolling  : Started observer scheduler
2026-10-03 21:42:16.876  INFO 280 --- [JavaFX-Launcher] n.s.e.d.http.AuthorizedHttpClientImpl    : GET for net.steinberg.elicenser.download.common.LinkLookupPathFinder$Link with url https://pathfinder.mb.steinberg.net/rest/oidc-issuer
2026-10-03 21:42:16.905  INFO 280 --- [JavaFX-Launcher] n.s.e.d.http.AuthorizedHttpClientImpl    : Sending http request: GET https://pathfinder.mb.steinberg.net/rest/oidc-issuer HTTP/1.1
Content-Type: application/json


2026-10-03 21:42:16.908  INFO 280 --- [JavaFX-Launcher] n.s.e.d.http.PinnedKeyStoreBuilder       : Certificate: /certificates/alphassl_ca_2027.pem found: true
2026-10-03 21:42:16.926  INFO 280 --- [JavaFX-Launcher] n.s.e.d.http.PinnedKeyStoreBuilder       : Certificate: /certificates/Alpha_SSL_0083_intermediate.pem found: true
2026-10-03 21:42:17.167  INFO 280 --- [JavaFX-Launcher] n.s.e.d.c.UserAgentServiceFromSystem     : getUserAgent() - User Agent: Steinberg Download Assistant/1.40.1 ({"ClientBits":"32", "OSName":"Windows 10 Pro", "OSVersion":"10.0 (19045.1.amd64fre.vb_release.191206-1406) x86", "OSBits":"64", "OSLanguage":"en_US", "AriaVersion":"1.37.0"}; +https://www.steinberg.net/en/extras/about.html)
2026-10-03 21:42:17.167  INFO 280 --- [JavaFX-Launcher] n.s.e.d.h.AuthorizedHttpHandlerFactory   : Using user agent: Steinberg Download Assistant/1.40.1 ({"ClientBits":"32", "OSName":"Windows 10 Pro", "OSVersion":"10.0 (19045.1.amd64fre.vb_release.191206-1406) x86", "OSBits":"64", "OSLanguage":"en_US", "AriaVersion":"1.37.0"}; +https://www.steinberg.net/en/extras/about.html)
2026-10-03 21:42:17.266  INFO 280 --- [JavaFX-Launcher] n.s.e.d.h.AuthorizedHttpHandlerFactory   : Created final HttpHandler after UserAgentService is initialized.
2026-10-03 21:42:18.263  INFO 280 --- [JavaFX-Launcher] n.s.e.d.http.AuthorizedHttpClientImpl    : Received http response for https://pathfinder.mb.steinberg.net/rest/oidc-issuer: 
 Status = 200 
 Body = {
  "href" : "https://iam.steinberg.net:443/am/oauth2"
} 
2026-10-03 21:42:18.501  INFO 280 --- [JavaFX-Launcher] .ClientRegistrationFactoryUsingDiscovery : Resolved OIDC issuer to: https://iam.steinberg.net:443/am/oauth2
2026-10-03 21:42:18.504  INFO 280 --- [JavaFX-Launcher] n.s.e.d.http.AuthorizedHttpClientImpl    : GET for net.steinberg.elicenser.download.common.LinkLookupPathFinder$Link with url https://pathfinder.mb.steinberg.net/rest/sda-redirect-uri-steinbergid
2026-10-03 21:42:18.505  INFO 280 --- [JavaFX-Launcher] n.s.e.d.http.AuthorizedHttpClientImpl    : Sending http request: GET https://pathfinder.mb.steinberg.net/rest/sda-redirect-uri-steinbergid HTTP/1.1
Content-Type: application/json


2026-10-03 21:42:18.689  INFO 280 --- [JavaFX-Launcher] n.s.e.d.http.AuthorizedHttpClientImpl    : Received http response for https://pathfinder.mb.steinberg.net/rest/sda-redirect-uri-steinbergid: 
 Status = 200 
 Body = {
  "href" : "https://flow.steinberg.net/login/application/sda/steinbergid"
} 
2026-10-03 21:42:18.689  INFO 280 --- [JavaFX-Launcher] .ClientRegistrationFactoryUsingDiscovery : Resolved OIDC redirect uri to: https://flow.steinberg.net/login/application/sda/steinbergid
2026-10-03 21:42:19.393  INFO 280 --- [JavaFX-Launcher] .ClientRegistrationFactoryUsingDiscovery : Successfully retrieved oidc issuer data
2026-10-03 21:42:19.524  INFO 280 --- [JavaFX-Launcher] o.s.boot.SpringApplication               : Started application in 6.675 seconds (JVM running for 10.389)
2026-10-03 21:42:19.533  INFO 280 --- [JavaFX-Launcher] n.s.elicenser.download.Application       : Java Version: 1.8.0_492
2026-10-03 21:42:19.533  INFO 280 --- [JavaFX-Launcher] n.s.elicenser.download.Application       : Java Home: C:\Program Files (x86)\Steinberg\Download Assistant\runtime
2026-10-03 21:42:19.537  INFO 280 --- [lication Thread] n.s.elicenser.download.Application       : start() - Start JFX scene
2026-10-03 21:42:19.674  INFO 280 --- [lication Thread] n.s.e.d.selfupdate.SelfUpdateService     : starting SelfUpdate...
2026-10-03 21:42:19.675  INFO 280 --- [lication Thread] n.s.e.d.selfupdate.SelfUpdateService     : Beta keys considered for self update: 
2026-10-03 21:42:19.675  INFO 280 --- [lication Thread] n.s.e.d.http.AuthorizedHttpClientImpl    : GET for net.steinberg.elicenser.download.common.LinkLookupPathFinder$Link with url https://pathfinder.mb.steinberg.net/rest/sda-selfupdate-v2
2026-10-03 21:42:19.676  INFO 280 --- [lication Thread] n.s.e.d.http.AuthorizedHttpClientImpl    : Sending http request: GET https://pathfinder.mb.steinberg.net/rest/sda-selfupdate-v2 HTTP/1.1
Content-Type: application/json


2026-10-03 21:42:19.903  INFO 280 --- [lication Thread] n.s.e.d.http.AuthorizedHttpClientImpl    : Received http response for https://pathfinder.mb.steinberg.net/rest/sda-selfupdate-v2: 
 Status = 200 
 Body = {
  "href" : "https://client-access-gateway.mb.steinberg.net/desktopClients/update/sda"
} 
2026-10-03 21:42:19.908  INFO 280 --- [lication Thread] n.s.e.d.http.AuthorizedHttpClientImpl    : GET for net.steinberg.elicenser.download.selfupdate.ClientUpdateInformation with url https://client-access-gateway.mb.steinberg.net/desktopClients/update/sda
2026-10-03 21:42:19.908  INFO 280 --- [lication Thread] n.s.e.d.http.AuthorizedHttpClientImpl    : Sending http request: GET https://client-access-gateway.mb.steinberg.net/desktopClients/update/sda HTTP/1.1
Content-Type: application/json


2026-10-03 21:42:20.527  INFO 280 --- [lication Thread] n.s.e.d.http.AuthorizedHttpClientImpl    : Received http response for https://client-access-gateway.mb.steinberg.net/desktopClients/update/sda: 
 Status = 200 
 Body = {"updateRequired":false} 
2026-10-03 21:42:20.547  INFO 280 --- [lication Thread] n.s.e.d.selfupdate.SelfUpdateService     : SelfUpdate completed ... there is no newer version available...
2026-10-03 21:42:20.571  INFO 280 --- [lication Thread] n.s.e.download.oidc.NimbusOIDCService    : Restoring persisted authorization
2026-10-03 21:42:20.575  WARN 280 --- [lication Thread] n.s.e.d.w.WindowsCredentialManagerAccess : Read received an error: com.sun.jna.LastErrorException: [1168] Element not found.
2026-10-03 21:42:20.645  INFO 280 --- [lication Thread] n.s.e.download.gui.common.Styles         : Font loaded '/fonts/AkzidGroCFFBol.otf'
2026-10-03 21:42:20.645  INFO 280 --- [lication Thread] n.s.e.download.gui.common.Styles         : Family: 'Akzidenz Grotesk BE Bold'
2026-10-03 21:42:20.646  INFO 280 --- [lication Thread] n.s.e.download.gui.common.Styles         : Name: 'AkzidenzGroteskBE-Bold'
2026-10-03 21:42:20.652  INFO 280 --- [lication Thread] n.s.e.download.gui.common.Styles         : Font loaded '/fonts/AkzidGroCFFBol.otf'
2026-10-03 21:42:20.653  INFO 280 --- [lication Thread] n.s.e.download.gui.common.Styles         : Family: 'Akzidenz Grotesk BE Bold'
2026-10-03 21:42:20.653  INFO 280 --- [lication Thread] n.s.e.download.gui.common.Styles         : Name: 'AkzidenzGroteskBE-Bold'
0150:fixme:win:RegisterTouchWindow hwnd 0005006A, flags 0x2 stub!
0150:err:ole:com_get_class_object class {597d4fb0-47fd-4aff-89b9-c6cfae8cf08e} not registered
0150:err:ole:com_get_class_object no class object {597d4fb0-47fd-4aff-89b9-c6cfae8cf08e} could be created for context 0x1
