libEGL warning: DRI3 error: Could not get DRI3 device
libEGL warning: Ensure your X server supports DRI3 to get accelerated rendering
00b4:fixme:wineusb:query_id Unhandled ID query type 0x5.
00b4:fixme:wineusb:query_id Unhandled ID query type 0x5.
00b4:fixme:wineusb:query_id Unhandled ID query type 0x5.
002c:fixme:ver:GetCurrentPackageId (00007FFFFE23FEB0 0000000000000000): stub
0034:fixme:ver:GetCurrentPackageId (00007FFFFE23FEB0 0000000000000000): stub
0120:fixme:font:find_matching_face Untranslated charset 255
0120:fixme:ntdll:NtQuerySystemInformation info_class SYSTEM_PERFORMANCE_INFORMATION
0120:fixme:shell:propertystore_SetValue (00BB1798)->(779FA294 0036CF60): stub
0120:fixme:shell:propertystore_SetValue (00BB1798)->(779FA280 0036CF60): stub
0120:fixme:shell:propertystore_Commit (00BB1798): stub
0120:fixme:shell:propertystore_SetValue (00BB1798)->(779FA294 0036CB50): stub
0120:fixme:shell:propertystore_SetValue (00BB1798)->(779FA280 0036CB50): stub
0120:fixme:shell:propertystore_Commit (00BB1798): stub
0150:fixme:ver:GetCurrentPackageId (00007FFFFE23FEB0 0000000000000000): stub
0158:fixme:ver:GetCurrentPackageId (00007FFFFE23FEB0 0000000000000000): stub
0160:fixme:ver:GetCurrentPackageId (00007FFFFE23FEB0 0000000000000000): stub
0168:fixme:ver:GetCurrentPackageId (00007FFFFE23FEB0 0000000000000000): stub
003c:fixme:ver:GetCurrentPackageId (00007FFFFE23FEB0 0000000000000000): stub
