libEGL warning: DRI3 error: Could not get DRI3 device
libEGL warning: Ensure your X server supports DRI3 to get accelerated rendering
00b4:fixme:wineusb:query_id Unhandled ID query type 0x5.
00b4:fixme:wineusb:query_id Unhandled ID query type 0x5.
00b4:fixme:wineusb:query_id Unhandled ID query type 0x5.
0034:fixme:ver:GetCurrentPackageId (00007FFFFE23FEB0 0000000000000000): stub
002c:fixme:ver:GetCurrentPackageId (00007FFFFE23FEB0 0000000000000000): stub
0120:fixme:ntdll:NtQuerySystemInformation info_class SYSTEM_PERFORMANCE_INFORMATION
0124:fixme:ver:GetCurrentPackageId (1375FF00 00000000): stub
21:26:44.636 [main] INFO net.steinberg.elicenser.download.singleinstance.SingleInstanceLock - Lock file is: C:\users\asdf\AppData\Local\Temp\net-steinberg-sda.4EA4CA71-30AB-4E8A-A087-757CA9B5E747.lock
0120:fixme:file:NtLockFile I/O completion on lock not implemented yet
21:26:44.667 [main] INFO net.steinberg.elicenser.download.singleinstance.SingleInstanceLock - Message file is: C:\users\asdf\AppData\Local\Temp\net-steinberg-sda.4EA4CA71-30AB-4E8A-A087-757CA9B5E747.message
libEGL warning: DRI3 error: Could not get DRI3 device
libEGL warning: Ensure your X server supports DRI3 to get accelerated rendering
014c:fixme:d3d:wined3d_guess_card No card selector available for card vendor 0000 (using GL_RENDERER "llvmpipe (LLVM 21.1.8, 256 bits)").
Oct 03, 2026 9:26:45 PM tornadofx.Stylesheet$Companion detectAndInstallUrlHandler
INFO: Installing CSS url handler, since it was not picked up automatically
0154:fixme:win:RegisterTouchWindow hwnd 0002006C, flags 0x2 stub!
0154:err:ole:com_get_class_object class {597d4fb0-47fd-4aff-89b9-c6cfae8cf08e} not registered
0154:err:ole:com_get_class_object no class object {597d4fb0-47fd-4aff-89b9-c6cfae8cf08e} could be created for context 0x1
0158:fixme:d3d:state_linepattern_w Setting line patterns is not supported in OpenGL core contexts.
=================================================================================================================================================

                                    ????????????????????????????????   ?????????? ???????????????  ???????
                                    ?????????????????????????????????  ???????????????????????????????????
                                    ????????   ???   ??????  ????????? ?????????????????  ???????????  ????
                                    ????????   ???   ??????  ???????????????????????????  ???????????   ???
                                    ????????   ???   ?????????????? ?????????????????????????  ????????????
                                    ????????   ???   ??????????????  ???????????? ???????????  ??? ???????

???????  ??????? ???    ???????   ??????      ???????  ?????? ???????      ?????? ???????????????????????????????????? ?????? ????   ????????????
????????????????????    ????????  ??????     ?????????????????????????    ?????????????????????????????????????????????????????????  ????????????
???  ??????   ?????? ?? ????????? ??????     ???   ??????????????  ???    ???????????????????????????????????   ???   ?????????????? ???   ???
???  ??????   ??????????????????????????     ???   ??????????????  ???    ???????????????????????????????????   ???   ??????????????????   ???
?????????????????????????????? ??????????????????????????  ???????????    ???  ??????????????????????????????   ???   ???  ?????? ??????   ???
???????  ???????  ???????? ???  ????????????? ??????? ???  ??????????     ???  ??????????????????????????????   ???   ???  ??????  ?????   ???

-------------------------------------------------------------------------------------------------------------------------------------------------
Steinberg Download Assistant Version: 1.40.1
Spring-Boot Framework Version: 2.7.18
-------------------------------------------------------------------------------------------------------------------------------------------------

2026-10-03 21:26:52.285  INFO 284 --- [JavaFX-Launcher] o.s.boot.SpringApplication               : Starting application using Java 1.8.0_492 on asdf-ThinkPad-E16-Gen-2 with PID 284 (C:\Program Files (x86)\Steinberg\Download Assistant\app\Steinberg Download Assistant.jar started by asdf in C:\Program Files (x86)\Steinberg\Download Assistant\app)
2026-10-03 21:26:52.287  INFO 284 --- [JavaFX-Launcher] o.s.boot.SpringApplication               : No active profile set, falling back to 1 default profile: "default"
2026-10-03 21:26:56.558  INFO 284 --- [JavaFX-Launcher] n.s.e.d.d.a.i.Aria2SettingsService       : Use free port 6800 for Aria (within the configured range 6800-6850)
2026-10-03 21:26:56.605  INFO 284 --- [JavaFX-Launcher] n.s.e.d.c.DownloadDirectoryServiceImpl   : Set default download subfolder to Steinberg
2026-10-03 21:26:56.622  INFO 284 --- [JavaFX-Launcher] n.s.elicenser.aria2j.Aria2JConnector     : Connect to aria service
2026-10-03 21:26:56.652  INFO 284 --- [JavaFX-Launcher] n.s.e.d.d.a.internal.Aria2Configuration  : Aria2 Installation found. Creating Aria2Process.
2026-10-03 21:26:56.776  INFO 284 --- [JavaFX-Launcher] n.s.e.d.c.SystemInformationServiceImpl   : getPid() - This JVM's name is '284@asdf-ThinkPad-E16-Gen-2'
2026-10-03 21:26:56.777  INFO 284 --- [JavaFX-Launcher] n.s.e.d.d.a.internal.Aria2Configuration  : Process parameters complete. Starting Aria process.
2026-10-03 21:26:56.778  INFO 284 --- [JavaFX-Launcher] n.s.e.d.d.aria2.internal.Aria2Process    : Start Aria2: C:\Program Files (x86)\Steinberg\Download Assistant\3rd Party\optional\aria2\aria2c.exe, --no-conf=true, --enable-rpc, --rpc-listen-port=6800, --rpc-secret=9f94555e-5e2d-4204-a8a7-909b18e39e5b, --rpc-listen-all=false, --dir=C:\users\asdf\Downloads\Steinberg, --auto-save-interval=1, --retry-wait=5, --max-concurrent-downloads=5, --max-overall-download-limit=0K, --max-tries=5, --stop-with-process=284, --file-allocation=falloc
2026-10-03 21:26:57.093  INFO 284 --- [       Thread-8] n.s.e.d.d.aria2.internal.Aria2Process    : stream: 10/03 21:26:57 [[1;32mNOTICE[0m] IPv4 RPC: listening on TCP port 6800
2026-10-03 21:26:57.100  INFO 284 --- [       Thread-8] n.s.e.d.d.aria2.internal.Aria2Process    : stream: 10/03 21:26:57 [[1;32mNOTICE[0m] IPv6 RPC: listening on TCP port 6800
2026-10-03 21:26:57.275  INFO 284 --- [JavaFX-Launcher] .e.d.d.r.PersistedDownloadRepositoryImpl : No file with persisted downloads found.
2026-10-03 21:26:57.399  INFO 284 --- [JavaFX-Launcher] n.s.e.d.common.system.WindowsOsHelper    : 
Windows OS Information:
- buildLabEx [registry]   : '19045.1.amd64fre.vb_release.191206-1406'
- WinBuild [registry]     : '7601'
- ProgramW6432 [env]      : 'C:\Program Files'
- ProgramFiles [env]      : 'C:\Program Files (x86)'
- ProgramFiles(x86) [env] : 'C:\Program Files (x86)'
- Proc Arch [env]         : 'x86'
- Proc Arch W6432 [env]   : 'AMD64'
2026-10-03 21:26:57.400  INFO 284 --- [JavaFX-Launcher] n.s.e.d.common.system.WindowsOsHelper    : IsWow64Process2 is only available since Win10 1709 (build 16299).Versions below that can't run on ARM anyway. The current build number is 7601.
2026-10-03 21:26:57.401  INFO 284 --- [JavaFX-Launcher] n.s.e.d.common.system.WindowsOsHelper    : buildLabEx contains amd64, ProgramFiles(x86) environment variable exists => isWin64OS=true
2026-10-03 21:26:57.402  INFO 284 --- [JavaFX-Launcher] n.s.e.d.common.system.WindowsOsHelper    : Windows platform was determined as WIN64
2026-10-03 21:26:57.414  INFO 284 --- [nPool-worker-25] n.s.e.d.d.aria2.DownloadObserverPolling  : Starting observer thread
2026-10-03 21:26:57.416  INFO 284 --- [nPool-worker-25] n.s.e.d.d.aria2.DownloadObserverPolling  : Started observer scheduler
2026-10-03 21:26:57.754  INFO 284 --- [JavaFX-Launcher] n.s.e.d.http.AuthorizedHttpClientImpl    : GET for net.steinberg.elicenser.download.common.LinkLookupPathFinder$Link with url https://pathfinder.mb.steinberg.net/rest/oidc-issuer
2026-10-03 21:26:57.792  INFO 284 --- [JavaFX-Launcher] n.s.e.d.http.AuthorizedHttpClientImpl    : Sending http request: GET https://pathfinder.mb.steinberg.net/rest/oidc-issuer HTTP/1.1
Content-Type: application/json


2026-10-03 21:26:57.798  INFO 284 --- [JavaFX-Launcher] n.s.e.d.http.PinnedKeyStoreBuilder       : Certificate: /certificates/alphassl_ca_2027.pem found: true
2026-10-03 21:26:57.831  INFO 284 --- [JavaFX-Launcher] n.s.e.d.http.PinnedKeyStoreBuilder       : Certificate: /certificates/Alpha_SSL_0083_intermediate.pem found: true
2026-10-03 21:26:58.197  INFO 284 --- [JavaFX-Launcher] n.s.e.d.c.UserAgentServiceFromSystem     : getUserAgent() - User Agent: Steinberg Download Assistant/1.40.1 ({"ClientBits":"32", "OSName":"Microsoft Windows 7", "OSVersion":"6.1 (19045.1.amd64fre.vb_release.191206-1406) x86", "OSBits":"64", "OSLanguage":"en_US", "AriaVersion":"1.37.0"}; +https://www.steinberg.net/en/extras/about.html)
2026-10-03 21:26:58.198  INFO 284 --- [JavaFX-Launcher] n.s.e.d.h.AuthorizedHttpHandlerFactory   : Using user agent: Steinberg Download Assistant/1.40.1 ({"ClientBits":"32", "OSName":"Microsoft Windows 7", "OSVersion":"6.1 (19045.1.amd64fre.vb_release.191206-1406) x86", "OSBits":"64", "OSLanguage":"en_US", "AriaVersion":"1.37.0"}; +https://www.steinberg.net/en/extras/about.html)
2026-10-03 21:26:58.317  INFO 284 --- [JavaFX-Launcher] n.s.e.d.h.AuthorizedHttpHandlerFactory   : Created final HttpHandler after UserAgentService is initialized.
2026-10-03 21:26:59.839  INFO 284 --- [JavaFX-Launcher] n.s.e.d.http.AuthorizedHttpClientImpl    : Received http response for https://pathfinder.mb.steinberg.net/rest/oidc-issuer: 
 Status = 200 
 Body = {
  "href" : "https://iam.steinberg.net:443/am/oauth2"
} 
2026-10-03 21:27:00.021  INFO 284 --- [JavaFX-Launcher] .ClientRegistrationFactoryUsingDiscovery : Resolved OIDC issuer to: https://iam.steinberg.net:443/am/oauth2
2026-10-03 21:27:00.023  INFO 284 --- [JavaFX-Launcher] n.s.e.d.http.AuthorizedHttpClientImpl    : GET for net.steinberg.elicenser.download.common.LinkLookupPathFinder$Link with url https://pathfinder.mb.steinberg.net/rest/sda-redirect-uri-steinbergid
2026-10-03 21:27:00.024  INFO 284 --- [JavaFX-Launcher] n.s.e.d.http.AuthorizedHttpClientImpl    : Sending http request: GET https://pathfinder.mb.steinberg.net/rest/sda-redirect-uri-steinbergid HTTP/1.1
Content-Type: application/json


2026-10-03 21:27:00.228  INFO 284 --- [JavaFX-Launcher] n.s.e.d.http.AuthorizedHttpClientImpl    : Received http response for https://pathfinder.mb.steinberg.net/rest/sda-redirect-uri-steinbergid: 
 Status = 200 
 Body = {
  "href" : "https://flow.steinberg.net/login/application/sda/steinbergid"
} 
2026-10-03 21:27:00.229  INFO 284 --- [JavaFX-Launcher] .ClientRegistrationFactoryUsingDiscovery : Resolved OIDC redirect uri to: https://flow.steinberg.net/login/application/sda/steinbergid
2026-10-03 21:27:01.222  INFO 284 --- [JavaFX-Launcher] .ClientRegistrationFactoryUsingDiscovery : Successfully retrieved oidc issuer data
2026-10-03 21:27:01.372  INFO 284 --- [JavaFX-Launcher] o.s.boot.SpringApplication               : Started application in 12.637 seconds (JVM running for 17.448)
2026-10-03 21:27:01.380  INFO 284 --- [JavaFX-Launcher] s.e.d.c.ApplicationPropertiesCreatorImpl : C:\users\asdf\AppData\Roaming\steinberg-download-assistant did not exist, therefore it was created
2026-10-03 21:27:01.390  INFO 284 --- [JavaFX-Launcher] s.e.d.c.ApplicationPropertiesCreatorImpl : Additional Spring config file did not exist, therefore it was created at C:\users\asdf\AppData\Roaming\steinberg-download-assistant\application.properties
2026-10-03 21:27:01.391  INFO 284 --- [JavaFX-Launcher] n.s.elicenser.download.Application       : Java Version: 1.8.0_492
2026-10-03 21:27:01.391  INFO 284 --- [JavaFX-Launcher] n.s.elicenser.download.Application       : Java Home: C:\Program Files (x86)\Steinberg\Download Assistant\runtime
2026-10-03 21:27:01.396  INFO 284 --- [lication Thread] n.s.elicenser.download.Application       : start() - Start JFX scene
2026-10-03 21:27:01.475  INFO 284 --- [lication Thread] n.s.e.d.selfupdate.SelfUpdateService     : starting SelfUpdate...
2026-10-03 21:27:01.479  INFO 284 --- [lication Thread] n.s.e.d.selfupdate.SelfUpdateService     : Beta keys considered for self update: 
2026-10-03 21:27:01.479  INFO 284 --- [lication Thread] n.s.e.d.http.AuthorizedHttpClientImpl    : GET for net.steinberg.elicenser.download.common.LinkLookupPathFinder$Link with url https://pathfinder.mb.steinberg.net/rest/sda-selfupdate-v2
2026-10-03 21:27:01.480  INFO 284 --- [lication Thread] n.s.e.d.http.AuthorizedHttpClientImpl    : Sending http request: GET https://pathfinder.mb.steinberg.net/rest/sda-selfupdate-v2 HTTP/1.1
Content-Type: application/json


2026-10-03 21:27:01.678  INFO 284 --- [lication Thread] n.s.e.d.http.AuthorizedHttpClientImpl    : Received http response for https://pathfinder.mb.steinberg.net/rest/sda-selfupdate-v2: 
 Status = 200 
 Body = {
  "href" : "https://client-access-gateway.mb.steinberg.net/desktopClients/update/sda"
} 
2026-10-03 21:27:01.684  INFO 284 --- [lication Thread] n.s.e.d.http.AuthorizedHttpClientImpl    : GET for net.steinberg.elicenser.download.selfupdate.ClientUpdateInformation with url https://client-access-gateway.mb.steinberg.net/desktopClients/update/sda
2026-10-03 21:27:01.684  INFO 284 --- [lication Thread] n.s.e.d.http.AuthorizedHttpClientImpl    : Sending http request: GET https://client-access-gateway.mb.steinberg.net/desktopClients/update/sda HTTP/1.1
Content-Type: application/json


2026-10-03 21:27:02.305  INFO 284 --- [lication Thread] n.s.e.d.http.AuthorizedHttpClientImpl    : Received http response for https://client-access-gateway.mb.steinberg.net/desktopClients/update/sda: 
 Status = 200 
 Body = {"version":"1.40.1","osUnsupported":true,"osUnsupportedUrl":"https://o.steinberg.net/index.php?id=steinberg_download_assistant&L=1"} 
2026-10-03 21:27:02.334  INFO 284 --- [lication Thread] n.s.e.d.g.s.DialogServiceImpl            : showThisOsIsUnsupportedDialog() with url: https://o.steinberg.net/index.php?id=steinberg_download_assistant&L=1
0154:fixme:win:RegisterTouchWindow hwnd 00050078, flags 0x2 stub!
0154:err:ole:com_get_class_object class {597d4fb0-47fd-4aff-89b9-c6cfae8cf08e} not registered
0154:err:ole:com_get_class_object no class object {597d4fb0-47fd-4aff-89b9-c6cfae8cf08e} could be created for context 0x1
0158:fixme:d3d:swapchain_blit_gdi Using GDI present.
