=== 0001-services-session-0.patch rc=0
patching file server/mapping.c
patching file server/process.c
=== 0002-server-completion-info-non-overlapped.patch rc=0
patching file server/fd.c
=== 0003-ntdll-fd-backed-pipe-semantics.patch rc=0
patching file dlls/ntdll/unix/file.c
=== 0004-ntdll-NtImpersonateAnonymousToken.patch rc=0
patching file dlls/ntdll/unix/security.c
=== 0005-kernelbase-regf-hive-RegLoadAppKey.patch rc=0
patching file dlls/kernelbase/registry.c
=== 0006-missing-exports-fls-cet-longpaths-zt.patch rc=0
patching file dlls/kernelbase/thread.c
patching file dlls/kernelbase/process.c
patching file dlls/kernelbase/kernelbase.spec
patching file dlls/kernel32/kernel32.spec
patching file dlls/ntdll/path.c
patching file dlls/ntdll/ntdll.spec
patching file dlls/dnsapi/query.c
patching file dlls/dnsapi/dnsapi.spec
=== 0007-ntdll-actctx-probing-privatePath.patch rc=0
patching file dlls/kernel32/tests/actctx.c
patching file dlls/ntdll/actctx.c
Hunk #2 succeeded at 3331 (offset 2 lines).
Hunk #3 succeeded at 3564 (offset 2 lines).
Hunk #4 succeeded at 3735 (offset 2 lines).
Hunk #5 succeeded at 5576 (offset 2 lines).
Hunk #6 succeeded at 5649 (offset 2 lines).
Hunk #7 succeeded at 5789 (offset 2 lines).
=== 0008-wintypes-winrt-metadata-resolution.patch rc=0
patching file dlls/wintypes/main.c
patching file dlls/wintypes/Makefile.in
patching file dlls/wintypes/wintypes.spec
patching file include/rometadataresolution.h
=== 0009-secur32-negotiate-spnego.patch rc=0
patching file programs/lsass/negotiate.c
=== 0010-secur32-LsaFreeReturnBuffer.patch rc=0
patching file dlls/secur32/lsa.c
=== 0011-secur32-GetUserNameExW-NameUserPrincipal-NameDnsDomain.patch rc=0
patching file dlls/secur32/secur32.c
=== 0012-wintrust-WTD_CHOICE_BLOB-and-RFC3161-timestamp.patch rc=0
patching file dlls/wintrust/softpub.c
=== 0013-urlmon-MapUrlToZone-res-scheme-empty-host.patch rc=0
patching file dlls/urlmon/sec_mgr.c
=== 0014-ws2_32-windows-hosts-file.patch rc=0
patching file dlls/ws2_32/protocol.c
=== 0015-ws2_32-NS_NLA-lookups.patch rc=0
patching file dlls/ws2_32/protocol.c
=== 0016-crypt32-group-policy-enterprise-stores.patch rc=0
patching file dlls/crypt32/store.c
=== 0017-winex11-ignore-stale-window-errors.patch rc=0
patching file dlls/winex11.drv/x11drv_main.c
=== 0018-oledb32-DataConvert-VARIANT-I8-and-BOOL.patch rc=0
patching file dlls/oledb32/convert.c
=== 0019-msiexec-Windows-command-line-parsing.patch rc=0
patching file programs/msiexec/msiexec.c
=== 0020-tests-cover-the-series.patch rc=0
patching file dlls/ntdll/tests/Makefile.in
patching file dlls/ntdll/tests/impersonate.c
patching file dlls/secur32/tests/secur32.c
patching file dlls/secur32/tests/negotiate.c
patching file dlls/oledb32/tests/convert.c
patching file dlls/wintypes/tests/wintypes.c
patching file dlls/advapi32/tests/registry.c
patching file dlls/crypt32/tests/store.c
patching file dlls/dnsapi/tests/query.c
patching file dlls/kernel32/tests/file.c
patching file dlls/kernel32/tests/process.c
patching file dlls/kernel32/tests/thread.c
patching file dlls/ntdll/tests/path.c
patching file dlls/ntdll/tests/pipe.c
patching file dlls/urlmon/tests/sec_mgr.c
patching file dlls/wintrust/tests/softpub.c
patching file dlls/ws2_32/tests/protocol.c
