02c4:fixme:file:ReplaceFileW Ignoring flags 6
02c4:fixme:combase:RoGetActivationFactory (L"Windows.UI.ViewManagement.UIViewSettings", {3694dbf9-8f68-44be-8ff5-195c98ede8a6}, 00007FFFFF356D08): semi-stub
02c4:fixme:win:RegisterTouchWindow hwnd 00000000000700AA, flags 0 stub!
02c4:fixme:msg:ChangeWindowMessageFilterEx 00000000000700AA 233 1 0000000000000000
02c4:fixme:msg:ChangeWindowMessageFilterEx 00000000000700AA 4a 1 0000000000000000
02c4:fixme:msg:ChangeWindowMessageFilterEx 00000000000700AA 49 1 0000000000000000
02c4:err:ole:com_get_class_object class {aa509086-5ca9-4c25-8f95-589d3c07b48a} not registered
02c4:err:ole:com_get_class_object class {aa509086-5ca9-4c25-8f95-589d3c07b48a} not registered
02c4:err:ole:create_server class {aa509086-5ca9-4c25-8f95-589d3c07b48a} not registered
02c4:fixme:ole:com_get_class_object CLSCTX_REMOTE_SERVER not supported
02c4:err:ole:com_get_class_object no class object {aa509086-5ca9-4c25-8f95-589d3c07b48a} could be created for context 0x17
02c4:fixme:combase:RoGetActivationFactory (L"Windows.UI.ViewManagement.UIViewSettings", {3694dbf9-8f68-44be-8ff5-195c98ede8a6}, 00007FFFFF35BE78): semi-stub
02c4:fixme:win:RegisterTouchWindow hwnd 0000000000020092, flags 0 stub!
02c4:fixme:msg:ChangeWindowMessageFilterEx 0000000000020092 233 1 0000000000000000
02c4:fixme:msg:ChangeWindowMessageFilterEx 0000000000020092 4a 1 0000000000000000
02c4:fixme:msg:ChangeWindowMessageFilterEx 0000000000020092 49 1 0000000000000000
02c4:fixme:ntdll:NtQuerySystemInformation info_class SYSTEM_PERFORMANCE_INFORMATION
02c4:fixme:win:RegisterSuspendResumeNotification 0000000000020092, 0: stub.
02c4:fixme:combase:RoGetActivationFactory (L"Windows.UI.ViewManagement.UIViewSettings", {3694dbf9-8f68-44be-8ff5-195c98ede8a6}, 00007FFFFF49A088): semi-stub
02c4:fixme:win:RegisterTouchWindow hwnd 000000000003006C, flags 0 stub!
02c4:fixme:msg:ChangeWindowMessageFilterEx 000000000003006C 233 1 0000000000000000
02c4:fixme:msg:ChangeWindowMessageFilterEx 000000000003006C 4a 1 0000000000000000
02c4:fixme:msg:ChangeWindowMessageFilterEx 000000000003006C 49 1 0000000000000000
02c4:fixme:win:RegisterSuspendResumeNotification 000000000003006C, 0: stub.
02c4:fixme:combase:RoGetActivationFactory (L"Windows.UI.ViewManagement.UIViewSettings", {3694dbf9-8f68-44be-8ff5-195c98ede8a6}, 00007FFFFF49A3F8): semi-stub
02c4:fixme:win:RegisterTouchWindow hwnd 000000000002005C, flags 0 stub!
02c4:fixme:msg:ChangeWindowMessageFilterEx 000000000002005C 233 1 0000000000000000
02c4:fixme:msg:ChangeWindowMessageFilterEx 000000000002005C 4a 1 0000000000000000
02c4:fixme:msg:ChangeWindowMessageFilterEx 000000000002005C 49 1 0000000000000000
02c4:fixme:win:RegisterSuspendResumeNotification 000000000002005C, 0: stub.
02c4:fixme:combase:RoGetActivationFactory (L"Windows.UI.ViewManagement.UIViewSettings", {3694dbf9-8f68-44be-8ff5-195c98ede8a6}, 00007FFFFF49A768): semi-stub
02c4:fixme:win:RegisterTouchWindow hwnd 0000000000020056, flags 0 stub!
02c4:fixme:msg:ChangeWindowMessageFilterEx 0000000000020056 233 1 0000000000000000
02c4:fixme:msg:ChangeWindowMessageFilterEx 0000000000020056 4a 1 0000000000000000
02c4:fixme:msg:ChangeWindowMessageFilterEx 0000000000020056 49 1 0000000000000000
02c4:fixme:win:RegisterSuspendResumeNotification 0000000000020056, 0: stub.
02c4:fixme:win:RegisterSuspendResumeNotification 00000000000700AA, 0: stub.
0344:fixme:cryptasn:CryptDecodeObjectEx Unsupported decoder for lpszStructType 1.3.6.1.4.1.311.2.1.4
0344:fixme:cryptasn:CryptDecodeObjectEx Unsupported decoder for lpszStructType 1.3.6.1.4.1.311.2.1.4
02c4:fixme:dxgi:DXGID3D10CreateDevice Ignoring flags 0x20.
02c4:fixme:d2d:d2d_d3d_create_render_target Ignoring render target usage 0x2.
02c4:fixme:dwrite:dwritefactory_CreateMonitorRenderingParams (0000000000000001): monitor setting ignored
02c4:err:ole:com_get_class_object class {22fbfc33-8d07-495c-a5bf-dab5ea9b82db} not registered
02c4:err:ole:com_get_class_object class {22fbfc33-8d07-495c-a5bf-dab5ea9b82db} not registered
02c4:err:ole:create_server class {22fbfc33-8d07-495c-a5bf-dab5ea9b82db} not registered
02c4:fixme:ole:com_get_class_object CLSCTX_REMOTE_SERVER not supported
02c4:err:ole:com_get_class_object no class object {22fbfc33-8d07-495c-a5bf-dab5ea9b82db} could be created for context 0x17
02c4:err:ole:com_get_class_object class {263ca19f-ed09-482e-9f9d-84005783a237} not registered
02c4:err:ole:com_get_class_object class {263ca19f-ed09-482e-9f9d-84005783a237} not registered
02c4:err:ole:create_server class {263ca19f-ed09-482e-9f9d-84005783a237} not registered
02c4:fixme:ole:com_get_class_object CLSCTX_REMOTE_SERVER not supported
02c4:err:ole:com_get_class_object no class object {263ca19f-ed09-482e-9f9d-84005783a237} could be created for context 0x17
02c4:fixme:quartz:v4l2_cid_from_qcap_property Unhandled property 4.
02c4:fixme:quartz:v4l2_cid_from_qcap_property Unhandled property 5.
02c4:fixme:quartz:v4l2_cid_from_qcap_property Unhandled property 6.
02c4:fixme:quartz:v4l2_cid_from_qcap_property Unhandled property 7.
02c4:fixme:quartz:v4l2_cid_from_qcap_property Unhandled property 8.
02c4:fixme:quartz:v4l2_cid_from_qcap_property Unhandled property 9.
02c4:fixme:winsock:_remap_optname Unknown optname 19, can't remap!
02c4:fixme:winsock:_remap_optname Unknown optname 19, can't remap!
02c4:fixme:ntdll:EtwEventSetInformation (deadbeef, 2, 00006FFFED6A69DE, 62) stub
02c4:fixme:ntdll:EtwEventSetInformation (deadbeef, 2, 00006FFFECA21A4F, 34) stub
02c4:fixme:ntdll:EtwEventSetInformation (deadbeef, 2, 00006FFFECA21A82, 46) stub
02c4:fixme:dxcore:dxcore_adapter_factory_CreateAdapterList iface 00006FFFEB744030, num_attributes 1, filter_attributes 00006FFFEC89D618, riid {526c7776-40e9-459b-b711-f32ad76dfc28}, out 00007FFFFE13D328 semi-stub!
02c4:fixme:dxcore:dxcore_adapter_IsPropertySupported iface 00007AE453B87850, property 11 stub!
02c4:fixme:dxcore:dxcore_adapter_factory_CreateAdapterList iface 00006FFFEB744030, num_attributes 1, filter_attributes 00006FFFEC99C3E8, riid {526c7776-40e9-459b-b711-f32ad76dfc28}, out 00007FFFFE13D328 semi-stub!
02c4:fixme:dxcore:dxcore_adapter_IsPropertySupported iface 00007AE453B87850, property 11 stub!
02c4:fixme:dxcore:dxcore_adapter_factory_CreateAdapterList iface 00006FFFEB744030, num_attributes 1, filter_attributes 00006FFFEC99C408, riid {526c7776-40e9-459b-b711-f32ad76dfc28}, out 00007FFFFE13D328 semi-stub!
02c4:fixme:dxcore:dxcore_adapter_IsPropertySupported iface 00007AE453B87850, property 11 stub!
02c4:fixme:dxgi:dxgi_factory_EnumAdapterByGpuPreference Ignoring GPU preference 0x2.
02c4:fixme:dxgi:dxgi_factory_EnumAdapterByGpuPreference Ignoring GPU preference 0x2.
02c4:fixme:mmdevapi:control_RegisterAudioSessionNotification (00007AE539B8FEF0)->(00007AE539B8FF40) - stub
0418:fixme:avrt:AvSetMmThreadCharacteristicsW (L"Pro Audio",00007AE45080FB90): stub
0418:fixme:avrt:AvSetMmThreadPriority (0000000012345678)->(0) stub
02c4:fixme:mmdevapi:control_UnregisterAudioSessionNotification (00007AE539B8FEF0)->(00007AE539B8FF40) - stub
02c4:fixme:mmdevapi:control_RegisterAudioSessionNotification (00007AE453E552B0)->(00007AE453E55300) - stub
0420:fixme:avrt:AvSetMmThreadCharacteristicsW (L"Pro Audio",00007AE45080FB90): stub
0420:fixme:avrt:AvSetMmThreadPriority (0000000012345678)->(0) stub
02c4:fixme:combase:RoGetActivationFactory (L"Windows.UI.ViewManagement.UIViewSettings", {3694dbf9-8f68-44be-8ff5-195c98ede8a6}, 00007AE453C3FC28): semi-stub
02c4:fixme:win:RegisterTouchWindow hwnd 0000000000050050, flags 0 stub!
02c4:fixme:msg:ChangeWindowMessageFilterEx 0000000000050050 233 1 0000000000000000
02c4:fixme:msg:ChangeWindowMessageFilterEx 0000000000050050 4a 1 0000000000000000
02c4:fixme:msg:ChangeWindowMessageFilterEx 0000000000050050 49 1 0000000000000000
02c4:fixme:win:RegisterSuspendResumeNotification 0000000000050050, 0: stub.
02c4:fixme:win:UnregisterSuspendResumeNotification 00000000DEADBEEF: stub.
02c4:fixme:combase:RoGetActivationFactory (L"Windows.UI.ViewManagement.UIViewSettings", {3694dbf9-8f68-44be-8ff5-195c98ede8a6}, 00007AE453C3FC28): semi-stub
02c4:fixme:win:RegisterTouchWindow hwnd 0000000000060050, flags 0 stub!
02c4:fixme:msg:ChangeWindowMessageFilterEx 0000000000060050 233 1 0000000000000000
02c4:fixme:msg:ChangeWindowMessageFilterEx 0000000000060050 4a 1 0000000000000000
02c4:fixme:msg:ChangeWindowMessageFilterEx 0000000000060050 49 1 0000000000000000
02c4:fixme:win:RegisterSuspendResumeNotification 0000000000060050, 0: stub.
02c4:fixme:win:UnregisterSuspendResumeNotification 00000000DEADBEEF: stub.
02c4:fixme:combase:RoGetActivationFactory (L"Windows.UI.ViewManagement.UIViewSettings", {3694dbf9-8f68-44be-8ff5-195c98ede8a6}, 00007AE453C3FC28): semi-stub
02c4:fixme:win:RegisterTouchWindow hwnd 0000000000070050, flags 0 stub!
02c4:fixme:msg:ChangeWindowMessageFilterEx 0000000000070050 233 1 0000000000000000
02c4:fixme:msg:ChangeWindowMessageFilterEx 0000000000070050 4a 1 0000000000000000
02c4:fixme:msg:ChangeWindowMessageFilterEx 0000000000070050 49 1 0000000000000000
02c4:fixme:win:RegisterSuspendResumeNotification 0000000000070050, 0: stub.
02c4:fixme:win:UnregisterSuspendResumeNotification 00000000DEADBEEF: stub.
02c4:fixme:combase:RoGetActivationFactory (L"Windows.UI.ViewManagement.UIViewSettings", {3694dbf9-8f68-44be-8ff5-195c98ede8a6}, 00007AE453C3FC28): semi-stub
02c4:fixme:win:RegisterTouchWindow hwnd 0000000000080050, flags 0 stub!
02c4:fixme:msg:ChangeWindowMessageFilterEx 0000000000080050 233 1 0000000000000000
02c4:fixme:msg:ChangeWindowMessageFilterEx 0000000000080050 4a 1 0000000000000000
02c4:fixme:msg:ChangeWindowMessageFilterEx 0000000000080050 49 1 0000000000000000
02c4:fixme:win:RegisterSuspendResumeNotification 0000000000080050, 0: stub.
ParamCollection::rebuildLookupIfNeeded() took 0.0211 milliseconds for 19 params.
ParamCollection::rebuildLookupIfNeeded() took 0.0392 milliseconds for 34 params.
Logging input channels:
	FFT: 0
	SMPTE1: 0
	SMPTE2: 0
Logging output channels:
	Master: 3
	Preview: 0
02c4:fixme:combase:RoGetActivationFactory (L"Windows.UI.ViewManagement.UIViewSettings", {3694dbf9-8f68-44be-8ff5-195c98ede8a6}, 00007AE41D401158): semi-stub
02c4:fixme:win:RegisterTouchWindow hwnd 0000000000020084, flags 0 stub!
02c4:fixme:msg:ChangeWindowMessageFilterEx 0000000000020084 233 1 0000000000000000
02c4:fixme:msg:ChangeWindowMessageFilterEx 0000000000020084 4a 1 0000000000000000
02c4:fixme:msg:ChangeWindowMessageFilterEx 0000000000020084 49 1 0000000000000000
02c4:fixme:win:RegisterSuspendResumeNotification 0000000000020084, 0: stub.
02c4:fixme:win:UnregisterSuspendResumeNotification 00000000DEADBEEF: stub.
02c4:fixme:combase:RoGetActivationFactory (L"Windows.UI.ViewManagement.UIViewSettings", {3694dbf9-8f68-44be-8ff5-195c98ede8a6}, 00007AE41D401158): semi-stub
02c4:fixme:win:RegisterTouchWindow hwnd 0000000000030084, flags 0 stub!
02c4:fixme:msg:ChangeWindowMessageFilterEx 0000000000030084 233 1 0000000000000000
02c4:fixme:msg:ChangeWindowMessageFilterEx 0000000000030084 4a 1 0000000000000000
02c4:fixme:msg:ChangeWindowMessageFilterEx 0000000000030084 49 1 0000000000000000
02c4:fixme:win:RegisterSuspendResumeNotification 0000000000030084, 0: stub.
02c4:fixme:win:UnregisterSuspendResumeNotification 00000000DEADBEEF: stub.
02c4:fixme:combase:RoGetActivationFactory (L"Windows.UI.ViewManagement.UIViewSettings", {3694dbf9-8f68-44be-8ff5-195c98ede8a6}, 00007AE41D401158): semi-stub
02c4:fixme:win:RegisterTouchWindow hwnd 0000000000040084, flags 0 stub!
02c4:fixme:msg:ChangeWindowMessageFilterEx 0000000000040084 233 1 0000000000000000
02c4:fixme:msg:ChangeWindowMessageFilterEx 0000000000040084 4a 1 0000000000000000
02c4:fixme:msg:ChangeWindowMessageFilterEx 0000000000040084 49 1 0000000000000000
02c4:fixme:win:RegisterSuspendResumeNotification 0000000000040084, 0: stub.
02c4:fixme:win:UnregisterSuspendResumeNotification 00000000DEADBEEF: stub.
02c4:fixme:combase:RoGetActivationFactory (L"Windows.UI.ViewManagement.UIViewSettings", {3694dbf9-8f68-44be-8ff5-195c98ede8a6}, 00007AE41D401158): semi-stub
02c4:fixme:win:RegisterTouchWindow hwnd 0000000000050084, flags 0 stub!
02c4:fixme:msg:ChangeWindowMessageFilterEx 0000000000050084 233 1 0000000000000000
02c4:fixme:msg:ChangeWindowMessageFilterEx 0000000000050084 4a 1 0000000000000000
02c4:fixme:msg:ChangeWindowMessageFilterEx 0000000000050084 49 1 0000000000000000
02c4:fixme:win:RegisterSuspendResumeNotification 0000000000050084, 0: stub.
02c4:fixme:combase:RoGetActivationFactory (L"Windows.UI.ViewManagement.UIViewSettings", {3694dbf9-8f68-44be-8ff5-195c98ede8a6}, 00007AE41D400C98): semi-stub
02c4:fixme:win:RegisterTouchWindow hwnd 000000000002008A, flags 0 stub!
02c4:fixme:msg:ChangeWindowMessageFilterEx 000000000002008A 233 1 0000000000000000
02c4:fixme:msg:ChangeWindowMessageFilterEx 000000000002008A 4a 1 0000000000000000
02c4:fixme:msg:ChangeWindowMessageFilterEx 000000000002008A 49 1 0000000000000000
02c4:fixme:win:RegisterSuspendResumeNotification 000000000002008A, 0: stub.
02c4:fixme:combase:RoGetActivationFactory (L"Windows.UI.ViewManagement.UIViewSettings", {3694dbf9-8f68-44be-8ff5-195c98ede8a6}, 00007AE41D400EF8): semi-stub
02c4:fixme:win:RegisterTouchWindow hwnd 0000000000020088, flags 0 stub!
02c4:fixme:msg:ChangeWindowMessageFilterEx 0000000000020088 233 1 0000000000000000
02c4:fixme:msg:ChangeWindowMessageFilterEx 0000000000020088 4a 1 0000000000000000
02c4:fixme:msg:ChangeWindowMessageFilterEx 0000000000020088 49 1 0000000000000000
02c4:fixme:win:RegisterSuspendResumeNotification 0000000000020088, 0: stub.
0454:fixme:kernelbase:AppPolicyGetThreadInitializationType FFFFFFFFFFFFFFFA, 00007AE40C1DFF50
02c4:fixme:win:UnregisterSuspendResumeNotification 00000000DEADBEEF: stub.
02c4:fixme:win:UnregisterSuspendResumeNotification 00000000DEADBEEF: stub.
02c4:fixme:win:UnregisterSuspendResumeNotification 00000000DEADBEEF: stub.
02c4:fixme:win:UnregisterSuspendResumeNotification 00000000DEADBEEF: stub.
02c4:fixme:win:UnregisterSuspendResumeNotification 00000000DEADBEEF: stub.
