tools/widl/widl -o dlls/dcomp/dcomp_private_iface.h -m64 --nostdinc -Ldlls/\* -Idlls/dcomp -Iinclude -Iinclude/msvcrt -D_UCRT \
  -D__WINESRC__ dlls/dcomp/dcomp_private_iface.idl
tools/wrc/wrc -u -o dlls/dcomp/version.res --nostdinc -Idlls/dcomp -Iinclude -DVER_FILEDESCRIPTION_STR="\"Wine dcomp\"" \
  -DVER_INTERNALNAME_STR="\"dcomp.dll\"" -DVER_PRODUCTVERSION=10,0,14393,0 include/common.ver
i686-w64-mingw32-gcc -c -o dlls/dxgi/i386-windows/factory.o dlls/dxgi/factory.c -Idlls/dxgi -Iinclude -Iinclude/msvcrt -Ilibs/vkd3d/include \
  -D_UCRT -D__WINESRC__ -D__WINE_PE_BUILD -Wall -fno-strict-aliasing -Wempty-body \
  -Wignored-qualifiers -Winit-self -Wno-packed-not-aligned -Wshift-overflow=2 -Wtype-limits \
  -Wunused-but-set-parameter -Wvla -Wwrite-strings -Wpointer-arith -Wlogical-op -ffunction-sections \
  -Wno-misleading-indentation -fno-omit-frame-pointer -mpreferred-stack-boundary=2 -mlong-double-64 \
  -msse2 -gdwarf-4 -Wdeclaration-after-statement -Wstrict-prototypes -Wabsolute-value -g -O2
x86_64-w64-mingw32-gcc -c -o dlls/dxgi/x86_64-windows/factory.o dlls/dxgi/factory.c -Idlls/dxgi -Iinclude -Iinclude/msvcrt \
  -Ilibs/vkd3d/include -D_UCRT -D__WINESRC__ -D__WINE_PE_BUILD -Wall -fno-strict-aliasing \
  -Wempty-body -Wignored-qualifiers -Winit-self -Wno-packed-not-aligned -Wshift-overflow=2 \
  -Wtype-limits -Wunused-but-set-parameter -Wvla -Wwrite-strings -Wpointer-arith -Wlogical-op \
  -ffunction-sections -Wno-misleading-indentation -Wformat-overflow -Wnonnull -mlong-double-64 \
  -mcx16 -mcmodel=small -gdwarf-4 -Wdeclaration-after-statement -Wstrict-prototypes -Wabsolute-value \
  -g -O2
i686-w64-mingw32-gcc -c -o dlls/ntdll/tests/i386-windows/om.o dlls/ntdll/tests/om.c -Idlls/ntdll/tests -Iinclude -Iinclude/msvcrt \
  -D_MSVCR_VER=0 -D__WINESRC__ -D__WINE_PE_BUILD -Wall -fno-strict-aliasing -Wempty-body \
  -Wignored-qualifiers -Winit-self -Wno-packed-not-aligned -Wshift-overflow=2 -Wtype-limits \
  -Wunused-but-set-parameter -Wvla -Wwrite-strings -Wpointer-arith -Wlogical-op -ffunction-sections \
  -Wno-misleading-indentation -fno-omit-frame-pointer -mpreferred-stack-boundary=2 -mlong-double-64 \
  -msse2 -gdwarf-4 -Wdeclaration-after-statement -Wstrict-prototypes -Wabsolute-value -g -O2
x86_64-w64-mingw32-gcc -c -o dlls/ntdll/tests/x86_64-windows/om.o dlls/ntdll/tests/om.c -Idlls/ntdll/tests -Iinclude -Iinclude/msvcrt \
  -D_MSVCR_VER=0 -D__WINESRC__ -D__WINE_PE_BUILD -Wall -fno-strict-aliasing -Wempty-body \
  -Wignored-qualifiers -Winit-self -Wno-packed-not-aligned -Wshift-overflow=2 -Wtype-limits \
  -Wunused-but-set-parameter -Wvla -Wwrite-strings -Wpointer-arith -Wlogical-op -ffunction-sections \
  -Wno-misleading-indentation -Wformat-overflow -Wnonnull -mlong-double-64 -mcx16 -mcmodel=small \
  -gdwarf-4 -Wdeclaration-after-statement -Wstrict-prototypes -Wabsolute-value -g -O2
gcc -m64 -c -o server/alpc.o server/alpc.c -Iserver -Iinclude -D__WINESRC__ -DWINE_UNIX_LIB -Wall -pipe \
  -fcf-protection=none -fvisibility=hidden -fno-stack-protector -fno-strict-aliasing \
  -Wdeclaration-after-statement -Wempty-body -Wignored-qualifiers -Winit-self -Wlogical-op \
  -Wno-packed-not-aligned -Wpointer-arith -Wshift-overflow=2 -Wstrict-prototypes -Wtype-limits \
  -Wunused-but-set-parameter -Wvla -Wwrite-strings -Wno-misleading-indentation -gdwarf-4 -g -O2 -U_FORTIFY_SOURCE -D_FORTIFY_SOURCE=0
gcc -m64 -c -o server/async.o server/async.c -Iserver -Iinclude -D__WINESRC__ -DWINE_UNIX_LIB -Wall -pipe \
  -fcf-protection=none -fvisibility=hidden -fno-stack-protector -fno-strict-aliasing \
  -Wdeclaration-after-statement -Wempty-body -Wignored-qualifiers -Winit-self -Wlogical-op \
  -Wno-packed-not-aligned -Wpointer-arith -Wshift-overflow=2 -Wstrict-prototypes -Wtype-limits \
  -Wunused-but-set-parameter -Wvla -Wwrite-strings -Wno-misleading-indentation -gdwarf-4 -g -O2 -U_FORTIFY_SOURCE -D_FORTIFY_SOURCE=0
gcc -m64 -c -o server/atom.o server/atom.c -Iserver -Iinclude -D__WINESRC__ -DWINE_UNIX_LIB -Wall -pipe \
  -fcf-protection=none -fvisibility=hidden -fno-stack-protector -fno-strict-aliasing \
  -Wdeclaration-after-statement -Wempty-body -Wignored-qualifiers -Winit-self -Wlogical-op \
  -Wno-packed-not-aligned -Wpointer-arith -Wshift-overflow=2 -Wstrict-prototypes -Wtype-limits \
  -Wunused-but-set-parameter -Wvla -Wwrite-strings -Wno-misleading-indentation -gdwarf-4 -g -O2 -U_FORTIFY_SOURCE -D_FORTIFY_SOURCE=0
gcc -m64 -c -o server/change.o server/change.c -Iserver -Iinclude -D__WINESRC__ -DWINE_UNIX_LIB -Wall -pipe \
  -fcf-protection=none -fvisibility=hidden -fno-stack-protector -fno-strict-aliasing \
  -Wdeclaration-after-statement -Wempty-body -Wignored-qualifiers -Winit-self -Wlogical-op \
  -Wno-packed-not-aligned -Wpointer-arith -Wshift-overflow=2 -Wstrict-prototypes -Wtype-limits \
  -Wunused-but-set-parameter -Wvla -Wwrite-strings -Wno-misleading-indentation -gdwarf-4 -g -O2 -U_FORTIFY_SOURCE -D_FORTIFY_SOURCE=0
gcc -m64 -c -o server/class.o server/class.c -Iserver -Iinclude -D__WINESRC__ -DWINE_UNIX_LIB -Wall -pipe \
  -fcf-protection=none -fvisibility=hidden -fno-stack-protector -fno-strict-aliasing \
  -Wdeclaration-after-statement -Wempty-body -Wignored-qualifiers -Winit-self -Wlogical-op \
  -Wno-packed-not-aligned -Wpointer-arith -Wshift-overflow=2 -Wstrict-prototypes -Wtype-limits \
  -Wunused-but-set-parameter -Wvla -Wwrite-strings -Wno-misleading-indentation -gdwarf-4 -g -O2 -U_FORTIFY_SOURCE -D_FORTIFY_SOURCE=0
gcc -m64 -c -o server/clipboard.o server/clipboard.c -Iserver -Iinclude -D__WINESRC__ -DWINE_UNIX_LIB -Wall -pipe \
  -fcf-protection=none -fvisibility=hidden -fno-stack-protector -fno-strict-aliasing \
  -Wdeclaration-after-statement -Wempty-body -Wignored-qualifiers -Winit-self -Wlogical-op \
  -Wno-packed-not-aligned -Wpointer-arith -Wshift-overflow=2 -Wstrict-prototypes -Wtype-limits \
  -Wunused-but-set-parameter -Wvla -Wwrite-strings -Wno-misleading-indentation -gdwarf-4 -g -O2 -U_FORTIFY_SOURCE -D_FORTIFY_SOURCE=0
gcc -m64 -c -o server/completion.o server/completion.c -Iserver -Iinclude -D__WINESRC__ -DWINE_UNIX_LIB -Wall -pipe \
  -fcf-protection=none -fvisibility=hidden -fno-stack-protector -fno-strict-aliasing \
  -Wdeclaration-after-statement -Wempty-body -Wignored-qualifiers -Winit-self -Wlogical-op \
  -Wno-packed-not-aligned -Wpointer-arith -Wshift-overflow=2 -Wstrict-prototypes -Wtype-limits \
  -Wunused-but-set-parameter -Wvla -Wwrite-strings -Wno-misleading-indentation -gdwarf-4 -g -O2 -U_FORTIFY_SOURCE -D_FORTIFY_SOURCE=0
gcc -m64 -c -o server/console.o server/console.c -Iserver -Iinclude -D__WINESRC__ -DWINE_UNIX_LIB -Wall -pipe \
  -fcf-protection=none -fvisibility=hidden -fno-stack-protector -fno-strict-aliasing \
  -Wdeclaration-after-statement -Wempty-body -Wignored-qualifiers -Winit-self -Wlogical-op \
  -Wno-packed-not-aligned -Wpointer-arith -Wshift-overflow=2 -Wstrict-prototypes -Wtype-limits \
  -Wunused-but-set-parameter -Wvla -Wwrite-strings -Wno-misleading-indentation -gdwarf-4 -g -O2 -U_FORTIFY_SOURCE -D_FORTIFY_SOURCE=0
gcc -m64 -c -o server/d3dkmt.o server/d3dkmt.c -Iserver -Iinclude -D__WINESRC__ -DWINE_UNIX_LIB -Wall -pipe \
  -fcf-protection=none -fvisibility=hidden -fno-stack-protector -fno-strict-aliasing \
  -Wdeclaration-after-statement -Wempty-body -Wignored-qualifiers -Winit-self -Wlogical-op \
  -Wno-packed-not-aligned -Wpointer-arith -Wshift-overflow=2 -Wstrict-prototypes -Wtype-limits \
  -Wunused-but-set-parameter -Wvla -Wwrite-strings -Wno-misleading-indentation -gdwarf-4 -g -O2 -U_FORTIFY_SOURCE -D_FORTIFY_SOURCE=0
gcc -m64 -c -o server/debugger.o server/debugger.c -Iserver -Iinclude -D__WINESRC__ -DWINE_UNIX_LIB -Wall -pipe \
  -fcf-protection=none -fvisibility=hidden -fno-stack-protector -fno-strict-aliasing \
  -Wdeclaration-after-statement -Wempty-body -Wignored-qualifiers -Winit-self -Wlogical-op \
  -Wno-packed-not-aligned -Wpointer-arith -Wshift-overflow=2 -Wstrict-prototypes -Wtype-limits \
  -Wunused-but-set-parameter -Wvla -Wwrite-strings -Wno-misleading-indentation -gdwarf-4 -g -O2 -U_FORTIFY_SOURCE -D_FORTIFY_SOURCE=0
gcc -m64 -c -o server/device.o server/device.c -Iserver -Iinclude -D__WINESRC__ -DWINE_UNIX_LIB -Wall -pipe \
  -fcf-protection=none -fvisibility=hidden -fno-stack-protector -fno-strict-aliasing \
  -Wdeclaration-after-statement -Wempty-body -Wignored-qualifiers -Winit-self -Wlogical-op \
  -Wno-packed-not-aligned -Wpointer-arith -Wshift-overflow=2 -Wstrict-prototypes -Wtype-limits \
  -Wunused-but-set-parameter -Wvla -Wwrite-strings -Wno-misleading-indentation -gdwarf-4 -g -O2 -U_FORTIFY_SOURCE -D_FORTIFY_SOURCE=0
gcc -m64 -c -o server/directory.o server/directory.c -Iserver -Iinclude -D__WINESRC__ -DWINE_UNIX_LIB -Wall -pipe \
  -fcf-protection=none -fvisibility=hidden -fno-stack-protector -fno-strict-aliasing \
  -Wdeclaration-after-statement -Wempty-body -Wignored-qualifiers -Winit-self -Wlogical-op \
  -Wno-packed-not-aligned -Wpointer-arith -Wshift-overflow=2 -Wstrict-prototypes -Wtype-limits \
  -Wunused-but-set-parameter -Wvla -Wwrite-strings -Wno-misleading-indentation -gdwarf-4 -g -O2 -U_FORTIFY_SOURCE -D_FORTIFY_SOURCE=0
gcc -m64 -c -o server/event.o server/event.c -Iserver -Iinclude -D__WINESRC__ -DWINE_UNIX_LIB -Wall -pipe \
  -fcf-protection=none -fvisibility=hidden -fno-stack-protector -fno-strict-aliasing \
  -Wdeclaration-after-statement -Wempty-body -Wignored-qualifiers -Winit-self -Wlogical-op \
  -Wno-packed-not-aligned -Wpointer-arith -Wshift-overflow=2 -Wstrict-prototypes -Wtype-limits \
  -Wunused-but-set-parameter -Wvla -Wwrite-strings -Wno-misleading-indentation -gdwarf-4 -g -O2 -U_FORTIFY_SOURCE -D_FORTIFY_SOURCE=0
gcc -m64 -c -o server/fd.o server/fd.c -Iserver -Iinclude -D__WINESRC__ -DWINE_UNIX_LIB -Wall -pipe \
  -fcf-protection=none -fvisibility=hidden -fno-stack-protector -fno-strict-aliasing \
  -Wdeclaration-after-statement -Wempty-body -Wignored-qualifiers -Winit-self -Wlogical-op \
  -Wno-packed-not-aligned -Wpointer-arith -Wshift-overflow=2 -Wstrict-prototypes -Wtype-limits \
  -Wunused-but-set-parameter -Wvla -Wwrite-strings -Wno-misleading-indentation -gdwarf-4 -g -O2 -U_FORTIFY_SOURCE -D_FORTIFY_SOURCE=0
In file included from server/d3dkmt.c:34:
server/d3dkmt.c:785:14: warning: ‘struct dcomp_create_shared_visual_reply’ declared inside parameter list will not be visible outside of this definition or declaration
  785 | DECL_HANDLER(dcomp_create_shared_visual)
      |              ^~~~~~~~~~~~~~~~~~~~~~~~~~
server/request.h:34:63: note: in definition of macro ‘DECL_HANDLER’
   34 |     void req_##name( const struct name##_request *req, struct name##_reply *reply )
      |                                                               ^~~~
server/d3dkmt.c:785:14: warning: ‘struct dcomp_create_shared_visual_request’ declared inside parameter list will not be visible outside of this definition or declaration
  785 | DECL_HANDLER(dcomp_create_shared_visual)
      |              ^~~~~~~~~~~~~~~~~~~~~~~~~~
server/request.h:34:35: note: in definition of macro ‘DECL_HANDLER’
   34 |     void req_##name( const struct name##_request *req, struct name##_reply *reply )
      |                                   ^~~~
server/d3dkmt.c: In function ‘req_dcomp_create_shared_visual’:
server/d3dkmt.c:791:14: error: invalid use of undefined type ‘struct dcomp_create_shared_visual_reply’
  791 |         reply->handle = alloc_handle_no_access_check( current->process, composition, 0, 0 );
      |              ^~
server/d3dkmt.c: At top level:
server/d3dkmt.c:798:14: warning: ‘struct dcomp_set_shared_visual_info_reply’ declared inside parameter list will not be visible outside of this definition or declaration
  798 | DECL_HANDLER(dcomp_set_shared_visual_info)
      |              ^~~~~~~~~~~~~~~~~~~~~~~~~~~~
server/request.h:34:63: note: in definition of macro ‘DECL_HANDLER’
   34 |     void req_##name( const struct name##_request *req, struct name##_reply *reply )
      |                                                               ^~~~
server/d3dkmt.c:798:14: warning: ‘struct dcomp_set_shared_visual_info_request’ declared inside parameter list will not be visible outside of this definition or declaration
  798 | DECL_HANDLER(dcomp_set_shared_visual_info)
      |              ^~~~~~~~~~~~~~~~~~~~~~~~~~~~
server/request.h:34:35: note: in definition of macro ‘DECL_HANDLER’
   34 |     void req_##name( const struct name##_request *req, struct name##_reply *reply )
      |                                   ^~~~
server/d3dkmt.c: In function ‘req_dcomp_set_shared_visual_info’:
server/d3dkmt.c:802:61: error: invalid use of undefined type ‘const struct dcomp_set_shared_visual_info_request’
  802 |     composition = get_composition_obj( current->process, req->handle, 0);
      |                                                             ^~
server/d3dkmt.c:812:35: error: invalid use of undefined type ‘const struct dcomp_set_shared_visual_info_request’
  812 |     composition->target_root = req->target_root;
      |                                   ^~
server/d3dkmt.c: At top level:
server/d3dkmt.c:818:14: warning: ‘struct dcomp_get_shared_visual_info_reply’ declared inside parameter list will not be visible outside of this definition or declaration
  818 | DECL_HANDLER(dcomp_get_shared_visual_info)
      |              ^~~~~~~~~~~~~~~~~~~~~~~~~~~~
server/request.h:34:63: note: in definition of macro ‘DECL_HANDLER’
   34 |     void req_##name( const struct name##_request *req, struct name##_reply *reply )
      |                                                               ^~~~
server/d3dkmt.c:818:14: warning: ‘struct dcomp_get_shared_visual_info_request’ declared inside parameter list will not be visible outside of this definition or declaration
  818 | DECL_HANDLER(dcomp_get_shared_visual_info)
      |              ^~~~~~~~~~~~~~~~~~~~~~~~~~~~
server/request.h:34:35: note: in definition of macro ‘DECL_HANDLER’
   34 |     void req_##name( const struct name##_request *req, struct name##_reply *reply )
      |                                   ^~~~
server/d3dkmt.c: In function ‘req_dcomp_get_shared_visual_info’:
server/d3dkmt.c:822:61: error: invalid use of undefined type ‘const struct dcomp_get_shared_visual_info_request’
  822 |     composition = get_composition_obj( current->process, req->handle, 0);
      |                                                             ^~
server/d3dkmt.c:832:10: error: invalid use of undefined type ‘struct dcomp_get_shared_visual_info_reply’
  832 |     reply->target_root = composition->target_root;
      |          ^~
make: *** [Makefile:335072: server/d3dkmt.o] Error 1
make: *** Waiting for unfinished jobs....
