libEGL warning: DRI3 error: Could not get DRI3 device
libEGL warning: Ensure your X server supports DRI3 to get accelerated rendering
015c:err:ole:std_release_marshal_data could not map object ID to stub manager, oxid=1580000015c, oid=2
015c:err:ole:CoReleaseMarshalData StdMarshal ReleaseMarshalData failed with error 0x8001011d
017c:err:ole:std_release_marshal_data could not map object ID to stub manager, oxid=1780000017c, oid=2
017c:err:ole:CoReleaseMarshalData StdMarshal ReleaseMarshalData failed with error 0x8001011d
019c:err:ole:std_release_marshal_data could not map object ID to stub manager, oxid=1980000019c, oid=2
019c:err:ole:CoReleaseMarshalData StdMarshal ReleaseMarshalData failed with error 0x8001011d
01c0:err:ole:std_release_marshal_data could not map object ID to stub manager, oxid=1bc000001c0, oid=2
01c0:err:ole:CoReleaseMarshalData StdMarshal ReleaseMarshalData failed with error 0x8001011d
regsvr32: Failed to register DLL 'C:\Program Files\CELSYS\CLIP STUDIO 1.5\CLIP STUDIO PAINT\LipPreview.dll'
regsvr32: Successfully registered DLL 'C:\Program Files\CELSYS\CLIP STUDIO 1.5\CLIP STUDIO PAINT\ClipPreview.dll'
025c:err:ole:std_release_marshal_data could not map object ID to stub manager, oxid=2580000025c, oid=2
025c:err:ole:CoReleaseMarshalData StdMarshal ReleaseMarshalData failed with error 0x8001011d
027c:err:ole:std_release_marshal_data could not map object ID to stub manager, oxid=2780000027c, oid=2
027c:err:ole:CoReleaseMarshalData StdMarshal ReleaseMarshalData failed with error 0x8001011d
029c:err:ole:std_release_marshal_data could not map object ID to stub manager, oxid=2980000029c, oid=2
029c:err:ole:CoReleaseMarshalData StdMarshal ReleaseMarshalData failed with error 0x8001011d
02bc:err:ole:std_release_marshal_data could not map object ID to stub manager, oxid=2b8000002bc, oid=2
02bc:err:ole:CoReleaseMarshalData StdMarshal ReleaseMarshalData failed with error 0x8001011d
03b8:err:combase:RoGetActivationFactory Failed to find library for L"Windows.System.Diagnostics.Telemetry.PlatformTelemetryClient"
03c0:err:ole:com_get_class_object no class object {cecddd22-2e72-4832-9606-a9b0e5e344b2} could be created for context 0x17
03c0:err:ole:CoSetProxyBlanket -- failed with 0x80004002.
045c:err:combase:RoGetActivationFactory Failed to find library for L"Windows.System.Diagnostics.Telemetry.PlatformTelemetryClient"
02dc:err:ole:std_release_marshal_data could not map object ID to stub manager, oxid=2d8000002dc, oid=2
02dc:err:ole:CoReleaseMarshalData StdMarshal ReleaseMarshalData failed with error 0x8001011d
0234:err:ole:std_release_marshal_data could not map object ID to stub manager, oxid=23000000234, oid=2
0234:err:ole:CoReleaseMarshalData StdMarshal ReleaseMarshalData failed with error 0x8001011d
01e0:err:ole:std_release_marshal_data could not map object ID to stub manager, oxid=1dc000001e0, oid=2
01e0:err:ole:CoReleaseMarshalData StdMarshal ReleaseMarshalData failed with error 0x8001011d
0138:err:ole:std_release_marshal_data could not map object ID to stub manager, oxid=13400000138, oid=2
0138:err:ole:CoReleaseMarshalData StdMarshal ReleaseMarshalData failed with error 0x8001011d
