libEGL warning: DRI3 error: Could not get DRI3 device
libEGL warning: Ensure your X server supports DRI3 to get accelerated rendering
libEGL warning: DRI3 error: Could not get DRI3 device
libEGL warning: Ensure your X server supports DRI3 to get accelerated rendering
01e0:err:combase:RoGetActivationFactory Failed to find library for L"Windows.System.Profile.PlatformDiagnosticsAndUsageDataSettings"
0268:err:combase:RoGetActivationFactory Failed to find library for L"Windows.Devices.Input.PenDevice"
libEGL warning: DRI3 error: Could not get DRI3 device
libEGL warning: Ensure your X server supports DRI3 to get accelerated rendering
libEGL warning: DRI3 error: Could not get DRI3 device
libEGL warning: Ensure your X server supports DRI3 to get accelerated rendering
022c:err:ole:create_server class {daa52b27-8897-50af-ada5-c6c71bb64e17} not registered
022c:err:ole:com_get_class_object no class object {daa52b27-8897-50af-ada5-c6c71bb64e17} could be created for context 0x4
022c:err:ole:create_server class {daa52b27-8897-50af-ada5-c6c71bb64e17} not registered
022c:err:ole:com_get_class_object no class object {daa52b27-8897-50af-ada5-c6c71bb64e17} could be created for context 0x4
022c:err:ole:create_server class {daa52b27-8897-50af-ada5-c6c71bb64e17} not registered
022c:err:ole:com_get_class_object no class object {daa52b27-8897-50af-ada5-c6c71bb64e17} could be created for context 0x4
libEGL warning: DRI3 error: Could not get DRI3 device
libEGL warning: Ensure your X server supports DRI3 to get accelerated rendering
libEGL warning: DRI3 error: Could not get DRI3 device
libEGL warning: Ensure your X server supports DRI3 to get accelerated rendering
