check: copying tree to /home/asdf/projects/csp-wine/state/scratch/check-3768589
SKIP patches/series/0001-wintrust-WTD_CHOICE_BLOB-and-RFC3161-timestamp.patch (already applied)
SKIP patches/series/0002-kernelbase-regf-hive-RegLoadAppKey.patch (already applied)
SKIP patches/series/0003-urlmon-MapUrlToZone-res-scheme-empty-host.patch (already applied)
SKIP patches/series/0004-services-session-0.patch (already applied)
SKIP patches/series/0005-ws2_32-windows-hosts-file.patch (already applied)
SKIP patches/series/0006-crypt32-group-policy-enterprise-stores.patch (already applied)
SKIP patches/series/0007-server-completion-info-non-overlapped.patch (already applied)
SKIP patches/series/0008-ntdll-fd-backed-pipe-semantics.patch (already applied)
SKIP patches/series/0009-missing-exports-fls-cet-longpaths-zt.patch (already applied)
SKIP patches/series/0010-ws2_32-NS_NLA-lookups.patch (already applied)
SKIP patches/series/0011-winex11-ignore-stale-window-errors.patch (already applied)
SKIP patches/series/0012-secur32-GetUserNameExW-NameUserPrincipal-NameDnsDomain.patch (already applied)
SKIP patches/series/0013-msiexec-Windows-command-line-parsing.patch (already applied)
SKIP patches/series/0014-ntdll-actctx-probing-privatePath.patch (already applied)
SKIP patches/series/0015-wintypes-winrt-metadata-resolution.patch (already applied)
SKIP patches/series/0016-ntdll-NtImpersonateAnonymousToken.patch (already applied)
SKIP patches/series/0017-secur32-negotiate-spnego.patch (already applied)
SKIP patches/series/0018-secur32-LsaFreeReturnBuffer.patch (already applied)
SKIP patches/series/0019-oledb32-DataConvert-VARIANT-I8-and-BOOL.patch (already applied)
FAIL patches/local/0100-mf-encoder-support.patch  (see /tmp/apply_0100-mf-encoder-support.patch.log)
OK   patches/local/0100-msi-class-registry-view.patch
OK   patches/local/0101-services-service-logon-token.patch
OK   patches/local/0102-iphlpapi-notify-interface-changes.patch
SKIP patches/local/dcomp-staging/0001-HACK-dxgi-Add-a-dxgi_factory_CreateSwapChainForComposi.patch (already applied)
FAIL patches/local/dcomp-staging/0002-dcomp-tests-Add-DCompositionCreateDevice-tests.patch  (see /tmp/apply_0002-dcomp-tests-Add-DCompositionCreateDevice-tests.patch.log)
FAIL patches/local/dcomp-staging/0003-dcomp-Add-IDCompositionDevice-stub.patch  (see /tmp/apply_0003-dcomp-Add-IDCompositionDevice-stub.patch.log)
FAIL patches/local/dcomp-staging/0004-dcomp-tests-Add-DCompositionCreateDevice2-tests.patch  (see /tmp/apply_0004-dcomp-tests-Add-DCompositionCreateDevice2-tests.patch.log)
FAIL patches/local/dcomp-staging/0005-dcomp-Add-IDCompositionDevice2-stub.patch  (see /tmp/apply_0005-dcomp-Add-IDCompositionDevice2-stub.patch.log)
FAIL patches/local/dcomp-staging/0006-dcomp-Add-IDCompositionDesktopDevice-stub.patch  (see /tmp/apply_0006-dcomp-Add-IDCompositionDesktopDevice-stub.patch.log)
FAIL patches/local/dcomp-staging/0007-dcomp-tests-Add-CreateTargetForHwnd-tests.patch  (see /tmp/apply_0007-dcomp-tests-Add-CreateTargetForHwnd-tests.patch.log)
FAIL patches/local/dcomp-staging/0008-dcomp-Add-IDCompositionTarget-stub.patch  (see /tmp/apply_0008-dcomp-Add-IDCompositionTarget-stub.patch.log)
FAIL patches/local/dcomp-staging/0009-dcomp-tests-Add-IDCompositionDevice-CreateVisual-tests.patch  (see /tmp/apply_0009-dcomp-tests-Add-IDCompositionDevice-CreateVisual-tests.patch.log)
FAIL patches/local/dcomp-staging/0010-dcomp-Add-IDCompositionVisual-stub.patch  (see /tmp/apply_0010-dcomp-Add-IDCompositionVisual-stub.patch.log)
FAIL patches/local/dcomp-staging/0011-dcomp-Add-IDCompositionVisual2-stub.patch  (see /tmp/apply_0011-dcomp-Add-IDCompositionVisual2-stub.patch.log)
FAIL patches/local/dcomp-staging/0012-dcomp-tests-Add-IDCompositionVisual-SetContent-tests.patch  (see /tmp/apply_0012-dcomp-tests-Add-IDCompositionVisual-SetContent-tests.patch.log)
FAIL patches/local/dcomp-staging/0013-dcomp-Implement-IDCompositionVisual-SetContent.patch  (see /tmp/apply_0013-dcomp-Implement-IDCompositionVisual-SetContent.patch.log)
FAIL patches/local/dcomp-staging/0014-dcomp-tests-Add-IDCompositionTarget-SetRoot-tests.patch  (see /tmp/apply_0014-dcomp-tests-Add-IDCompositionTarget-SetRoot-tests.patch.log)
FAIL patches/local/dcomp-staging/0015-dcomp-Implement-IDCompositionTarget-SetRoot.patch  (see /tmp/apply_0015-dcomp-Implement-IDCompositionTarget-SetRoot.patch.log)
FAIL patches/local/dcomp-staging/0016-dcomp-tests-Add-IDCompositionDevice-Commit-tests.patch  (see /tmp/apply_0016-dcomp-tests-Add-IDCompositionDevice-Commit-tests.patch.log)
FAIL patches/local/dcomp-staging/0017-dcomp-Implement-IDCompositionDevice-Commit.patch  (see /tmp/apply_0017-dcomp-Implement-IDCompositionDevice-Commit.patch.log)
FAIL patches/local/dcomp-staging/0018-dcomp-Add-DCompositionCreateSharedVisualHandle-stub.patch  (see /tmp/apply_0018-dcomp-Add-DCompositionCreateSharedVisualHandle-stub.patch.log)
FAIL patches/local/dcomp-staging/0019-dcomp-tests-Add-tests-for-DCompositionCreateSharedVisu.patch  (see /tmp/apply_0019-dcomp-tests-Add-tests-for-DCompositionCreateSharedVisu.patch.log)
FAIL patches/local/dcomp-staging/0020-dcomp-tests-Add-tests-for-DCompositionWaitForComposito.patch  (see /tmp/apply_0020-dcomp-tests-Add-tests-for-DCompositionWaitForComposito.patch.log)
FAIL patches/local/dcomp-staging/0021-dcomp-tests-Add-DCompositionCreateDevice3-tests.patch  (see /tmp/apply_0021-dcomp-tests-Add-DCompositionCreateDevice3-tests.patch.log)
FAIL patches/local/dcomp-staging/0022-dcomp-Implement-DCompositionCreateDevice3.patch  (see /tmp/apply_0022-dcomp-Implement-DCompositionCreateDevice3.patch.log)
FAIL patches/local/dcomp-staging/0023-dcomp-Add-IDCompositionDesktopDevicePartner-stub.patch  (see /tmp/apply_0023-dcomp-Add-IDCompositionDesktopDevicePartner-stub.patch.log)
FAIL patches/local/dcomp-staging/0024-dcomp-Add-IDCompositionDesktopDevicePartner-tests.patch  (see /tmp/apply_0024-dcomp-Add-IDCompositionDesktopDevicePartner-tests.patch.log)
FAIL patches/local/dcomp-staging/0025-dcomp-Implement-desktop_device_Unknown1.patch  (see /tmp/apply_0025-dcomp-Implement-desktop_device_Unknown1.patch.log)
OK   patches/local/dcomp-staging/0026-dcomp-tests-Add-tests-for-IDCompositionDesktopDevicePa.patch
FAIL patches/local/dcomp-staging/0027-dcomp-Add-IDCompositionVisualUnknown-stub.patch  (see /tmp/apply_0027-dcomp-Add-IDCompositionVisualUnknown-stub.patch.log)
OK   patches/local/dcomp-staging/0028-dcomp-tests-Add-tests-for-IDCompositionVisualUnknown.patch
SKIP patches/local/dcomp-staging/0029-dcomp-Return-S_OK-for-visual_unknown_method19.patch (already applied)
OK   patches/local/dcomp-staging/0030-dcomp-tests-Add-tests-for-IDCompositionVisualUnknown-U.patch
SKIP patches/local/dcomp-staging/0031-dcomp-Return-S_OK-for-visual_unknown_method20.patch (already applied)
OK   patches/local/dcomp-staging/0032-dcomp-tests-Add-tests-for-IDCompositionVisualUnknown-U.patch
FAIL patches/local/dcomp-staging/0033-dcomp-Add-IDCompositionDeviceUnknown-stub.patch  (see /tmp/apply_0033-dcomp-Add-IDCompositionDeviceUnknown-stub.patch.log)
SKIP patches/local/dcomp-staging/0034-dcomp-tests-Add-tests-for-IDCompositionDeviceUnknown.patch (already applied)
SKIP patches/local/dcomp-staging/0035-dcomp-Add-desktop_device_Unknown17-stub.patch (already applied)
OK   patches/local/dcomp-staging/0036-dcomp-tests-Add-tests-for-desktop_device_Unknown17.patch
SKIP patches/local/dcomp-staging/0037-dcomp-Add-desktop_device_Unknown16-stub.patch (already applied)
OK   patches/local/dcomp-staging/0038-dcomp-tests-Add-tests-for-desktop_device_Unknown16.patch
FAIL patches/local/dcomp-staging/0039-dcomp-Implement-some-visual-methods.patch  (see /tmp/apply_0039-dcomp-Implement-some-visual-methods.patch.log)
SKIP patches/local/dcomp-staging/0040-dcomp-Return-S_OK-for-visual_unknown_method14.patch (already applied)
OK   patches/local/dcomp-staging/0041-dcomp-tests-Add-tests-for-IDCompositionVisualUnknown_U.patch
FAIL patches/local/dcomp-staging/0042-dcomp-tests-Add-visual_SetOffsetX-tests.patch  (see /tmp/apply_0042-dcomp-tests-Add-visual_SetOffsetX-tests.patch.log)
SKIP patches/local/dcomp-staging/0043-dcomp-Implement-visual_SetOffsetX.patch (already applied)
SKIP patches/local/dcomp-staging/0044-dcomp-tests-Add-visual_SetOffsetXAnimation-tests.patch (already applied)
SKIP patches/local/dcomp-staging/0045-dcomp-tests-Remove-succeeding-todo_wine.patch (already applied)
SKIP patches/local/dcomp-staging/0046-dcomp-tests-Add-tests-for-IDCompositionDevice2-CreateS.patch (already applied)
FAIL patches/local/dcomp-staging/0047-dcomp-Implement-desktop_device_CreateSurfaceFactory.patch  (see /tmp/apply_0047-dcomp-Implement-desktop_device_CreateSurfaceFactory.patch.log)
FAIL patches/local/dcomp-staging/0048-dcomp-tests-Add-tests-for-IDCompositionSurfaceFactory-.patch  (see /tmp/apply_0048-dcomp-tests-Add-tests-for-IDCompositionSurfaceFactory-.patch.log)
OK   patches/local/dcomp-staging/0049-dcomp-Implement-factory_CreateSurface-for-dxgi-renderi.patch
OK   patches/local/dcomp-staging/0050-dcomp-tests-Add-tests-for-IDCompositionVisual-SetConte.patch
FAIL patches/local/dcomp-staging/0051-dcomp-Accept-IDCompositionSurface-in-visual_SetContent.patch  (see /tmp/apply_0051-dcomp-Accept-IDCompositionSurface-in-visual_SetContent.patch.log)
FAIL patches/local/dcomp-staging/0052-dcomp-tests-Add-IDCompositionSurface-Begin-EndDraw-tes.patch  (see /tmp/apply_0052-dcomp-tests-Add-IDCompositionSurface-Begin-EndDraw-tes.patch.log)
FAIL patches/local/dcomp-staging/0053-dcomp-tests-Add-tests-for-committing-visual-content-of.patch  (see /tmp/apply_0053-dcomp-tests-Add-tests-for-committing-visual-content-of.patch.log)
FAIL patches/local/dcomp-staging/0054-dcomp-Implement-surface_Begin-EndDraw.patch  (see /tmp/apply_0054-dcomp-Implement-surface_Begin-EndDraw.patch.log)
FAIL patches/local/dcomp-staging/0055-dcomp-Implement-composition-for-IDCompositionSurface.patch  (see /tmp/apply_0055-dcomp-Implement-composition-for-IDCompositionSurface.patch.log)
FAIL patches/local/dcomp-staging/0056-dcomp-Implement-child-visual-composition.patch  (see /tmp/apply_0056-dcomp-Implement-child-visual-composition.patch.log)
SKIP patches/local/dcomp-staging/0057-dcomp-tests-Test-rendering-with-child-visuals.patch (already applied)
FAIL patches/local/dcomp-staging/0058-dcomp-tests-Test-rendering-more-surface-formats.patch  (see /tmp/apply_0058-dcomp-tests-Test-rendering-more-surface-formats.patch.log)
FAIL patches/local/dcomp-staging/0059-dcomp-Implement-DXGI_FORMAT_R8G8B8A8_UNORM-surface-con.patch  (see /tmp/apply_0059-dcomp-Implement-DXGI_FORMAT_R8G8B8A8_UNORM-surface-con.patch.log)
FAIL patches/local/dcomp-staging/0060-dcomp-Use-a-global-lock.patch  (see /tmp/apply_0060-dcomp-Use-a-global-lock.patch.log)
SKIP patches/local/dcomp-staging/0061-dcomp-Protect-d3d11-device-states-from-multithread-acc.patch (already applied)
FAIL patches/local/dcomp-staging/0062-dcomp-Implement-shared-visual-handle-for-the-same-proc.patch  (see /tmp/apply_0062-dcomp-Implement-shared-visual-handle-for-the-same-proc.patch.log)
SKIP patches/local/dcomp-staging/0063-dcomp-Implement-IDCompositionSurfaceUnknown-Unknown3.patch (already applied)
OK   patches/local/dcomp-staging/0064-dcomp-tests-Add-tests-for-IDCompositionSurfaceUnknown-.patch
FAIL patches/local/dcomp-staging/0065-dcomp-Remove-tests-involving-checking-the-stack.patch  (see /tmp/apply_0065-dcomp-Remove-tests-involving-checking-the-stack.patch.log)
SKIP patches/local/dcomp-staging/0066-dcomp-Always-use-the-front-buffer.patch (already applied)
OK   patches/local/dcomp-staging/0067-dcomp-Allow-IDCompositionDevice3-interface.patch
---- ok=14 skip=34 fail=42
