check: extracting /home/asdf/Downloads/wine-11.18.tar.xz -> /home/asdf/projects/csp-wine/state/scratch/check-3769503
OK   patches/series/0001-wintrust-WTD_CHOICE_BLOB-and-RFC3161-timestamp.patch
OK   patches/series/0002-kernelbase-regf-hive-RegLoadAppKey.patch
OK   patches/series/0003-urlmon-MapUrlToZone-res-scheme-empty-host.patch
OK   patches/series/0004-services-session-0.patch
OK   patches/series/0005-ws2_32-windows-hosts-file.patch
OK   patches/series/0006-crypt32-group-policy-enterprise-stores.patch
OK   patches/series/0007-server-completion-info-non-overlapped.patch
OK   patches/series/0008-ntdll-fd-backed-pipe-semantics.patch
OK   patches/series/0009-missing-exports-fls-cet-longpaths-zt.patch
OK   patches/series/0010-ws2_32-NS_NLA-lookups.patch
OK   patches/series/0011-winex11-ignore-stale-window-errors.patch
OK   patches/series/0012-secur32-GetUserNameExW-NameUserPrincipal-NameDnsDomain.patch
OK   patches/series/0013-msiexec-Windows-command-line-parsing.patch
OK   patches/series/0014-ntdll-actctx-probing-privatePath.patch
OK   patches/series/0015-wintypes-winrt-metadata-resolution.patch
OK   patches/series/0016-ntdll-NtImpersonateAnonymousToken.patch
OK   patches/series/0017-secur32-negotiate-spnego.patch
OK   patches/series/0018-secur32-LsaFreeReturnBuffer.patch
OK   patches/series/0019-oledb32-DataConvert-VARIANT-I8-and-BOOL.patch
OK   patches/local/dcomp-staging/0001-HACK-dxgi-Add-a-dxgi_factory_CreateSwapChainForComposi.patch
OK   patches/local/dcomp-staging/0002-dcomp-tests-Add-DCompositionCreateDevice-tests.patch
OK   patches/local/dcomp-staging/0003-dcomp-Add-IDCompositionDevice-stub.patch
OK   patches/local/dcomp-staging/0004-dcomp-tests-Add-DCompositionCreateDevice2-tests.patch
OK   patches/local/dcomp-staging/0005-dcomp-Add-IDCompositionDevice2-stub.patch
OK   patches/local/dcomp-staging/0006-dcomp-Add-IDCompositionDesktopDevice-stub.patch
OK   patches/local/dcomp-staging/0007-dcomp-tests-Add-CreateTargetForHwnd-tests.patch
OK   patches/local/dcomp-staging/0008-dcomp-Add-IDCompositionTarget-stub.patch
OK   patches/local/dcomp-staging/0009-dcomp-tests-Add-IDCompositionDevice-CreateVisual-tests.patch
OK   patches/local/dcomp-staging/0010-dcomp-Add-IDCompositionVisual-stub.patch
OK   patches/local/dcomp-staging/0011-dcomp-Add-IDCompositionVisual2-stub.patch
OK   patches/local/dcomp-staging/0012-dcomp-tests-Add-IDCompositionVisual-SetContent-tests.patch
OK   patches/local/dcomp-staging/0013-dcomp-Implement-IDCompositionVisual-SetContent.patch
OK   patches/local/dcomp-staging/0014-dcomp-tests-Add-IDCompositionTarget-SetRoot-tests.patch
OK   patches/local/dcomp-staging/0015-dcomp-Implement-IDCompositionTarget-SetRoot.patch
OK   patches/local/dcomp-staging/0016-dcomp-tests-Add-IDCompositionDevice-Commit-tests.patch
OK   patches/local/dcomp-staging/0017-dcomp-Implement-IDCompositionDevice-Commit.patch
OK   patches/local/dcomp-staging/0018-dcomp-Add-DCompositionCreateSharedVisualHandle-stub.patch
OK   patches/local/dcomp-staging/0019-dcomp-tests-Add-tests-for-DCompositionCreateSharedVisu.patch
OK   patches/local/dcomp-staging/0020-dcomp-tests-Add-tests-for-DCompositionWaitForComposito.patch
OK   patches/local/dcomp-staging/0021-dcomp-tests-Add-DCompositionCreateDevice3-tests.patch
OK   patches/local/dcomp-staging/0022-dcomp-Implement-DCompositionCreateDevice3.patch
OK   patches/local/dcomp-staging/0023-dcomp-Add-IDCompositionDesktopDevicePartner-stub.patch
OK   patches/local/dcomp-staging/0024-dcomp-Add-IDCompositionDesktopDevicePartner-tests.patch
OK   patches/local/dcomp-staging/0025-dcomp-Implement-desktop_device_Unknown1.patch
OK   patches/local/dcomp-staging/0026-dcomp-tests-Add-tests-for-IDCompositionDesktopDevicePa.patch
OK   patches/local/dcomp-staging/0027-dcomp-Add-IDCompositionVisualUnknown-stub.patch
OK   patches/local/dcomp-staging/0028-dcomp-tests-Add-tests-for-IDCompositionVisualUnknown.patch
OK   patches/local/dcomp-staging/0029-dcomp-Return-S_OK-for-visual_unknown_method19.patch
OK   patches/local/dcomp-staging/0030-dcomp-tests-Add-tests-for-IDCompositionVisualUnknown-U.patch
OK   patches/local/dcomp-staging/0031-dcomp-Return-S_OK-for-visual_unknown_method20.patch
OK   patches/local/dcomp-staging/0032-dcomp-tests-Add-tests-for-IDCompositionVisualUnknown-U.patch
OK   patches/local/dcomp-staging/0033-dcomp-Add-IDCompositionDeviceUnknown-stub.patch
OK   patches/local/dcomp-staging/0034-dcomp-tests-Add-tests-for-IDCompositionDeviceUnknown.patch
OK   patches/local/dcomp-staging/0035-dcomp-Add-desktop_device_Unknown17-stub.patch
OK   patches/local/dcomp-staging/0036-dcomp-tests-Add-tests-for-desktop_device_Unknown17.patch
OK   patches/local/dcomp-staging/0037-dcomp-Add-desktop_device_Unknown16-stub.patch
OK   patches/local/dcomp-staging/0038-dcomp-tests-Add-tests-for-desktop_device_Unknown16.patch
OK   patches/local/dcomp-staging/0039-dcomp-Implement-some-visual-methods.patch
OK   patches/local/dcomp-staging/0040-dcomp-Return-S_OK-for-visual_unknown_method14.patch
OK   patches/local/dcomp-staging/0041-dcomp-tests-Add-tests-for-IDCompositionVisualUnknown_U.patch
OK   patches/local/dcomp-staging/0042-dcomp-tests-Add-visual_SetOffsetX-tests.patch
OK   patches/local/dcomp-staging/0043-dcomp-Implement-visual_SetOffsetX.patch
OK   patches/local/dcomp-staging/0044-dcomp-tests-Add-visual_SetOffsetXAnimation-tests.patch
OK   patches/local/dcomp-staging/0045-dcomp-tests-Remove-succeeding-todo_wine.patch
OK   patches/local/dcomp-staging/0046-dcomp-tests-Add-tests-for-IDCompositionDevice2-CreateS.patch
OK   patches/local/dcomp-staging/0047-dcomp-Implement-desktop_device_CreateSurfaceFactory.patch
OK   patches/local/dcomp-staging/0048-dcomp-tests-Add-tests-for-IDCompositionSurfaceFactory-.patch
OK   patches/local/dcomp-staging/0049-dcomp-Implement-factory_CreateSurface-for-dxgi-renderi.patch
OK   patches/local/dcomp-staging/0050-dcomp-tests-Add-tests-for-IDCompositionVisual-SetConte.patch
OK   patches/local/dcomp-staging/0051-dcomp-Accept-IDCompositionSurface-in-visual_SetContent.patch
OK   patches/local/dcomp-staging/0052-dcomp-tests-Add-IDCompositionSurface-Begin-EndDraw-tes.patch
OK   patches/local/dcomp-staging/0053-dcomp-tests-Add-tests-for-committing-visual-content-of.patch
OK   patches/local/dcomp-staging/0054-dcomp-Implement-surface_Begin-EndDraw.patch
OK   patches/local/dcomp-staging/0055-dcomp-Implement-composition-for-IDCompositionSurface.patch
OK   patches/local/dcomp-staging/0056-dcomp-Implement-child-visual-composition.patch
OK   patches/local/dcomp-staging/0057-dcomp-tests-Test-rendering-with-child-visuals.patch
OK   patches/local/dcomp-staging/0058-dcomp-tests-Test-rendering-more-surface-formats.patch
OK   patches/local/dcomp-staging/0059-dcomp-Implement-DXGI_FORMAT_R8G8B8A8_UNORM-surface-con.patch
OK   patches/local/dcomp-staging/0060-dcomp-Use-a-global-lock.patch
OK   patches/local/dcomp-staging/0061-dcomp-Protect-d3d11-device-states-from-multithread-acc.patch
OK   patches/local/dcomp-staging/0062-dcomp-Implement-shared-visual-handle-for-the-same-proc.patch
OK   patches/local/dcomp-staging/0063-dcomp-Implement-IDCompositionSurfaceUnknown-Unknown3.patch
OK   patches/local/dcomp-staging/0064-dcomp-tests-Add-tests-for-IDCompositionSurfaceUnknown-.patch
OK   patches/local/dcomp-staging/0065-dcomp-Remove-tests-involving-checking-the-stack.patch
OK   patches/local/dcomp-staging/0066-dcomp-Always-use-the-front-buffer.patch
OK   patches/local/dcomp-staging/0067-dcomp-Allow-IDCompositionDevice3-interface.patch
---- ok=86 skip=0 fail=0
