60:        <GUIConfig name="DarkMode" enable="no" colorTone="0" customColorTop="2105376" customColorMenuHotTrack="4539717" customColorActive="3684408" customColorMain="2105376" customColorError="176" customColorText="14737632" customColorDarkText="12632256" customColorDisabledText="8421504" customColorLinkText="65535" customColorEdge="6579300" customColorHotEdge="10197915" customColorDisabledEdge="4737096" enableWindowsMode="no" darkThemeName="DarkModeDefault.xml" darkToolBarIconSet="0" darkTbFluentColor="0" darkTbFluentCustomColor="0" darkTbFluentMono="no" darkTabIconSet="2" darkTabUseTheme="no" lightThemeName="" lightToolBarIconSet="4" lightTbFluentColor="0" lightTbFluentCustomColor="13924352" lightTbFluentMono="no" lightTabIconSet="0" lightTabUseTheme="yes" />
=== GUIConfig lines ===
13:        <GUIConfig name="ToolBar" visible="yes" fluentColor="0" fluentCustomColor="13924352" fluentMono="no">standard</GUIConfig>
14:        <GUIConfig name="StatusBar">show</GUIConfig>
15:        <GUIConfig name="TabBar" dragAndDrop="yes" drawTopBar="yes" drawInactiveTab="yes" reduce="yes" closeButton="yes" pinButton="yes" showOnlyPinnedButton="no" buttonsOninactiveTabs="no" doubleClick2Close="no" vertical="no" multiLine="no" hide="no" quitOnEmpty="no" tabCompactLabelLen="0" />
16:        <GUIConfig name="ScintillaViewsSplitter">vertical</GUIConfig>
17:        <GUIConfig name="UserDefineDlg" position="undocked">hide</GUIConfig>
18:        <GUIConfig name="TabSetting" replaceBySpace="no" size="4" backspaceUnindent="no" />
19:        <GUIConfig name="AppPosition" x="0" y="0" width="1024" height="700" isMaximized="no" />
20:        <GUIConfig name="FindWindowPosition" left="0" top="0" right="0" bottom="0" isLessModeOn="no" />
21:        <GUIConfig name="FinderConfig" wrappedLines="no" purgeBeforeEverySearch="no" showOnlyOneEntryPerFoundLine="yes" FiF_ignoreunsavedChangesInOpenedFiles="no" />
22:        <GUIConfig name="noUpdate" intervalDays="15" nextUpdateDate="20080426" autoUpdateMode="1">no</GUIConfig>
23:        <GUIConfig name="Auto-detection">yes</GUIConfig>
24:        <GUIConfig name="CheckHistoryFiles">no</GUIConfig>
25:        <GUIConfig name="TrayIcon">0</GUIConfig>
26:        <GUIConfig name="MaintainIndent">1</GUIConfig>
27:        <GUIConfig name="TagsMatchHighLight" TagAttrHighLight="yes" HighLightNonHtmlZone="no">yes</GUIConfig>
28:        <GUIConfig name="RememberLastSession">yes</GUIConfig>
29:        <GUIConfig name="KeepSessionAbsentFileEntries">no</GUIConfig>
30:        <GUIConfig name="DetectEncoding">yes</GUIConfig>
31:        <GUIConfig name="SaveAllConfirm">yes</GUIConfig>
32:        <GUIConfig name="NewDocDefaultSettings" format="0" encoding="4" lang="0" codepage="-1" openAnsiAsUTF8="yes" addNewDocumentOnStartup="no" useContentAsTabName="no" />
33:        <GUIConfig name="langsExcluded" gr0="0" gr1="0" gr2="0" gr3="0" gr4="0" gr5="0" gr6="0" gr7="0" gr8="0" gr9="0" gr10="0" gr11="0" gr12="0" langMenuCompact="yes" />
34:        <GUIConfig name="Print" lineNumber="yes" formFeedPageBreak="no" printOption="3" headerLeft="" headerMiddle="" headerRight="" footerLeft="" footerMiddle="" footerRight="" headerFontName="" headerFontStyle="0" headerFontSize="0" footerFontName="" footerFontStyle="0" footerFontSize="0" margeLeft="0" margeRight="0" margeTop="0" margeBottom="0" />
35:        <GUIConfig name="Backup" action="0" useCustumDir="no" dir="" isSnapshotMode="yes" snapshotBackupTiming="7000" />
36:        <GUIConfig name="TaskList">yes</GUIConfig>
37:        <GUIConfig name="MRU">yes</GUIConfig>
38:        <GUIConfig name="URL">2</GUIConfig>
39:        <GUIConfig name="uriCustomizedSchemes">svn:// cvs:// git:// imap:// irc:// irc6:// ircs:// ldap:// ldaps:// news: telnet:// gopher:// ssh:// sftp:// smb:// skype: snmp:// spotify: steam:// sms: slack:// chrome:// bitcoin:</GUIConfig>
40:        <GUIConfig name="globalOverride" fg="no" bg="no" font="no" fontSize="no" bold="no" italic="no" underline="no" />
41:        <GUIConfig name="auto-completion" autoCAction="3" triggerFromNbChar="1" autoCIgnoreNumbers="yes" insertSelectedItemUseENTER="yes" insertSelectedItemUseTAB="yes" autoCBrief="no" funcParams="yes" />
42:        <GUIConfig name="auto-insert" parentheses="no" brackets="no" curlyBrackets="no" quotes="no" doubleQuotes="no" htmlXmlTag="no" />
43:        <GUIConfig name="sessionExt" />
44:        <GUIConfig name="workspaceExt" />
45:        <GUIConfig name="MenuBar">show</GUIConfig>
46:        <GUIConfig name="Caret" width="1" blinkRate="600" />
47:        <GUIConfig name="openSaveDir" value="0" defaultDirPath="" lastUsedDirPath="" />
48:        <GUIConfig name="titleBar" short="no" />
49:        <GUIConfig name="insertDateTime" customizedFormat="yyyy-MM-dd HH:mm:ss" reverseDefaultOrder="no" />
50:        <GUIConfig name="wordCharList" useDefault="yes" charsAdded="" />
51:        <GUIConfig name="delimiterSelection" leftmostDelimiter="40" rightmostDelimiter="41" delimiterSelectionOnEntireDocument="no" />
52:        <GUIConfig name="largeFileRestriction" fileSizeMB="200" isEnabled="yes" allowAutoCompletion="no" allowBraceMatch="no" allowSmartHilite="no" allowClickableLink="no" deactivateWordWrap="yes" suppress2GBWarning="no" />
53:        <GUIConfig name="multiInst" setting="0" clipboardHistory="no" documentList="no" characterPanel="no" folderAsWorkspace="no" projectPanels="no" documentMap="no" fuctionList="no" pluginPanels="no" />
54:        <GUIConfig name="MISC" fileSwitcherWithoutExtColumn="no" fileSwitcherExtWidth="50" fileSwitcherWithoutPathColumn="yes" fileSwitcherPathWidth="50" fileSwitcherNoGroups="no" backSlashIsEscapeCharacterForSql="yes" writeTechnologyEngine="5" isFolderDroppedOpenFiles="no" docPeekOnTab="no" docPeekOnMap="no" sortFunctionList="no" saveDlgExtFilterToAllTypes="no" muteSounds="no" enableFoldCmdToggable="no" hideMenuRightShortcuts="no" isFawSymlinkAllowed="no" />
55:        <GUIConfig name="Searching" monospacedFontFindDlg="no" fillFindFieldWithSelected="yes" fillFindFieldSelectCaret="yes" findDlgAlwaysVisible="no" confirmReplaceInAllOpenDocs="yes" replaceStopsWithoutFindingNext="no" inSelectionAutocheckThreshold="1024" fillFindWhatThreshold="1024" fillDirFieldFromActiveDoc="no" />
56:        <GUIConfig name="searchEngine" searchEngineChoice="2" searchEngineCustom="" />
57:        <GUIConfig name="shortcutsXmlHMAC" value="6d8c862603bc413cbc1ee924db0d67bf86ffbda98ce9ea65269dc74167974347" />
58:        <GUIConfig name="MarkAll" matchCase="no" wholeWordOnly="yes" />
59:        <GUIConfig name="SmartHighLight" matchCase="no" wholeWordOnly="yes" useFindSettings="no" onAnotherView="no">yes</GUIConfig>
60:        <GUIConfig name="DarkMode" enable="no" colorTone="0" customColorTop="2105376" customColorMenuHotTrack="4539717" customColorActive="3684408" customColorMain="2105376" customColorError="176" customColorText="14737632" customColorDarkText="12632256" customColorDisabledText="8421504" customColorLinkText="65535" customColorEdge="6579300" customColorHotEdge="10197915" customColorDisabledEdge="4737096" enableWindowsMode="no" darkThemeName="DarkModeDefault.xml" darkToolBarIconSet="0" darkTbFluentColor="0" darkTbFluentCustomColor="0" darkTbFluentMono="no" darkTabIconSet="2" darkTabUseTheme="no" lightThemeName="" lightToolBarIconSet="4" lightTbFluentColor="0" lightTbFluentCustomColor="13924352" lightTbFluentMono="no" lightTabIconSet="0" lightTabUseTheme="yes" />
61:        <GUIConfig name="ColorPickerCustomColors" color0="16777215" color1="16777215" color2="16777215" color3="16777215" color4="16777215" color5="16777215" color6="16777215" color7="16777215" color8="16777215" color9="16777215" color10="16777215" color11="16777215" color12="16777215" color13="16777215" color14="16777215" color15="16777215" />
62:        <GUIConfig name="ScintillaPrimaryView" lineNumberMargin="show" lineNumberDynamicWidth="yes" bookMarkMargin="show" indentGuideLine="show" folderMarkStyle="box" isChangeHistoryEnabled="1" lineWrapMethod="aligned" currentLineIndicator="1" currentLineFrameWidth="1" virtualSpace="no" scrollBeyondLastLine="yes" rightClickKeepsSelection="no" selectedTextForegroundSingleColor="no" disableAdvancedScrolling="no" wrapSymbolShow="hide" Wrap="no" borderEdge="yes" isEdgeBgMode="no" edgeMultiColumnPos="" zoom="0" zoom2="0" zoomSync="no" whiteSpaceShow="hide" eolShow="hide" eolMode="1" npcShow="hide" npcMode="1" npcCustomColor="no" npcIncludeCcUniEOL="no" npcNoInputC0="yes" ccShow="yes" borderWidth="2" smoothFont="no" paddingLeft="0" paddingRight="0" distractionFreeDivPart="4" lineCopyCutWithoutSelection="yes" disableSelectedTextDragDrop="no" multiSelection="yes" columnSel2MultiEdit="yes" />
63:        <GUIConfig name="DockingManager" leftWidth="200" rightWidth="200" topHeight="200" bottomHeight="200">
