1: 0 2: 1033 3: 1252 
=== Logging started: 10/3/2026  12:05:46 ===
Message type: 0, Argument: 1033
Message type: 1, Argument: CodeMeter Runtime Kit v8.40a
Action 12:05:46: INSTALL. 
Action start 12:05:46: INSTALL.
1: 0 2: 1033 3: 1252 
1: 0 2: 1033 3: 1252 
=== Logging started: 10/3/2026  12:05:46 ===
Message type: 0, Argument: 1033
Message type: 1, Argument: CodeMeter Runtime Kit v8.40a
Action 12:05:46: INSTALL. 
Action start 12:05:46: INSTALL.
1: CodeMeter Runtime Kit v8.40a 2: {F5234E0C-A06D-4404-8175-DCF5F9CFC337} 
Action 12:05:46: ProgramFiles64Folder.5FFE20C8_2BC6_4EE0_90AA_D6E92F2099AD. 
Action start 12:05:46: ProgramFiles64Folder.5FFE20C8_2BC6_4EE0_90AA_D6E92F2099AD.
Action ended 12:05:46: ProgramFiles64Folder.5FFE20C8_2BC6_4EE0_90AA_D6E92F2099AD. Return value 1.
Action 12:05:46: ProgramMenuFolder.5FFE20C8_2BC6_4EE0_90AA_D6E92F2099AD. 
Action start 12:05:46: ProgramMenuFolder.5FFE20C8_2BC6_4EE0_90AA_D6E92F2099AD.
Action ended 12:05:46: ProgramMenuFolder.5FFE20C8_2BC6_4EE0_90AA_D6E92F2099AD. Return value 1.
Action 12:05:46: ProgramFiles64Folder.573670D2_95A5_4F72_BD6A_63FA56A6342E. 
Action start 12:05:46: ProgramFiles64Folder.573670D2_95A5_4F72_BD6A_63FA56A6342E.
Action ended 12:05:46: ProgramFiles64Folder.573670D2_95A5_4F72_BD6A_63FA56A6342E. Return value 1.
Action 12:05:46: System64Folder.1992E333_D17A_448B_8484_ED047109D182. 
Action start 12:05:46: System64Folder.1992E333_D17A_448B_8484_ED047109D182.
Action ended 12:05:46: System64Folder.1992E333_D17A_448B_8484_ED047109D182. Return value 1.
Action 12:05:46: ProgramMenuFolder.1992E333_D17A_448B_8484_ED047109D182. 
Action start 12:05:46: ProgramMenuFolder.1992E333_D17A_448B_8484_ED047109D182.
Action ended 12:05:46: ProgramMenuFolder.1992E333_D17A_448B_8484_ED047109D182. Return value 1.
Action 12:05:46: CommonFiles64Folder.1992E333_D17A_448B_8484_ED047109D182. 
Action start 12:05:46: CommonFiles64Folder.1992E333_D17A_448B_8484_ED047109D182.
Action ended 12:05:46: CommonFiles64Folder.1992E333_D17A_448B_8484_ED047109D182. Return value 1.
Action 12:05:46: StartupFolder.1992E333_D17A_448B_8484_ED047109D182. 
Action start 12:05:46: StartupFolder.1992E333_D17A_448B_8484_ED047109D182.
Action ended 12:05:46: StartupFolder.1992E333_D17A_448B_8484_ED047109D182. Return value 1.
Action 12:05:46: CommonAppDataFolder.1992E333_D17A_448B_8484_ED047109D182. 
Action start 12:05:46: CommonAppDataFolder.1992E333_D17A_448B_8484_ED047109D182.
Action ended 12:05:46: CommonAppDataFolder.1992E333_D17A_448B_8484_ED047109D182. Return value 1.
Action 12:05:46: ProgramFiles64Folder.1992E333_D17A_448B_8484_ED047109D182. 
Action start 12:05:46: ProgramFiles64Folder.1992E333_D17A_448B_8484_ED047109D182.
Action ended 12:05:46: ProgramFiles64Folder.1992E333_D17A_448B_8484_ED047109D182. Return value 1.
Action 12:05:46: ProgramFilesFolder.1992E333_D17A_448B_8484_ED047109D182. 
Action start 12:05:46: ProgramFilesFolder.1992E333_D17A_448B_8484_ED047109D182.
Action ended 12:05:46: ProgramFilesFolder.1992E333_D17A_448B_8484_ED047109D182. Return value 1.
Action 12:05:46: ProgramFiles64Folder_WA.1992E333_D17A_448B_8484_ED047109D182. 
Action start 12:05:46: ProgramFiles64Folder_WA.1992E333_D17A_448B_8484_ED047109D182.
Action ended 12:05:46: ProgramFiles64Folder_WA.1992E333_D17A_448B_8484_ED047109D182. Return value 1.
Action 12:05:46: CommonFiles64Folder_CmReady.1992E333_D17A_448B_8484_ED047109D182. 
Action start 12:05:46: CommonFiles64Folder_CmReady.1992E333_D17A_448B_8484_ED047109D182.
Action ended 12:05:46: CommonFiles64Folder_CmReady.1992E333_D17A_448B_8484_ED047109D182. Return value 1.
Action 12:05:46: SystemFolder.A961A077_4BD0_4C98_86BC_EE4A98CE550D. 
Action start 12:05:46: SystemFolder.A961A077_4BD0_4C98_86BC_EE4A98CE550D.
Action ended 12:05:46: SystemFolder.A961A077_4BD0_4C98_86BC_EE4A98CE550D. Return value 1.
Action 12:05:46: ProgramFilesFolder.A961A077_4BD0_4C98_86BC_EE4A98CE550D. 
Action start 12:05:46: ProgramFilesFolder.A961A077_4BD0_4C98_86BC_EE4A98CE550D.
Action ended 12:05:46: ProgramFilesFolder.A961A077_4BD0_4C98_86BC_EE4A98CE550D. Return value 1.
Action 12:05:46: FindRelatedProducts. Searching for related applications
Action start 12:05:46: FindRelatedProducts.
Action ended 12:05:46: FindRelatedProducts. Return value 1.
Action 12:05:46: AppSearch. Searching for installed applications
Action start 12:05:46: AppSearch.
Property: CM_CHECK_SDK_AT_STARTUP, Signature: AppFile
Property: CM_REG_RUNTIMEVERSION, Signature: RuntimeVersion
Property: REG_POLICY_USEFILESINUSE, Signature: KEY_POLICY_USEFILESINUSE
Property: REG_POLICY_USEFILESINUSE_32, Signature: KEY_POLICY_USEFILESINUSE_32
Property: NETFRAMEWORK10, Signature: NetFramework10
Property: NETFRAMEWORK11, Signature: NetFramework11
Property: NETFRAMEWORK20, Signature: NetFramework20
Property: NETFRAMEWORK30, Signature: NetFramework30
Property: NETFRAMEWORK35, Signature: NetFramework35
Property: NETFRAMEWORK40FULL, Signature: NetFramework40Full
Property: NETFRAMEWORK40CLIENT, Signature: NetFramework40Client
Property: NETFRAMEWORK45, Signature: NetFramework45
Property: WIXNETFX4RELEASEINSTALLED, Signature: NetFx4ReleaseInstalled
Property: APPS_USE_LIGHT_THEME, Signature: AppsUseLightTheme
Property: OS_CURRENTBUILD32, Signature: OS_W81FFCurrBuild32
Property: OS_CURRENTBUILD64, Signature: OS_W81FFCurrBuild64
Property: OS_INSTALLATIONTYPE32, Signature: OS_W81FFInstallationType32
Property: OS_INSTALLATIONTYPE64, Signature: OS_W81FFInstallationType64
Property: CM_REG_ISNETWORKSERVER_32, Signature: IsNetworkServer_32
Property: CM_REG_REMOTEREAD_32, Signature: RemoteRead_32
Property: CM_REG_ISNETWORKSERVER_64, Signature: IsNetworkServer_64
Property: CM_REG_REMOTEREAD_64, Signature: RemoteRead_64
Property: CM_REG_RUNTIMEVERSION.A961A077_4BD0_4C98_86BC_EE4A98CE550D, Signature: RuntimeVersion.A961A077_4BD0_4C98_86BC_EE4A98CE550D
Property: PROCARCH_CHK.A961A077_4BD0_4C98_86BC_EE4A98CE550D, Signature: CheckProcessorArchitecture.A961A077_4BD0_4C98_86BC_EE4A98CE550D
Property: CM_REG_RUNTIMEVERSION.1992E333_D17A_448B_8484_ED047109D182, Signature: RuntimeVersion.1992E333_D17A_448B_8484_ED047109D182
Property: PROCARCH_CHK.1992E333_D17A_448B_8484_ED047109D182, Signature: CheckProcessorArchitecture.1992E333_D17A_448B_8484_ED047109D182
Property: PROP_WIBUSHELLEXTEXISTS.1992E333_D17A_448B_8484_ED047109D182, Signature: DS_WS_SystemFolder.1992E333_D17A_448B_8484_ED047109D182
Property: CM_CHECK_SDK_AT_STARTUP.1992E333_D17A_448B_8484_ED047109D182, Signature: AppFile.1992E333_D17A_448B_8484_ED047109D182
Property: PFFOLDER_32.1992E333_D17A_448B_8484_ED047109D182, Signature: RS_PFFOLDER_32.1992E333_D17A_448B_8484_ED047109D182
Property: CAPPDFOLDER_32.1992E333_D17A_448B_8484_ED047109D182, Signature: RS_CAPPDFOLDER_32.1992E333_D17A_448B_8484_ED047109D182
Property: CM_WK_REG_VERSION.1992E333_D17A_448B_8484_ED047109D182, Signature: WK_Version.1992E333_D17A_448B_8484_ED047109D182
Property: CM_REG_EXEPATH.1992E333_D17A_448B_8484_ED047109D182, Signature: ExePath.1992E333_D17A_448B_8484_ED047109D182
Property: CM_REG_HELPFILE.1992E333_D17A_448B_8484_ED047109D182, Signature: HelpFile.1992E333_D17A_448B_8484_ED047109D182
Property: CM_REG_LOGPATH.1992E333_D17A_448B_8484_ED047109D182, Signature: LogPath.1992E333_D17A_448B_8484_ED047109D182
Property: CM_REG_STARTALWAYS.1992E333_D17A_448B_8484_ED047109D182, Signature: StartAlways.1992E333_D17A_448B_8484_ED047109D182
Property: CM_REG_USEUMSDA.1992E333_D17A_448B_8484_ED047109D182, Signature: UseUmsDA.1992E333_D17A_448B_8484_ED047109D182
Property: CM_REG_HTTPP_REMOTEWRITE.1992E333_D17A_448B_8484_ED047109D182, Signature: RemoteWrite.1992E333_D17A_448B_8484_ED047109D182
Property: PFFOLDER_64.1992E333_D17A_448B_8484_ED047109D182, Signature: RS_PFFOLDER_64.1992E333_D17A_448B_8484_ED047109D182
Property: CAPPDFOLDER_64.1992E333_D17A_448B_8484_ED047109D182, Signature: RS_CAPPDFOLDER_64.1992E333_D17A_448B_8484_ED047109D182
Property: CM_WK_REG_VERSION_64.1992E333_D17A_448B_8484_ED047109D182, Signature: WK_Version_64.1992E333_D17A_448B_8484_ED047109D182
Property: CM_REG_EXEPATH_64.1992E333_D17A_448B_8484_ED047109D182, Signature: ExePath_64.1992E333_D17A_448B_8484_ED047109D182
Property: CM_REG_HELPFILE_64.1992E333_D17A_448B_8484_ED047109D182, Signature: HelpFile_64.1992E333_D17A_448B_8484_ED047109D182
Property: CM_REG_LOGPATH_64.1992E333_D17A_448B_8484_ED047109D182, Signature: LogPath_64.1992E333_D17A_448B_8484_ED047109D182
Property: CM_REG_STARTALWAYS_64.1992E333_D17A_448B_8484_ED047109D182, Signature: StartAlways_64.1992E333_D17A_448B_8484_ED047109D182
Property: CM_REG_USEUMSDA_64.1992E333_D17A_448B_8484_ED047109D182, Signature: UseUmsDA_64.1992E333_D17A_448B_8484_ED047109D182
Property: CM_REG_HTTPP_REMOTEWRITE_64.1992E333_D17A_448B_8484_ED047109D182, Signature: RemoteWrite_64.1992E333_D17A_448B_8484_ED047109D182
Property: OS_CURRENTBUILD32.1992E333_D17A_448B_8484_ED047109D182, Signature: OS_W81FFCurrBuild32.1992E333_D17A_448B_8484_ED047109D182
Property: OS_CURRENTBUILD64.1992E333_D17A_448B_8484_ED047109D182, Signature: OS_W81FFCurrBuild64.1992E333_D17A_448B_8484_ED047109D182
Property: OS_INSTALLATIONTYPE32.1992E333_D17A_448B_8484_ED047109D182, Signature: OS_W81FFInstallationType32.1992E333_D17A_448B_8484_ED047109D182
Property: OS_INSTALLATIONTYPE64.1992E333_D17A_448B_8484_ED047109D182, Signature: OS_W81FFInstallationType64.1992E333_D17A_448B_8484_ED047109D182
Property: CM_REG_RUNTIMEVERSION.573670D2_95A5_4F72_BD6A_63FA56A6342E, Signature: RuntimeVersion.573670D2_95A5_4F72_BD6A_63FA56A6342E
Property: CM_REG_RUNTIMEVERSION.B396C8F9_0D03_4905_8867_D3D7030330FB, Signature: RuntimeVersion.B396C8F9_0D03_4905_8867_D3D7030330FB
Property: NETFRAMEWORK10.B396C8F9_0D03_4905_8867_D3D7030330FB, Signature: NetFramework10.B396C8F9_0D03_4905_8867_D3D7030330FB
Property: NETFRAMEWORK11.B396C8F9_0D03_4905_8867_D3D7030330FB, Signature: NetFramework11.B396C8F9_0D03_4905_8867_D3D7030330FB
Property: NETFRAMEWORK20.B396C8F9_0D03_4905_8867_D3D7030330FB, Signature: NetFramework20.B396C8F9_0D03_4905_8867_D3D7030330FB
Property: NETFRAMEWORK30.B396C8F9_0D03_4905_8867_D3D7030330FB, Signature: NetFramework30.B396C8F9_0D03_4905_8867_D3D7030330FB
Property: NETFRAMEWORK35.B396C8F9_0D03_4905_8867_D3D7030330FB, Signature: NetFramework35.B396C8F9_0D03_4905_8867_D3D7030330FB
Property: NETFRAMEWORK40FULL.B396C8F9_0D03_4905_8867_D3D7030330FB, Signature: NetFramework40Full.B396C8F9_0D03_4905_8867_D3D7030330FB
Property: NETFRAMEWORK40CLIENT.B396C8F9_0D03_4905_8867_D3D7030330FB, Signature: NetFramework40Client.B396C8F9_0D03_4905_8867_D3D7030330FB
Property: NETFRAMEWORK45.B396C8F9_0D03_4905_8867_D3D7030330FB, Signature: NetFramework45.B396C8F9_0D03_4905_8867_D3D7030330FB
Property: IS_NETFRAMEWORK_40_OR_LATER_INSTALLED.B396C8F9_0D03_4905_8867_D3D7030330FB, Signature: NetFx4ReleaseInstalled.B396C8F9_0D03_4905_8867_D3D7030330FB
Property: CM_REG_RUNTIMEVERSION.5FFE20C8_2BC6_4EE0_90AA_D6E92F2099AD, Signature: RuntimeVersion.5FFE20C8_2BC6_4EE0_90AA_D6E92F2099AD
Property: PREV_USER_HELP_DIR_610A.5FFE20C8_2BC6_4EE0_90AA_D6E92F2099AD, Signature: PrevUHDir610A.5FFE20C8_2BC6_4EE0_90AA_D6E92F2099AD
Property: PREV_USER_HELP_DIR_610B.5FFE20C8_2BC6_4EE0_90AA_D6E92F2099AD, Signature: PrevUHDir610B.5FFE20C8_2BC6_4EE0_90AA_D6E92F2099AD
Property: PREV_USER_HELP_DIR_620.5FFE20C8_2BC6_4EE0_90AA_D6E92F2099AD, Signature: PrevUHDir620.5FFE20C8_2BC6_4EE0_90AA_D6E92F2099AD
Action ended 12:05:46: AppSearch. Return value 1.
Action 12:05:46: SetIS_NETFRAMEWORK_40_OR_LATER_INSTALLED.B396C8F9_0D03_4905_8867_D3D7030330FB. 
Action start 12:05:46: SetIS_NETFRAMEWORK_40_OR_LATER_INSTALLED.B396C8F9_0D03_4905_8867_D3D7030330FB.
Action ended 12:05:46: SetIS_NETFRAMEWORK_40_OR_LATER_INSTALLED.B396C8F9_0D03_4905_8867_D3D7030330FB. Return value 1.
Action 12:05:46: SetIS_NETFRAMEWORK_472_OR_LATER_INSTALLED.B396C8F9_0D03_4905_8867_D3D7030330FB. 
Action start 12:05:46: SetIS_NETFRAMEWORK_472_OR_LATER_INSTALLED.B396C8F9_0D03_4905_8867_D3D7030330FB.
Action ended 12:05:46: SetIS_NETFRAMEWORK_472_OR_LATER_INSTALLED.B396C8F9_0D03_4905_8867_D3D7030330FB. Return value 1.
Action 12:05:46: CA_Prop_SetRUNCMCC.1992E333_D17A_448B_8484_ED047109D182. 
Action start 12:05:46: CA_Prop_SetRUNCMCC.1992E333_D17A_448B_8484_ED047109D182.
Action ended 12:05:46: CA_Prop_SetRUNCMCC.1992E333_D17A_448B_8484_ED047109D182. Return value 1.
Action 12:05:46: CA_Prop_PFFOLDER.1992E333_D17A_448B_8484_ED047109D182. 
Action start 12:05:46: CA_Prop_PFFOLDER.1992E333_D17A_448B_8484_ED047109D182.
Action ended 12:05:46: CA_Prop_PFFOLDER.1992E333_D17A_448B_8484_ED047109D182. Return value 1.
Action 12:05:46: CA_Prop_CAPPDFOLDER.1992E333_D17A_448B_8484_ED047109D182. 
Action start 12:05:46: CA_Prop_CAPPDFOLDER.1992E333_D17A_448B_8484_ED047109D182.
Action ended 12:05:46: CA_Prop_CAPPDFOLDER.1992E333_D17A_448B_8484_ED047109D182. Return value 1.
Action 12:05:46: SetIS_WIN70.1992E333_D17A_448B_8484_ED047109D182. 
Action start 12:05:46: SetIS_WIN70.1992E333_D17A_448B_8484_ED047109D182.
Action ended 12:05:46: SetIS_WIN70.1992E333_D17A_448B_8484_ED047109D182. Return value 1.
Action 12:05:46: SetBmp_Banner_bright. 
Action start 12:05:46: SetBmp_Banner_bright.
Action ended 12:05:46: SetBmp_Banner_bright. Return value 1.
Action 12:05:46: SetBmp_Dialog_bright. 
Action start 12:05:46: SetBmp_Dialog_bright.
Action ended 12:05:46: SetBmp_Dialog_bright. Return value 1.
Action 12:05:46: SetDefaultUIFont_bright. 
Action start 12:05:46: SetDefaultUIFont_bright.
Action ended 12:05:46: SetDefaultUIFont_bright. Return value 1.
Action 12:05:46: SetDlgBiggerFont_bright. 
Action start 12:05:46: SetDlgBiggerFont_bright.
Action ended 12:05:46: SetDlgBiggerFont_bright. Return value 1.
Action 12:05:46: SetDlgDefaultFont_bright. 
Action start 12:05:46: SetDlgDefaultFont_bright.
Action ended 12:05:46: SetDlgDefaultFont_bright. Return value 1.
Action 12:05:46: SetDlgEmphasizedFont_bright. 
Action start 12:05:46: SetDlgEmphasizedFont_bright.
Action ended 12:05:46: SetDlgEmphasizedFont_bright. Return value 1.
Action 12:05:46: SetDlgTitleDescriptionFont_bright. 
Action start 12:05:46: SetDlgTitleDescriptionFont_bright.
Action ended 12:05:46: SetDlgTitleDescriptionFont_bright. Return value 1.
Action 12:05:46: SetDlgTitleFont_bright. 
Action start 12:05:46: SetDlgTitleFont_bright.
Action ended 12:05:46: SetDlgTitleFont_bright. Return value 1.
Action 12:05:46: SetIS_WIN70. 
Action start 12:05:46: SetIS_WIN70.
Action ended 12:05:46: SetIS_WIN70. Return value 1.
Action 12:05:46: SetMSIRMSHUTDOWN. 
Action start 12:05:46: SetMSIRMSHUTDOWN.
Action ended 12:05:46: SetMSIRMSHUTDOWN. Return value 1.
Action 12:05:46: SetUI_Ico_Exclamation_bright. 
Action start 12:05:46: SetUI_Ico_Exclamation_bright.
Action ended 12:05:46: SetUI_Ico_Exclamation_bright. Return value 1.
Action 12:05:46: SetUI_Ico_Info_bright. 
Action start 12:05:46: SetUI_Ico_Info_bright.
Action ended 12:05:46: SetUI_Ico_Info_bright. Return value 1.
Action 12:05:46: SetUI_Ico_New_bright. 
Action start 12:05:46: SetUI_Ico_New_bright.
Action ended 12:05:46: SetUI_Ico_New_bright. Return value 1.
Action 12:05:46: SetUI_Ico_Up_bright. 
Action start 12:05:46: SetUI_Ico_Up_bright.
Action ended 12:05:46: SetUI_Ico_Up_bright. Return value 1.
Action 12:05:46: SetWIX_IS_NETFRAMEWORK_45_OR_LATER_INSTALLED. 
Action start 12:05:46: SetWIX_IS_NETFRAMEWORK_45_OR_LATER_INSTALLED.
Action ended 12:05:46: SetWIX_IS_NETFRAMEWORK_45_OR_LATER_INSTALLED. Return value 1.
Action 12:05:46: CA_P_Abort_OSName. 
Action start 12:05:46: CA_P_Abort_OSName.
Action ended 12:05:46: CA_P_Abort_OSName. Return value 1.
Action 12:05:46: setPROP_CMCC.1992E333_D17A_448B_8484_ED047109D182. 
Action start 12:05:46: setPROP_CMCC.1992E333_D17A_448B_8484_ED047109D182.
Action ended 12:05:46: setPROP_CMCC.1992E333_D17A_448B_8484_ED047109D182. Return value 1.
Action 12:05:46: setPROP_MAKESC.1992E333_D17A_448B_8484_ED047109D182. 
Action start 12:05:46: setPROP_MAKESC.1992E333_D17A_448B_8484_ED047109D182.
Action ended 12:05:46: setPROP_MAKESC.1992E333_D17A_448B_8484_ED047109D182. Return value 1.
Action 12:05:46: CA_P_Abort_OSName.1992E333_D17A_448B_8484_ED047109D182. 
Action start 12:05:46: CA_P_Abort_OSName.1992E333_D17A_448B_8484_ED047109D182.
Action ended 12:05:46: CA_P_Abort_OSName.1992E333_D17A_448B_8484_ED047109D182. Return value 1.
Action 12:05:46: CA_OSBelowWinVerX.1992E333_D17A_448B_8484_ED047109D182. 
Action start 12:05:46: CA_OSBelowWinVerX.1992E333_D17A_448B_8484_ED047109D182.
Action ended 12:05:46: CA_OSBelowWinVerX.1992E333_D17A_448B_8484_ED047109D182. Return value 0.
Action ended 12:05:46: INSTALL. Return value 0.
1: CodeMeter Runtime Kit v8.40a 2: {F5234E0C-A06D-4404-8175-DCF5F9CFC337} 3: 0 
Property(S): DiskPrompt = CodeMeter Runtime Kit v8.40a Installation 
Property(S): UpgradeCode = {CA3262B1-A5FA-4AC8-A3F0-72873B23C30C}
Property(S): NETFRAMEWORK40FULL = #1
Property(S): NETFRAMEWORK40CLIENT = #1
Property(S): NETFRAMEWORK45 = #528049
Property(S): WIXNETFX4RELEASEINSTALLED = #528049
Property(S): OS_CURRENTBUILD32 = 7601
Property(S): OS_CURRENTBUILD64 = 7601
Property(S): OS_INSTALLATIONTYPE32 = Client
Property(S): OS_INSTALLATIONTYPE64 = Client
Property(S): CM_REG_ISNETWORKSERVER_32 = #0
Property(S): CM_REG_REMOTEREAD_32 = #0
Property(S): CM_REG_ISNETWORKSERVER_64 = #0
Property(S): CM_REG_REMOTEREAD_64 = #0
Property(S): WixUIRMOption = UseRM
Property(S): ALLUSERS = 1
Property(S): MSIRMSHUTDOWN = 1
Property(S): WIX_IS_NETFRAMEWORK_45_OR_LATER_INSTALLED = 1
Property(S): Bmp_Dialog = DialogBmp_bright
Property(S): Bmp_Banner = BannerBmp_bright
Property(S): UI_Ico_Exclamation = ExclamationIco_bright
Property(S): UI_Ico_Info = InfoIco_bright
Property(S): UI_Ico_New = NewIco_bright
Property(S): UI_Ico_Up = UpIco_bright
Property(S): DlgTitleFont = {&WixUI_Font_Title_Bright}
Property(S): DlgBiggerFont = {&WixUI_Font_Bigger_Bright}
Property(S): DlgTitleDescriptionFont = {&Font_DescriptionRGB_Bright}
Property(S): DlgDefaultFont = {&WixUI_Font_Normal_Bright}
Property(S): DlgEmphasizedFont = {&WixUI_Font_Emphasized_Bright}
Property(S): DefaultUIFont = WixUI_Font_Normal_Bright
Property(S): IS_WIN70 = 1
Property(S): IS_WIN80 = 0
Property(S): IS_WIN81 = 0
Property(S): IS_WIN10 = 0
Property(S): IS_WIN11 = 0
Property(S): IS_WINSERVER2016 = 0
Property(S): IS_WINSERVER2019 = 0
Property(S): IS_WINSERVER2022 = 0
Property(S): CM_OS_NAME = Windows 10
Property(S): SystemFolder = C:\windows\syswow64\
Property(S): System64Folder = C:\windows\system32\
Property(S): ProgramFiles64Folder = C:\Program Files\
Property(S): VersionNT = 601
Property(S): CM_ArchitectureInfo = (Win64 / x64)
Property(S): CM_ApplicationFolderName = CodeMeter Runtime Kit v8.40a
Property(S): WixAppFolder = WixPerMachineFolder
Property(S): ARPCOMMENTS = WIBU-SYSTEMS AG
Property(S): ARPCONTACT = support@wibu.com
Property(S): ARPPRODUCTICON = CodeMeter_ico
Property(S): ARPHELPLINK = www.wibu.com
Property(S): ARPREADME = www.wibu.com
Property(S): ARPURLINFOABOUT = www.wibu.com
Property(S): ARPURLUPDATEINFO = www.wibu.com
Property(S): ARPHELPTELEPHONE = ++49-721-93172-0
Property(S): ARPAUTHORIZEDCDFPREFIX = www.wibu.com
Property(S): ARPSIZE = 3
Property(S): Manufacturer = WIBU-SYSTEMS AG
Property(S): ProductCode = {F5234E0C-A06D-4404-8175-DCF5F9CFC337}
Property(S): ProductLanguage = 1033
Property(S): ProductName = CodeMeter Runtime Kit v8.40a
Property(S): ProductVersion = 8.40.7120.501
Property(S): Bmp_Dialog_bright = DialogBmp_bright
Property(S): Bmp_Banner_bright = BannerBmp_bright
Property(S): UIExclamationIco_bright = ExclamationIco_bright
Property(S): UIInfoIco_bright = InfoIco_bright
Property(S): UINewIco_bright = NewIco_bright
Property(S): UIUpIco_bright = UpIco_bright
Property(S): DlgTitleFont_bright = {&WixUI_Font_Title_Bright}
Property(S): DlgBiggerFont_bright = {&WixUI_Font_Bigger_Bright}
Property(S): DlgTitleDescriptionFont_bright = {&Font_DescriptionRGB_Bright}
Property(S): DlgDefaultFont_bright = {&WixUI_Font_Normal_Bright}
Property(S): DlgEmphasizedFont_bright = {&WixUI_Font_Emphasized_Bright}
Property(S): WarningFont_bright = {&Font_WarningRGB_Bright}
Property(S): DlgTitleFont_dark = {&WixUI_Font_Title_Dark}
Property(S): DlgBiggerFont_dark = {&WixUI_Font_Bigger_Dark}
Property(S): DlgTitleDescriptionFont_dark = {&Font_DescriptionRGB_Dark}
Property(S): DlgDefaultFont_dark = {&WixUI_Font_Normal_Dark}
Property(S): DlgEmphasizedFont_dark = {&WixUI_Font_Emphasized_Dark}
Property(S): WixUI_Mode = FeatureTree
Property(S): ErrorDialog = ErrorDlg
Property(S): CM_HIDE_WEBADMIN = no
Property(S): SecureCustomProperties = CM_HIDE_WEBADMIN;CM_REG_ISNETWORKSERVER_32;CM_REG_ISNETWORKSERVER_64;CM_REG_REMOTEREAD_32;CM_REG_REMOTEREAD_64;MSIRMSHUTDOWN;NETFRAMEWORK10;NETFRAMEWORK11;NETFRAMEWORK20;NETFRAMEWORK30;NETFRAMEWORK35;NETFRAMEWORK40CLIENT;NETFRAMEWORK40FULL;NETFRAMEWORK45;NEWERFOUND;PREVIOUSFOUND;PROP_CM_ISUPDLWR430;PROP_CM_ISUPDLWR500;PROP_CM_ISUPDLWR760;SELFFOUND;WIX_IS_NETFRAMEWORK_45_OR_LATER_INSTALLED;WIXNETFX4RELEASEINSTALLED
Property(S): SystemFolder.A961A077_4BD0_4C98_86BC_EE4A98CE550D = C:\windows\syswow64\
Property(S): ProgramFilesFolder.A961A077_4BD0_4C98_86BC_EE4A98CE550D = C:\Program Files (x86)\
Property(S): PROCARCH_CHK.A961A077_4BD0_4C98_86BC_EE4A98CE550D = AMD64
Property(S): PROP_CHK_ISSDK.A961A077_4BD0_4C98_86BC_EE4A98CE550D = no
Property(S): CM_RTFIRST64.A961A077_4BD0_4C98_86BC_EE4A98CE550D = 8.00.5967.500
Property(S): CM_RTCHECK_430.A961A077_4BD0_4C98_86BC_EE4A98CE550D = 4.30.0.0
Property(S): CM_RUNTIMETOINSTALL.A961A077_4BD0_4C98_86BC_EE4A98CE550D = 8.40.7120.501
Property(S): System64Folder.1992E333_D17A_448B_8484_ED047109D182 = C:\windows\system32\
Property(S): ProgramMenuFolder.1992E333_D17A_448B_8484_ED047109D182 = C:\users\asdf\AppData\Roaming\Microsoft\Windows\Start Menu\Programs\
Property(S): CommonFiles64Folder.1992E333_D17A_448B_8484_ED047109D182 = C:\Program Files\Common Files\
Property(S): StartupFolder.1992E333_D17A_448B_8484_ED047109D182 = C:\users\asdf\AppData\Roaming\Microsoft\Windows\Start Menu\Programs\StartUp\
Property(S): CommonAppDataFolder.1992E333_D17A_448B_8484_ED047109D182 = C:\ProgramData\
Property(S): ProgramFiles64Folder.1992E333_D17A_448B_8484_ED047109D182 = C:\Program Files\
Property(S): ProgramFilesFolder.1992E333_D17A_448B_8484_ED047109D182 = C:\Program Files (x86)\
Property(S): ProgramFiles64Folder_WA.1992E333_D17A_448B_8484_ED047109D182 = C:\Program Files\
Property(S): CommonFiles64Folder_CmReady.1992E333_D17A_448B_8484_ED047109D182 = C:\Program Files\Common Files\
Property(S): PROCARCH_CHK.1992E333_D17A_448B_8484_ED047109D182 = AMD64
Property(S): PFFOLDER_32.1992E333_D17A_448B_8484_ED047109D182 = C:\Program Files (x86)
Property(S): CAPPDFOLDER_32.1992E333_D17A_448B_8484_ED047109D182 = C:\ProgramData
Property(S): CM_REG_STARTALWAYS.1992E333_D17A_448B_8484_ED047109D182 = #1
Property(S): CM_REG_USEUMSDA.1992E333_D17A_448B_8484_ED047109D182 = #1
Property(S): CM_REG_HTTPP_REMOTEWRITE.1992E333_D17A_448B_8484_ED047109D182 = #0
Property(S): PFFOLDER_64.1992E333_D17A_448B_8484_ED047109D182 = C:\Program Files
Property(S): CAPPDFOLDER_64.1992E333_D17A_448B_8484_ED047109D182 = C:\ProgramData
Property(S): CM_REG_STARTALWAYS_64.1992E333_D17A_448B_8484_ED047109D182 = #1
Property(S): CM_REG_USEUMSDA_64.1992E333_D17A_448B_8484_ED047109D182 = #1
Property(S): CM_REG_HTTPP_REMOTEWRITE_64.1992E333_D17A_448B_8484_ED047109D182 = #0
Property(S): OS_CURRENTBUILD32.1992E333_D17A_448B_8484_ED047109D182 = 7601
Property(S): OS_CURRENTBUILD64.1992E333_D17A_448B_8484_ED047109D182 = 7601
Property(S): OS_INSTALLATIONTYPE32.1992E333_D17A_448B_8484_ED047109D182 = Client
Property(S): OS_INSTALLATIONTYPE64.1992E333_D17A_448B_8484_ED047109D182 = Client
Property(S): PROP_CHK_ISSDK.1992E333_D17A_448B_8484_ED047109D182 = no
Property(S): CM_SERVICENAME.1992E333_D17A_448B_8484_ED047109D182 = MpsSvc
Property(S): CM_SERVICERUNNING.1992E333_D17A_448B_8484_ED047109D182 = 0
Property(S): CM_PATHVAR.1992E333_D17A_448B_8484_ED047109D182 = set Path=%Path%;&&
Property(S): CM_RUNCMCC.1992E333_D17A_448B_8484_ED047109D182 = yes
Property(S): CM_IS_NEW_STDLOGS.1992E333_D17A_448B_8484_ED047109D182 = yes
Property(S): CM_IS_NEW_STDBACKUP.1992E333_D17A_448B_8484_ED047109D182 = yes
Property(S): CM_RETURNCODE.1992E333_D17A_448B_8484_ED047109D182 = 0
Property(S): IS_WIN70.1992E333_D17A_448B_8484_ED047109D182 = 1
Property(S): IS_WIN80.1992E333_D17A_448B_8484_ED047109D182 = 0
Property(S): IS_WIN81.1992E333_D17A_448B_8484_ED047109D182 = 0
Property(S): IS_WIN10.1992E333_D17A_448B_8484_ED047109D182 = 0
Property(S): IS_WIN11.1992E333_D17A_448B_8484_ED047109D182 = 0
Property(S): IS_WINSERVER2016.1992E333_D17A_448B_8484_ED047109D182 = 0
Property(S): IS_WINSERVER2019.1992E333_D17A_448B_8484_ED047109D182 = 0
Property(S): IS_WINSERVER2022.1992E333_D17A_448B_8484_ED047109D182 = 0
Property(S): CM_RTFIRST64.1992E333_D17A_448B_8484_ED047109D182 = 8.00.5967.500
Property(S): CM_RTCHECK_430.1992E333_D17A_448B_8484_ED047109D182 = 4.30.0.0
Property(S): CM_RUNTIMETOINSTALL.1992E333_D17A_448B_8484_ED047109D182 = 8.40.7120.501
Property(S): CM_SHORTCUTPATH.1992E333_D17A_448B_8484_ED047109D182 = http:\\localhost:22350
Property(S): CM_SHORTCUTPATH1.1992E333_D17A_448B_8484_ED047109D182 = index.html
Property(S): CM_DEF_LOGPATH.1992E333_D17A_448B_8484_ED047109D182 = C:\ProgramData\CodeMeter\Logs
Property(S): CM_REG_TIMESERVERURL1.1992E333_D17A_448B_8484_ED047109D182 = cmtime.codemeter.com
Property(S): CM_REG_TIMESERVERURL2.1992E333_D17A_448B_8484_ED047109D182 = cmtime.codemeter.us
Property(S): CM_REG_TIMESERVERURL3.1992E333_D17A_448B_8484_ED047109D182 = cmtime.codemeter.de
Property(S): CM_DEF_LOGPATH_64.1992E333_D17A_448B_8484_ED047109D182 = C:\ProgramData\CodeMeter\Logs
Property(S): CM_REG_TIMESERVERURL1_64.1992E333_D17A_448B_8484_ED047109D182 = cmtime.codemeter.com
Property(S): CM_REG_TIMESERVERURL2_64.1992E333_D17A_448B_8484_ED047109D182 = cmtime.codemeter.us
Property(S): CM_REG_TIMESERVERURL3_64.1992E333_D17A_448B_8484_ED047109D182 = cmtime.codemeter.de
Property(S): MsiHiddenProperties = ExecSecureObjects_64;ExecSecureObjectsRollback_64
Property(S): CM_PFFOLDER.1992E333_D17A_448B_8484_ED047109D182 = C:\Program Files (x86)\
Property(S): CM_CAPPDFOLDER.1992E333_D17A_448B_8484_ED047109D182 = C:\ProgramData\
Property(S): CM_OS_NAME.1992E333_D17A_448B_8484_ED047109D182 = Windows 10
Property(S): ProgramFiles64Folder.573670D2_95A5_4F72_BD6A_63FA56A6342E = C:\Program Files\
Property(S): CM_RUNTIMETOINSTALL.573670D2_95A5_4F72_BD6A_63FA56A6342E = 8.40.7120.501
Property(S): NETFRAMEWORK40FULL.B396C8F9_0D03_4905_8867_D3D7030330FB = #1
Property(S): NETFRAMEWORK40CLIENT.B396C8F9_0D03_4905_8867_D3D7030330FB = #1
Property(S): NETFRAMEWORK45.B396C8F9_0D03_4905_8867_D3D7030330FB = #528049
Property(S): IS_NETFRAMEWORK_40_OR_LATER_INSTALLED.B396C8F9_0D03_4905_8867_D3D7030330FB = 1
Property(S): PROP_CHK_DOTNET.B396C8F9_0D03_4905_8867_D3D7030330FB = yes
Property(S): IS_NETFRAMEWORK_472_OR_LATER_INSTALLED.B396C8F9_0D03_4905_8867_D3D7030330FB = 1
Property(S): CM_RUNTIMETOINSTALL.B396C8F9_0D03_4905_8867_D3D7030330FB = 8.40.7120.501
Property(S): ProgramFiles64Folder.5FFE20C8_2BC6_4EE0_90AA_D6E92F2099AD = C:\Program Files\
Property(S): ProgramMenuFolder.5FFE20C8_2BC6_4EE0_90AA_D6E92F2099AD = C:\users\asdf\AppData\Roaming\Microsoft\Windows\Start Menu\Programs\
Property(S): CM_RUNTIMETOINSTALL.5FFE20C8_2BC6_4EE0_90AA_D6E92F2099AD = 8.40.7120.501
Property(S): AdminUser = 1
Property(S): Privileged = 1
Property(S): MsiRunningElevated = 1
Property(S): MsiTrueAdminUser = 1
Property(S): CommonAppDataFolder = C:\ProgramData\
Property(S): FavoritesFolder = C:\users\asdf\Favorites\
Property(S): FontsFolder = C:\windows\Fonts\
Property(S): SendToFolder = C:\users\asdf\AppData\Roaming\Microsoft\Windows\SendTo\
Property(S): StartMenuFolder = C:\users\asdf\AppData\Roaming\Microsoft\Windows\Start Menu\
Property(S): StartupFolder = C:\users\asdf\AppData\Roaming\Microsoft\Windows\Start Menu\Programs\StartUp\
Property(S): TemplateFolder = C:\users\asdf\AppData\Roaming\Microsoft\Windows\Templates\
Property(S): DesktopFolder = C:\users\asdf\Desktop\
Property(S): ProgramMenuFolder = C:\users\asdf\AppData\Roaming\Microsoft\Windows\Start Menu\Programs\
Property(S): AdminToolsFolder = C:\users\asdf\AppData\Roaming\Microsoft\Windows\Start Menu\Programs\Administrative Tools\
Property(S): AppDataFolder = C:\users\asdf\AppData\Roaming\
Property(S): System16Folder = C:\windows\system32\
Property(S): LocalAppDataFolder = C:\users\asdf\AppData\Local\
Property(S): MyPicturesFolder = C:\users\asdf\Pictures\
Property(S): PersonalFolder = C:\users\asdf\Documents\
Property(S): WindowsFolder = C:\windows\
Property(S): PrintHoodFolder = C:\users\asdf\AppData\Roaming\Microsoft\Windows\Printer Shortcuts\
Property(S): NetHoodFolder = C:\users\asdf\AppData\Roaming\Microsoft\Windows\Network Shortcuts\
Property(S): RecentFolder = C:\users\asdf\AppData\Roaming\Microsoft\Windows\Recent\
Property(S): PhysicalMemory = 31043
Property(S): WindowsVolume = C:\
Property(S): TempFolder = C:\users\asdf\AppData\Local\Temp\
Property(S): MsiNTProductType = 1
Property(S): WindowsBuild = 7601
Property(S): ServicePackLevel = 1
Property(S): VersionMsi = 5.0
Property(S): VersionDatabase = 500
Property(S): Intel = 6
Property(S): MsiAMD64 = 6
Property(S): Msix64 = 6
Property(S): VersionNT64 = 601
Property(S): ProgramFilesFolder = C:\Program Files (x86)\
Property(S): CommonFiles64Folder = C:\Program Files\Common Files\
Property(S): CommonFilesFolder = C:\Program Files (x86)\Common Files\
Property(S): ScreenX = 1600
Property(S): ScreenY = 1000
Property(S): ColorBits = 32
Property(S): UserSID = S-1-5-21-0-0-0-1000
Property(S): MsiNetAssemblySupport = 4.6.1590.0
Property(S): UserLanguageID = 1033
Property(S): SystemLanguageID = 1033
Property(S): ProductState = -1
Property(S): LogonUser = asdf
Property(S): ComputerName = ASDF-THINKPAD-E
Property(S): UILevel = 2
Property(S): PackageCode = {C45F1EC4-F4C6-4748-AD34-1D75C057DE84}
Property(S): DATABASE = C:\windows\Installer\b71.msi
Property(S): OriginalDatabase = Z:\run\media\asdf\Windows\mastercam-media\SetupPrerequisites\CodeMeterRuntime64.msi
Property(S): SOURCEDIR = Z:\run\media\asdf\Windows\mastercam-media\SetupPrerequisites\
Property(S): ALLOW_BELOW = 1
Property(S): ACTION = INSTALL
Property(S): EXECUTEACTION = INSTALL
1: 2 2: 0 
1: 2 2: 1 
Action ended 12:05:46: INSTALL. Return value 0.
