
== font source: /home/asdf/projects/resolume-wine/state/tmp/fonts

== installing into /home/asdf/projects/mastercam-wine/state/exp/mcinstall/prefix/drive_c/windows/Fonts
  copied 20 font files
arial.ttf
arialbd.ttf
arialbi.ttf
ariali.ttf
calibri.ttf
comic.ttf
consola.ttf
cour.ttf
georgia.ttf
impact.ttf
micross.ttf
segoeui.ttf
segoeuib.ttf
times.ttf
timesbd.ttf
trebuc.ttf
verdana.ttf
verdanab.ttf
verdanai.ttf
verdanaz.ttf

== verifying with fontprobe
  CreateFont("Arial") -> GetTextFace "Arial"
  CreateFont("Verdana") -> GetTextFace "Verdana"
  FOUND family "Arial" charset=0 type=4
  FOUND family "Arial" charset=161 type=4
  FOUND family "Arial" charset=162 type=4
  FOUND family "Arial" charset=163 type=4
  FOUND family "Arial" charset=177 type=4
  FOUND family "Arial" charset=178 type=4
  FOUND family "Arial" charset=186 type=4
  FOUND family "Arial" charset=204 type=4
  FOUND family "Arial" charset=238 type=4
  FOUND family "Verdana" charset=0 type=4

== done
