=== 1. wait for our build (11:54:28) ===
wine: wine-11.18
2026-10-03 11:50:13.408715953 -0500 /home/asdf/projects/mastercam-wine/wine-install/bin/wine
2026-10-03 11:50:10.967676425 -0500 /home/asdf/projects/mastercam-wine/wine-install/lib/wine/x86_64-windows/msi.dll
2026-10-03 11:27:51.245981840 -0500 /home/asdf/projects/mastercam-wine/wine/wine-11.18/dlls/msi/classes.c
d37f1dae42fdbce20953ba1ccd48aa83  /home/asdf/projects/mastercam-wine/wine-install/lib/wine/x86_64-windows/msi.dll
30c2f4e8dc85627d0b31d48d79640d60  /home/asdf/projects/mastercam-wine/wine-install/lib/wine/i386-windows/msi.dll
=== 2. fresh prefix (/run/media/asdf/Windows/mc-scratch/pfx2) (11:54:28) ===
-- baseline PS keys --
    (Default)    REG_SZ    C:\windows\system32\oleaut32.dll
    (Default)    REG_SZ    C:\windows\system32\oleaut32.dll
=== 3. registry monitor ===
11:55:00 [(Default)    REG_SZ    C:\windows\system32\oleaut32.dll]
=== 4. install with OUR wine (11:55:03) ===

real	1m55.385s
user	0m0.060s
sys	0m0.114s
MSIEXEC_EXIT=0
=== 5. post-checks ===
-- monitor (uniq) --
11:55:00 [(Default)    REG_SZ    C:\windows\system32\oleaut32.dll]
-- PS key now --
    (Default)    REG_SZ    C:\windows\system32\oleaut32.dll
-- install dir --
total 724312
drwxrwxr-x+ 1 asdf asdf     36864 Oct  3 11:56 .
drwxrwxr-x+ 1 asdf asdf      4096 Oct  3 11:55 ..
-rw-rw-r--+ 1 asdf asdf  12296024 Jun  6 02:06 BCGCBPRO3220u143.dll
-rw-rw-r--+ 1 asdf asdf    273056 Jun  5 23:48 BCGPStyle2007Aqua3220.dll
-rw-rw-r--+ 1 asdf asdf    293536 Jun  5 23:51 BCGPStyle2007Luna3220.dll
-rw-rw-r--+ 1 asdf asdf    305824 Jun  5 23:50 BCGPStyle2007Obsidian3220.dll
-rw-rw-r--+ 1 asdf asdf    305824 Jun  5 23:53 BCGPStyle2007Silver3220.dll
-rw-rw-r--+ 1 asdf asdf    252576 Jun  5 23:52 BCGPStyle2010Black3220.dll
-rw-rw-r--+ 1 asdf asdf    301728 Jun  5 23:49 BCGPStyle2010Blue3220.dll
-rw-rw-r--+ 1 asdf asdf    297632 Jun  5 23:53 BCGPStyle2010White3220.dll
-rw-rw-r--+ 1 asdf asdf     51872 Jun  5 23:46 BCGPStyleCarbon3220.dll
-rw-rw-r--+ 1 asdf asdf    129696 Jun  5 23:48 BCGPStyleScenic3220.dll
-rw-rw-r--+ 1 asdf asdf   1423704 Jun  6 01:59 Backplot.dll
-rw-rw-r--+ 1 asdf asdf   1766744 Jun  6 01:59 BackplotBNCI.dll
-rw-rw-r--+ 1 asdf asdf    395608 Jun  6 01:59 CHookAPI.dll
-rw-rw-r--+ 1 asdf asdf   4000199 Jun  5 23:49 CHookAPI.xml
-rw-rw-r--+ 1 asdf asdf    184152 Jun  6 02:00 CfpCommandTracker.Interop.dll
-rw-rw-r--+ 1 asdf asdf     77656 Jun  6 02:00 Cnc.Math.GridCompute.Client.Windows.dll
-rwxrwxr-x+ 1 asdf asdf    106840 Jun  6 02:00 Cnc.Math.GridCompute.Server.Windows.exe
-rw-rw-r--+ 1 asdf asdf     96600 Jun  6 02:00 Cnc.Math.GridCompute.Windows.dll
-rw-rw-r--+ 1 asdf asdf    270680 Jun  6 02:00 Cnc.Math.Linear.Windows.dll
-rw-rw-r--+ 1 asdf asdf   1504600 Jun  6 02:00 Cnc.Math.Measure.Windows.dll
-rw-rw-r--+ 1 asdf asdf   3519320 Jun  6 02:00 Cnc.Math.Partition.Windows.dll
-rw-rw-r--+ 1 asdf asdf   1111384 Jun  6 02:00 Cnc.Math.Windows.dll
files: 1215
2.5G	/run/media/asdf/Windows/mc-scratch/pfx2/drive_c/Program Files/Mastercam 2027
ls: cannot access '/run/media/asdf/Windows/mc-scratch/pfx2/drive_c/Program Files/Mastercam 2027/Mastercam.dll': No such file or directory
-rwxrwxr-x+ 1 asdf asdf   226136 Jun  6 01:58 /run/media/asdf/Windows/mc-scratch/pfx2/drive_c/Program Files/Mastercam 2027/Mastercam.exe
-rwxrwxr-x+ 1 asdf asdf 11815768 Jun  6 02:02 /run/media/asdf/Windows/mc-scratch/pfx2/drive_c/Program Files/Mastercam 2027/MastercamLauncher.exe
-- MSI log: decisive --
2638:Action ended 11:55:38: UnregisterClassInfo. Return value 1.
2701:Action ended 11:55:38: RegisterClassInfo. Return value 1.
2743:Action ended 11:55:38: ISLockPermissionsInstall. Return value 1.
3938:Action ended 11:55:39: UnregisterClassInfo. Return value 1.
11627:Action ended 11:56:38: RegisterClassInfo. Return value 1.
12440:Action ended 11:56:48: ISLockPermissionsInstall. Return value 1.
12726:Action ended 11:56:53: InstallFinalize. Return value 1.
12783:Action ended 11:56:59: INSTALL. Return value 1.
13821:Action ended 11:56:59: INSTALL. Return value 1.
-- MSI log tail --
Property(S): OutOfNoRbDiskSpace = 0
Property(S): CustomActionData = C:\Program Files\Mastercam 2027\;C:\Program Files\Common Files\;C:\windows\;/s;_MAIN
1: 2 2: 0 
1: 2 2: 1 
Action ended 11:56:59: INSTALL. Return value 1.
-- stderr err:msi / err:ole --
463:224052.669:0264:err:msi:iterate_load_verb Verb unable to find loaded extension L"mcam-emcx"
464:224052.669:0264:err:msi:iterate_load_verb Verb unable to find loaded extension L"mcam-mcx"
=== 6. regression probes in new prefix ===
test exe: 32-bit
CoInitialize                             -> 0x00000000
CoGetPSClsid(IID_IDispatch)              -> 0x00000000 clsid=00020420-0000-...
CoGetClassObject(PS, INPROC|PS_DLL)      -> 0x00000000
LoadLibraryEx(syswow64\oleaut32, ALT)          -> 799b0000 err=0
LoadLibraryEx(system32\oleaut32, ALT)          -> 799b0000 err=0
test exe: 64-bit
CoInitialize                             -> 0x00000000
CoGetPSClsid(IID_IDispatch)              -> 0x00000000 clsid=00020420-0000-...
CoGetClassObject(PS, INPROC|PS_DLL)      -> 0x00000000
LoadLibraryEx(syswow64\oleaut32, ALT)          -> 0000000000000000 err=193
LoadLibraryEx(system32\oleaut32, ALT)          -> 00006ffffb450000 err=0
=== 7. launch attempt (11:57:00) ===
logs/exp/mcinstall/rerun_ourwine.sh: line 98: 2613489 Killed                     tools/run_mastercam.sh mcfix --secs 90 --iv 15 --prefix "$P" --wine "$W" --debug '+timestamp,+err,+warn' --exe MastercamLauncher.exe
-- run dir --
total 12
drwxrwxr-x 2 asdf asdf 4096 Oct  3 11:57 .
drwxrwxr-x 3 asdf asdf 4096 Oct  3 11:57 ..
-rw-rw-r-- 1 asdf asdf  154 Oct  3 11:57 out.txt
-- app stderr head --
=== DONE (11:57:00) ===
