222076.919:0120:fixme:file:NtLockFile I/O completion on lock not implemented yet
222078.889:0120:fixme:ntdll:NtQuerySystemInformation info_class SYSTEM_PERFORMANCE_INFORMATION
222079.899:0134:fixme:cryptasn:CryptDecodeObjectEx Unsupported decoder for lpszStructType 1.3.6.1.4.1.311.2.1.4
222079.900:0134:fixme:cryptasn:CryptDecodeObjectEx Unsupported decoder for lpszStructType 1.3.6.1.4.1.311.2.1.4
222080.398:0148:err:ole:std_release_marshal_data could not map object ID to stub manager, oxid=14400000148, oid=2
222080.398:0148:err:ole:CoReleaseMarshalData StdMarshal ReleaseMarshalData failed with error 0x8001011d
222080.399:0148:fixme:kernelbase:AppPolicyGetProcessTerminationMethod FFFFFFFFFFFFFFFA, 00007FFFFE13FE80
222080.400:0134:fixme:cryptasn:CryptDecodeObjectEx Unsupported decoder for lpszStructType 1.3.6.1.4.1.311.2.1.4
222080.400:0134:fixme:cryptasn:CryptDecodeObjectEx Unsupported decoder for lpszStructType 1.3.6.1.4.1.311.2.1.4
222080.823:0170:err:ole:std_release_marshal_data could not map object ID to stub manager, oxid=16c00000170, oid=2
222080.823:0170:err:ole:CoReleaseMarshalData StdMarshal ReleaseMarshalData failed with error 0x8001011d
222080.823:0170:fixme:kernelbase:AppPolicyGetProcessTerminationMethod FFFFFFFFFFFFFFFA, 00007FFFFE13FE80
222080.825:0134:fixme:cryptasn:CryptDecodeObjectEx Unsupported decoder for lpszStructType 1.3.6.1.4.1.311.2.1.4
222080.825:0134:fixme:cryptasn:CryptDecodeObjectEx Unsupported decoder for lpszStructType 1.3.6.1.4.1.311.2.1.4
222081.066:0190:err:ole:std_release_marshal_data could not map object ID to stub manager, oxid=18c00000190, oid=2
222081.067:0190:err:ole:CoReleaseMarshalData StdMarshal ReleaseMarshalData failed with error 0x8001011d
222081.067:0190:fixme:kernelbase:AppPolicyGetProcessTerminationMethod FFFFFFFFFFFFFFFA, 00007FFFFE13FE80
222081.068:0134:fixme:cryptasn:CryptDecodeObjectEx Unsupported decoder for lpszStructType 1.3.6.1.4.1.311.2.1.4
222081.068:0134:fixme:cryptasn:CryptDecodeObjectEx Unsupported decoder for lpszStructType 1.3.6.1.4.1.311.2.1.4
222081.369:01b0:err:ole:std_release_marshal_data could not map object ID to stub manager, oxid=1ac000001b0, oid=2
222081.370:01b0:err:ole:CoReleaseMarshalData StdMarshal ReleaseMarshalData failed with error 0x8001011d
222081.370:01b0:fixme:kernelbase:AppPolicyGetProcessTerminationMethod FFFFFFFFFFFFFFFA, 00007FFFFE13FE80
222081.374:0134:fixme:cryptasn:CryptDecodeObjectEx Unsupported decoder for lpszStructType 1.3.6.1.4.1.311.2.1.4
222081.375:0134:fixme:cryptasn:CryptDecodeObjectEx Unsupported decoder for lpszStructType 1.3.6.1.4.1.311.2.1.4
222081.737:01d0:err:ole:std_release_marshal_data could not map object ID to stub manager, oxid=1cc000001d0, oid=2
222081.737:01d0:err:ole:CoReleaseMarshalData StdMarshal ReleaseMarshalData failed with error 0x8001011d
222081.740:01d0:fixme:kernelbase:AppPolicyGetProcessTerminationMethod FFFFFFFFFFFFFFFA, 00007FFFFE13FE80
222081.758:01ec:fixme:ver:GetCurrentPackageId (0227FF00 00000000): stub
222381.758:0134:err:ole:get_unmarshaler_from_stream Failed to read common OBJREF header, 0
222381.766:0134:err:msi:__wine_msi_call_dll_function Custom action (L"C:\\users\\asdf\\AppData\\Local\\Temp\\msiA843.tmp":"f12") caused an exception: 0xc0000005
222381.767:01ec:err:ole:get_unmarshaler_from_stream Failed to read common OBJREF header, 0
222381.768:01ec:err:ole:com_get_class_object no class object {00020420-0000-0000-c000-000000000046} could be created for context 0x1
222381.768:01ec:err:ole:marshal_object Failed to create an IRpcStubBuffer from IPSFactory for {9428a859-6da5-4b68-b599-3751b6c6b281} with error 0x8003001e
222381.768:01ec:err:ole:StdMarshalImpl_MarshalInterface Failed to create ifstub, hr 0x8003001e
222381.768:01ec:err:ole:CoMarshalInterface Failed to marshal the interface {9428a859-6da5-4b68-b599-3751b6c6b281}, hr 0x8003001e
222381.768:0120:err:msi:ITERATE_Actions Execution halted, action L"SetDateTimeFormat" returned 1603
222381.772:0120:err:msi:free_package_structures failed to delete L"C:\\users\\asdf\\AppData\\Local\\Temp\\msiA843.tmp" (32)
