224017.905:0264:fixme:file:NtLockFile I/O completion on lock not implemented yet
224020.415:0264:fixme:ntdll:NtQuerySystemInformation info_class SYSTEM_PERFORMANCE_INFORMATION
224021.164:02a4:fixme:cryptasn:CryptDecodeObjectEx Unsupported decoder for lpszStructType 1.3.6.1.4.1.311.2.1.4
224021.165:02a4:fixme:cryptasn:CryptDecodeObjectEx Unsupported decoder for lpszStructType 1.3.6.1.4.1.311.2.1.4
224021.451:02a4:fixme:crypt:I_CertUpdateStore semi-stub
224021.678:02b8:err:ole:std_release_marshal_data could not map object ID to stub manager, oxid=2b4000002b8, oid=2
224021.678:02b8:err:ole:CoReleaseMarshalData StdMarshal ReleaseMarshalData failed with error 0x8001011d
224021.679:02b8:fixme:kernelbase:AppPolicyGetProcessTerminationMethod FFFFFFFFFFFFFFFA, 00007FFFFE13FE80
224021.679:02a4:fixme:cryptasn:CryptDecodeObjectEx Unsupported decoder for lpszStructType 1.3.6.1.4.1.311.2.1.4
224021.679:02a4:fixme:cryptasn:CryptDecodeObjectEx Unsupported decoder for lpszStructType 1.3.6.1.4.1.311.2.1.4
224021.961:02e0:err:ole:std_release_marshal_data could not map object ID to stub manager, oxid=2dc000002e0, oid=2
224021.961:02e0:err:ole:CoReleaseMarshalData StdMarshal ReleaseMarshalData failed with error 0x8001011d
224021.962:02e0:fixme:kernelbase:AppPolicyGetProcessTerminationMethod FFFFFFFFFFFFFFFA, 00007FFFFE13FE80
224021.964:02a4:fixme:cryptasn:CryptDecodeObjectEx Unsupported decoder for lpszStructType 1.3.6.1.4.1.311.2.1.4
224021.965:02a4:fixme:cryptasn:CryptDecodeObjectEx Unsupported decoder for lpszStructType 1.3.6.1.4.1.311.2.1.4
224022.225:0300:err:ole:std_release_marshal_data could not map object ID to stub manager, oxid=2fc00000300, oid=2
224022.226:0300:err:ole:CoReleaseMarshalData StdMarshal ReleaseMarshalData failed with error 0x8001011d
224022.226:0300:fixme:kernelbase:AppPolicyGetProcessTerminationMethod FFFFFFFFFFFFFFFA, 00007FFFFE13FE80
224022.227:02a4:fixme:cryptasn:CryptDecodeObjectEx Unsupported decoder for lpszStructType 1.3.6.1.4.1.311.2.1.4
224022.227:02a4:fixme:cryptasn:CryptDecodeObjectEx Unsupported decoder for lpszStructType 1.3.6.1.4.1.311.2.1.4
224022.410:0320:err:ole:std_release_marshal_data could not map object ID to stub manager, oxid=31c00000320, oid=2
224022.411:0320:err:ole:CoReleaseMarshalData StdMarshal ReleaseMarshalData failed with error 0x8001011d
224022.411:0320:fixme:kernelbase:AppPolicyGetProcessTerminationMethod FFFFFFFFFFFFFFFA, 00007FFFFE13FE80
224022.411:02a4:fixme:cryptasn:CryptDecodeObjectEx Unsupported decoder for lpszStructType 1.3.6.1.4.1.311.2.1.4
224022.411:02a4:fixme:cryptasn:CryptDecodeObjectEx Unsupported decoder for lpszStructType 1.3.6.1.4.1.311.2.1.4
224022.624:0340:err:ole:std_release_marshal_data could not map object ID to stub manager, oxid=33c00000340, oid=2
224022.624:0340:err:ole:CoReleaseMarshalData StdMarshal ReleaseMarshalData failed with error 0x8001011d
224022.624:0340:fixme:kernelbase:AppPolicyGetProcessTerminationMethod FFFFFFFFFFFFFFFA, 00007FFFFE13FE80
224022.632:035c:fixme:ver:GetCurrentPackageId (0227FF00 00000000): stub
224022.655:02a4:fixme:cryptasn:CryptDecodeObjectEx Unsupported decoder for lpszStructType 1.3.6.1.4.1.311.2.1.4
224022.655:02a4:fixme:cryptasn:CryptDecodeObjectEx Unsupported decoder for lpszStructType 1.3.6.1.4.1.311.2.1.4
224022.865:02a4:fixme:cryptasn:CryptDecodeObjectEx Unsupported decoder for lpszStructType 1.3.6.1.4.1.311.2.1.4
224022.865:02a4:fixme:cryptasn:CryptDecodeObjectEx Unsupported decoder for lpszStructType 1.3.6.1.4.1.311.2.1.4
224023.167:0380:err:ole:std_release_marshal_data could not map object ID to stub manager, oxid=37c00000380, oid=2
224023.167:0380:err:ole:CoReleaseMarshalData StdMarshal ReleaseMarshalData failed with error 0x8001011d
224023.167:0380:fixme:kernelbase:AppPolicyGetProcessTerminationMethod FFFFFFFFFFFFFFFA, 00007FFFFE13FE80
224023.168:02a4:fixme:cryptasn:CryptDecodeObjectEx Unsupported decoder for lpszStructType 1.3.6.1.4.1.311.2.1.4
224023.168:02a4:fixme:cryptasn:CryptDecodeObjectEx Unsupported decoder for lpszStructType 1.3.6.1.4.1.311.2.1.4
224023.359:03a0:err:ole:std_release_marshal_data could not map object ID to stub manager, oxid=39c000003a0, oid=2
224023.361:03a0:err:ole:CoReleaseMarshalData StdMarshal ReleaseMarshalData failed with error 0x8001011d
224023.362:03a0:fixme:kernelbase:AppPolicyGetProcessTerminationMethod FFFFFFFFFFFFFFFA, 00007FFFFE13FE80
224023.364:02a4:fixme:cryptasn:CryptDecodeObjectEx Unsupported decoder for lpszStructType 1.3.6.1.4.1.311.2.1.4
224023.364:02a4:fixme:cryptasn:CryptDecodeObjectEx Unsupported decoder for lpszStructType 1.3.6.1.4.1.311.2.1.4
224023.644:03c0:err:ole:std_release_marshal_data could not map object ID to stub manager, oxid=3bc000003c0, oid=2
224023.644:03c0:err:ole:CoReleaseMarshalData StdMarshal ReleaseMarshalData failed with error 0x8001011d
224023.645:03c0:fixme:kernelbase:AppPolicyGetProcessTerminationMethod FFFFFFFFFFFFFFFA, 00007FFFFE13FE80
224023.666:02a4:fixme:cryptasn:CryptDecodeObjectEx Unsupported decoder for lpszStructType 1.3.6.1.4.1.311.2.1.4
224023.666:02a4:fixme:cryptasn:CryptDecodeObjectEx Unsupported decoder for lpszStructType 1.3.6.1.4.1.311.2.1.4
224023.945:03e0:err:ole:std_release_marshal_data could not map object ID to stub manager, oxid=3dc000003e0, oid=2
224023.946:03e0:err:ole:CoReleaseMarshalData StdMarshal ReleaseMarshalData failed with error 0x8001011d
224023.946:03e0:fixme:kernelbase:AppPolicyGetProcessTerminationMethod FFFFFFFFFFFFFFFA, 00007FFFFE13FE80
224024.092:0364:err:ole:std_release_marshal_data could not map object ID to stub manager, oxid=36000000364, oid=2
224024.092:0364:err:ole:CoReleaseMarshalData StdMarshal ReleaseMarshalData failed with error 0x8001011d
224024.093:0364:fixme:kernelbase:AppPolicyGetProcessTerminationMethod FFFFFFFFFFFFFFFA, 00007FFFFE13FE80
224024.252:0404:fixme:cryptasn:CryptDecodeObjectEx Unsupported decoder for lpszStructType 1.3.6.1.4.1.311.2.1.4
224024.252:0404:fixme:cryptasn:CryptDecodeObjectEx Unsupported decoder for lpszStructType 1.3.6.1.4.1.311.2.1.4
224024.489:040c:err:ole:std_release_marshal_data could not map object ID to stub manager, oxid=4080000040c, oid=2
224024.489:040c:err:ole:CoReleaseMarshalData StdMarshal ReleaseMarshalData failed with error 0x8001011d
224024.490:040c:fixme:kernelbase:AppPolicyGetProcessTerminationMethod FFFFFFFFFFFFFFFA, 00007FFFFE13FE80
224024.495:0404:fixme:cryptasn:CryptDecodeObjectEx Unsupported decoder for lpszStructType 1.3.6.1.4.1.311.2.1.4
224024.496:0404:fixme:cryptasn:CryptDecodeObjectEx Unsupported decoder for lpszStructType 1.3.6.1.4.1.311.2.1.4
224024.713:042c:err:ole:std_release_marshal_data could not map object ID to stub manager, oxid=4280000042c, oid=2
224024.714:042c:err:ole:CoReleaseMarshalData StdMarshal ReleaseMarshalData failed with error 0x8001011d
224024.714:0404:fixme:cryptasn:CryptDecodeObjectEx Unsupported decoder for lpszStructType 1.3.6.1.4.1.311.2.1.4
224024.714:0404:fixme:cryptasn:CryptDecodeObjectEx Unsupported decoder for lpszStructType 1.3.6.1.4.1.311.2.1.4
224024.714:042c:fixme:kernelbase:AppPolicyGetProcessTerminationMethod FFFFFFFFFFFFFFFA, 00007FFFFE13FE80
224024.929:044c:err:ole:std_release_marshal_data could not map object ID to stub manager, oxid=4480000044c, oid=2
224024.929:044c:err:ole:CoReleaseMarshalData StdMarshal ReleaseMarshalData failed with error 0x8001011d
224024.930:044c:fixme:kernelbase:AppPolicyGetProcessTerminationMethod FFFFFFFFFFFFFFFA, 00007FFFFE13FE80
224024.935:0404:fixme:cryptasn:CryptDecodeObjectEx Unsupported decoder for lpszStructType 1.3.6.1.4.1.311.2.1.4
224024.936:0404:fixme:cryptasn:CryptDecodeObjectEx Unsupported decoder for lpszStructType 1.3.6.1.4.1.311.2.1.4
224025.153:046c:err:ole:std_release_marshal_data could not map object ID to stub manager, oxid=4680000046c, oid=2
224025.153:046c:err:ole:CoReleaseMarshalData StdMarshal ReleaseMarshalData failed with error 0x8001011d
224025.154:046c:fixme:kernelbase:AppPolicyGetProcessTerminationMethod FFFFFFFFFFFFFFFA, 00007FFFFE13FE80
224025.160:0404:fixme:cryptasn:CryptDecodeObjectEx Unsupported decoder for lpszStructType 1.3.6.1.4.1.311.2.1.4
224025.160:0404:fixme:cryptasn:CryptDecodeObjectEx Unsupported decoder for lpszStructType 1.3.6.1.4.1.311.2.1.4
224025.424:048c:err:ole:std_release_marshal_data could not map object ID to stub manager, oxid=4880000048c, oid=2
224025.424:048c:err:ole:CoReleaseMarshalData StdMarshal ReleaseMarshalData failed with error 0x8001011d
224025.424:048c:fixme:kernelbase:AppPolicyGetProcessTerminationMethod FFFFFFFFFFFFFFFA, 00007FFFFE13FE80
224025.432:04a8:fixme:ver:GetCurrentPackageId (0248FF00 00000000): stub
224025.456:0404:fixme:cryptasn:CryptDecodeObjectEx Unsupported decoder for lpszStructType 1.3.6.1.4.1.311.2.1.4
224025.456:0404:fixme:cryptasn:CryptDecodeObjectEx Unsupported decoder for lpszStructType 1.3.6.1.4.1.311.2.1.4
224025.713:0404:fixme:cryptasn:CryptDecodeObjectEx Unsupported decoder for lpszStructType 1.3.6.1.4.1.311.2.1.4
224025.713:0404:fixme:cryptasn:CryptDecodeObjectEx Unsupported decoder for lpszStructType 1.3.6.1.4.1.311.2.1.4
224025.938:04cc:err:ole:std_release_marshal_data could not map object ID to stub manager, oxid=4c8000004cc, oid=2
224025.938:04cc:err:ole:CoReleaseMarshalData StdMarshal ReleaseMarshalData failed with error 0x8001011d
224025.939:0404:fixme:cryptasn:CryptDecodeObjectEx Unsupported decoder for lpszStructType 1.3.6.1.4.1.311.2.1.4
224025.939:0404:fixme:cryptasn:CryptDecodeObjectEx Unsupported decoder for lpszStructType 1.3.6.1.4.1.311.2.1.4
224025.940:04cc:fixme:kernelbase:AppPolicyGetProcessTerminationMethod FFFFFFFFFFFFFFFA, 00007FFFFE13FE80
224026.201:04ec:err:ole:std_release_marshal_data could not map object ID to stub manager, oxid=4e8000004ec, oid=2
224026.201:04ec:err:ole:CoReleaseMarshalData StdMarshal ReleaseMarshalData failed with error 0x8001011d
224026.201:04ec:fixme:kernelbase:AppPolicyGetProcessTerminationMethod FFFFFFFFFFFFFFFA, 00007FFFFE13FE80
224026.204:0404:fixme:cryptasn:CryptDecodeObjectEx Unsupported decoder for lpszStructType 1.3.6.1.4.1.311.2.1.4
224026.204:0404:fixme:cryptasn:CryptDecodeObjectEx Unsupported decoder for lpszStructType 1.3.6.1.4.1.311.2.1.4
224026.397:050c:err:ole:std_release_marshal_data could not map object ID to stub manager, oxid=5080000050c, oid=2
224026.397:050c:err:ole:CoReleaseMarshalData StdMarshal ReleaseMarshalData failed with error 0x8001011d
224026.397:050c:fixme:kernelbase:AppPolicyGetProcessTerminationMethod FFFFFFFFFFFFFFFA, 00007FFFFE13FE80
224026.416:0404:fixme:cryptasn:CryptDecodeObjectEx Unsupported decoder for lpszStructType 1.3.6.1.4.1.311.2.1.4
224026.416:0404:fixme:cryptasn:CryptDecodeObjectEx Unsupported decoder for lpszStructType 1.3.6.1.4.1.311.2.1.4
224026.632:0534:err:ole:std_release_marshal_data could not map object ID to stub manager, oxid=53000000534, oid=2
224026.632:0534:err:ole:CoReleaseMarshalData StdMarshal ReleaseMarshalData failed with error 0x8001011d
224026.633:0534:fixme:kernelbase:AppPolicyGetProcessTerminationMethod FFFFFFFFFFFFFFFA, 00007FFFFE13FE80
224026.744:04b0:err:ole:std_release_marshal_data could not map object ID to stub manager, oxid=4ac000004b0, oid=2
224026.744:04b0:err:ole:CoReleaseMarshalData StdMarshal ReleaseMarshalData failed with error 0x8001011d
224026.745:04b0:fixme:kernelbase:AppPolicyGetProcessTerminationMethod FFFFFFFFFFFFFFFA, 00007FFFFE13FE80
224026.905:055c:fixme:cryptasn:CryptDecodeObjectEx Unsupported decoder for lpszStructType 1.3.6.1.4.1.311.2.1.4
224026.905:055c:fixme:cryptasn:CryptDecodeObjectEx Unsupported decoder for lpszStructType 1.3.6.1.4.1.311.2.1.4
224027.130:0564:err:ole:std_release_marshal_data could not map object ID to stub manager, oxid=56000000564, oid=2
224027.130:0564:err:ole:CoReleaseMarshalData StdMarshal ReleaseMarshalData failed with error 0x8001011d
224027.131:0564:fixme:kernelbase:AppPolicyGetProcessTerminationMethod FFFFFFFFFFFFFFFA, 00007FFFFE13FE80
224027.132:055c:fixme:cryptasn:CryptDecodeObjectEx Unsupported decoder for lpszStructType 1.3.6.1.4.1.311.2.1.4
224027.132:055c:fixme:cryptasn:CryptDecodeObjectEx Unsupported decoder for lpszStructType 1.3.6.1.4.1.311.2.1.4
224027.368:0584:err:ole:std_release_marshal_data could not map object ID to stub manager, oxid=58000000584, oid=2
224027.368:0584:err:ole:CoReleaseMarshalData StdMarshal ReleaseMarshalData failed with error 0x8001011d
224027.369:0584:fixme:kernelbase:AppPolicyGetProcessTerminationMethod FFFFFFFFFFFFFFFA, 00007FFFFE13FE80
224027.371:055c:fixme:cryptasn:CryptDecodeObjectEx Unsupported decoder for lpszStructType 1.3.6.1.4.1.311.2.1.4
224027.371:055c:fixme:cryptasn:CryptDecodeObjectEx Unsupported decoder for lpszStructType 1.3.6.1.4.1.311.2.1.4
224027.712:05a4:err:ole:std_release_marshal_data could not map object ID to stub manager, oxid=5a0000005a4, oid=2
224027.712:05a4:err:ole:CoReleaseMarshalData StdMarshal ReleaseMarshalData failed with error 0x8001011d
224027.713:055c:fixme:cryptasn:CryptDecodeObjectEx Unsupported decoder for lpszStructType 1.3.6.1.4.1.311.2.1.4
224027.713:055c:fixme:cryptasn:CryptDecodeObjectEx Unsupported decoder for lpszStructType 1.3.6.1.4.1.311.2.1.4
224027.713:05a4:fixme:kernelbase:AppPolicyGetProcessTerminationMethod FFFFFFFFFFFFFFFA, 00007FFFFE13FE80
224027.944:05c4:err:ole:std_release_marshal_data could not map object ID to stub manager, oxid=5c0000005c4, oid=2
224027.944:05c4:err:ole:CoReleaseMarshalData StdMarshal ReleaseMarshalData failed with error 0x8001011d
224027.944:055c:fixme:cryptasn:CryptDecodeObjectEx Unsupported decoder for lpszStructType 1.3.6.1.4.1.311.2.1.4
224027.945:055c:fixme:cryptasn:CryptDecodeObjectEx Unsupported decoder for lpszStructType 1.3.6.1.4.1.311.2.1.4
224027.945:05c4:fixme:kernelbase:AppPolicyGetProcessTerminationMethod FFFFFFFFFFFFFFFA, 00007FFFFE13FE80
224028.160:05e4:err:ole:std_release_marshal_data could not map object ID to stub manager, oxid=5e0000005e4, oid=2
224028.160:05e4:err:ole:CoReleaseMarshalData StdMarshal ReleaseMarshalData failed with error 0x8001011d
224028.160:05e4:fixme:kernelbase:AppPolicyGetProcessTerminationMethod FFFFFFFFFFFFFFFA, 00007FFFFE13FE80
224028.168:0600:fixme:ver:GetCurrentPackageId (0248FF00 00000000): stub
224028.195:055c:fixme:cryptasn:CryptDecodeObjectEx Unsupported decoder for lpszStructType 1.3.6.1.4.1.311.2.1.4
224028.195:055c:fixme:cryptasn:CryptDecodeObjectEx Unsupported decoder for lpszStructType 1.3.6.1.4.1.311.2.1.4
224028.418:055c:fixme:cryptasn:CryptDecodeObjectEx Unsupported decoder for lpszStructType 1.3.6.1.4.1.311.2.1.4
224028.418:055c:fixme:cryptasn:CryptDecodeObjectEx Unsupported decoder for lpszStructType 1.3.6.1.4.1.311.2.1.4
224028.691:0624:err:ole:std_release_marshal_data could not map object ID to stub manager, oxid=62000000624, oid=2
224028.691:0624:err:ole:CoReleaseMarshalData StdMarshal ReleaseMarshalData failed with error 0x8001011d
224028.692:0624:fixme:kernelbase:AppPolicyGetProcessTerminationMethod FFFFFFFFFFFFFFFA, 00007FFFFE13FE80
224028.694:055c:fixme:cryptasn:CryptDecodeObjectEx Unsupported decoder for lpszStructType 1.3.6.1.4.1.311.2.1.4
224028.694:055c:fixme:cryptasn:CryptDecodeObjectEx Unsupported decoder for lpszStructType 1.3.6.1.4.1.311.2.1.4
224028.934:0644:err:ole:std_release_marshal_data could not map object ID to stub manager, oxid=64000000644, oid=2
224028.935:0644:err:ole:CoReleaseMarshalData StdMarshal ReleaseMarshalData failed with error 0x8001011d
224028.935:0644:fixme:kernelbase:AppPolicyGetProcessTerminationMethod FFFFFFFFFFFFFFFA, 00007FFFFE13FE80
224028.936:055c:fixme:cryptasn:CryptDecodeObjectEx Unsupported decoder for lpszStructType 1.3.6.1.4.1.311.2.1.4
224028.936:055c:fixme:cryptasn:CryptDecodeObjectEx Unsupported decoder for lpszStructType 1.3.6.1.4.1.311.2.1.4
224029.134:0664:err:ole:std_release_marshal_data could not map object ID to stub manager, oxid=66000000664, oid=2
224029.134:0664:err:ole:CoReleaseMarshalData StdMarshal ReleaseMarshalData failed with error 0x8001011d
224029.135:0664:fixme:kernelbase:AppPolicyGetProcessTerminationMethod FFFFFFFFFFFFFFFA, 00007FFFFE13FE80
224029.140:055c:fixme:cryptasn:CryptDecodeObjectEx Unsupported decoder for lpszStructType 1.3.6.1.4.1.311.2.1.4
224029.140:055c:fixme:cryptasn:CryptDecodeObjectEx Unsupported decoder for lpszStructType 1.3.6.1.4.1.311.2.1.4
224029.350:0684:err:ole:std_release_marshal_data could not map object ID to stub manager, oxid=68000000684, oid=2
224029.351:0684:err:ole:CoReleaseMarshalData StdMarshal ReleaseMarshalData failed with error 0x8001011d
224029.351:0684:fixme:kernelbase:AppPolicyGetProcessTerminationMethod FFFFFFFFFFFFFFFA, 00007FFFFE13FE80
224029.463:0608:err:ole:std_release_marshal_data could not map object ID to stub manager, oxid=60400000608, oid=2
224029.463:0608:err:ole:CoReleaseMarshalData StdMarshal ReleaseMarshalData failed with error 0x8001011d
224029.464:0608:fixme:kernelbase:AppPolicyGetProcessTerminationMethod FFFFFFFFFFFFFFFA, 00007FFFFE13FE80
224029.660:06ac:fixme:cryptasn:CryptDecodeObjectEx Unsupported decoder for lpszStructType 1.3.6.1.4.1.311.2.1.4
224029.660:06ac:fixme:cryptasn:CryptDecodeObjectEx Unsupported decoder for lpszStructType 1.3.6.1.4.1.311.2.1.4
224029.872:06b4:err:ole:std_release_marshal_data could not map object ID to stub manager, oxid=6b0000006b4, oid=2
224029.873:06b4:err:ole:CoReleaseMarshalData StdMarshal ReleaseMarshalData failed with error 0x8001011d
224029.873:06b4:fixme:kernelbase:AppPolicyGetProcessTerminationMethod FFFFFFFFFFFFFFFA, 00007FFFFE13FE80
224029.877:06ac:fixme:cryptasn:CryptDecodeObjectEx Unsupported decoder for lpszStructType 1.3.6.1.4.1.311.2.1.4
224029.877:06ac:fixme:cryptasn:CryptDecodeObjectEx Unsupported decoder for lpszStructType 1.3.6.1.4.1.311.2.1.4
224030.095:06d4:err:ole:std_release_marshal_data could not map object ID to stub manager, oxid=6d0000006d4, oid=2
224030.095:06d4:err:ole:CoReleaseMarshalData StdMarshal ReleaseMarshalData failed with error 0x8001011d
224030.096:06d4:fixme:kernelbase:AppPolicyGetProcessTerminationMethod FFFFFFFFFFFFFFFA, 00007FFFFE13FE80
224030.098:06ac:fixme:cryptasn:CryptDecodeObjectEx Unsupported decoder for lpszStructType 1.3.6.1.4.1.311.2.1.4
224030.098:06ac:fixme:cryptasn:CryptDecodeObjectEx Unsupported decoder for lpszStructType 1.3.6.1.4.1.311.2.1.4
224030.356:06f4:err:ole:std_release_marshal_data could not map object ID to stub manager, oxid=6f0000006f4, oid=2
224030.356:06f4:err:ole:CoReleaseMarshalData StdMarshal ReleaseMarshalData failed with error 0x8001011d
224030.356:06f4:fixme:kernelbase:AppPolicyGetProcessTerminationMethod FFFFFFFFFFFFFFFA, 00007FFFFE13FE80
224030.357:06ac:fixme:cryptasn:CryptDecodeObjectEx Unsupported decoder for lpszStructType 1.3.6.1.4.1.311.2.1.4
224030.357:06ac:fixme:cryptasn:CryptDecodeObjectEx Unsupported decoder for lpszStructType 1.3.6.1.4.1.311.2.1.4
224030.616:0714:err:ole:std_release_marshal_data could not map object ID to stub manager, oxid=71000000714, oid=2
224030.616:0714:err:ole:CoReleaseMarshalData StdMarshal ReleaseMarshalData failed with error 0x8001011d
224030.617:0714:fixme:kernelbase:AppPolicyGetProcessTerminationMethod FFFFFFFFFFFFFFFA, 00007FFFFE13FE80
224030.617:06ac:fixme:cryptasn:CryptDecodeObjectEx Unsupported decoder for lpszStructType 1.3.6.1.4.1.311.2.1.4
224030.617:06ac:fixme:cryptasn:CryptDecodeObjectEx Unsupported decoder for lpszStructType 1.3.6.1.4.1.311.2.1.4
224030.851:0734:err:ole:std_release_marshal_data could not map object ID to stub manager, oxid=73000000734, oid=2
224030.851:0734:err:ole:CoReleaseMarshalData StdMarshal ReleaseMarshalData failed with error 0x8001011d
224030.851:0734:fixme:kernelbase:AppPolicyGetProcessTerminationMethod FFFFFFFFFFFFFFFA, 00007FFFFE13FE80
224030.867:0750:fixme:ver:GetCurrentPackageId (0248FF00 00000000): stub
224030.905:06ac:fixme:cryptasn:CryptDecodeObjectEx Unsupported decoder for lpszStructType 1.3.6.1.4.1.311.2.1.4
224030.905:06ac:fixme:cryptasn:CryptDecodeObjectEx Unsupported decoder for lpszStructType 1.3.6.1.4.1.311.2.1.4
224031.230:06ac:fixme:cryptasn:CryptDecodeObjectEx Unsupported decoder for lpszStructType 1.3.6.1.4.1.311.2.1.4
224031.230:06ac:fixme:cryptasn:CryptDecodeObjectEx Unsupported decoder for lpszStructType 1.3.6.1.4.1.311.2.1.4
224031.479:0774:err:ole:std_release_marshal_data could not map object ID to stub manager, oxid=77000000774, oid=2
224031.479:0774:err:ole:CoReleaseMarshalData StdMarshal ReleaseMarshalData failed with error 0x8001011d
224031.479:0774:fixme:kernelbase:AppPolicyGetProcessTerminationMethod FFFFFFFFFFFFFFFA, 00007FFFFE13FE80
224031.480:06ac:fixme:cryptasn:CryptDecodeObjectEx Unsupported decoder for lpszStructType 1.3.6.1.4.1.311.2.1.4
224031.480:06ac:fixme:cryptasn:CryptDecodeObjectEx Unsupported decoder for lpszStructType 1.3.6.1.4.1.311.2.1.4
224031.673:0794:err:ole:std_release_marshal_data could not map object ID to stub manager, oxid=79000000794, oid=2
224031.673:0794:err:ole:CoReleaseMarshalData StdMarshal ReleaseMarshalData failed with error 0x8001011d
224031.673:0794:fixme:kernelbase:AppPolicyGetProcessTerminationMethod FFFFFFFFFFFFFFFA, 00007FFFFE13FE80
224031.675:06ac:fixme:cryptasn:CryptDecodeObjectEx Unsupported decoder for lpszStructType 1.3.6.1.4.1.311.2.1.4
224031.675:06ac:fixme:cryptasn:CryptDecodeObjectEx Unsupported decoder for lpszStructType 1.3.6.1.4.1.311.2.1.4
224031.918:07b4:err:ole:std_release_marshal_data could not map object ID to stub manager, oxid=7b0000007b4, oid=2
224031.918:07b4:err:ole:CoReleaseMarshalData StdMarshal ReleaseMarshalData failed with error 0x8001011d
224031.919:07b4:fixme:kernelbase:AppPolicyGetProcessTerminationMethod FFFFFFFFFFFFFFFA, 00007FFFFE13FE80
224031.921:06ac:fixme:cryptasn:CryptDecodeObjectEx Unsupported decoder for lpszStructType 1.3.6.1.4.1.311.2.1.4
224031.921:06ac:fixme:cryptasn:CryptDecodeObjectEx Unsupported decoder for lpszStructType 1.3.6.1.4.1.311.2.1.4
224032.186:07d4:err:ole:std_release_marshal_data could not map object ID to stub manager, oxid=7d0000007d4, oid=2
224032.186:07d4:err:ole:CoReleaseMarshalData StdMarshal ReleaseMarshalData failed with error 0x8001011d
224032.186:07d4:fixme:kernelbase:AppPolicyGetProcessTerminationMethod FFFFFFFFFFFFFFFA, 00007FFFFE13FE80
224032.237:0758:err:ole:std_release_marshal_data could not map object ID to stub manager, oxid=75400000758, oid=2
224032.237:0758:err:ole:CoReleaseMarshalData StdMarshal ReleaseMarshalData failed with error 0x8001011d
224032.237:0758:fixme:kernelbase:AppPolicyGetProcessTerminationMethod FFFFFFFFFFFFFFFA, 00007FFFFE13FE80
224032.352:07f4:fixme:cryptasn:CryptDecodeObjectEx Unsupported decoder for lpszStructType 1.3.6.1.4.1.311.2.1.4
224032.352:07f4:fixme:cryptasn:CryptDecodeObjectEx Unsupported decoder for lpszStructType 1.3.6.1.4.1.311.2.1.4
224032.624:07fc:err:ole:std_release_marshal_data could not map object ID to stub manager, oxid=7f8000007fc, oid=2
224032.624:07fc:err:ole:CoReleaseMarshalData StdMarshal ReleaseMarshalData failed with error 0x8001011d
224032.624:07fc:fixme:kernelbase:AppPolicyGetProcessTerminationMethod FFFFFFFFFFFFFFFA, 00007FFFFE13FE80
224032.625:07f4:fixme:cryptasn:CryptDecodeObjectEx Unsupported decoder for lpszStructType 1.3.6.1.4.1.311.2.1.4
224032.625:07f4:fixme:cryptasn:CryptDecodeObjectEx Unsupported decoder for lpszStructType 1.3.6.1.4.1.311.2.1.4
224032.866:07f4:fixme:cryptasn:CryptDecodeObjectEx Unsupported decoder for lpszStructType 1.3.6.1.4.1.311.2.1.4
224032.864:081c:err:ole:std_release_marshal_data could not map object ID to stub manager, oxid=8180000081c, oid=2
224032.867:07f4:fixme:cryptasn:CryptDecodeObjectEx Unsupported decoder for lpszStructType 1.3.6.1.4.1.311.2.1.4
224032.867:081c:err:ole:CoReleaseMarshalData StdMarshal ReleaseMarshalData failed with error 0x8001011d
224032.867:081c:fixme:kernelbase:AppPolicyGetProcessTerminationMethod FFFFFFFFFFFFFFFA, 00007FFFFE13FE80
224033.102:00ac:err:ole:std_release_marshal_data could not map object ID to stub manager, oxid=b0000000ac, oid=2
224033.103:00ac:err:ole:CoReleaseMarshalData StdMarshal ReleaseMarshalData failed with error 0x8001011d
224033.103:00ac:fixme:kernelbase:AppPolicyGetProcessTerminationMethod FFFFFFFFFFFFFFFA, 00007FFFFE13FE80
224033.104:07f4:fixme:cryptasn:CryptDecodeObjectEx Unsupported decoder for lpszStructType 1.3.6.1.4.1.311.2.1.4
224033.104:07f4:fixme:cryptasn:CryptDecodeObjectEx Unsupported decoder for lpszStructType 1.3.6.1.4.1.311.2.1.4
224033.334:00b4:err:ole:std_release_marshal_data could not map object ID to stub manager, oxid=a8000000b4, oid=2
224033.334:00b4:err:ole:CoReleaseMarshalData StdMarshal ReleaseMarshalData failed with error 0x8001011d
224033.335:07f4:fixme:cryptasn:CryptDecodeObjectEx Unsupported decoder for lpszStructType 1.3.6.1.4.1.311.2.1.4
224033.335:07f4:fixme:cryptasn:CryptDecodeObjectEx Unsupported decoder for lpszStructType 1.3.6.1.4.1.311.2.1.4
224033.335:00b4:fixme:kernelbase:AppPolicyGetProcessTerminationMethod FFFFFFFFFFFFFFFA, 00007FFFFE13FE80
224033.567:00e0:err:ole:std_release_marshal_data could not map object ID to stub manager, oxid=e4000000e0, oid=2
224033.567:00e0:err:ole:CoReleaseMarshalData StdMarshal ReleaseMarshalData failed with error 0x8001011d
224033.568:00e0:fixme:kernelbase:AppPolicyGetProcessTerminationMethod FFFFFFFFFFFFFFFA, 00007FFFFE13FE80
224033.605:0124:fixme:ver:GetCurrentPackageId (0248FF00 00000000): stub
224033.634:07f4:fixme:cryptasn:CryptDecodeObjectEx Unsupported decoder for lpszStructType 1.3.6.1.4.1.311.2.1.4
224033.634:07f4:fixme:cryptasn:CryptDecodeObjectEx Unsupported decoder for lpszStructType 1.3.6.1.4.1.311.2.1.4
224033.921:07f4:fixme:cryptasn:CryptDecodeObjectEx Unsupported decoder for lpszStructType 1.3.6.1.4.1.311.2.1.4
224033.922:07f4:fixme:cryptasn:CryptDecodeObjectEx Unsupported decoder for lpszStructType 1.3.6.1.4.1.311.2.1.4
224034.265:00fc:err:ole:std_release_marshal_data could not map object ID to stub manager, oxid=ec000000fc, oid=2
224034.265:00fc:err:ole:CoReleaseMarshalData StdMarshal ReleaseMarshalData failed with error 0x8001011d
224034.266:00fc:fixme:kernelbase:AppPolicyGetProcessTerminationMethod FFFFFFFFFFFFFFFA, 00007FFFFE13FE80
224034.267:07f4:fixme:cryptasn:CryptDecodeObjectEx Unsupported decoder for lpszStructType 1.3.6.1.4.1.311.2.1.4
224034.267:07f4:fixme:cryptasn:CryptDecodeObjectEx Unsupported decoder for lpszStructType 1.3.6.1.4.1.311.2.1.4
224034.539:01a4:err:ole:std_release_marshal_data could not map object ID to stub manager, oxid=1a8000001a4, oid=2
224034.539:01a4:err:ole:CoReleaseMarshalData StdMarshal ReleaseMarshalData failed with error 0x8001011d
224034.540:01a4:fixme:kernelbase:AppPolicyGetProcessTerminationMethod FFFFFFFFFFFFFFFA, 00007FFFFE13FE80
224034.541:07f4:fixme:cryptasn:CryptDecodeObjectEx Unsupported decoder for lpszStructType 1.3.6.1.4.1.311.2.1.4
224034.541:07f4:fixme:cryptasn:CryptDecodeObjectEx Unsupported decoder for lpszStructType 1.3.6.1.4.1.311.2.1.4
224034.866:01bc:err:ole:std_release_marshal_data could not map object ID to stub manager, oxid=1c4000001bc, oid=2
224034.866:01bc:err:ole:CoReleaseMarshalData StdMarshal ReleaseMarshalData failed with error 0x8001011d
224034.867:01bc:fixme:kernelbase:AppPolicyGetProcessTerminationMethod FFFFFFFFFFFFFFFA, 00007FFFFE13FE80
224034.881:07f4:fixme:cryptasn:CryptDecodeObjectEx Unsupported decoder for lpszStructType 1.3.6.1.4.1.311.2.1.4
224034.881:07f4:fixme:cryptasn:CryptDecodeObjectEx Unsupported decoder for lpszStructType 1.3.6.1.4.1.311.2.1.4
224035.142:01dc:err:ole:std_release_marshal_data could not map object ID to stub manager, oxid=1e4000001dc, oid=2
224035.142:01dc:err:ole:CoReleaseMarshalData StdMarshal ReleaseMarshalData failed with error 0x8001011d
224035.143:01dc:fixme:kernelbase:AppPolicyGetProcessTerminationMethod FFFFFFFFFFFFFFFA, 00007FFFFE13FE80
224035.227:0134:err:ole:std_release_marshal_data could not map object ID to stub manager, oxid=2c00000134, oid=2
224035.228:0134:err:ole:CoReleaseMarshalData StdMarshal ReleaseMarshalData failed with error 0x8001011d
224035.229:0134:fixme:kernelbase:AppPolicyGetProcessTerminationMethod FFFFFFFFFFFFFFFA, 00007FFFFE13FE80
224035.670:0214:fixme:cryptasn:CryptDecodeObjectEx Unsupported decoder for lpszStructType 1.3.6.1.4.1.311.2.1.4
224035.671:0214:fixme:cryptasn:CryptDecodeObjectEx Unsupported decoder for lpszStructType 1.3.6.1.4.1.311.2.1.4
224036.036:0210:err:ole:std_release_marshal_data could not map object ID to stub manager, oxid=20c00000210, oid=2
224036.036:0210:err:ole:CoReleaseMarshalData StdMarshal ReleaseMarshalData failed with error 0x8001011d
224036.037:0210:fixme:kernelbase:AppPolicyGetProcessTerminationMethod FFFFFFFFFFFFFFFA, 00007FFFFE13FE80
224036.037:0214:fixme:cryptasn:CryptDecodeObjectEx Unsupported decoder for lpszStructType 1.3.6.1.4.1.311.2.1.4
224036.037:0214:fixme:cryptasn:CryptDecodeObjectEx Unsupported decoder for lpszStructType 1.3.6.1.4.1.311.2.1.4
224036.283:004c:err:ole:std_release_marshal_data could not map object ID to stub manager, oxid=5c0000004c, oid=2
224036.284:004c:err:ole:CoReleaseMarshalData StdMarshal ReleaseMarshalData failed with error 0x8001011d
224036.284:004c:fixme:kernelbase:AppPolicyGetProcessTerminationMethod FFFFFFFFFFFFFFFA, 00007FFFFE13FE80
224036.286:0214:fixme:cryptasn:CryptDecodeObjectEx Unsupported decoder for lpszStructType 1.3.6.1.4.1.311.2.1.4
224036.287:0214:fixme:cryptasn:CryptDecodeObjectEx Unsupported decoder for lpszStructType 1.3.6.1.4.1.311.2.1.4
224036.631:026c:err:ole:std_release_marshal_data could not map object ID to stub manager, oxid=2740000026c, oid=2
224036.631:026c:err:ole:CoReleaseMarshalData StdMarshal ReleaseMarshalData failed with error 0x8001011d
224036.631:026c:fixme:kernelbase:AppPolicyGetProcessTerminationMethod FFFFFFFFFFFFFFFA, 00007FFFFE13FE80
224036.632:0214:fixme:cryptasn:CryptDecodeObjectEx Unsupported decoder for lpszStructType 1.3.6.1.4.1.311.2.1.4
224036.633:0214:fixme:cryptasn:CryptDecodeObjectEx Unsupported decoder for lpszStructType 1.3.6.1.4.1.311.2.1.4
224036.939:02b8:err:ole:std_release_marshal_data could not map object ID to stub manager, oxid=2c0000002b8, oid=2
224036.939:02b8:err:ole:CoReleaseMarshalData StdMarshal ReleaseMarshalData failed with error 0x8001011d
224036.940:02b8:fixme:kernelbase:AppPolicyGetProcessTerminationMethod FFFFFFFFFFFFFFFA, 00007FFFFE13FE80
224036.940:0214:fixme:cryptasn:CryptDecodeObjectEx Unsupported decoder for lpszStructType 1.3.6.1.4.1.311.2.1.4
224036.940:0214:fixme:cryptasn:CryptDecodeObjectEx Unsupported decoder for lpszStructType 1.3.6.1.4.1.311.2.1.4
224037.171:02e0:err:ole:std_release_marshal_data could not map object ID to stub manager, oxid=2e8000002e0, oid=2
224037.171:02e0:err:ole:CoReleaseMarshalData StdMarshal ReleaseMarshalData failed with error 0x8001011d
224037.172:02e0:fixme:kernelbase:AppPolicyGetProcessTerminationMethod FFFFFFFFFFFFFFFA, 00007FFFFE13FE80
224037.188:0308:fixme:ver:GetCurrentPackageId (0248FF00 00000000): stub
224037.207:0214:fixme:cryptasn:CryptDecodeObjectEx Unsupported decoder for lpszStructType 1.3.6.1.4.1.311.2.1.4
224037.207:0214:fixme:cryptasn:CryptDecodeObjectEx Unsupported decoder for lpszStructType 1.3.6.1.4.1.311.2.1.4
224037.428:0214:fixme:cryptasn:CryptDecodeObjectEx Unsupported decoder for lpszStructType 1.3.6.1.4.1.311.2.1.4
224037.428:0214:fixme:cryptasn:CryptDecodeObjectEx Unsupported decoder for lpszStructType 1.3.6.1.4.1.311.2.1.4
224037.638:0320:err:ole:std_release_marshal_data could not map object ID to stub manager, oxid=32800000320, oid=2
224037.638:0320:err:ole:CoReleaseMarshalData StdMarshal ReleaseMarshalData failed with error 0x8001011d
224037.639:0320:fixme:kernelbase:AppPolicyGetProcessTerminationMethod FFFFFFFFFFFFFFFA, 00007FFFFE13FE80
224037.642:0214:fixme:cryptasn:CryptDecodeObjectEx Unsupported decoder for lpszStructType 1.3.6.1.4.1.311.2.1.4
224037.642:0214:fixme:cryptasn:CryptDecodeObjectEx Unsupported decoder for lpszStructType 1.3.6.1.4.1.311.2.1.4
224037.923:0340:err:ole:std_release_marshal_data could not map object ID to stub manager, oxid=34800000340, oid=2
224037.923:0340:err:ole:CoReleaseMarshalData StdMarshal ReleaseMarshalData failed with error 0x8001011d
224037.923:0340:fixme:kernelbase:AppPolicyGetProcessTerminationMethod FFFFFFFFFFFFFFFA, 00007FFFFE13FE80
224037.925:0214:fixme:cryptasn:CryptDecodeObjectEx Unsupported decoder for lpszStructType 1.3.6.1.4.1.311.2.1.4
224037.925:0214:fixme:cryptasn:CryptDecodeObjectEx Unsupported decoder for lpszStructType 1.3.6.1.4.1.311.2.1.4
224038.139:0380:err:ole:std_release_marshal_data could not map object ID to stub manager, oxid=38800000380, oid=2
224038.139:0380:err:ole:CoReleaseMarshalData StdMarshal ReleaseMarshalData failed with error 0x8001011d
224038.140:0380:fixme:kernelbase:AppPolicyGetProcessTerminationMethod FFFFFFFFFFFFFFFA, 00007FFFFE13FE80
224038.150:0214:fixme:cryptasn:CryptDecodeObjectEx Unsupported decoder for lpszStructType 1.3.6.1.4.1.311.2.1.4
224038.151:0214:fixme:cryptasn:CryptDecodeObjectEx Unsupported decoder for lpszStructType 1.3.6.1.4.1.311.2.1.4
224038.315:03a0:err:ole:std_release_marshal_data could not map object ID to stub manager, oxid=3a8000003a0, oid=2
224038.315:03a0:err:ole:CoReleaseMarshalData StdMarshal ReleaseMarshalData failed with error 0x8001011d
224038.316:03a0:fixme:kernelbase:AppPolicyGetProcessTerminationMethod FFFFFFFFFFFFFFFA, 00007FFFFE13FE80
224038.404:030c:err:ole:std_release_marshal_data could not map object ID to stub manager, oxid=3000000030c, oid=2
224038.404:030c:err:ole:CoReleaseMarshalData StdMarshal ReleaseMarshalData failed with error 0x8001011d
224038.405:030c:fixme:kernelbase:AppPolicyGetProcessTerminationMethod FFFFFFFFFFFFFFFA, 00007FFFFE13FE80
224040.803:03e0:fixme:cryptasn:CryptDecodeObjectEx Unsupported decoder for lpszStructType 1.3.6.1.4.1.311.2.1.4
224040.803:03e0:fixme:cryptasn:CryptDecodeObjectEx Unsupported decoder for lpszStructType 1.3.6.1.4.1.311.2.1.4
224041.114:03dc:err:ole:std_release_marshal_data could not map object ID to stub manager, oxid=3ec000003dc, oid=2
224041.115:03dc:err:ole:CoReleaseMarshalData StdMarshal ReleaseMarshalData failed with error 0x8001011d
224041.115:03dc:fixme:kernelbase:AppPolicyGetProcessTerminationMethod FFFFFFFFFFFFFFFA, 00007FFFFE13FE80
224041.117:03e0:fixme:cryptasn:CryptDecodeObjectEx Unsupported decoder for lpszStructType 1.3.6.1.4.1.311.2.1.4
224041.118:03e0:fixme:cryptasn:CryptDecodeObjectEx Unsupported decoder for lpszStructType 1.3.6.1.4.1.311.2.1.4
224041.359:035c:err:ole:std_release_marshal_data could not map object ID to stub manager, oxid=3600000035c, oid=2
224041.359:035c:err:ole:CoReleaseMarshalData StdMarshal ReleaseMarshalData failed with error 0x8001011d
224041.360:035c:fixme:kernelbase:AppPolicyGetProcessTerminationMethod FFFFFFFFFFFFFFFA, 00007FFFFE13FE80
224041.361:03e0:fixme:cryptasn:CryptDecodeObjectEx Unsupported decoder for lpszStructType 1.3.6.1.4.1.311.2.1.4
224041.362:03e0:fixme:cryptasn:CryptDecodeObjectEx Unsupported decoder for lpszStructType 1.3.6.1.4.1.311.2.1.4
224041.611:03e0:fixme:cryptasn:CryptDecodeObjectEx Unsupported decoder for lpszStructType 1.3.6.1.4.1.311.2.1.4
224041.610:040c:err:ole:std_release_marshal_data could not map object ID to stub manager, oxid=4140000040c, oid=2
224041.611:040c:err:ole:CoReleaseMarshalData StdMarshal ReleaseMarshalData failed with error 0x8001011d
224041.612:03e0:fixme:cryptasn:CryptDecodeObjectEx Unsupported decoder for lpszStructType 1.3.6.1.4.1.311.2.1.4
224041.612:040c:fixme:kernelbase:AppPolicyGetProcessTerminationMethod FFFFFFFFFFFFFFFA, 00007FFFFE13FE80
224041.945:042c:err:ole:std_release_marshal_data could not map object ID to stub manager, oxid=4340000042c, oid=2
224041.945:042c:err:ole:CoReleaseMarshalData StdMarshal ReleaseMarshalData failed with error 0x8001011d
224041.946:042c:fixme:kernelbase:AppPolicyGetProcessTerminationMethod FFFFFFFFFFFFFFFA, 00007FFFFE13FE80
224041.946:03e0:fixme:cryptasn:CryptDecodeObjectEx Unsupported decoder for lpszStructType 1.3.6.1.4.1.311.2.1.4
224041.946:03e0:fixme:cryptasn:CryptDecodeObjectEx Unsupported decoder for lpszStructType 1.3.6.1.4.1.311.2.1.4
224042.207:044c:err:ole:std_release_marshal_data could not map object ID to stub manager, oxid=4540000044c, oid=2
224042.208:044c:err:ole:CoReleaseMarshalData StdMarshal ReleaseMarshalData failed with error 0x8001011d
224042.208:044c:fixme:kernelbase:AppPolicyGetProcessTerminationMethod FFFFFFFFFFFFFFFA, 00007FFFFE13FE80
224042.234:0474:fixme:ver:GetCurrentPackageId (0248FF00 00000000): stub
224042.259:03e0:fixme:cryptasn:CryptDecodeObjectEx Unsupported decoder for lpszStructType 1.3.6.1.4.1.311.2.1.4
224042.259:03e0:fixme:cryptasn:CryptDecodeObjectEx Unsupported decoder for lpszStructType 1.3.6.1.4.1.311.2.1.4
224042.586:03e0:fixme:cryptasn:CryptDecodeObjectEx Unsupported decoder for lpszStructType 1.3.6.1.4.1.311.2.1.4
224042.586:03e0:fixme:cryptasn:CryptDecodeObjectEx Unsupported decoder for lpszStructType 1.3.6.1.4.1.311.2.1.4
224042.802:048c:err:ole:std_release_marshal_data could not map object ID to stub manager, oxid=4940000048c, oid=2
224042.802:048c:err:ole:CoReleaseMarshalData StdMarshal ReleaseMarshalData failed with error 0x8001011d
224042.805:048c:fixme:kernelbase:AppPolicyGetProcessTerminationMethod FFFFFFFFFFFFFFFA, 00007FFFFE13FE80
224042.807:03e0:fixme:cryptasn:CryptDecodeObjectEx Unsupported decoder for lpszStructType 1.3.6.1.4.1.311.2.1.4
224042.807:03e0:fixme:cryptasn:CryptDecodeObjectEx Unsupported decoder for lpszStructType 1.3.6.1.4.1.311.2.1.4
224043.054:04cc:err:ole:std_release_marshal_data could not map object ID to stub manager, oxid=4d4000004cc, oid=2
224043.054:04cc:err:ole:CoReleaseMarshalData StdMarshal ReleaseMarshalData failed with error 0x8001011d
224043.054:04cc:fixme:kernelbase:AppPolicyGetProcessTerminationMethod FFFFFFFFFFFFFFFA, 00007FFFFE13FE80
224043.055:03e0:fixme:cryptasn:CryptDecodeObjectEx Unsupported decoder for lpszStructType 1.3.6.1.4.1.311.2.1.4
224043.055:03e0:fixme:cryptasn:CryptDecodeObjectEx Unsupported decoder for lpszStructType 1.3.6.1.4.1.311.2.1.4
224043.266:04ec:err:ole:std_release_marshal_data could not map object ID to stub manager, oxid=4f4000004ec, oid=2
224043.266:04ec:err:ole:CoReleaseMarshalData StdMarshal ReleaseMarshalData failed with error 0x8001011d
224043.266:04ec:fixme:kernelbase:AppPolicyGetProcessTerminationMethod FFFFFFFFFFFFFFFA, 00007FFFFE13FE80
224043.273:03e0:fixme:cryptasn:CryptDecodeObjectEx Unsupported decoder for lpszStructType 1.3.6.1.4.1.311.2.1.4
224043.273:03e0:fixme:cryptasn:CryptDecodeObjectEx Unsupported decoder for lpszStructType 1.3.6.1.4.1.311.2.1.4
224043.565:050c:err:ole:std_release_marshal_data could not map object ID to stub manager, oxid=51c0000050c, oid=2
224043.566:050c:err:ole:CoReleaseMarshalData StdMarshal ReleaseMarshalData failed with error 0x8001011d
224043.568:050c:fixme:kernelbase:AppPolicyGetProcessTerminationMethod FFFFFFFFFFFFFFFA, 00007FFFFE13FE80
224043.735:0478:err:ole:std_release_marshal_data could not map object ID to stub manager, oxid=46c00000478, oid=2
224043.735:0478:err:ole:CoReleaseMarshalData StdMarshal ReleaseMarshalData failed with error 0x8001011d
224043.736:0478:fixme:kernelbase:AppPolicyGetProcessTerminationMethod FFFFFFFFFFFFFFFA, 00007FFFFE13FE80
224043.950:0534:fixme:cryptasn:CryptDecodeObjectEx Unsupported decoder for lpszStructType 1.3.6.1.4.1.311.2.1.4
224043.950:0534:fixme:cryptasn:CryptDecodeObjectEx Unsupported decoder for lpszStructType 1.3.6.1.4.1.311.2.1.4
224044.210:0530:err:ole:std_release_marshal_data could not map object ID to stub manager, oxid=54800000530, oid=2
224044.210:0530:err:ole:CoReleaseMarshalData StdMarshal ReleaseMarshalData failed with error 0x8001011d
224044.210:0530:fixme:kernelbase:AppPolicyGetProcessTerminationMethod FFFFFFFFFFFFFFFA, 00007FFFFE13FE80
224044.211:0534:fixme:cryptasn:CryptDecodeObjectEx Unsupported decoder for lpszStructType 1.3.6.1.4.1.311.2.1.4
224044.211:0534:fixme:cryptasn:CryptDecodeObjectEx Unsupported decoder for lpszStructType 1.3.6.1.4.1.311.2.1.4
224044.413:04b8:err:ole:std_release_marshal_data could not map object ID to stub manager, oxid=4b4000004b8, oid=2
224044.413:04b8:err:ole:CoReleaseMarshalData StdMarshal ReleaseMarshalData failed with error 0x8001011d
224044.414:04b8:fixme:kernelbase:AppPolicyGetProcessTerminationMethod FFFFFFFFFFFFFFFA, 00007FFFFE13FE80
224044.414:0534:fixme:cryptasn:CryptDecodeObjectEx Unsupported decoder for lpszStructType 1.3.6.1.4.1.311.2.1.4
224044.414:0534:fixme:cryptasn:CryptDecodeObjectEx Unsupported decoder for lpszStructType 1.3.6.1.4.1.311.2.1.4
224044.651:057c:err:ole:std_release_marshal_data could not map object ID to stub manager, oxid=5740000057c, oid=2
224044.651:057c:err:ole:CoReleaseMarshalData StdMarshal ReleaseMarshalData failed with error 0x8001011d
224044.652:0534:fixme:cryptasn:CryptDecodeObjectEx Unsupported decoder for lpszStructType 1.3.6.1.4.1.311.2.1.4
224044.652:0534:fixme:cryptasn:CryptDecodeObjectEx Unsupported decoder for lpszStructType 1.3.6.1.4.1.311.2.1.4
224044.652:057c:fixme:kernelbase:AppPolicyGetProcessTerminationMethod FFFFFFFFFFFFFFFA, 00007FFFFE13FE80
224044.920:059c:err:ole:std_release_marshal_data could not map object ID to stub manager, oxid=5940000059c, oid=2
224044.920:059c:err:ole:CoReleaseMarshalData StdMarshal ReleaseMarshalData failed with error 0x8001011d
224044.920:0534:fixme:cryptasn:CryptDecodeObjectEx Unsupported decoder for lpszStructType 1.3.6.1.4.1.311.2.1.4
224044.921:0534:fixme:cryptasn:CryptDecodeObjectEx Unsupported decoder for lpszStructType 1.3.6.1.4.1.311.2.1.4
224044.921:059c:fixme:kernelbase:AppPolicyGetProcessTerminationMethod FFFFFFFFFFFFFFFA, 00007FFFFE13FE80
224045.162:05bc:err:ole:std_release_marshal_data could not map object ID to stub manager, oxid=5b4000005bc, oid=2
224045.162:05bc:err:ole:CoReleaseMarshalData StdMarshal ReleaseMarshalData failed with error 0x8001011d
224045.163:05bc:fixme:kernelbase:AppPolicyGetProcessTerminationMethod FFFFFFFFFFFFFFFA, 00007FFFFE13FE80
224045.174:05dc:fixme:ver:GetCurrentPackageId (0248FF00 00000000): stub
224045.185:0534:fixme:cryptasn:CryptDecodeObjectEx Unsupported decoder for lpszStructType 1.3.6.1.4.1.311.2.1.4
224045.185:0534:fixme:cryptasn:CryptDecodeObjectEx Unsupported decoder for lpszStructType 1.3.6.1.4.1.311.2.1.4
224045.449:0534:fixme:cryptasn:CryptDecodeObjectEx Unsupported decoder for lpszStructType 1.3.6.1.4.1.311.2.1.4
224045.449:0534:fixme:cryptasn:CryptDecodeObjectEx Unsupported decoder for lpszStructType 1.3.6.1.4.1.311.2.1.4
224045.792:05fc:err:ole:std_release_marshal_data could not map object ID to stub manager, oxid=5f4000005fc, oid=2
224045.792:05fc:err:ole:CoReleaseMarshalData StdMarshal ReleaseMarshalData failed with error 0x8001011d
224045.792:05fc:fixme:kernelbase:AppPolicyGetProcessTerminationMethod FFFFFFFFFFFFFFFA, 00007FFFFE13FE80
224045.795:0534:fixme:cryptasn:CryptDecodeObjectEx Unsupported decoder for lpszStructType 1.3.6.1.4.1.311.2.1.4
224045.795:0534:fixme:cryptasn:CryptDecodeObjectEx Unsupported decoder for lpszStructType 1.3.6.1.4.1.311.2.1.4
224046.026:0628:err:ole:std_release_marshal_data could not map object ID to stub manager, oxid=63800000628, oid=2
224046.026:0628:err:ole:CoReleaseMarshalData StdMarshal ReleaseMarshalData failed with error 0x8001011d
224046.027:0628:fixme:kernelbase:AppPolicyGetProcessTerminationMethod FFFFFFFFFFFFFFFA, 00007FFFFE13FE80
224046.027:0534:fixme:cryptasn:CryptDecodeObjectEx Unsupported decoder for lpszStructType 1.3.6.1.4.1.311.2.1.4
224046.027:0534:fixme:cryptasn:CryptDecodeObjectEx Unsupported decoder for lpszStructType 1.3.6.1.4.1.311.2.1.4
224046.367:0644:err:ole:std_release_marshal_data could not map object ID to stub manager, oxid=64c00000644, oid=2
224046.368:0644:err:ole:CoReleaseMarshalData StdMarshal ReleaseMarshalData failed with error 0x8001011d
224046.368:0644:fixme:kernelbase:AppPolicyGetProcessTerminationMethod FFFFFFFFFFFFFFFA, 00007FFFFE13FE80
224046.386:0534:fixme:cryptasn:CryptDecodeObjectEx Unsupported decoder for lpszStructType 1.3.6.1.4.1.311.2.1.4
224046.387:0534:fixme:cryptasn:CryptDecodeObjectEx Unsupported decoder for lpszStructType 1.3.6.1.4.1.311.2.1.4
224046.681:0664:err:ole:std_release_marshal_data could not map object ID to stub manager, oxid=66c00000664, oid=2
224046.682:0664:err:ole:CoReleaseMarshalData StdMarshal ReleaseMarshalData failed with error 0x8001011d
224046.682:0664:fixme:kernelbase:AppPolicyGetProcessTerminationMethod FFFFFFFFFFFFFFFA, 00007FFFFE13FE80
224046.798:05d8:err:ole:std_release_marshal_data could not map object ID to stub manager, oxid=5d4000005d8, oid=2
224046.798:05d8:err:ole:CoReleaseMarshalData StdMarshal ReleaseMarshalData failed with error 0x8001011d
224046.799:05d8:fixme:kernelbase:AppPolicyGetProcessTerminationMethod FFFFFFFFFFFFFFFA, 00007FFFFE13FE80
224047.859:0684:fixme:cryptasn:CryptDecodeObjectEx Unsupported decoder for lpszStructType 1.3.6.1.4.1.311.2.1.4
224047.860:0684:fixme:cryptasn:CryptDecodeObjectEx Unsupported decoder for lpszStructType 1.3.6.1.4.1.311.2.1.4
224048.142:0680:err:ole:std_release_marshal_data could not map object ID to stub manager, oxid=69000000680, oid=2
224048.142:0680:err:ole:CoReleaseMarshalData StdMarshal ReleaseMarshalData failed with error 0x8001011d
224048.142:0680:fixme:kernelbase:AppPolicyGetProcessTerminationMethod FFFFFFFFFFFFFFFA, 00007FFFFE13FE80
224048.144:0684:fixme:cryptasn:CryptDecodeObjectEx Unsupported decoder for lpszStructType 1.3.6.1.4.1.311.2.1.4
224048.145:0684:fixme:cryptasn:CryptDecodeObjectEx Unsupported decoder for lpszStructType 1.3.6.1.4.1.311.2.1.4
224048.404:055c:err:ole:std_release_marshal_data could not map object ID to stub manager, oxid=6000000055c, oid=2
224048.404:055c:err:ole:CoReleaseMarshalData StdMarshal ReleaseMarshalData failed with error 0x8001011d
224048.404:055c:fixme:kernelbase:AppPolicyGetProcessTerminationMethod FFFFFFFFFFFFFFFA, 00007FFFFE13FE80
224048.405:0684:fixme:cryptasn:CryptDecodeObjectEx Unsupported decoder for lpszStructType 1.3.6.1.4.1.311.2.1.4
224048.405:0684:fixme:cryptasn:CryptDecodeObjectEx Unsupported decoder for lpszStructType 1.3.6.1.4.1.311.2.1.4
224048.680:06b8:err:ole:std_release_marshal_data could not map object ID to stub manager, oxid=6c8000006b8, oid=2
224048.681:06b8:err:ole:CoReleaseMarshalData StdMarshal ReleaseMarshalData failed with error 0x8001011d
224048.681:06b8:fixme:kernelbase:AppPolicyGetProcessTerminationMethod FFFFFFFFFFFFFFFA, 00007FFFFE13FE80
224048.682:0684:fixme:cryptasn:CryptDecodeObjectEx Unsupported decoder for lpszStructType 1.3.6.1.4.1.311.2.1.4
224048.682:0684:fixme:cryptasn:CryptDecodeObjectEx Unsupported decoder for lpszStructType 1.3.6.1.4.1.311.2.1.4
224048.939:06d8:err:ole:std_release_marshal_data could not map object ID to stub manager, oxid=6e8000006d8, oid=2
224048.939:06d8:err:ole:CoReleaseMarshalData StdMarshal ReleaseMarshalData failed with error 0x8001011d
224048.939:06d8:fixme:kernelbase:AppPolicyGetProcessTerminationMethod FFFFFFFFFFFFFFFA, 00007FFFFE13FE80
224048.940:0684:fixme:cryptasn:CryptDecodeObjectEx Unsupported decoder for lpszStructType 1.3.6.1.4.1.311.2.1.4
224048.940:0684:fixme:cryptasn:CryptDecodeObjectEx Unsupported decoder for lpszStructType 1.3.6.1.4.1.311.2.1.4
224049.143:06f8:err:ole:std_release_marshal_data could not map object ID to stub manager, oxid=708000006f8, oid=2
224049.143:06f8:err:ole:CoReleaseMarshalData StdMarshal ReleaseMarshalData failed with error 0x8001011d
224049.143:06f8:fixme:kernelbase:AppPolicyGetProcessTerminationMethod FFFFFFFFFFFFFFFA, 00007FFFFE13FE80
224049.155:0728:fixme:ver:GetCurrentPackageId (0248FF00 00000000): stub
224049.189:0684:fixme:cryptasn:CryptDecodeObjectEx Unsupported decoder for lpszStructType 1.3.6.1.4.1.311.2.1.4
224049.191:0684:fixme:cryptasn:CryptDecodeObjectEx Unsupported decoder for lpszStructType 1.3.6.1.4.1.311.2.1.4
224049.445:0684:fixme:cryptasn:CryptDecodeObjectEx Unsupported decoder for lpszStructType 1.3.6.1.4.1.311.2.1.4
224049.445:0684:fixme:cryptasn:CryptDecodeObjectEx Unsupported decoder for lpszStructType 1.3.6.1.4.1.311.2.1.4
224049.679:0738:err:ole:std_release_marshal_data could not map object ID to stub manager, oxid=74800000738, oid=2
224049.680:0738:err:ole:CoReleaseMarshalData StdMarshal ReleaseMarshalData failed with error 0x8001011d
224049.680:0738:fixme:kernelbase:AppPolicyGetProcessTerminationMethod FFFFFFFFFFFFFFFA, 00007FFFFE13FE80
224049.684:0684:fixme:cryptasn:CryptDecodeObjectEx Unsupported decoder for lpszStructType 1.3.6.1.4.1.311.2.1.4
224049.684:0684:fixme:cryptasn:CryptDecodeObjectEx Unsupported decoder for lpszStructType 1.3.6.1.4.1.311.2.1.4
224049.902:0778:err:ole:std_release_marshal_data could not map object ID to stub manager, oxid=78800000778, oid=2
224049.902:0778:err:ole:CoReleaseMarshalData StdMarshal ReleaseMarshalData failed with error 0x8001011d
224049.902:0778:fixme:kernelbase:AppPolicyGetProcessTerminationMethod FFFFFFFFFFFFFFFA, 00007FFFFE13FE80
224049.903:0684:fixme:cryptasn:CryptDecodeObjectEx Unsupported decoder for lpszStructType 1.3.6.1.4.1.311.2.1.4
224049.903:0684:fixme:cryptasn:CryptDecodeObjectEx Unsupported decoder for lpszStructType 1.3.6.1.4.1.311.2.1.4
224050.190:0798:err:ole:std_release_marshal_data could not map object ID to stub manager, oxid=7a800000798, oid=2
224050.191:0798:err:ole:CoReleaseMarshalData StdMarshal ReleaseMarshalData failed with error 0x8001011d
224050.191:0798:fixme:kernelbase:AppPolicyGetProcessTerminationMethod FFFFFFFFFFFFFFFA, 00007FFFFE13FE80
224050.217:0684:fixme:cryptasn:CryptDecodeObjectEx Unsupported decoder for lpszStructType 1.3.6.1.4.1.311.2.1.4
224050.217:0684:fixme:cryptasn:CryptDecodeObjectEx Unsupported decoder for lpszStructType 1.3.6.1.4.1.311.2.1.4
224050.492:07b8:err:ole:std_release_marshal_data could not map object ID to stub manager, oxid=7c8000007b8, oid=2
224050.492:07b8:err:ole:CoReleaseMarshalData StdMarshal ReleaseMarshalData failed with error 0x8001011d
224050.492:07b8:fixme:kernelbase:AppPolicyGetProcessTerminationMethod FFFFFFFFFFFFFFFA, 00007FFFFE13FE80
224050.608:071c:err:ole:std_release_marshal_data could not map object ID to stub manager, oxid=7180000071c, oid=2
224050.608:071c:err:ole:CoReleaseMarshalData StdMarshal ReleaseMarshalData failed with error 0x8001011d
224050.608:071c:fixme:kernelbase:AppPolicyGetProcessTerminationMethod FFFFFFFFFFFFFFFA, 00007FFFFE13FE80
224052.669:0264:err:msi:iterate_load_verb Verb unable to find loaded extension L"mcam-emcx"
224052.669:0264:err:msi:iterate_load_verb Verb unable to find loaded extension L"mcam-mcx"
224109.340:0054:fixme:cryptasn:CryptDecodeObjectEx Unsupported decoder for lpszStructType 1.3.6.1.4.1.311.2.1.4
224109.340:0054:fixme:cryptasn:CryptDecodeObjectEx Unsupported decoder for lpszStructType 1.3.6.1.4.1.311.2.1.4
224109.618:00a4:err:ole:std_release_marshal_data could not map object ID to stub manager, oxid=98000000a4, oid=2
224109.618:00a4:err:ole:CoReleaseMarshalData StdMarshal ReleaseMarshalData failed with error 0x8001011d
224109.618:00a4:fixme:kernelbase:AppPolicyGetProcessTerminationMethod FFFFFFFFFFFFFFFA, 00007FFFFE13FE80
224109.619:0054:fixme:cryptasn:CryptDecodeObjectEx Unsupported decoder for lpszStructType 1.3.6.1.4.1.311.2.1.4
224109.619:0054:fixme:cryptasn:CryptDecodeObjectEx Unsupported decoder for lpszStructType 1.3.6.1.4.1.311.2.1.4
224109.849:0198:err:ole:std_release_marshal_data could not map object ID to stub manager, oxid=e400000198, oid=2
224109.849:0198:err:ole:CoReleaseMarshalData StdMarshal ReleaseMarshalData failed with error 0x8001011d
224109.850:0198:fixme:kernelbase:AppPolicyGetProcessTerminationMethod FFFFFFFFFFFFFFFA, 00007FFFFE13FE80
224109.850:0054:fixme:cryptasn:CryptDecodeObjectEx Unsupported decoder for lpszStructType 1.3.6.1.4.1.311.2.1.4
224109.850:0054:fixme:cryptasn:CryptDecodeObjectEx Unsupported decoder for lpszStructType 1.3.6.1.4.1.311.2.1.4
224110.077:01b0:err:ole:std_release_marshal_data could not map object ID to stub manager, oxid=ec000001b0, oid=2
224110.078:01b0:err:ole:CoReleaseMarshalData StdMarshal ReleaseMarshalData failed with error 0x8001011d
224110.078:0054:fixme:cryptasn:CryptDecodeObjectEx Unsupported decoder for lpszStructType 1.3.6.1.4.1.311.2.1.4
224110.078:0054:fixme:cryptasn:CryptDecodeObjectEx Unsupported decoder for lpszStructType 1.3.6.1.4.1.311.2.1.4
224110.078:01b0:fixme:kernelbase:AppPolicyGetProcessTerminationMethod FFFFFFFFFFFFFFFA, 00007FFFFE13FE80
224110.263:01cc:err:ole:std_release_marshal_data could not map object ID to stub manager, oxid=1a8000001cc, oid=2
224110.263:01cc:err:ole:CoReleaseMarshalData StdMarshal ReleaseMarshalData failed with error 0x8001011d
224110.264:01cc:fixme:kernelbase:AppPolicyGetProcessTerminationMethod FFFFFFFFFFFFFFFA, 00007FFFFE13FE80
224110.268:0054:fixme:cryptasn:CryptDecodeObjectEx Unsupported decoder for lpszStructType 1.3.6.1.4.1.311.2.1.4
224110.268:0054:fixme:cryptasn:CryptDecodeObjectEx Unsupported decoder for lpszStructType 1.3.6.1.4.1.311.2.1.4
224110.480:01ec:err:ole:std_release_marshal_data could not map object ID to stub manager, oxid=1c4000001ec, oid=2
224110.480:01ec:err:ole:CoReleaseMarshalData StdMarshal ReleaseMarshalData failed with error 0x8001011d
224110.480:01ec:fixme:kernelbase:AppPolicyGetProcessTerminationMethod FFFFFFFFFFFFFFFA, 00007FFFFE13FE80
224110.497:01e4:fixme:ver:GetCurrentPackageId (0227FF00 00000000): stub
224110.511:0054:fixme:cryptasn:CryptDecodeObjectEx Unsupported decoder for lpszStructType 1.3.6.1.4.1.311.2.1.4
224110.512:0054:fixme:cryptasn:CryptDecodeObjectEx Unsupported decoder for lpszStructType 1.3.6.1.4.1.311.2.1.4
224110.754:0054:fixme:cryptasn:CryptDecodeObjectEx Unsupported decoder for lpszStructType 1.3.6.1.4.1.311.2.1.4
224110.754:0054:fixme:cryptasn:CryptDecodeObjectEx Unsupported decoder for lpszStructType 1.3.6.1.4.1.311.2.1.4
224110.980:07f4:err:ole:std_release_marshal_data could not map object ID to stub manager, oxid=2c000007f4, oid=2
224110.980:07f4:err:ole:CoReleaseMarshalData StdMarshal ReleaseMarshalData failed with error 0x8001011d
224110.981:07f4:fixme:kernelbase:AppPolicyGetProcessTerminationMethod FFFFFFFFFFFFFFFA, 00007FFFFE13FE80
224110.982:0054:fixme:cryptasn:CryptDecodeObjectEx Unsupported decoder for lpszStructType 1.3.6.1.4.1.311.2.1.4
224110.982:0054:fixme:cryptasn:CryptDecodeObjectEx Unsupported decoder for lpszStructType 1.3.6.1.4.1.311.2.1.4
224111.201:0218:err:ole:std_release_marshal_data could not map object ID to stub manager, oxid=5800000218, oid=2
224111.201:0218:err:ole:CoReleaseMarshalData StdMarshal ReleaseMarshalData failed with error 0x8001011d
224111.201:0218:fixme:kernelbase:AppPolicyGetProcessTerminationMethod FFFFFFFFFFFFFFFA, 00007FFFFE13FE80
224111.202:0054:fixme:cryptasn:CryptDecodeObjectEx Unsupported decoder for lpszStructType 1.3.6.1.4.1.311.2.1.4
224111.202:0054:fixme:cryptasn:CryptDecodeObjectEx Unsupported decoder for lpszStructType 1.3.6.1.4.1.311.2.1.4
224111.472:023c:err:ole:std_release_marshal_data could not map object ID to stub manager, oxid=2540000023c, oid=2
224111.472:023c:err:ole:CoReleaseMarshalData StdMarshal ReleaseMarshalData failed with error 0x8001011d
224111.474:023c:fixme:kernelbase:AppPolicyGetProcessTerminationMethod FFFFFFFFFFFFFFFA, 00007FFFFE13FE80
224111.488:0054:fixme:cryptasn:CryptDecodeObjectEx Unsupported decoder for lpszStructType 1.3.6.1.4.1.311.2.1.4
224111.488:0054:fixme:cryptasn:CryptDecodeObjectEx Unsupported decoder for lpszStructType 1.3.6.1.4.1.311.2.1.4
224111.740:02d4:err:ole:std_release_marshal_data could not map object ID to stub manager, oxid=2bc000002d4, oid=2
224111.740:02d4:err:ole:CoReleaseMarshalData StdMarshal ReleaseMarshalData failed with error 0x8001011d
224111.740:02d4:fixme:kernelbase:AppPolicyGetProcessTerminationMethod FFFFFFFFFFFFFFFA, 00007FFFFE13FE80
224111.817:0158:err:ole:std_release_marshal_data could not map object ID to stub manager, oxid=17c00000158, oid=2
224111.817:0158:err:ole:CoReleaseMarshalData StdMarshal ReleaseMarshalData failed with error 0x8001011d
224111.817:0158:fixme:kernelbase:AppPolicyGetProcessTerminationMethod FFFFFFFFFFFFFFFA, 00007FFFFE13FE80
224112.884:02b4:fixme:cryptasn:CryptDecodeObjectEx Unsupported decoder for lpszStructType 1.3.6.1.4.1.311.2.1.4
224112.884:02b4:fixme:cryptasn:CryptDecodeObjectEx Unsupported decoder for lpszStructType 1.3.6.1.4.1.311.2.1.4
224113.086:02f0:err:ole:std_release_marshal_data could not map object ID to stub manager, oxid=2b8000002f0, oid=2
224113.086:02f0:err:ole:CoReleaseMarshalData StdMarshal ReleaseMarshalData failed with error 0x8001011d
224113.086:02b4:fixme:cryptasn:CryptDecodeObjectEx Unsupported decoder for lpszStructType 1.3.6.1.4.1.311.2.1.4
224113.087:02b4:fixme:cryptasn:CryptDecodeObjectEx Unsupported decoder for lpszStructType 1.3.6.1.4.1.311.2.1.4
224113.087:02f0:fixme:kernelbase:AppPolicyGetProcessTerminationMethod FFFFFFFFFFFFFFFA, 00007FFFFE13FE80
224113.311:0318:err:ole:std_release_marshal_data could not map object ID to stub manager, oxid=2e000000318, oid=2
224113.311:0318:err:ole:CoReleaseMarshalData StdMarshal ReleaseMarshalData failed with error 0x8001011d
224113.311:0318:fixme:kernelbase:AppPolicyGetProcessTerminationMethod FFFFFFFFFFFFFFFA, 00007FFFFE13FE80
224113.312:02b4:fixme:cryptasn:CryptDecodeObjectEx Unsupported decoder for lpszStructType 1.3.6.1.4.1.311.2.1.4
224113.312:02b4:fixme:cryptasn:CryptDecodeObjectEx Unsupported decoder for lpszStructType 1.3.6.1.4.1.311.2.1.4
224113.587:02b4:fixme:cryptasn:CryptDecodeObjectEx Unsupported decoder for lpszStructType 1.3.6.1.4.1.311.2.1.4
224113.587:02b4:fixme:cryptasn:CryptDecodeObjectEx Unsupported decoder for lpszStructType 1.3.6.1.4.1.311.2.1.4
224113.586:0350:err:ole:std_release_marshal_data could not map object ID to stub manager, oxid=32000000350, oid=2
224113.587:0350:err:ole:CoReleaseMarshalData StdMarshal ReleaseMarshalData failed with error 0x8001011d
224113.588:0350:fixme:kernelbase:AppPolicyGetProcessTerminationMethod FFFFFFFFFFFFFFFA, 00007FFFFE13FE80
224113.801:0390:err:ole:std_release_marshal_data could not map object ID to stub manager, oxid=34000000390, oid=2
224113.801:0390:err:ole:CoReleaseMarshalData StdMarshal ReleaseMarshalData failed with error 0x8001011d
224113.801:0390:fixme:kernelbase:AppPolicyGetProcessTerminationMethod FFFFFFFFFFFFFFFA, 00007FFFFE13FE80
224113.801:02b4:fixme:cryptasn:CryptDecodeObjectEx Unsupported decoder for lpszStructType 1.3.6.1.4.1.311.2.1.4
224113.802:02b4:fixme:cryptasn:CryptDecodeObjectEx Unsupported decoder for lpszStructType 1.3.6.1.4.1.311.2.1.4
224114.007:03b0:err:ole:std_release_marshal_data could not map object ID to stub manager, oxid=380000003b0, oid=2
224114.007:03b0:err:ole:CoReleaseMarshalData StdMarshal ReleaseMarshalData failed with error 0x8001011d
224114.008:03b0:fixme:kernelbase:AppPolicyGetProcessTerminationMethod FFFFFFFFFFFFFFFA, 00007FFFFE13FE80
224114.046:03a0:fixme:ver:GetCurrentPackageId (0248FF00 00000000): stub
224114.062:02b4:fixme:cryptasn:CryptDecodeObjectEx Unsupported decoder for lpszStructType 1.3.6.1.4.1.311.2.1.4
224114.062:02b4:fixme:cryptasn:CryptDecodeObjectEx Unsupported decoder for lpszStructType 1.3.6.1.4.1.311.2.1.4
224114.284:02b4:fixme:cryptasn:CryptDecodeObjectEx Unsupported decoder for lpszStructType 1.3.6.1.4.1.311.2.1.4
224114.284:02b4:fixme:cryptasn:CryptDecodeObjectEx Unsupported decoder for lpszStructType 1.3.6.1.4.1.311.2.1.4
224114.467:0308:err:ole:std_release_marshal_data could not map object ID to stub manager, oxid=33800000308, oid=2
224114.467:0308:err:ole:CoReleaseMarshalData StdMarshal ReleaseMarshalData failed with error 0x8001011d
224114.468:0308:fixme:kernelbase:AppPolicyGetProcessTerminationMethod FFFFFFFFFFFFFFFA, 00007FFFFE13FE80
224114.473:02b4:fixme:cryptasn:CryptDecodeObjectEx Unsupported decoder for lpszStructType 1.3.6.1.4.1.311.2.1.4
224114.474:02b4:fixme:cryptasn:CryptDecodeObjectEx Unsupported decoder for lpszStructType 1.3.6.1.4.1.311.2.1.4
224114.719:03e4:err:ole:std_release_marshal_data could not map object ID to stub manager, oxid=3cc000003e4, oid=2
224114.719:03e4:err:ole:CoReleaseMarshalData StdMarshal ReleaseMarshalData failed with error 0x8001011d
224114.719:03e4:fixme:kernelbase:AppPolicyGetProcessTerminationMethod FFFFFFFFFFFFFFFA, 00007FFFFE13FE80
224114.721:02b4:fixme:cryptasn:CryptDecodeObjectEx Unsupported decoder for lpszStructType 1.3.6.1.4.1.311.2.1.4
224114.721:02b4:fixme:cryptasn:CryptDecodeObjectEx Unsupported decoder for lpszStructType 1.3.6.1.4.1.311.2.1.4
224114.990:0378:err:ole:std_release_marshal_data could not map object ID to stub manager, oxid=37400000378, oid=2
224114.990:0378:err:ole:CoReleaseMarshalData StdMarshal ReleaseMarshalData failed with error 0x8001011d
224114.990:0378:fixme:kernelbase:AppPolicyGetProcessTerminationMethod FFFFFFFFFFFFFFFA, 00007FFFFE13FE80
224114.996:02b4:fixme:cryptasn:CryptDecodeObjectEx Unsupported decoder for lpszStructType 1.3.6.1.4.1.311.2.1.4
224114.996:02b4:fixme:cryptasn:CryptDecodeObjectEx Unsupported decoder for lpszStructType 1.3.6.1.4.1.311.2.1.4
224115.230:02a0:err:ole:std_release_marshal_data could not map object ID to stub manager, oxid=2a4000002a0, oid=2
224115.230:02a0:err:ole:CoReleaseMarshalData StdMarshal ReleaseMarshalData failed with error 0x8001011d
224115.230:02a0:fixme:kernelbase:AppPolicyGetProcessTerminationMethod FFFFFFFFFFFFFFFA, 00007FFFFE13FE80
224121.316:03a8:err:ole:std_release_marshal_data could not map object ID to stub manager, oxid=3d0000003a8, oid=2
224121.316:03a8:err:ole:CoReleaseMarshalData StdMarshal ReleaseMarshalData failed with error 0x8001011d
224121.316:03a8:fixme:kernelbase:AppPolicyGetProcessTerminationMethod FFFFFFFFFFFFFFFA, 00007FFFFE13FE80
224121.531:042c:err:ole:std_release_marshal_data could not map object ID to stub manager, oxid=4280000042c, oid=2
224121.532:042c:err:ole:CoReleaseMarshalData StdMarshal ReleaseMarshalData failed with error 0x8001011d
224121.532:042c:fixme:kernelbase:AppPolicyGetProcessTerminationMethod FFFFFFFFFFFFFFFA, 00007FFFFE13FE80
224122.944:04d0:fixme:cryptasn:CryptDecodeObjectEx Unsupported decoder for lpszStructType 1.3.6.1.4.1.311.2.1.4
224122.945:04d0:fixme:cryptasn:CryptDecodeObjectEx Unsupported decoder for lpszStructType 1.3.6.1.4.1.311.2.1.4
224123.232:0498:err:ole:std_release_marshal_data could not map object ID to stub manager, oxid=4e000000498, oid=2
224123.233:0498:err:ole:CoReleaseMarshalData StdMarshal ReleaseMarshalData failed with error 0x8001011d
224123.233:0498:fixme:kernelbase:AppPolicyGetProcessTerminationMethod FFFFFFFFFFFFFFFA, 00007FFFFE13FE80
224123.233:04d0:fixme:cryptasn:CryptDecodeObjectEx Unsupported decoder for lpszStructType 1.3.6.1.4.1.311.2.1.4
224123.233:04d0:fixme:cryptasn:CryptDecodeObjectEx Unsupported decoder for lpszStructType 1.3.6.1.4.1.311.2.1.4
224123.467:04d8:err:ole:std_release_marshal_data could not map object ID to stub manager, oxid=500000004d8, oid=2
224123.467:04d8:err:ole:CoReleaseMarshalData StdMarshal ReleaseMarshalData failed with error 0x8001011d
224123.468:04d8:fixme:kernelbase:AppPolicyGetProcessTerminationMethod FFFFFFFFFFFFFFFA, 00007FFFFE13FE80
224123.468:04d0:fixme:cryptasn:CryptDecodeObjectEx Unsupported decoder for lpszStructType 1.3.6.1.4.1.311.2.1.4
224123.469:04d0:fixme:cryptasn:CryptDecodeObjectEx Unsupported decoder for lpszStructType 1.3.6.1.4.1.311.2.1.4
224123.701:04f8:err:ole:std_release_marshal_data could not map object ID to stub manager, oxid=518000004f8, oid=2
224123.702:04f8:err:ole:CoReleaseMarshalData StdMarshal ReleaseMarshalData failed with error 0x8001011d
224123.702:04d0:fixme:cryptasn:CryptDecodeObjectEx Unsupported decoder for lpszStructType 1.3.6.1.4.1.311.2.1.4
224123.702:04f8:fixme:kernelbase:AppPolicyGetProcessTerminationMethod FFFFFFFFFFFFFFFA, 00007FFFFE13FE80
224123.702:04d0:fixme:cryptasn:CryptDecodeObjectEx Unsupported decoder for lpszStructType 1.3.6.1.4.1.311.2.1.4
224123.982:0520:err:ole:std_release_marshal_data could not map object ID to stub manager, oxid=55000000520, oid=2
224123.982:0520:err:ole:CoReleaseMarshalData StdMarshal ReleaseMarshalData failed with error 0x8001011d
224123.983:0520:fixme:kernelbase:AppPolicyGetProcessTerminationMethod FFFFFFFFFFFFFFFA, 00007FFFFE13FE80
224123.983:04d0:fixme:cryptasn:CryptDecodeObjectEx Unsupported decoder for lpszStructType 1.3.6.1.4.1.311.2.1.4
224123.983:04d0:fixme:cryptasn:CryptDecodeObjectEx Unsupported decoder for lpszStructType 1.3.6.1.4.1.311.2.1.4
224124.188:049c:err:ole:std_release_marshal_data could not map object ID to stub manager, oxid=4680000049c, oid=2
224124.188:049c:err:ole:CoReleaseMarshalData StdMarshal ReleaseMarshalData failed with error 0x8001011d
224124.188:049c:fixme:kernelbase:AppPolicyGetProcessTerminationMethod FFFFFFFFFFFFFFFA, 00007FFFFE13FE80
224124.207:04c4:fixme:ver:GetCurrentPackageId (0248FF00 00000000): stub
224124.242:04d0:fixme:cryptasn:CryptDecodeObjectEx Unsupported decoder for lpszStructType 1.3.6.1.4.1.311.2.1.4
224124.242:04d0:fixme:cryptasn:CryptDecodeObjectEx Unsupported decoder for lpszStructType 1.3.6.1.4.1.311.2.1.4
224124.467:04d0:fixme:cryptasn:CryptDecodeObjectEx Unsupported decoder for lpszStructType 1.3.6.1.4.1.311.2.1.4
224124.467:04d0:fixme:cryptasn:CryptDecodeObjectEx Unsupported decoder for lpszStructType 1.3.6.1.4.1.311.2.1.4
224124.705:0400:err:ole:std_release_marshal_data could not map object ID to stub manager, oxid=4a800000400, oid=2
224124.705:0400:err:ole:CoReleaseMarshalData StdMarshal ReleaseMarshalData failed with error 0x8001011d
224124.706:0400:fixme:kernelbase:AppPolicyGetProcessTerminationMethod FFFFFFFFFFFFFFFA, 00007FFFFE13FE80
224124.706:04d0:fixme:cryptasn:CryptDecodeObjectEx Unsupported decoder for lpszStructType 1.3.6.1.4.1.311.2.1.4
224124.706:04d0:fixme:cryptasn:CryptDecodeObjectEx Unsupported decoder for lpszStructType 1.3.6.1.4.1.311.2.1.4
224124.969:0560:err:ole:std_release_marshal_data could not map object ID to stub manager, oxid=56400000560, oid=2
224124.970:0560:err:ole:CoReleaseMarshalData StdMarshal ReleaseMarshalData failed with error 0x8001011d
224124.971:0560:fixme:kernelbase:AppPolicyGetProcessTerminationMethod FFFFFFFFFFFFFFFA, 00007FFFFE13FE80
224124.976:04d0:fixme:cryptasn:CryptDecodeObjectEx Unsupported decoder for lpszStructType 1.3.6.1.4.1.311.2.1.4
224124.976:04d0:fixme:cryptasn:CryptDecodeObjectEx Unsupported decoder for lpszStructType 1.3.6.1.4.1.311.2.1.4
224125.224:0580:err:ole:std_release_marshal_data could not map object ID to stub manager, oxid=58400000580, oid=2
224125.224:0580:err:ole:CoReleaseMarshalData StdMarshal ReleaseMarshalData failed with error 0x8001011d
224125.225:0580:fixme:kernelbase:AppPolicyGetProcessTerminationMethod FFFFFFFFFFFFFFFA, 00007FFFFE13FE80
224125.238:04d0:fixme:cryptasn:CryptDecodeObjectEx Unsupported decoder for lpszStructType 1.3.6.1.4.1.311.2.1.4
224125.239:04d0:fixme:cryptasn:CryptDecodeObjectEx Unsupported decoder for lpszStructType 1.3.6.1.4.1.311.2.1.4
224125.466:05a0:err:ole:std_release_marshal_data could not map object ID to stub manager, oxid=5a4000005a0, oid=2
224125.466:05a0:err:ole:CoReleaseMarshalData StdMarshal ReleaseMarshalData failed with error 0x8001011d
224125.466:05a0:fixme:kernelbase:AppPolicyGetProcessTerminationMethod FFFFFFFFFFFFFFFA, 00007FFFFE13FE80
224125.957:05ec:err:module:import_dll Library mfc140u.dll (which is needed by L"C:\\Program Files\\Common Files\\Mastercam\\MCPreviewHandler.dll") not found
regsvr32: Failed to load DLL 'C:\Program Files\Common Files\Mastercam\MCPreviewHandler.dll'
regsvr32: Successfully registered DLL 'C:\Program Files\Common Files\Mastercam\mcview.dll'
224127.222:0630:err:module:import_dll Library mfc140u.dll (which is needed by L"C:\\Program Files\\Common Files\\Mastercam\\MCIconHandler.dll") not found
regsvr32: Failed to load DLL 'C:\Program Files\Common Files\Mastercam\MCIconHandler.dll'
224127.245:04c0:err:ole:std_release_marshal_data could not map object ID to stub manager, oxid=510000004c0, oid=2
224127.245:04c0:err:ole:CoReleaseMarshalData StdMarshal ReleaseMarshalData failed with error 0x8001011d
224127.246:04c0:fixme:kernelbase:AppPolicyGetProcessTerminationMethod FFFFFFFFFFFFFFFA, 00007FFFFE13FE80
224127.620:0628:fixme:cryptasn:CryptDecodeObjectEx Unsupported decoder for lpszStructType 1.3.6.1.4.1.311.2.1.4
224127.621:0628:fixme:cryptasn:CryptDecodeObjectEx Unsupported decoder for lpszStructType 1.3.6.1.4.1.311.2.1.4
224127.860:0638:err:ole:std_release_marshal_data could not map object ID to stub manager, oxid=65400000638, oid=2
224127.860:0638:err:ole:CoReleaseMarshalData StdMarshal ReleaseMarshalData failed with error 0x8001011d
224127.861:0638:fixme:kernelbase:AppPolicyGetProcessTerminationMethod FFFFFFFFFFFFFFFA, 00007FFFFE13FE80
224127.863:0628:fixme:cryptasn:CryptDecodeObjectEx Unsupported decoder for lpszStructType 1.3.6.1.4.1.311.2.1.4
224127.863:0628:fixme:cryptasn:CryptDecodeObjectEx Unsupported decoder for lpszStructType 1.3.6.1.4.1.311.2.1.4
224128.117:0650:err:ole:std_release_marshal_data could not map object ID to stub manager, oxid=67800000650, oid=2
224128.118:0650:err:ole:CoReleaseMarshalData StdMarshal ReleaseMarshalData failed with error 0x8001011d
224128.118:0650:fixme:kernelbase:AppPolicyGetProcessTerminationMethod FFFFFFFFFFFFFFFA, 00007FFFFE13FE80
224128.119:0628:fixme:cryptasn:CryptDecodeObjectEx Unsupported decoder for lpszStructType 1.3.6.1.4.1.311.2.1.4
224128.119:0628:fixme:cryptasn:CryptDecodeObjectEx Unsupported decoder for lpszStructType 1.3.6.1.4.1.311.2.1.4
224128.350:0670:err:ole:std_release_marshal_data could not map object ID to stub manager, oxid=69800000670, oid=2
224128.350:0670:err:ole:CoReleaseMarshalData StdMarshal ReleaseMarshalData failed with error 0x8001011d
224128.351:0670:fixme:kernelbase:AppPolicyGetProcessTerminationMethod FFFFFFFFFFFFFFFA, 00007FFFFE13FE80
224128.353:0628:fixme:cryptasn:CryptDecodeObjectEx Unsupported decoder for lpszStructType 1.3.6.1.4.1.311.2.1.4
224128.353:0628:fixme:cryptasn:CryptDecodeObjectEx Unsupported decoder for lpszStructType 1.3.6.1.4.1.311.2.1.4
224128.583:0628:fixme:cryptasn:CryptDecodeObjectEx Unsupported decoder for lpszStructType 1.3.6.1.4.1.311.2.1.4
224128.583:0628:fixme:cryptasn:CryptDecodeObjectEx Unsupported decoder for lpszStructType 1.3.6.1.4.1.311.2.1.4
224128.583:05c4:err:ole:std_release_marshal_data could not map object ID to stub manager, oxid=5d8000005c4, oid=2
224128.584:05c4:err:ole:CoReleaseMarshalData StdMarshal ReleaseMarshalData failed with error 0x8001011d
224128.584:05c4:fixme:kernelbase:AppPolicyGetProcessTerminationMethod FFFFFFFFFFFFFFFA, 00007FFFFE13FE80
224128.794:0680:err:ole:std_release_marshal_data could not map object ID to stub manager, oxid=61c00000680, oid=2
224128.795:0680:err:ole:CoReleaseMarshalData StdMarshal ReleaseMarshalData failed with error 0x8001011d
224128.795:0680:fixme:kernelbase:AppPolicyGetProcessTerminationMethod FFFFFFFFFFFFFFFA, 00007FFFFE13FE80
224128.805:0604:fixme:ver:GetCurrentPackageId (0248FF00 00000000): stub
224128.844:0628:fixme:cryptasn:CryptDecodeObjectEx Unsupported decoder for lpszStructType 1.3.6.1.4.1.311.2.1.4
224128.844:0628:fixme:cryptasn:CryptDecodeObjectEx Unsupported decoder for lpszStructType 1.3.6.1.4.1.311.2.1.4
224129.044:0628:fixme:cryptasn:CryptDecodeObjectEx Unsupported decoder for lpszStructType 1.3.6.1.4.1.311.2.1.4
224129.044:0628:fixme:cryptasn:CryptDecodeObjectEx Unsupported decoder for lpszStructType 1.3.6.1.4.1.311.2.1.4
224129.260:06b8:err:ole:std_release_marshal_data could not map object ID to stub manager, oxid=6b4000006b8, oid=2
224129.260:06b8:err:ole:CoReleaseMarshalData StdMarshal ReleaseMarshalData failed with error 0x8001011d
224129.260:06b8:fixme:kernelbase:AppPolicyGetProcessTerminationMethod FFFFFFFFFFFFFFFA, 00007FFFFE13FE80
224129.261:0628:fixme:cryptasn:CryptDecodeObjectEx Unsupported decoder for lpszStructType 1.3.6.1.4.1.311.2.1.4
224129.262:0628:fixme:cryptasn:CryptDecodeObjectEx Unsupported decoder for lpszStructType 1.3.6.1.4.1.311.2.1.4
224129.485:06d8:err:ole:std_release_marshal_data could not map object ID to stub manager, oxid=6d4000006d8, oid=2
224129.485:06d8:err:ole:CoReleaseMarshalData StdMarshal ReleaseMarshalData failed with error 0x8001011d
224129.486:06d8:fixme:kernelbase:AppPolicyGetProcessTerminationMethod FFFFFFFFFFFFFFFA, 00007FFFFE13FE80
224129.486:0628:fixme:cryptasn:CryptDecodeObjectEx Unsupported decoder for lpszStructType 1.3.6.1.4.1.311.2.1.4
224129.486:0628:fixme:cryptasn:CryptDecodeObjectEx Unsupported decoder for lpszStructType 1.3.6.1.4.1.311.2.1.4
224129.729:06f8:err:ole:std_release_marshal_data could not map object ID to stub manager, oxid=6f4000006f8, oid=2
224129.729:06f8:err:ole:CoReleaseMarshalData StdMarshal ReleaseMarshalData failed with error 0x8001011d
224129.730:06f8:fixme:kernelbase:AppPolicyGetProcessTerminationMethod FFFFFFFFFFFFFFFA, 00007FFFFE13FE80
224129.761:0628:fixme:cryptasn:CryptDecodeObjectEx Unsupported decoder for lpszStructType 1.3.6.1.4.1.311.2.1.4
224129.762:0628:fixme:cryptasn:CryptDecodeObjectEx Unsupported decoder for lpszStructType 1.3.6.1.4.1.311.2.1.4
224129.948:0738:err:ole:std_release_marshal_data could not map object ID to stub manager, oxid=73400000738, oid=2
224129.948:0738:err:ole:CoReleaseMarshalData StdMarshal ReleaseMarshalData failed with error 0x8001011d
224129.949:0738:fixme:kernelbase:AppPolicyGetProcessTerminationMethod FFFFFFFFFFFFFFFA, 00007FFFFE13FE80
224130.034:06a4:err:ole:std_release_marshal_data could not map object ID to stub manager, oxid=55c000006a4, oid=2
224130.034:06a4:err:ole:CoReleaseMarshalData StdMarshal ReleaseMarshalData failed with error 0x8001011d
224130.034:06a4:fixme:kernelbase:AppPolicyGetProcessTerminationMethod FFFFFFFFFFFFFFFA, 00007FFFFE13FE80
224130.171:0780:fixme:cryptasn:CryptDecodeObjectEx Unsupported decoder for lpszStructType 1.3.6.1.4.1.311.2.1.4
224130.171:0780:fixme:cryptasn:CryptDecodeObjectEx Unsupported decoder for lpszStructType 1.3.6.1.4.1.311.2.1.4
224130.349:0790:err:ole:std_release_marshal_data could not map object ID to stub manager, oxid=78800000790, oid=2
224130.349:0790:err:ole:CoReleaseMarshalData StdMarshal ReleaseMarshalData failed with error 0x8001011d
224130.349:0790:fixme:kernelbase:AppPolicyGetProcessTerminationMethod FFFFFFFFFFFFFFFA, 00007FFFFE13FE80
224130.350:0780:fixme:cryptasn:CryptDecodeObjectEx Unsupported decoder for lpszStructType 1.3.6.1.4.1.311.2.1.4
224130.350:0780:fixme:cryptasn:CryptDecodeObjectEx Unsupported decoder for lpszStructType 1.3.6.1.4.1.311.2.1.4
224130.589:07b0:err:ole:std_release_marshal_data could not map object ID to stub manager, oxid=7a8000007b0, oid=2
224130.590:07b0:err:ole:CoReleaseMarshalData StdMarshal ReleaseMarshalData failed with error 0x8001011d
224130.591:07b0:fixme:kernelbase:AppPolicyGetProcessTerminationMethod FFFFFFFFFFFFFFFA, 00007FFFFE13FE80
224130.600:0780:fixme:cryptasn:CryptDecodeObjectEx Unsupported decoder for lpszStructType 1.3.6.1.4.1.311.2.1.4
224130.601:0780:fixme:cryptasn:CryptDecodeObjectEx Unsupported decoder for lpszStructType 1.3.6.1.4.1.311.2.1.4
224130.823:0744:err:ole:std_release_marshal_data could not map object ID to stub manager, oxid=7c800000744, oid=2
224130.824:0744:err:ole:CoReleaseMarshalData StdMarshal ReleaseMarshalData failed with error 0x8001011d
224130.824:0744:fixme:kernelbase:AppPolicyGetProcessTerminationMethod FFFFFFFFFFFFFFFA, 00007FFFFE13FE80
224130.825:0780:fixme:cryptasn:CryptDecodeObjectEx Unsupported decoder for lpszStructType 1.3.6.1.4.1.311.2.1.4
224130.825:0780:fixme:cryptasn:CryptDecodeObjectEx Unsupported decoder for lpszStructType 1.3.6.1.4.1.311.2.1.4
224131.122:0684:err:ole:std_release_marshal_data could not map object ID to stub manager, oxid=71800000684, oid=2
224131.122:0684:err:ole:CoReleaseMarshalData StdMarshal ReleaseMarshalData failed with error 0x8001011d
224131.122:0684:fixme:kernelbase:AppPolicyGetProcessTerminationMethod FFFFFFFFFFFFFFFA, 00007FFFFE13FE80
224131.122:0780:fixme:cryptasn:CryptDecodeObjectEx Unsupported decoder for lpszStructType 1.3.6.1.4.1.311.2.1.4
224131.123:0780:fixme:cryptasn:CryptDecodeObjectEx Unsupported decoder for lpszStructType 1.3.6.1.4.1.311.2.1.4
224131.317:075c:err:ole:std_release_marshal_data could not map object ID to stub manager, oxid=76c0000075c, oid=2
224131.317:075c:err:ole:CoReleaseMarshalData StdMarshal ReleaseMarshalData failed with error 0x8001011d
224131.317:075c:fixme:kernelbase:AppPolicyGetProcessTerminationMethod FFFFFFFFFFFFFFFA, 00007FFFFE13FE80
224131.324:02ac:fixme:ver:GetCurrentPackageId (0248FF00 00000000): stub
224131.364:0780:fixme:cryptasn:CryptDecodeObjectEx Unsupported decoder for lpszStructType 1.3.6.1.4.1.311.2.1.4
224131.364:0780:fixme:cryptasn:CryptDecodeObjectEx Unsupported decoder for lpszStructType 1.3.6.1.4.1.311.2.1.4
224131.649:0780:fixme:cryptasn:CryptDecodeObjectEx Unsupported decoder for lpszStructType 1.3.6.1.4.1.311.2.1.4
224131.649:0780:fixme:cryptasn:CryptDecodeObjectEx Unsupported decoder for lpszStructType 1.3.6.1.4.1.311.2.1.4
224131.941:07fc:err:ole:std_release_marshal_data could not map object ID to stub manager, oxid=6ac000007fc, oid=2
224131.941:07fc:err:ole:CoReleaseMarshalData StdMarshal ReleaseMarshalData failed with error 0x8001011d
224131.942:07fc:fixme:kernelbase:AppPolicyGetProcessTerminationMethod FFFFFFFFFFFFFFFA, 00007FFFFE13FE80
224131.943:0780:fixme:cryptasn:CryptDecodeObjectEx Unsupported decoder for lpszStructType 1.3.6.1.4.1.311.2.1.4
224131.943:0780:fixme:cryptasn:CryptDecodeObjectEx Unsupported decoder for lpszStructType 1.3.6.1.4.1.311.2.1.4
224132.189:081c:err:ole:std_release_marshal_data could not map object ID to stub manager, oxid=8080000081c, oid=2
224132.190:081c:err:ole:CoReleaseMarshalData StdMarshal ReleaseMarshalData failed with error 0x8001011d
224132.190:081c:fixme:kernelbase:AppPolicyGetProcessTerminationMethod FFFFFFFFFFFFFFFA, 00007FFFFE13FE80
224132.191:0780:fixme:cryptasn:CryptDecodeObjectEx Unsupported decoder for lpszStructType 1.3.6.1.4.1.311.2.1.4
224132.191:0780:fixme:cryptasn:CryptDecodeObjectEx Unsupported decoder for lpszStructType 1.3.6.1.4.1.311.2.1.4
224132.451:00ac:err:ole:std_release_marshal_data could not map object ID to stub manager, oxid=68000000ac, oid=2
224132.451:00ac:err:ole:CoReleaseMarshalData StdMarshal ReleaseMarshalData failed with error 0x8001011d
224132.451:00ac:fixme:kernelbase:AppPolicyGetProcessTerminationMethod FFFFFFFFFFFFFFFA, 00007FFFFE13FE80
224132.456:0780:fixme:cryptasn:CryptDecodeObjectEx Unsupported decoder for lpszStructType 1.3.6.1.4.1.311.2.1.4
224132.456:0780:fixme:cryptasn:CryptDecodeObjectEx Unsupported decoder for lpszStructType 1.3.6.1.4.1.311.2.1.4
224132.760:0094:err:ole:std_release_marshal_data could not map object ID to stub manager, oxid=dc00000094, oid=2
224132.760:0094:err:ole:CoReleaseMarshalData StdMarshal ReleaseMarshalData failed with error 0x8001011d
224132.761:0094:fixme:kernelbase:AppPolicyGetProcessTerminationMethod FFFFFFFFFFFFFFFA, 00007FFFFE13FE80
224132.817:0764:err:ole:std_release_marshal_data could not map object ID to stub manager, oxid=75400000764, oid=2
224132.817:0764:err:ole:CoReleaseMarshalData StdMarshal ReleaseMarshalData failed with error 0x8001011d
224132.817:0764:fixme:kernelbase:AppPolicyGetProcessTerminationMethod FFFFFFFFFFFFFFFA, 00007FFFFE13FE80
