cmd=# nonce 1791043337.227081179
$ErrorActionPreference='Continue'
"admin=" + ([Security.Principal.WindowsPrincipal][Security.Principal.WindowsIdentity]::GetCurrent()).IsInRole([Security.Principal.WindowsBuiltInRole]::Administrator)
"user=$env:USERNAME computer=$env:COMPUTERNAME"
"cmd Register-ScheduledTask -> " + [bool](Get-Command Register-ScheduledTask -ErrorAction SilentlyContinue)
"--- boot log ---"
if (Test-Path C:\vm_mc_boot.log) { Get-Content C:\vm_mc_boot.log -Tail 30 } else { 'no boot log' }
"--- schtasks query ---"
schtasks.exe /query /tn McElevBoot /v /fo LIST 2>&1 | Select-Object -First 25
"--- processes ---"
Get-Process | Where-Object { $_.ProcessName -match 'setup|msiexec|powershell|Mastercam' } | ForEach-Object { "{0} {1} {2}" -f $_.Id, $_.ProcessName, $_.MainWindowTitle }
"--- window titles ---"
Get-Process | Where-Object { $_.MainWindowTitle } | ForEach-Object { $_.ProcessName + ' | ' + $_.MainWindowTitle }
"--- last task run info ---"
try { Get-ScheduledTaskInfo -TaskName McElevBoot -ErrorAction Stop | Format-List * | Out-String } catch { "Get-ScheduledTaskInfo failed: " + $_.Exception.Message }
"done"
start=2026-10-03T09:02:20.9701228-07:00
rc=0
end=2026-10-03T09:02:23.9134686-07:00
--- output ---
admin=False
user=adsf computer=ASDF
cmd Register-ScheduledTask -> True
--- boot log ---
no boot log
--- schtasks query ---
schtasks.exe : ERROR: The system cannot find the file specified.
At line:9 char:1
+ schtasks.exe /query /tn McElevBoot /v /fo LIST 2>&1 | Select-Object - ...
+ ~~~~~~~~~~~~~~~~~~~~~~~~~~~~~~~~~~~~~~~~~~~~~~~~~~~
    + CategoryInfo          : NotSpecified: (ERROR: The syst...file specified.:String) [], RemoteException
    + FullyQualifiedErrorId : NativeCommandError
 

--- processes ---
9968 powershell 
10968 powershell 
--- window titles ---
msedge | cmd - Search - Profile 1 - Microsoft​ Edge
Notepad | Untitled - Notepad
WindowsTerminal | powershell
--- last task run info ---
Get-ScheduledTaskInfo failed: The system cannot find the file specified.

done

