cmd=# nonce 1791042882.276378899
$ErrorActionPreference='Continue'
$free=[math]::Round((Get-PSDrive C).Free/1GB,2)
"freeGB=$free usedGB=$([math]::Round((Get-PSDrive C).Used/1GB,2))"
"drives=" + ((Get-PSDrive -PSProvider FileSystem | ForEach-Object { $_.Name + '=' + [math]::Round($_.Free/1GB,1) + 'G' }) -join ' ')
$mc = Get-Item C:\mc.exe -ErrorAction SilentlyContinue
"mc.exe=" + ($(if($mc){$mc.Length}else{'absent'}))
$paths = @('C:\Users\adsf\Downloads','C:\Windows\Temp','C:\Users\adsf\AppData\Local\Temp','C:\Windows\Installer','C:\Windows.old','C:\Program Files','C:\Program Files (x86)','C:\ProgramData','C:\Users\adsf\Documents','C:\Users\adsf\AppData\Local','C:\seref','C:\Users\Public\Documents')
foreach ($p in $paths) {
  if (Test-Path $p) {
    $s = (Get-ChildItem $p -Recurse -File -Force -ErrorAction SilentlyContinue | Measure-Object Length -Sum)
    "{0,-45} {1,12:N0} MB  {2} files" -f $p, ($s.Sum/1MB), $s.Count
  } else { "{0,-45} absent" -f $p }
}
"--- biggest single files under C:\Users ---"
Get-ChildItem C:\Users -Recurse -File -Force -ErrorAction SilentlyContinue | Where-Object Length -gt 200MB | Sort-Object Length -Descending | Select-Object -First 20 | ForEach-Object { "{0,12:N0} MB  {1}" -f ($_.Length/1MB), $_.FullName }
"--- biggest single files under C:\Windows ---"
Get-ChildItem C:\Windows -Recurse -File -Force -ErrorAction SilentlyContinue | Where-Object Length -gt 400MB | Sort-Object Length -Descending | Select-Object -First 10 | ForEach-Object { "{0,12:N0} MB  {1}" -f ($_.Length/1MB), $_.FullName }
"--- recycle bin ---"
$rb=(Get-ChildItem 'C:\$Recycle.Bin' -Recurse -File -Force -ErrorAction SilentlyContinue | Measure-Object Length -Sum)
"recycle={0:N0} MB" -f ($rb.Sum/1MB)
"--- volumes ---"
Get-Volume | ForEach-Object { "{0} {1} {2:N1}GB free of {3:N1}GB" -f $_.DriveLetter, $_.FileSystemLabel, ($_.SizeRemaining/1GB), ($_.Size/1GB) }
"--- existing Mastercam? ---"
foreach ($p in 'C:\Program Files\Mastercam 2027','C:\Program Files\mcam','C:\Program Files (x86)\Mastercam 2027','C:\Program Files\Common Files\Mastercam') { "{0} -> {1}" -f $p, (Test-Path $p) }
"done"
start=2026-10-03T08:54:42.9241666-07:00
rc=0
end=2026-10-03T09:00:30.6913478-07:00
--- output ---
freeGB=5.45 usedGB=57.47
drives=C=5.5G D=0G
mc.exe=absent
C:\Users\adsf\Downloads                              2,298 MB  3 files
C:\Windows\Temp                                          0 MB  0 files
C:\Users\adsf\AppData\Local\Temp                     3,972 MB  114 files
C:\Windows\Installer                                   992 MB  56 files
C:\Windows.old                                absent
C:\Program Files                                    11,764 MB  17532 files
C:\Program Files (x86)                               6,556 MB  6953 files
C:\ProgramData                                       2,195 MB  1577 files
C:\Users\adsf\Documents                                  2 MB  265 files
C:\Users\adsf\AppData\Local                          5,938 MB  10441 files
C:\seref                                                 0 MB  4 files
C:\Users\Public\Documents                                0 MB  1 files
--- biggest single files under C:\Users ---
       2,018 MB  C:\Users\adsf\AppData\Local\Temp\mcsize.txt
       1,636 MB  C:\Users\adsf\Downloads\ResArena.exe
         662 MB  C:\Users\adsf\Downloads\PBIDesktopSetup_x64.exe
         410 MB  C:\Users\adsf\AppData\Local\Temp\odis_download_dest\CD7B27DF-1BAC-34D5-A795-464D9A4755FD\pkg.odis.tar
         410 MB  C:\Users\adsf\AppData\Local\Temp\odis_download_dest\14695981039346656038\ODIS\AdODIS-installer.exe
         236 MB  C:\Users\adsf\AppData\Local\Temp\{8658A469-1448-38DD-8981-8BED78BCCF9D}\x64\ASC2\ASC.exe
--- biggest single files under C:\Windows ---
         672 MB  C:\Windows\Installer\6bc1389.msi
--- recycle bin ---
recycle=0 MB
--- volumes ---
E MCMEDIA 0.0GB free of 2.2GB
  0.1GB free of 0.9GB
D GSHARE 0.0GB free of 0.0GB
C  5.4GB free of 62.9GB
--- existing Mastercam? ---
C:\Program Files\Mastercam 2027 -> False
C:\Program Files\mcam -> False
C:\Program Files (x86)\Mastercam 2027 -> False
C:\Program Files\Common Files\Mastercam -> False
done

