
2026-10-03T09:03:27.4627317-07:00 elevated=True
2026-10-03T09:03:27.4807876-07:00 user=adsf TEMP=C:\Users\adsf\AppData\Local\Temp
2026-10-03T09:03:28.2336313-07:00 freeGB=10.13
2026-10-03T09:03:35.2198604-07:00 volumes=E:CD-ROM:0.0G/... :Fixed:0.1G/... :Fixed:0.2G/... D:CD-ROM:0.0G/... C:Fixed:10.1G/...
2026-10-03T09:03:35.6305273-07:00 media=E:\
2026-10-03T09:03:35.6425063-07:00 media_root:
2026-10-03T09:03:35.7145319-07:00   SetupPrerequisites
2026-10-03T09:03:35.7286887-07:00   mastercam
2026-10-03T09:03:35.7467278-07:00   support
2026-10-03T09:03:35.8088641-07:00   ProductCodes.dat
2026-10-03T09:03:35.8291747-07:00   datapaths.ini
2026-10-03T09:03:35.8456621-07:00   setup.exe
2026-10-03T09:03:35.8537998-07:00 datapaths.ini:
2026-10-03T09:03:35.9689665-07:00   ;; datapaths.ini
2026-10-03T09:03:35.9750971-07:00   
2026-10-03T09:03:35.9787060-07:00   [DestinationDirectory]
2026-10-03T09:03:36.0113952-07:00   PROGRAMFILESFOLDER\Mastercam 2027
2026-10-03T09:03:36.0212354-07:00   
2026-10-03T09:03:36.0390770-07:00   [SharedDefaultsFolder]
2026-10-03T09:03:36.0671919-07:00   PUBLICDOCUMENTS\Shared Mastercam 2027
2026-10-03T09:03:36.0869017-07:00 starting E:\setup.exe
2026-10-03T09:03:36.9845156-07:00 setup_pid=5756
2026-10-03T09:03:52.2996848-07:00 t=0s alive=True freeGB=10.13 windows: msedge|cmd - Search - Profile 1 - Microsoft​ Edge ;; Notepad|Untitled - Notepad ;; powershell|Administrator: Windows PowerShell ;; WindowsTerminal|powershell
2026-10-03T09:04:07.8159841-07:00 t=15s alive=True freeGB=10.13 windows: msedge|cmd - Search - Profile 1 - Microsoft​ Edge ;; Notepad|Untitled - Notepad ;; powershell|Administrator: Windows PowerShell ;; WindowsTerminal|powershell
2026-10-03T09:04:23.3549202-07:00 t=30s alive=True freeGB=10.14 windows: msedge|cmd - Search - Profile 1 - Microsoft​ Edge ;; Notepad|Untitled - Notepad ;; powershell|Administrator: Windows PowerShell ;; WindowsTerminal|powershell
2026-10-03T09:04:38.8960498-07:00 t=45s alive=True freeGB=10.14 windows: msedge|cmd - Search - Profile 1 - Microsoft​ Edge ;; Notepad|Untitled - Notepad ;; powershell|Administrator: Windows PowerShell ;; WindowsTerminal|powershell
2026-10-03T09:04:54.1729185-07:00 t=60s alive=True freeGB=10.14 windows: msedge|cmd - Search - Profile 1 - Microsoft​ Edge ;; Notepad|Untitled - Notepad ;; powershell|Administrator: Windows PowerShell ;; WindowsTerminal|powershell
2026-10-03T09:05:09.5048065-07:00 t=75s alive=True freeGB=10.14 windows: msedge|cmd - Search - Profile 1 - Microsoft​ Edge ;; Notepad|Untitled - Notepad ;; powershell|Administrator: Windows PowerShell ;; WindowsTerminal|powershell
2026-10-03T09:05:24.7962508-07:00 t=90s alive=True freeGB=10.14 windows: msedge|cmd - Search - Profile 1 - Microsoft​ Edge ;; Notepad|Untitled - Notepad ;; powershell|Administrator: Windows PowerShell ;; WindowsTerminal|powershell
2026-10-03T09:05:40.1388206-07:00 t=105s alive=True freeGB=10.14 windows: msedge|cmd - Search - Profile 1 - Microsoft​ Edge ;; Notepad|Untitled - Notepad ;; powershell|Administrator: Windows PowerShell ;; WindowsTerminal|powershell
2026-10-03T09:05:55.9577067-07:00 t=120s alive=True freeGB=10.14 windows: msedge|cmd - Search - Profile 1 - Microsoft​ Edge ;; Notepad|Untitled - Notepad ;; powershell|Administrator: Windows PowerShell ;; WindowsTerminal|powershell
2026-10-03T09:06:11.3415366-07:00 t=135s alive=True freeGB=10.14 windows: powershell|Administrator: Windows PowerShell ;; WindowsTerminal|powershell
2026-10-03T09:06:26.5378130-07:00 t=150s alive=True freeGB=10.14 windows: powershell|Administrator: Windows PowerShell ;; WindowsTerminal|powershell
2026-10-03T09:06:41.9315890-07:00 t=165s alive=True freeGB=10.14 windows: powershell|Administrator: Windows PowerShell ;; WindowsTerminal|powershell
2026-10-03T09:06:57.2273753-07:00 t=180s alive=True freeGB=10.14 windows: powershell|Administrator: Windows PowerShell ;; WindowsTerminal|powershell
2026-10-03T09:07:12.4931263-07:00 t=195s alive=True freeGB=10.14 windows: powershell|Administrator: Windows PowerShell ;; powershell|Administrator: Windows PowerShell ;; WindowsTerminal|powershell
2026-10-03T09:07:27.8683702-07:00 t=210s alive=True freeGB=10.14 windows: powershell|Administrator: Windows PowerShell ;; powershell|Administrator: Windows PowerShell ;; WindowsTerminal|powershell
2026-10-03T09:07:43.1659618-07:00 t=225s alive=True freeGB=10.14 windows: powershell|Administrator: Windows PowerShell ;; powershell|Administrator: Windows PowerShell ;; WindowsTerminal|powershell
2026-10-03T09:07:58.4425491-07:00 t=240s alive=True freeGB=10.14 windows: powershell|Administrator: Windows PowerShell ;; setup|2027 (Build 29.0.10172.0) ;; WindowsTerminal|powershell
2026-10-03T09:08:13.6758946-07:00 t=255s alive=True freeGB=10.14 windows: powershell|Administrator: Windows PowerShell ;; setup|2027 (Build 29.0.10172.0) ;; WindowsTerminal|powershell
2026-10-03T09:08:28.9827366-07:00 t=270s alive=True freeGB=10.14 windows: powershell|Administrator: Windows PowerShell ;; setup|2027 (Build 29.0.10172.0) ;; WindowsTerminal|powershell
2026-10-03T09:08:44.3022783-07:00 t=285s alive=True freeGB=10.14 windows: powershell|Administrator: Windows PowerShell ;; setup|2027 (Build 29.0.10172.0) ;; WindowsTerminal|powershell
2026-10-03T09:08:59.6954624-07:00 t=300s alive=True freeGB=10.14 windows: powershell|Administrator: Windows PowerShell ;; setup|2027 (Build 29.0.10172.0) ;; WindowsTerminal|powershell
2026-10-03T09:09:15.0706911-07:00 t=315s alive=True freeGB=10.14 windows: powershell|Administrator: Windows PowerShell ;; setup|2027 (Build 29.0.10172.0) ;; WindowsTerminal|powershell
2026-10-03T09:09:30.4760701-07:00 t=330s alive=True freeGB=10.14 windows: powershell|Administrator: Windows PowerShell ;; setup|2027 (Build 29.0.10172.0) ;; WindowsTerminal|powershell
2026-10-03T09:09:45.7486586-07:00 t=345s alive=True freeGB=10.14 windows: powershell|Administrator: Windows PowerShell ;; setup|2027 (Build 29.0.10172.0) ;; WindowsTerminal|powershell
2026-10-03T09:10:01.1132023-07:00 t=360s alive=True freeGB=10.14 windows: powershell|Administrator: Windows PowerShell ;; setup|2027 (Build 29.0.10172.0) ;; WindowsTerminal|powershell
2026-10-03T09:10:16.4997809-07:00 t=375s alive=True freeGB=10.14 windows: powershell|Administrator: Windows PowerShell ;; setup|2027 (Build 29.0.10172.0) ;; WindowsTerminal|powershell
2026-10-03T09:10:32.1123716-07:00 t=390s alive=True freeGB=10.14 windows: powershell|Administrator: Windows PowerShell ;; setup|2027 (Build 29.0.10172.0) ;; WindowsTerminal|powershell
2026-10-03T09:10:47.4606218-07:00 t=405s alive=True freeGB=10.14 windows: powershell|Administrator: Windows PowerShell ;; setup|2027 (Build 29.0.10172.0) ;; WindowsTerminal|powershell
2026-10-03T09:11:02.7799414-07:00 t=420s alive=True freeGB=10.14 windows: powershell|Administrator: Windows PowerShell ;; setup|2027 (Build 29.0.10172.0) ;; WindowsTerminal|powershell
2026-10-03T09:11:18.1224236-07:00 t=435s alive=True freeGB=10.14 windows: powershell|Administrator: Windows PowerShell ;; setup|2027 (Build 29.0.10172.0) ;; WindowsTerminal|powershell
2026-10-03T09:11:33.4986286-07:00 t=450s alive=True freeGB=10.14 windows: powershell|Administrator: Windows PowerShell ;; setup|2027 (Build 29.0.10172.0) ;; WindowsTerminal|powershell
2026-10-03T09:11:48.9277041-07:00 t=465s alive=True freeGB=10.14 windows: powershell|Administrator: Windows PowerShell ;; setup|2027 (Build 29.0.10172.0) ;; WindowsTerminal|powershell
2026-10-03T09:12:04.2597825-07:00 t=480s alive=True freeGB=10.14 windows: powershell|Administrator: Windows PowerShell ;; setup|2027 (Build 29.0.10172.0) ;; WindowsTerminal|powershell
2026-10-03T09:12:19.6012617-07:00 t=495s alive=True freeGB=10.14 windows: powershell|Administrator: Windows PowerShell ;; setup|2027 (Build 29.0.10172.0) ;; WindowsTerminal|powershell
2026-10-03T09:12:35.0167598-07:00 t=510s alive=True freeGB=10.14 windows: powershell|Administrator: Windows PowerShell ;; setup|2027 (Build 29.0.10172.0) ;; WindowsTerminal|powershell
2026-10-03T09:12:50.2406263-07:00 t=525s alive=True freeGB=10.14 windows: powershell|Administrator: Windows PowerShell ;; setup|2027 (Build 29.0.10172.0) ;; WindowsTerminal|powershell
2026-10-03T09:13:05.7085326-07:00 t=540s alive=True freeGB=10.14 windows: powershell|Administrator: Windows PowerShell ;; setup|2027 (Build 29.0.10172.0) ;; WindowsTerminal|powershell
2026-10-03T09:13:21.1830829-07:00 t=555s alive=True freeGB=10.14 windows: powershell|Administrator: Windows PowerShell ;; setup|2027 (Build 29.0.10172.0) ;; WindowsTerminal|powershell
2026-10-03T09:13:36.5680332-07:00 t=570s alive=True freeGB=10.14 windows: powershell|Administrator: Windows PowerShell ;; setup|2027 (Build 29.0.10172.0) ;; WindowsTerminal|powershell
2026-10-03T09:13:51.9089162-07:00 t=585s alive=True freeGB=10.14 windows: powershell|Administrator: Windows PowerShell ;; setup|2027 (Build 29.0.10172.0) ;; WindowsTerminal|powershell
2026-10-03T09:14:07.3859016-07:00 t=600s alive=True freeGB=10.14 windows: powershell|Administrator: Windows PowerShell ;; setup|2027 (Build 29.0.10172.0) ;; WindowsTerminal|powershell
2026-10-03T09:14:22.7018936-07:00 t=615s alive=True freeGB=10.14 windows: powershell|Administrator: Windows PowerShell ;; powershell|Administrator: Windows PowerShell ;; setup|2027 (Build 29.0.10172.0) ;; WindowsTerminal|powershell
2026-10-03T09:14:38.0714597-07:00 t=630s alive=True freeGB=10.14 windows: powershell|Administrator: Windows PowerShell ;; powershell|Administrator: Windows PowerShell ;; setup|2027 (Build 29.0.10172.0) ;; WindowsTerminal|powershell
2026-10-03T09:14:53.3505661-07:00 t=645s alive=True freeGB=10.14 windows: powershell|Administrator: Windows PowerShell ;; powershell|Administrator: Windows PowerShell ;; setup|2027 (Build 29.0.10172.0) ;; WindowsTerminal|powershell
2026-10-03T09:15:09.1185803-07:00 t=660s alive=True freeGB=10.14 windows: powershell|Administrator: Windows PowerShell ;; powershell|Administrator: Windows PowerShell ;; setup|2027 (Build 29.0.10172.0) ;; WindowsTerminal|powershell
2026-10-03T09:15:24.6041931-07:00 t=675s alive=True freeGB=10.14 windows: powershell|Administrator: Windows PowerShell ;; powershell|Administrator: Windows PowerShell ;; setup|2027 (Build 29.0.10172.0) ;; WindowsTerminal|powershell
2026-10-03T09:15:39.8148789-07:00 t=690s alive=True freeGB=10.14 windows: powershell|Administrator: Windows PowerShell ;; powershell|Administrator: Windows PowerShell ;; setup|2027 (Build 29.0.10172.0) ;; WindowsTerminal|powershell
2026-10-03T09:15:55.1881030-07:00 t=705s alive=True freeGB=10.14 windows: powershell|Administrator: Windows PowerShell ;; powershell|Administrator: Windows PowerShell ;; setup|2027 (Build 29.0.10172.0) ;; WindowsTerminal|powershell
2026-10-03T09:16:10.6176414-07:00 t=720s alive=True freeGB=10.14 windows: powershell|Administrator: Windows PowerShell ;; powershell|Administrator: Windows PowerShell ;; WindowsTerminal|powershell
2026-10-03T09:16:26.1972548-07:00 t=735s alive=True freeGB=10.14 windows: powershell|Administrator: Windows PowerShell ;; powershell|Administrator: Windows PowerShell ;; WindowsTerminal|powershell
2026-10-03T09:16:41.8829182-07:00 t=750s alive=True freeGB=10.14 windows: powershell|Administrator: Windows PowerShell ;; powershell|Administrator: Windows PowerShell ;; WindowsTerminal|powershell
2026-10-03T09:16:57.5404179-07:00 t=765s alive=True freeGB=10.14 windows: powershell|Administrator: Windows PowerShell ;; powershell|Administrator: Windows PowerShell ;; setup|2027 (Build 29.0.10172.0) ;; WindowsTerminal|powershell
2026-10-03T09:17:13.0993576-07:00 t=780s alive=True freeGB=10.14 windows: powershell|Administrator: Windows PowerShell ;; powershell|Administrator: Windows PowerShell ;; WindowsTerminal|powershell
2026-10-03T09:17:28.5144392-07:00 t=795s alive=True freeGB=10.14 windows: powershell|Administrator: Windows PowerShell ;; powershell|Administrator: Windows PowerShell ;; WindowsTerminal|powershell
2026-10-03T09:17:44.0740109-07:00 t=810s alive=True freeGB=10.14 windows: powershell|Administrator: Windows PowerShell ;; powershell|Administrator: Windows PowerShell ;; WindowsTerminal|powershell
2026-10-03T09:17:59.7132257-07:00 t=825s alive=True freeGB=10.14 windows: powershell|Administrator: Windows PowerShell ;; powershell|Administrator: Windows PowerShell ;; setup|2027 (Build 29.0.10172.0) ;; WindowsTerminal|powershell
2026-10-03T09:18:15.1547881-07:00 t=840s alive=True freeGB=10.14 windows: powershell|Administrator: Windows PowerShell ;; powershell|Administrator: Windows PowerShell ;; setup|2027 (Build 29.0.10172.0) ;; WindowsTerminal|powershell
2026-10-03T09:18:30.3821669-07:00 t=855s alive=True freeGB=10.14 windows: powershell|Administrator: Windows PowerShell ;; powershell|Administrator: Windows PowerShell ;; setup|2027 (Build 29.0.10172.0) ;; WindowsTerminal|powershell
2026-10-03T09:18:45.8567255-07:00 t=870s alive=True freeGB=10.14 windows: powershell|Administrator: Windows PowerShell ;; powershell|Administrator: Windows PowerShell ;; setup|2027 (Build 29.0.10172.0) ;; WindowsTerminal|powershell
2026-10-03T09:19:01.1218911-07:00 t=885s alive=True freeGB=9.93 windows: powershell|Administrator: Windows PowerShell ;; powershell|Administrator: Windows PowerShell ;; setup|2027 (Build 29.0.10172.0) ;; WindowsTerminal|powershell
2026-10-03T09:19:16.4810109-07:00 t=900s alive=True freeGB=9.89 windows: powershell|Administrator: Windows PowerShell ;; powershell|Administrator: Windows PowerShell ;; setup|2027 (Build 29.0.10172.0) ;; WindowsTerminal|powershell
2026-10-03T09:19:31.9877709-07:00 t=915s alive=True freeGB=9.79 windows: powershell|Administrator: Windows PowerShell ;; powershell|Administrator: Windows PowerShell ;; setup|2027 (Build 29.0.10172.0) ;; WindowsTerminal|powershell
2026-10-03T09:19:47.4303864-07:00 t=930s alive=True freeGB=9.68 windows: powershell|Administrator: Windows PowerShell ;; powershell|Administrator: Windows PowerShell ;; setup|2027 (Build 29.0.10172.0) ;; WindowsTerminal|powershell
2026-10-03T09:20:02.9971650-07:00 t=945s alive=True freeGB=9.5 windows: powershell|Administrator: Windows PowerShell ;; powershell|Administrator: Windows PowerShell ;; setup|2027 (Build 29.0.10172.0) ;; WindowsTerminal|powershell
2026-10-03T09:20:18.4896348-07:00 t=960s alive=True freeGB=9.45 windows: powershell|Administrator: Windows PowerShell ;; powershell|Administrator: Windows PowerShell ;; setup|2027 (Build 29.0.10172.0) ;; WindowsTerminal|powershell
2026-10-03T09:20:34.0254128-07:00 t=975s alive=True freeGB=8.91 windows: powershell|Administrator: Windows PowerShell ;; powershell|Administrator: Windows PowerShell ;; setup|2027 (Build 29.0.10172.0) ;; WindowsTerminal|powershell
2026-10-03T09:20:49.6599664-07:00 t=990s alive=True freeGB=9.11 windows: powershell|Administrator: Windows PowerShell ;; powershell|Administrator: Windows PowerShell ;; setup|2027 (Build 29.0.10172.0) ;; WindowsTerminal|powershell
2026-10-03T09:21:05.1213105-07:00 t=1005s alive=True freeGB=9.45 windows: powershell|Administrator: Windows PowerShell ;; powershell|Administrator: Windows PowerShell ;; setup|2027 (Build 29.0.10172.0) ;; WindowsTerminal|powershell
2026-10-03T09:21:20.5564090-07:00 t=1020s alive=True freeGB=9.45 windows: powershell|Administrator: Windows PowerShell ;; powershell|Administrator: Windows PowerShell ;; setup|2027 (Build 29.0.10172.0) ;; WindowsTerminal|powershell
2026-10-03T09:21:36.0034303-07:00 t=1035s alive=True freeGB=9.45 windows: powershell|Administrator: Windows PowerShell ;; powershell|Administrator: Windows PowerShell ;; setup|2027 (Build 29.0.10172.0) ;; WindowsTerminal|powershell
2026-10-03T09:21:51.3238414-07:00 t=1050s alive=True freeGB=9.45 windows: powershell|Administrator: Windows PowerShell ;; powershell|Administrator: Windows PowerShell ;; setup|2027 (Build 29.0.10172.0) ;; WindowsTerminal|powershell
2026-10-03T09:22:06.6890525-07:00 t=1065s alive=True freeGB=9.45 windows: powershell|Administrator: Windows PowerShell ;; powershell|Administrator: Windows PowerShell ;; setup|2027 (Build 29.0.10172.0) ;; WindowsTerminal|powershell
2026-10-03T09:22:22.0205717-07:00 t=1080s alive=True freeGB=9.45 windows: powershell|Administrator: Windows PowerShell ;; powershell|Administrator: Windows PowerShell ;; setup|2027 (Build 29.0.10172.0) ;; WindowsTerminal|powershell
2026-10-03T09:22:37.3256697-07:00 t=1095s alive=True freeGB=9.45 windows: powershell|Administrator: Windows PowerShell ;; powershell|Administrator: Windows PowerShell ;; setup|2027 (Build 29.0.10172.0) ;; WindowsTerminal|powershell
2026-10-03T09:22:52.5957350-07:00 t=1110s alive=True freeGB=9.45 windows: powershell|Administrator: Windows PowerShell ;; powershell|Administrator: Windows PowerShell ;; setup|2027 (Build 29.0.10172.0) ;; WindowsTerminal|powershell
2026-10-03T09:23:07.7735314-07:00 t=1125s alive=True freeGB=9.45 windows: powershell|Administrator: Windows PowerShell ;; powershell|Administrator: Windows PowerShell ;; setup|2027 (Build 29.0.10172.0) ;; WindowsTerminal|powershell
2026-10-03T09:23:23.3569753-07:00 t=1140s alive=True freeGB=9.45 windows: powershell|Administrator: Windows PowerShell ;; powershell|Administrator: Windows PowerShell ;; setup|2027 (Build 29.0.10172.0) ;; WindowsTerminal|powershell
2026-10-03T09:23:39.0210871-07:00 t=1155s alive=True freeGB=9.34 windows: powershell|Administrator: Windows PowerShell ;; powershell|Administrator: Windows PowerShell ;; setup|2027 (Build 29.0.10172.0) ;; WindowsTerminal|powershell
2026-10-03T09:23:54.9555190-07:00 t=1170s alive=True freeGB=8.51 windows: powershell|Administrator: Windows PowerShell ;; powershell|Administrator: Windows PowerShell ;; setup|2027 (Build 29.0.10172.0) ;; WindowsTerminal|powershell
2026-10-03T09:24:10.2360443-07:00 t=1185s alive=True freeGB=8.51 windows: powershell|Administrator: Windows PowerShell ;; powershell|Administrator: Windows PowerShell ;; setup|2027 (Build 29.0.10172.0) ;; WindowsTerminal|powershell
2026-10-03T09:24:25.5811785-07:00 t=1200s alive=True freeGB=8.42 windows: powershell|Administrator: Windows PowerShell ;; powershell|Administrator: Windows PowerShell ;; setup|2027 (Build 29.0.10172.0) ;; WindowsTerminal|powershell
2026-10-03T09:24:41.0025999-07:00 t=1215s alive=True freeGB=8.29 windows: powershell|Administrator: Windows PowerShell ;; powershell|Administrator: Windows PowerShell ;; setup|2027 (Build 29.0.10172.0) ;; WindowsTerminal|powershell
2026-10-03T09:24:56.4219927-07:00 t=1230s alive=True freeGB=7.7 windows: powershell|Administrator: Windows PowerShell ;; powershell|Administrator: Windows PowerShell ;; setup|2027 (Build 29.0.10172.0) ;; WindowsTerminal|powershell
2026-10-03T09:25:11.8598708-07:00 t=1245s alive=True freeGB=7.38 windows: powershell|Administrator: Windows PowerShell ;; powershell|Administrator: Windows PowerShell ;; setup|2027 (Build 29.0.10172.0) ;; WindowsTerminal|powershell
2026-10-03T09:25:27.3269098-07:00 t=1260s alive=True freeGB=7.3 windows: powershell|Administrator: Windows PowerShell ;; powershell|Administrator: Windows PowerShell ;; setup|2027 (Build 29.0.10172.0) ;; WindowsTerminal|powershell
2026-10-03T09:25:43.3835413-07:00 t=1275s alive=True freeGB=8.06 windows: powershell|Administrator: Windows PowerShell ;; powershell|Administrator: Windows PowerShell ;; setup|2027 (Build 29.0.10172.0) ;; WindowsTerminal|powershell
2026-10-03T09:25:59.1187702-07:00 t=1290s alive=True freeGB=8.23 windows: powershell|Administrator: Windows PowerShell ;; powershell|Administrator: Windows PowerShell ;; setup|2027 (Build 29.0.10172.0) ;; WindowsTerminal|powershell
2026-10-03T09:26:14.5296720-07:00 t=1305s alive=True freeGB=8.48 windows: powershell|Administrator: Windows PowerShell ;; powershell|Administrator: Windows PowerShell ;; setup|2027 (Build 29.0.10172.0) ;; WindowsTerminal|powershell
2026-10-03T09:26:29.9772369-07:00 t=1320s alive=True freeGB=7.37 windows: powershell|Administrator: Windows PowerShell ;; powershell|Administrator: Windows PowerShell ;; setup|2027 (Build 29.0.10172.0) ;; WindowsTerminal|powershell
2026-10-03T09:26:45.2731615-07:00 t=1335s alive=True freeGB=7.34 windows: powershell|Administrator: Windows PowerShell ;; powershell|Administrator: Windows PowerShell ;; setup|2027 (Build 29.0.10172.0) ;; WindowsTerminal|powershell
2026-10-03T09:27:00.6983004-07:00 t=1350s alive=True freeGB=7.31 windows: powershell|Administrator: Windows PowerShell ;; powershell|Administrator: Windows PowerShell ;; setup|2027 (Build 29.0.10172.0) ;; WindowsTerminal|powershell
2026-10-03T09:27:15.9635722-07:00 t=1365s alive=True freeGB=7.29 windows: powershell|Administrator: Windows PowerShell ;; powershell|Administrator: Windows PowerShell ;; setup|2027 (Build 29.0.10172.0) ;; WindowsTerminal|powershell
2026-10-03T09:27:31.1706432-07:00 t=1380s alive=True freeGB=7.1 windows: powershell|Administrator: Windows PowerShell ;; powershell|Administrator: Windows PowerShell ;; setup|2027 (Build 29.0.10172.0) ;; WindowsTerminal|powershell
2026-10-03T09:27:46.3378508-07:00 t=1395s alive=True freeGB=6.92 windows: powershell|Administrator: Windows PowerShell ;; powershell|Administrator: Windows PowerShell ;; setup|2027 (Build 29.0.10172.0) ;; WindowsTerminal|powershell
2026-10-03T09:28:01.5378412-07:00 t=1410s alive=True freeGB=6.43 windows: powershell|Administrator: Windows PowerShell ;; powershell|Administrator: Windows PowerShell ;; setup|2027 (Build 29.0.10172.0) ;; WindowsTerminal|powershell
2026-10-03T09:28:17.4606185-07:00 t=1425s alive=True freeGB=6.28 windows: powershell|Administrator: Windows PowerShell ;; powershell|Administrator: Windows PowerShell ;; setup|2027 (Build 29.0.10172.0) ;; WindowsTerminal|powershell
2026-10-03T09:28:32.9904661-07:00 t=1440s alive=True freeGB=6.28 windows: powershell|Administrator: Windows PowerShell ;; powershell|Administrator: Windows PowerShell ;; setup|2027 (Build 29.0.10172.0) ;; WindowsTerminal|powershell
2026-10-03T09:28:48.4057388-07:00 t=1455s alive=True freeGB=6.28 windows: powershell|Administrator: Windows PowerShell ;; powershell|Administrator: Windows PowerShell ;; setup|2027 (Build 29.0.10172.0) ;; WindowsTerminal|powershell
2026-10-03T09:29:04.1309820-07:00 t=1470s alive=True freeGB=6.28 windows: powershell|Administrator: Windows PowerShell ;; powershell|Administrator: Windows PowerShell ;; setup|2027 (Build 29.0.10172.0) ;; WindowsTerminal|powershell
2026-10-03T09:29:19.6920180-07:00 t=1485s alive=True freeGB=6.26 windows: powershell|Administrator: Windows PowerShell ;; powershell|Administrator: Windows PowerShell ;; setup|2027 (Build 29.0.10172.0) ;; WindowsTerminal|powershell
2026-10-03T09:29:35.0914414-07:00 t=1500s alive=True freeGB=6.19 windows: powershell|Administrator: Windows PowerShell ;; powershell|Administrator: Windows PowerShell ;; setup|2027 (Build 29.0.10172.0) ;; WindowsTerminal|powershell
2026-10-03T09:29:50.5442466-07:00 t=1515s alive=True freeGB=5.85 windows: powershell|Administrator: Windows PowerShell ;; powershell|Administrator: Windows PowerShell ;; setup|2027 (Build 29.0.10172.0) ;; WindowsTerminal|powershell
2026-10-03T09:30:05.9621350-07:00 t=1530s alive=True freeGB=5.69 windows: powershell|Administrator: Windows PowerShell ;; powershell|Administrator: Windows PowerShell ;; setup|2027 (Build 29.0.10172.0) ;; WindowsTerminal|powershell
2026-10-03T09:30:21.5801329-07:00 t=1545s alive=True freeGB=5.56 windows: powershell|Administrator: Windows PowerShell ;; powershell|Administrator: Windows PowerShell ;; setup|2027 (Build 29.0.10172.0) ;; WindowsTerminal|powershell
2026-10-03T09:30:37.0023423-07:00 t=1560s alive=True freeGB=5.34 windows: powershell|Administrator: Windows PowerShell ;; powershell|Administrator: Windows PowerShell ;; setup|2027 (Build 29.0.10172.0) ;; WindowsTerminal|powershell
2026-10-03T09:30:52.4746277-07:00 t=1575s alive=True freeGB=5.07 windows: powershell|Administrator: Windows PowerShell ;; powershell|Administrator: Windows PowerShell ;; setup|2027 (Build 29.0.10172.0) ;; WindowsTerminal|powershell
2026-10-03T09:31:07.8540349-07:00 t=1590s alive=True freeGB=4.69 windows: powershell|Administrator: Windows PowerShell ;; powershell|Administrator: Windows PowerShell ;; setup|2027 (Build 29.0.10172.0) ;; WindowsTerminal|powershell
2026-10-03T09:31:23.4688660-07:00 t=1605s alive=True freeGB=4.6 windows: powershell|Administrator: Windows PowerShell ;; powershell|Administrator: Windows PowerShell ;; setup|2027 (Build 29.0.10172.0) ;; WindowsTerminal|powershell
2026-10-03T09:31:39.0237474-07:00 t=1620s alive=True freeGB=4.31 windows: powershell|Administrator: Windows PowerShell ;; powershell|Administrator: Windows PowerShell ;; setup|2027 (Build 29.0.10172.0) ;; WindowsTerminal|powershell
2026-10-03T09:31:54.8507291-07:00 t=1635s alive=True freeGB=4.12 windows: powershell|Administrator: Windows PowerShell ;; powershell|Administrator: Windows PowerShell ;; setup|2027 (Build 29.0.10172.0) ;; WindowsTerminal|powershell
2026-10-03T09:32:10.2381355-07:00 t=1650s alive=True freeGB=3.88 windows: powershell|Administrator: Windows PowerShell ;; powershell|Administrator: Windows PowerShell ;; setup|2027 (Build 29.0.10172.0) ;; WindowsTerminal|powershell
2026-10-03T09:32:25.7290156-07:00 t=1665s alive=True freeGB=3.55 windows: powershell|Administrator: Windows PowerShell ;; powershell|Administrator: Windows PowerShell ;; setup|2027 (Build 29.0.10172.0) ;; WindowsTerminal|powershell
2026-10-03T09:32:41.1470942-07:00 t=1680s alive=True freeGB=3.16 windows: powershell|Administrator: Windows PowerShell ;; powershell|Administrator: Windows PowerShell ;; setup|2027 (Build 29.0.10172.0) ;; WindowsTerminal|powershell
2026-10-03T09:32:56.4316019-07:00 t=1695s alive=True freeGB=3.13 windows: powershell|Administrator: Windows PowerShell ;; powershell|Administrator: Windows PowerShell ;; setup|2027 (Build 29.0.10172.0) ;; WindowsTerminal|powershell
2026-10-03T09:33:13.1319169-07:00 t=1710s alive=True freeGB=3.11 windows: powershell|Administrator: Windows PowerShell ;; powershell|Administrator: Windows PowerShell ;; setup|2027 (Build 29.0.10172.0) ;; WindowsTerminal|powershell
2026-10-03T09:33:31.9592812-07:00 t=1725s alive=True freeGB=3.1 windows: powershell|Administrator: Windows PowerShell ;; powershell|Administrator: Windows PowerShell ;; setup|2027 (Build 29.0.10172.0) ;; WindowsTerminal|powershell
2026-10-03T09:33:47.9164203-07:00 t=1740s alive=True freeGB=3.08 windows: powershell|Administrator: Windows PowerShell ;; powershell|Administrator: Windows PowerShell ;; setup|2027 (Build 29.0.10172.0) ;; WindowsTerminal|powershell
2026-10-03T09:34:03.4545850-07:00 t=1755s alive=True freeGB=1.84 windows: powershell|Administrator: Windows PowerShell ;; powershell|Administrator: Windows PowerShell ;; setup|2027 (Build 29.0.10172.0) ;; WindowsTerminal|powershell
2026-10-03T09:34:18.6859583-07:00 t=1770s alive=True freeGB=1.79 windows: powershell|Administrator: Windows PowerShell ;; powershell|Administrator: Windows PowerShell ;; setup|2027 (Build 29.0.10172.0) ;; WindowsTerminal|powershell
2026-10-03T09:34:34.1588260-07:00 t=1785s alive=True freeGB=1.6 windows: powershell|Administrator: Windows PowerShell ;; powershell|Administrator: Windows PowerShell ;; setup|2027 (Build 29.0.10172.0) ;; WindowsTerminal|powershell
2026-10-03T09:34:49.6086482-07:00 t=1800s alive=True freeGB=1.6 windows: powershell|Administrator: Windows PowerShell ;; powershell|Administrator: Windows PowerShell ;; setup|2027 (Build 29.0.10172.0) ;; WindowsTerminal|powershell
2026-10-03T09:35:04.9745400-07:00 t=1815s alive=True freeGB=1.41 windows: powershell|Administrator: Windows PowerShell ;; powershell|Administrator: Windows PowerShell ;; setup|2027 (Build 29.0.10172.0) ;; WindowsTerminal|powershell
2026-10-03T09:35:20.6707756-07:00 t=1830s alive=True freeGB=1.31 windows: powershell|Administrator: Windows PowerShell ;; powershell|Administrator: Windows PowerShell ;; setup|2027 (Build 29.0.10172.0) ;; WindowsTerminal|powershell
2026-10-03T09:35:36.2605831-07:00 t=1845s alive=True freeGB=1.05 windows: powershell|Administrator: Windows PowerShell ;; powershell|Administrator: Windows PowerShell ;; setup|2027 (Build 29.0.10172.0) ;; WindowsTerminal|powershell
2026-10-03T09:35:51.6399274-07:00 t=1860s alive=True freeGB=1.05 windows: powershell|Administrator: Windows PowerShell ;; powershell|Administrator: Windows PowerShell ;; setup|2027 (Build 29.0.10172.0) ;; WindowsTerminal|powershell
2026-10-03T09:36:07.2909286-07:00 t=1875s alive=True freeGB=1.11 windows: powershell|Administrator: Windows PowerShell ;; powershell|Administrator: Windows PowerShell ;; setup|2027 (Build 29.0.10172.0) ;; WindowsTerminal|powershell
2026-10-03T09:36:22.6192338-07:00 t=1890s alive=True freeGB=2.78 windows: powershell|Administrator: Windows PowerShell ;; powershell|Administrator: Windows PowerShell ;; setup|2027 (Build 29.0.10172.0) ;; WindowsTerminal|powershell
2026-10-03T09:36:38.2265754-07:00 t=1905s alive=True freeGB=3.33 windows: powershell|Administrator: Windows PowerShell ;; powershell|Administrator: Windows PowerShell ;; setup|2027 (Build 29.0.10172.0) ;; WindowsTerminal|powershell
2026-10-03T09:36:53.7832621-07:00 t=1920s alive=True freeGB=3.26 windows: powershell|Administrator: Windows PowerShell ;; powershell|Administrator: Windows PowerShell ;; setup|2027 (Build 29.0.10172.0) ;; WindowsTerminal|powershell
2026-10-03T09:37:09.1053546-07:00 t=1935s alive=True freeGB=3.27 windows: powershell|Administrator: Windows PowerShell ;; powershell|Administrator: Windows PowerShell ;; setup|2027 (Build 29.0.10172.0) ;; WindowsTerminal|powershell
2026-10-03T09:37:24.9798215-07:00 t=1950s alive=True freeGB=3.19 windows: powershell|Administrator: Windows PowerShell ;; powershell|Administrator: Windows PowerShell ;; setup|2027 (Build 29.0.10172.0) ;; WindowsTerminal|powershell
2026-10-03T09:37:40.4078412-07:00 t=1965s alive=True freeGB=3.19 windows: powershell|Administrator: Windows PowerShell ;; powershell|Administrator: Windows PowerShell ;; setup|2027 (Build 29.0.10172.0) ;; WindowsTerminal|powershell
2026-10-03T09:37:55.7500119-07:00 t=1980s alive=True freeGB=3.24 windows: powershell|Administrator: Windows PowerShell ;; powershell|Administrator: Windows PowerShell ;; setup|2027 (Build 29.0.10172.0) ;; WindowsTerminal|powershell
2026-10-03T09:38:11.1891869-07:00 t=1995s alive=True freeGB=3.24 windows: powershell|Administrator: Windows PowerShell ;; powershell|Administrator: Windows PowerShell ;; setup|2027 (Build 29.0.10172.0) ;; WindowsTerminal|powershell
2026-10-03T09:38:26.9245954-07:00 t=2010s alive=True freeGB=3.24 windows: powershell|Administrator: Windows PowerShell ;; powershell|Administrator: Windows PowerShell ;; setup|2027 (Build 29.0.10172.0) ;; WindowsTerminal|powershell
2026-10-03T09:38:43.4446635-07:00 t=2025s alive=True freeGB=2.93 windows: powershell|Administrator: Windows PowerShell ;; powershell|Administrator: Windows PowerShell ;; setup|2027 (Build 29.0.10172.0) ;; WindowsTerminal|powershell
2026-10-03T09:38:58.8543641-07:00 t=2040s alive=True freeGB=2.89 windows: powershell|Administrator: Windows PowerShell ;; powershell|Administrator: Windows PowerShell ;; setup|2027 (Build 29.0.10172.0) ;; WindowsTerminal|powershell
2026-10-03T09:39:14.4327575-07:00 t=2055s alive=True freeGB=2.89 windows: powershell|Administrator: Windows PowerShell ;; powershell|Administrator: Windows PowerShell ;; setup|2027 (Build 29.0.10172.0) ;; WindowsTerminal|powershell
2026-10-03T09:39:29.9942791-07:00 t=2070s alive=True freeGB=2.89 windows: powershell|Administrator: Windows PowerShell ;; powershell|Administrator: Windows PowerShell ;; setup|2027 (Build 29.0.10172.0) ;; WindowsTerminal|powershell
2026-10-03T09:39:45.6672251-07:00 t=2085s alive=True freeGB=2.85 windows: powershell|Administrator: Windows PowerShell ;; powershell|Administrator: Windows PowerShell ;; setup|2027 (Build 29.0.10172.0) ;; WindowsTerminal|powershell
2026-10-03T09:40:01.1355755-07:00 t=2100s alive=True freeGB=2.81 windows: powershell|Administrator: Windows PowerShell ;; powershell|Administrator: Windows PowerShell ;; setup|2027 (Build 29.0.10172.0) ;; WindowsTerminal|powershell
2026-10-03T09:40:16.6706386-07:00 t=2115s alive=True freeGB=2.77 windows: powershell|Administrator: Windows PowerShell ;; powershell|Administrator: Windows PowerShell ;; setup|2027 (Build 29.0.10172.0) ;; WindowsTerminal|powershell
2026-10-03T09:40:32.0912092-07:00 t=2130s alive=True freeGB=2.73 windows: powershell|Administrator: Windows PowerShell ;; powershell|Administrator: Windows PowerShell ;; setup|2027 (Build 29.0.10172.0) ;; WindowsTerminal|powershell
2026-10-03T09:40:47.3181007-07:00 t=2145s alive=True freeGB=2.68 windows: powershell|Administrator: Windows PowerShell ;; powershell|Administrator: Windows PowerShell ;; setup|2027 (Build 29.0.10172.0) ;; WindowsTerminal|powershell
2026-10-03T09:41:02.5606031-07:00 t=2160s alive=True freeGB=1.96 windows: powershell|Administrator: Windows PowerShell ;; powershell|Administrator: Windows PowerShell ;; setup|2027 (Build 29.0.10172.0) ;; WindowsTerminal|powershell
2026-10-03T09:41:17.9759902-07:00 t=2175s alive=True freeGB=1.99 windows: powershell|Administrator: Windows PowerShell ;; powershell|Administrator: Windows PowerShell ;; setup|2027 (Build 29.0.10172.0) ;; WindowsTerminal|powershell
2026-10-03T09:41:33.2822549-07:00 t=2190s alive=True freeGB=2 windows: powershell|Administrator: Windows PowerShell ;; powershell|Administrator: Windows PowerShell ;; setup|2027 (Build 29.0.10172.0) ;; WindowsTerminal|powershell
2026-10-03T09:41:48.6066577-07:00 t=2205s alive=True freeGB=2.34 windows: powershell|Administrator: Windows PowerShell ;; powershell|Administrator: Windows PowerShell ;; WindowsTerminal|powershell
2026-10-03T09:42:03.8015629-07:00 t=2220s alive=True freeGB=2.34 windows: powershell|Administrator: Windows PowerShell ;; powershell|Administrator: Windows PowerShell ;; WindowsTerminal|powershell
2026-10-03T09:42:19.1331566-07:00 t=2235s alive=True freeGB=2.34 windows: powershell|Administrator: Windows PowerShell ;; powershell|Administrator: Windows PowerShell ;; WindowsTerminal|powershell
2026-10-03T09:42:34.5435011-07:00 t=2250s alive=True freeGB=2.34 windows: powershell|Administrator: Windows PowerShell ;; powershell|Administrator: Windows PowerShell ;; WindowsTerminal|powershell
2026-10-03T09:42:49.9252370-07:00 t=2265s alive=True freeGB=2.34 windows: powershell|Administrator: Windows PowerShell ;; powershell|Administrator: Windows PowerShell ;; WindowsTerminal|powershell
2026-10-03T09:43:05.2720333-07:00 t=2280s alive=True freeGB=2.34 windows: powershell|Administrator: Windows PowerShell ;; powershell|Administrator: Windows PowerShell ;; WindowsTerminal|powershell
2026-10-03T09:43:20.5342366-07:00 t=2295s alive=True freeGB=2.34 windows: powershell|Administrator: Windows PowerShell ;; powershell|Administrator: Windows PowerShell ;; setup|2027 (Build 29.0.10172.0) ;; WindowsTerminal|powershell
2026-10-03T09:43:35.9910598-07:00 t=2310s alive=True freeGB=2.34 windows: powershell|Administrator: Windows PowerShell ;; powershell|Administrator: Windows PowerShell ;; setup|2027 (Build 29.0.10172.0) ;; WindowsTerminal|powershell
2026-10-03T09:43:51.3814741-07:00 t=2325s alive=True freeGB=2.34 windows: powershell|Administrator: Windows PowerShell ;; powershell|Administrator: Windows PowerShell ;; setup|2027 (Build 29.0.10172.0) ;; WindowsTerminal|powershell
2026-10-03T09:44:06.7924298-07:00 t=2340s alive=False freeGB=2.34 windows: powershell|Administrator: Windows PowerShell ;; powershell|Administrator: Windows PowerShell ;; WindowsTerminal|powershell
2026-10-03T09:44:07.1187298-07:00 setup exited code=0
2026-10-03T09:44:07.1266455-07:00 boot-watch-end
