cmd=# nonce 1791043491.406733382
$ErrorActionPreference='Continue'
Add-Type -TypeDefinition @'
using System;
using System.Text;
using System.Collections.Generic;
using System.Runtime.InteropServices;
public class WinEnum {
  public delegate bool EnumWindowsProc(IntPtr hWnd, IntPtr lParam);
  [DllImport("user32.dll")] public static extern bool EnumWindows(EnumWindowsProc cb, IntPtr lParam);
  [DllImport("user32.dll", CharSet=CharSet.Unicode)] public static extern int GetWindowText(IntPtr hWnd, StringBuilder s, int n);
  [DllImport("user32.dll", CharSet=CharSet.Unicode)] public static extern int GetClassName(IntPtr hWnd, StringBuilder s, int n);
  [DllImport("user32.dll")] public static extern bool IsWindowVisible(IntPtr hWnd);
  [DllImport("user32.dll")] public static extern uint GetWindowThreadProcessId(IntPtr hWnd, out uint pid);
  [DllImport("user32.dll")] public static extern bool GetWindowRect(IntPtr hWnd, out RECT r);
  [DllImport("user32.dll")] public static extern bool SetForegroundWindow(IntPtr hWnd);
  [DllImport("user32.dll")] public static extern bool ShowWindow(IntPtr hWnd, int c);
  [StructLayout(LayoutKind.Sequential)] public struct RECT { public int L, T, R, B; }
  public static List<string> List() {
    var res = new List<string>();
    EnumWindows(delegate(IntPtr h, IntPtr l) {
      var sb = new StringBuilder(1024); GetWindowText(h, sb, 1024);
      var cn = new StringBuilder(256); GetClassName(h, cn, 256);
      uint pid; GetWindowThreadProcessId(h, out pid);
      RECT r; GetWindowRect(h, out r);
      string title = sb.ToString();
      if (title.Length == 0 && !IsWindowVisible(h)) return true;
      res.Add(string.Format("{0}|{1}|{2}|{3}|{4},{5},{6},{7}|{8}", h.ToInt64(), pid, IsWindowVisible(h), cn.ToString(), r.L, r.T, r.R, r.B, title));
      return true;
    }, IntPtr.Zero);
    return res;
  }
  public static string Fg(string needle) {
    foreach (var s in List()) {
      var p = s.Split('|');
      if (p.Length >= 9 && (p[0] == needle || p[1] == needle || p[8].IndexOf(needle, StringComparison.OrdinalIgnoreCase) >= 0)) {
        var h = new IntPtr(long.Parse(p[0]));
        ShowWindow(h, 9); SetForegroundWindow(h);
        return "activated " + p[0] + " " + p[8];
      }
    }
    return "not found: " + needle;
  }
}
'@
"hwnd|pid|visible|class|L,T,R,B|title"
[WinEnum]::List() | ForEach-Object { $_ }
"--- processes with windows ---"
Get-Process | Where-Object { $_.MainWindowHandle -ne 0 } | ForEach-Object { "{0} {1} '{2}'" -f $_.Id, $_.ProcessName, $_.MainWindowTitle }
"--- setup/msiexec processes ---"
Get-Process | Where-Object { $_.ProcessName -match 'setup|msiexec|Mastercam|Install' } | ForEach-Object { "{0} {1} hwnd={2} '{3}'" -f $_.Id, $_.ProcessName, $_.MainWindowHandle, $_.MainWindowTitle }
"done"
start=2026-10-03T09:04:53.2503251-07:00
rc=0
end=2026-10-03T09:04:55.4079317-07:00
--- output ---
hwnd|pid|visible|class|L,T,R,B|title
459664|704|False|XamlExplorerHostIslandWindow|0,0,1280,752|Task Switching
394096|704|True|ThumbnailDeviceHelperWnd|0,0,1,1|
65956|704|False|SystemTray_Main|0,0,14,14|Battery Meter
65710|704|True|Shell_TrayWnd|0,752,1280,800|
2163778|5756|False|#32770|331,76,949,676|Mastercam Installation Manager
786986|5756|False|GDI+ Hook Window Class|0,0,1,1|GDI+ Window (setup.exe)
787012|10292|True|ConsoleWindowClass|47,0,1280,752|Administrator: Windows PowerShell
656342|8044|False|ConsoleWindowClass|47,0,1280,752|C:\WINDOWS\System32\WindowsPowerShell\v1.0\powershell.exe
656252|9968|True|PseudoConsoleWindow|0,0,0,0|
590414|5716|True|CASCADIA_HOSTING_WINDOW_CLASS|148,156,1277,791|powershell
1835360|5716|False|OleDdeWndClass|0,0,0,0|DDE Server Window
7734306|704|True|#32770|8,535,421,748|Run
524864|5716|False|Windows Terminal 9d6173a7a62890a2|0,0,136,39|Windows Terminal
2097602|1680|True|Chrome_WidgetWin_1|10,10,1060,742|cmd - Search - Profile 1 - Microsoft​ Edge
458838|7832|True|Notepad|78,78,1038,621|Untitled - Notepad
4981058|7832|True|Notepad|52,52,1012,595|*dg.bat - Notepad
2490472|7832|False|GDI+ Hook Window Class|0,0,1,1|GDI+ Window (Notepad.exe)
394160|7756|False|Nucleus Auth Window|26,26,226,226|Microsoft OneDrive Sync Service
589966|5656|False|COMTASKSWINDOWCLASS|0,0,136,39|Task Host Window
393772|6404|False|adpsdknotification|-5,-5,131,34|NotificationWindowHelper
5571496|5252|False|WUIconClass|0,0,136,39|WUIconWindow
3801792|8672|False|OleDdeWndClass|0,0,0,0|DDE Server Window
131744|5704|False|SkyDrive Class Name {090B42FF-7B26-4416-99B6-CB17896CF07C}-Personal|0,0,136,39|OneDrive - Personal
131904|8672|False|adpsdknotification|-5,-5,131,34|NotificationWindowHelper
66284|8672|False|Chrome_WidgetWin_1|10,0,1270,768|Autodesk Access
852484|7844|False|adpsdknotification|-5,-5,131,34|NotificationWindowHelper
196964|7808|False|adpsdknotification|-5,-5,131,34|NotificationWindowHelper
262542|7916|False|SecHealth Window Class|0,0,0,0|SecurityHealthSystray
327940|5928|False|CrossDeviceResumeWindowClass|156,156,1116,699|CrossDeviceResumeWindow
197096|704|False|MS_WebcheckMonitor|130,130,1090,673|MS_WebcheckMonitor
131548|704|False|BluetoothNotificationAreaIconWindowClass|0,0,136,39|BluetoothNotificationAreaIconWindowClass
65988|704|False|MiracastConnectionWindow|0,0,136,39|MiracastConnectionWindow
65886|5284|False|Windows.UI.Core.CoreWindow|0,0,1,1|DesktopWindowXamlSource
65850|704|True|DummyDWMListenerWindow|0,0,0,0|
65844|704|True|EdgeUiInputTopWndClass|15,0,1280,4|
65812|704|True|DummyDWMListenerWindow|0,0,0,0|
65810|704|True|DummyDWMListenerWindow|0,0,0,0|
65808|704|True|DummyDWMListenerWindow|0,0,0,0|
65806|704|True|DummyDWMListenerWindow|0,0,0,0|
459596|704|False|Windows.UI.Core.CoreWindow|0,0,1,1|DesktopWindowXamlSource
66166|7724|False|adpsdknotification|-5,-5,131,34|NotificationWindowHelper
65766|1336|False|PushNotificationsPowerManagement|0,0,0,0|Windows Push Notifications Platform
131098|4792|False|COMTASKSWINDOWCLASS|0,0,136,39|Task Host Window
65602|544|False|Dwm|0,772,160,800|DWM Notification Window
65752|704|True|Progman|0,0,1280,800|Program Manager
459634|704|False|MSCTFIME UI|0,0,0,0|MSCTFIME UI
65866|704|False|IME|0,0,0,0|Default IME
65968|704|False|IME|0,0,0,0|Default IME
65742|704|False|MSCTFIME UI|0,0,0,0|MSCTFIME UI
65712|704|False|IME|0,0,0,0|Default IME
262998|2784|False|IME|0,0,0,0|Default IME
1572962|5756|False|IME|0,0,0,0|Default IME
1901440|5756|False|IME|0,0,0,0|Default IME
525282|3624|False|MSCTFIME UI|0,0,0,0|MSCTFIME UI
721510|3624|False|IME|0,0,0,0|Default IME
459742|9320|False|IME|0,0,0,0|Default IME
394176|5716|False|MSCTFIME UI|0,0,0,0|MSCTFIME UI
786978|5716|False|IME|0,0,0,0|Default IME
983648|704|False|MSCTFIME UI|0,0,0,0|MSCTFIME UI
4260916|704|False|IME|0,0,0,0|Default IME
721418|704|False|MSCTFIME UI|0,0,0,0|MSCTFIME UI
65784|704|False|IME|0,0,0,0|Default IME
5702152|8232|False|IME|0,0,0,0|Default IME
459610|1680|False|MSCTFIME UI|0,0,0,0|MSCTFIME UI
328374|1680|False|IME|0,0,0,0|Default IME
328070|6564|False|IME|0,0,0,0|Default IME
590710|7832|False|MSCTFIME UI|0,0,0,0|MSCTFIME UI
262858|7832|False|IME|0,0,0,0|Default IME
589912|7832|False|IME|0,0,0,0|Default IME
197246|7832|False|MSCTFIME UI|0,0,0,0|MSCTFIME UI
327836|7832|False|MSCTFIME UI|0,0,0,0|MSCTFIME UI
458812|7832|False|IME|0,0,0,0|Default IME
2884120|7832|False|IME|0,0,0,0|Default IME
197214|7832|False|MSCTFIME UI|0,0,0,0|MSCTFIME UI
2032318|7832|False|IME|0,0,0,0|Default IME
328362|4140|False|IME|0,0,0,0|Default IME
328618|7756|False|IME|0,0,0,0|Default IME
328752|7756|False|IME|0,0,0,0|Default IME
328248|6404|False|IME|0,0,0,0|Default IME
787454|5252|False|IME|0,0,0,0|Default IME
262748|5704|False|IME|0,0,0,0|Default IME
197296|5704|False|IME|0,0,0,0|Default IME
131716|5704|False|IME|0,0,0,0|Default IME
131746|5704|False|IME|0,0,0,0|Default IME
66370|8672|False|IME|0,0,0,0|Default IME
66338|9208|False|IME|0,0,0,0|Default IME
66300|8672|False|MSCTFIME UI|0,0,0,0|MSCTFIME UI
197318|8672|False|IME|0,0,0,0|Default IME
721288|7844|False|IME|0,0,0,0|Default IME
197120|7808|False|IME|0,0,0,0|Default IME
131452|7916|False|IME|0,0,0,0|Default IME
131572|5928|False|IME|0,0,0,0|Default IME
65980|704|False|IME|0,0,0,0|Default IME
65952|704|False|IME|0,0,0,0|Default IME
66168|7724|False|IME|0,0,0,0|Default IME
65780|1336|False|IME|0,0,0,0|Default IME
65748|704|False|IME|0,0,0,0|Default IME
65772|704|False|MSCTFIME UI|0,0,0,0|MSCTFIME UI
131088|704|False|IME|0,0,0,0|Default IME
--- processes with windows ---
704 explorer ''
1680 msedge 'cmd - Search - Profile 1 - Microsoft​ Edge'
7832 Notepad 'Untitled - Notepad'
10292 powershell 'Administrator: Windows PowerShell'
5716 WindowsTerminal 'powershell'
--- setup/msiexec processes ---
5756 setup hwnd=0 ''
done

