002c:trace:seh:libc_addr_cb found signal trampoline in /usr/lib/x86_64-linux-gnu/libc.so.6
0034:trace:seh:libc_addr_cb found signal trampoline in /usr/lib/x86_64-linux-gnu/libc.so.6
003c:trace:seh:libc_addr_cb found signal trampoline in /usr/lib/x86_64-linux-gnu/libc.so.6
0048:trace:seh:libc_addr_cb found signal trampoline in /usr/lib/x86_64-linux-gnu/libc.so.6
006c:trace:seh:libc_addr_cb found signal trampoline in /usr/lib/x86_64-linux-gnu/libc.so.6
0074:trace:seh:libc_addr_cb found signal trampoline in /usr/lib/x86_64-linux-gnu/libc.so.6
008c:trace:seh:libc_addr_cb found signal trampoline in /usr/lib/x86_64-linux-gnu/libc.so.6
00a4:trace:seh:libc_addr_cb found signal trampoline in /usr/lib/x86_64-linux-gnu/libc.so.6
0074:trace:seh:dispatch_exception code=6ba (RPC_S_SERVER_UNAVAILABLE) flags=0 addr=00006FFFFF3AB49E
0074:trace:seh:dispatch_exception rip=00006fffff3ab49e rsp=00007ffffe23d680 rbp=0000000000000000 eflags=00000202
0074:trace:seh:dispatch_exception rax=00006fffff3ab450 rbx=00007ffffe23e530 rcx=00007ffffe23d6a0 rdx=0000000000000000
0074:trace:seh:dispatch_exception rsi=0000000000000064 rdi=00007ffffe850540  r8=0000000000000000  r9=0000000000000000
0074:trace:seh:dispatch_exception r10=00007ffffe850c70 r11=0000000000000010 r12=00007ffffe23d838 r13=0000000000000005
0074:trace:seh:dispatch_exception r14=0000000000000000 r15=00007ffffe23d840 mxcsr=00001f80 cs=0033 ss=002b
0074:trace:seh:call_seh_handlers calling TEB handler 00006FFFFE6F7740 (rec=00007FFFFE23D6A0 frame=00007FFFFE23D8C0 context=00007FFFFE23D1A0 dispatch=00007FFFFE23CA70) sp=7ffffe23e240
0074:trace:seh:call_seh_handlers TEB handler at 00006FFFFE6F7740 returned 1
0074:trace:seh:call_seh_handlers calling TEB handler 00006FFFFE006A90 (rec=00007FFFFE23D6A0 frame=00007FFFFE23EDB0 context=00007FFFFE23D1A0 dispatch=00007FFFFE23CA70) sp=7ffffe23ef00
0074:trace:seh:RtlUnwindEx code=6ba flags=2 end_frame=00007FFFFE23EDB0 target_ip=00006FFFFDFF4E1A
0074:trace:seh:RtlUnwindEx rip=00006fffffbf9de5 rsp=00007ffffe23bd60 rbp=00007ffffe23c430 eflags=00000206
0074:trace:seh:RtlUnwindEx rax=00007ffffe02a000 rbx=00007ffffe23d6a0 rcx=00007ffffe23c430 rdx=00006ffffdff4e1a
0074:trace:seh:RtlUnwindEx rsi=00007ffffe23c430 rdi=00007ffffe23edb0  r8=00007ffffe23d6a0  r9=00006ffffe016c10
0074:trace:seh:RtlUnwindEx r10=0000000000000000 r11=000070559ea74740 r12=00007ffffe23bed0 r13=00007ffffe02a000
0074:trace:seh:RtlUnwindEx r14=00007ffffe23edb0 r15=00007ffffe23d8c0 mxcsr=00001f80 cs=0033 ss=002b
0074:trace:seh:RtlUnwindEx calling TEB handler 00006FFFFE6F7740 (rec=00007FFFFE23D6A0, frame=00007FFFFE23D8C0 context=00007FFFFE23C430, dispatch=00007FFFFE23BDE0)
0074:trace:seh:RtlUnwindEx handler at 00006FFFFE6F7740 returned 1
0074:trace:seh:RtlRestoreContext returning to 00006FFFFDFF4E1A stack 00007FFFFE23ED60
00f4:trace:seh:libc_addr_cb found signal trampoline in /usr/lib/x86_64-linux-gnu/libc.so.6
0024:trace:seh:libc_addr_cb found signal trampoline in /usr/lib/x86_64-linux-gnu/libc.so.6
0024:err:module:import_dll Library mfc140u.dll (which is needed by L"C:\\Program Files\\Tableau\\Tableau 2026.2\\bin\\tabdoc.dll") not found
0024:err:module:import_dll Library tabdoc.dll (which is needed by L"C:\\Program Files\\Tableau\\Tableau 2026.2\\bin\\tabdialog.dll") not found
0024:err:module:import_dll Library mfc140u.dll (which is needed by L"C:\\Program Files\\Tableau\\Tableau 2026.2\\bin\\tabdoc.dll") not found
0024:err:module:import_dll Library tabdoc.dll (which is needed by L"C:\\Program Files\\Tableau\\Tableau 2026.2\\bin\\tabdocextension.dll") not found
0024:err:module:import_dll Library mfc140u.dll (which is needed by L"C:\\Program Files\\Tableau\\Tableau 2026.2\\bin\\tabdoc.dll") not found
0024:err:module:import_dll Library tabdoc.dll (which is needed by L"C:\\Program Files\\Tableau\\Tableau 2026.2\\bin\\tabdoccontextmenus.dll") not found
0024:err:module:import_dll Library tabdoccontextmenus.dll (which is needed by L"C:\\Program Files\\Tableau\\Tableau 2026.2\\bin\\tabdocdashboard.dll") not found
0024:err:module:import_dll Library mfc140u.dll (which is needed by L"C:\\Program Files\\Tableau\\Tableau 2026.2\\bin\\tabdoc.dll") not found
0024:err:module:import_dll Library tabdoc.dll (which is needed by L"C:\\Program Files\\Tableau\\Tableau 2026.2\\bin\\tabdocdashboard.dll") not found
0024:err:module:import_dll Library tabdocdashboard.dll (which is needed by L"C:\\Program Files\\Tableau\\Tableau 2026.2\\bin\\tabdocextension.dll") not found
0024:err:module:import_dll Library mfc140u.dll (which is needed by L"C:\\Program Files\\Tableau\\Tableau 2026.2\\bin\\tabdoc.dll") not found
0024:err:module:import_dll Library tabdoc.dll (which is needed by L"C:\\Program Files\\Tableau\\Tableau 2026.2\\bin\\tabwebengine.dll") not found
0024:err:module:import_dll Library tabwebengine.dll (which is needed by L"C:\\Program Files\\Tableau\\Tableau 2026.2\\bin\\tabdocextension.dll") not found
0024:err:module:import_dll Library tabdocextension.dll (which is needed by L"C:\\Program Files\\Tableau\\Tableau 2026.2\\bin\\tabdesktopui.dll") not found
0024:err:module:import_dll Library mfc140u.dll (which is needed by L"C:\\Program Files\\Tableau\\Tableau 2026.2\\bin\\tabdoc.dll") not found
0024:err:module:import_dll Library tabdoc.dll (which is needed by L"C:\\Program Files\\Tableau\\Tableau 2026.2\\bin\\tabdocsort.dll") not found
0024:err:module:import_dll Library tabdocsort.dll (which is needed by L"C:\\Program Files\\Tableau\\Tableau 2026.2\\bin\\tabdesktopui.dll") not found
0024:err:module:import_dll Library mfc140u.dll (which is needed by L"C:\\Program Files\\Tableau\\Tableau 2026.2\\bin\\tabdoc.dll") not found
0024:err:module:import_dll Library tabdoc.dll (which is needed by L"C:\\Program Files\\Tableau\\Tableau 2026.2\\bin\\tabdesktopui.dll") not found
0024:err:module:import_dll Library mfc140u.dll (which is needed by L"C:\\Program Files\\Tableau\\Tableau 2026.2\\bin\\tabdoc.dll") not found
0024:err:module:import_dll Library tabdoc.dll (which is needed by L"C:\\Program Files\\Tableau\\Tableau 2026.2\\bin\\tabwebengine.dll") not found
0024:err:module:import_dll Library tabwebengine.dll (which is needed by L"C:\\Program Files\\Tableau\\Tableau 2026.2\\bin\\tabdesktopui.dll") not found
0024:err:module:import_dll Library tabdesktopui.dll (which is needed by L"C:\\Program Files\\Tableau\\Tableau 2026.2\\bin\\tabdialog.dll") not found
0024:err:module:import_dll Library tabdialog.dll (which is needed by L"C:\\Program Files\\Tableau\\Tableau 2026.2\\bin\\tabui.dll") not found
0024:err:module:import_dll Library mfc140u.dll (which is needed by L"C:\\Program Files\\Tableau\\Tableau 2026.2\\bin\\tabdoc.dll") not found
0024:err:module:import_dll Library tabdoc.dll (which is needed by L"C:\\Program Files\\Tableau\\Tableau 2026.2\\bin\\tabdocextension.dll") not found
0024:err:module:import_dll Library mfc140u.dll (which is needed by L"C:\\Program Files\\Tableau\\Tableau 2026.2\\bin\\tabdoc.dll") not found
0024:err:module:import_dll Library tabdoc.dll (which is needed by L"C:\\Program Files\\Tableau\\Tableau 2026.2\\bin\\tabdoccontextmenus.dll") not found
0024:err:module:import_dll Library tabdoccontextmenus.dll (which is needed by L"C:\\Program Files\\Tableau\\Tableau 2026.2\\bin\\tabdocdashboard.dll") not found
0024:err:module:import_dll Library mfc140u.dll (which is needed by L"C:\\Program Files\\Tableau\\Tableau 2026.2\\bin\\tabdoc.dll") not found
0024:err:module:import_dll Library tabdoc.dll (which is needed by L"C:\\Program Files\\Tableau\\Tableau 2026.2\\bin\\tabdocdashboard.dll") not found
0024:err:module:import_dll Library tabdocdashboard.dll (which is needed by L"C:\\Program Files\\Tableau\\Tableau 2026.2\\bin\\tabdocextension.dll") not found
0024:err:module:import_dll Library mfc140u.dll (which is needed by L"C:\\Program Files\\Tableau\\Tableau 2026.2\\bin\\tabdoc.dll") not found
0024:err:module:import_dll Library tabdoc.dll (which is needed by L"C:\\Program Files\\Tableau\\Tableau 2026.2\\bin\\tabwebengine.dll") not found
0024:err:module:import_dll Library tabwebengine.dll (which is needed by L"C:\\Program Files\\Tableau\\Tableau 2026.2\\bin\\tabdocextension.dll") not found
0024:err:module:import_dll Library tabdocextension.dll (which is needed by L"C:\\Program Files\\Tableau\\Tableau 2026.2\\bin\\tabdesktopui.dll") not found
0024:err:module:import_dll Library mfc140u.dll (which is needed by L"C:\\Program Files\\Tableau\\Tableau 2026.2\\bin\\tabdoc.dll") not found
0024:err:module:import_dll Library tabdoc.dll (which is needed by L"C:\\Program Files\\Tableau\\Tableau 2026.2\\bin\\tabdocsort.dll") not found
0024:err:module:import_dll Library tabdocsort.dll (which is needed by L"C:\\Program Files\\Tableau\\Tableau 2026.2\\bin\\tabdesktopui.dll") not found
0024:err:module:import_dll Library mfc140u.dll (which is needed by L"C:\\Program Files\\Tableau\\Tableau 2026.2\\bin\\tabdoc.dll") not found
0024:err:module:import_dll Library tabdoc.dll (which is needed by L"C:\\Program Files\\Tableau\\Tableau 2026.2\\bin\\tabdesktopui.dll") not found
0024:err:module:import_dll Library mfc140u.dll (which is needed by L"C:\\Program Files\\Tableau\\Tableau 2026.2\\bin\\tabdoc.dll") not found
0024:err:module:import_dll Library tabdoc.dll (which is needed by L"C:\\Program Files\\Tableau\\Tableau 2026.2\\bin\\tabwebengine.dll") not found
0024:err:module:import_dll Library tabwebengine.dll (which is needed by L"C:\\Program Files\\Tableau\\Tableau 2026.2\\bin\\tabdesktopui.dll") not found
0024:err:module:import_dll Library tabdesktopui.dll (which is needed by L"C:\\Program Files\\Tableau\\Tableau 2026.2\\bin\\tabui.dll") not found
0024:err:module:import_dll Library mfc140u.dll (which is needed by L"C:\\Program Files\\Tableau\\Tableau 2026.2\\bin\\tabdoc.dll") not found
0024:err:module:import_dll Library tabdoc.dll (which is needed by L"C:\\Program Files\\Tableau\\Tableau 2026.2\\bin\\tabui.dll") not found
0024:err:module:import_dll Library mfc140u.dll (which is needed by L"C:\\Program Files\\Tableau\\Tableau 2026.2\\bin\\tabdoc.dll") not found
0024:err:module:import_dll Library tabdoc.dll (which is needed by L"C:\\Program Files\\Tableau\\Tableau 2026.2\\bin\\tabwebengine.dll") not found
0024:err:module:import_dll Library tabwebengine.dll (which is needed by L"C:\\Program Files\\Tableau\\Tableau 2026.2\\bin\\tabui.dll") not found
0024:err:module:import_dll Library mfc140u.dll (which is needed by L"C:\\Program Files\\Tableau\\Tableau 2026.2\\bin\\tabdoc.dll") not found
0024:err:module:import_dll Library tabdoc.dll (which is needed by L"C:\\Program Files\\Tableau\\Tableau 2026.2\\bin\\tabdocactions.dll") not found
0024:err:module:import_dll Library tabdocactions.dll (which is needed by L"C:\\Program Files\\Tableau\\Tableau 2026.2\\bin\\tabui.dll") not found
0024:err:module:import_dll Library mfc140u.dll (which is needed by L"C:\\Program Files\\Tableau\\Tableau 2026.2\\bin\\tabdoc.dll") not found
0024:err:module:import_dll Library tabdoc.dll (which is needed by L"C:\\Program Files\\Tableau\\Tableau 2026.2\\bin\\tabdocannotations.dll") not found
0024:err:module:import_dll Library mfc140u.dll (which is needed by L"C:\\Program Files\\Tableau\\Tableau 2026.2\\bin\\tabdoc.dll") not found
0024:err:module:import_dll Library tabdoc.dll (which is needed by L"C:\\Program Files\\Tableau\\Tableau 2026.2\\bin\\tabdoccontextmenus.dll") not found
0024:err:module:import_dll Library tabdoccontextmenus.dll (which is needed by L"C:\\Program Files\\Tableau\\Tableau 2026.2\\bin\\tabdocannotations.dll") not found
0024:err:module:import_dll Library mfc140u.dll (which is needed by L"C:\\Program Files\\Tableau\\Tableau 2026.2\\bin\\tabdoc.dll") not found
0024:err:module:import_dll Library tabdoc.dll (which is needed by L"C:\\Program Files\\Tableau\\Tableau 2026.2\\bin\\tabdocrichtext.dll") not found
0024:err:module:import_dll Library tabdocrichtext.dll (which is needed by L"C:\\Program Files\\Tableau\\Tableau 2026.2\\bin\\tabdocannotations.dll") not found
0024:err:module:import_dll Library tabdocannotations.dll (which is needed by L"C:\\Program Files\\Tableau\\Tableau 2026.2\\bin\\tabui.dll") not found
0024:err:module:import_dll Library mfc140u.dll (which is needed by L"C:\\Program Files\\Tableau\\Tableau 2026.2\\bin\\tabdoc.dll") not found
0024:err:module:import_dll Library tabdoc.dll (which is needed by L"C:\\Program Files\\Tableau\\Tableau 2026.2\\bin\\tabdocclusteranalysis.dll") not found
0024:err:module:import_dll Library tabdocclusteranalysis.dll (which is needed by L"C:\\Program Files\\Tableau\\Tableau 2026.2\\bin\\tabui.dll") not found
0024:err:module:import_dll Library mfc140u.dll (which is needed by L"C:\\Program Files\\Tableau\\Tableau 2026.2\\bin\\tabdoc.dll") not found
0024:err:module:import_dll Library tabdoc.dll (which is needed by L"C:\\Program Files\\Tableau\\Tableau 2026.2\\bin\\tabdoccontextmenus.dll") not found
0024:err:module:import_dll Library tabdoccontextmenus.dll (which is needed by L"C:\\Program Files\\Tableau\\Tableau 2026.2\\bin\\tabdocdashboard.dll") not found
0024:err:module:import_dll Library mfc140u.dll (which is needed by L"C:\\Program Files\\Tableau\\Tableau 2026.2\\bin\\tabdoc.dll") not found
0024:err:module:import_dll Library tabdoc.dll (which is needed by L"C:\\Program Files\\Tableau\\Tableau 2026.2\\bin\\tabdocdashboard.dll") not found
0024:err:module:import_dll Library tabdocdashboard.dll (which is needed by L"C:\\Program Files\\Tableau\\Tableau 2026.2\\bin\\tabui.dll") not found
0024:err:module:import_dll Library mfc140u.dll (which is needed by L"C:\\Program Files\\Tableau\\Tableau 2026.2\\bin\\tabdoc.dll") not found
0024:err:module:import_dll Library tabdoc.dll (which is needed by L"C:\\Program Files\\Tableau\\Tableau 2026.2\\bin\\tabdocexport.dll") not found
0024:err:module:import_dll Library mfc140u.dll (which is needed by L"C:\\Program Files\\Tableau\\Tableau 2026.2\\bin\\tabdoc.dll") not found
0024:err:module:import_dll Library tabdoc.dll (which is needed by L"C:\\Program Files\\Tableau\\Tableau 2026.2\\bin\\tabdoclegend.dll") not found
0024:err:module:import_dll Library mfc140u.dll (which is needed by L"C:\\Program Files\\Tableau\\Tableau 2026.2\\bin\\tabdoc.dll") not found
0024:err:module:import_dll Library tabdoc.dll (which is needed by L"C:\\Program Files\\Tableau\\Tableau 2026.2\\bin\\tabdocactions.dll") not found
0024:err:module:import_dll Library tabdocactions.dll (which is needed by L"C:\\Program Files\\Tableau\\Tableau 2026.2\\bin\\tabdoclegend.dll") not found
0024:err:module:import_dll Library mfc140u.dll (which is needed by L"C:\\Program Files\\Tableau\\Tableau 2026.2\\bin\\tabdoc.dll") not found
0024:err:module:import_dll Library tabdoc.dll (which is needed by L"C:\\Program Files\\Tableau\\Tableau 2026.2\\bin\\tabdoccontextmenus.dll") not found
0024:err:module:import_dll Library tabdoccontextmenus.dll (which is needed by L"C:\\Program Files\\Tableau\\Tableau 2026.2\\bin\\tabdoclegend.dll") not found
0024:err:module:import_dll Library tabdoclegend.dll (which is needed by L"C:\\Program Files\\Tableau\\Tableau 2026.2\\bin\\tabdocexport.dll") not found
0024:err:module:import_dll Library tabdocexport.dll (which is needed by L"C:\\Program Files\\Tableau\\Tableau 2026.2\\bin\\tabui.dll") not found
0024:err:module:import_dll Library mfc140u.dll (which is needed by L"C:\\Program Files\\Tableau\\Tableau 2026.2\\bin\\tabdoc.dll") not found
0024:err:module:import_dll Library tabdoc.dll (which is needed by L"C:\\Program Files\\Tableau\\Tableau 2026.2\\bin\\tabdocextension.dll") not found
0024:err:module:import_dll Library mfc140u.dll (which is needed by L"C:\\Program Files\\Tableau\\Tableau 2026.2\\bin\\tabdoc.dll") not found
0024:err:module:import_dll Library tabdoc.dll (which is needed by L"C:\\Program Files\\Tableau\\Tableau 2026.2\\bin\\tabdoccontextmenus.dll") not found
0024:err:module:import_dll Library tabdoccontextmenus.dll (which is needed by L"C:\\Program Files\\Tableau\\Tableau 2026.2\\bin\\tabdocdashboard.dll") not found
0024:err:module:import_dll Library mfc140u.dll (which is needed by L"C:\\Program Files\\Tableau\\Tableau 2026.2\\bin\\tabdoc.dll") not found
0024:err:module:import_dll Library tabdoc.dll (which is needed by L"C:\\Program Files\\Tableau\\Tableau 2026.2\\bin\\tabdocdashboard.dll") not found
0024:err:module:import_dll Library tabdocdashboard.dll (which is needed by L"C:\\Program Files\\Tableau\\Tableau 2026.2\\bin\\tabdocextension.dll") not found
0024:err:module:import_dll Library mfc140u.dll (which is needed by L"C:\\Program Files\\Tableau\\Tableau 2026.2\\bin\\tabdoc.dll") not found
0024:err:module:import_dll Library tabdoc.dll (which is needed by L"C:\\Program Files\\Tableau\\Tableau 2026.2\\bin\\tabwebengine.dll") not found
0024:err:module:import_dll Library tabwebengine.dll (which is needed by L"C:\\Program Files\\Tableau\\Tableau 2026.2\\bin\\tabdocextension.dll") not found
0024:err:module:import_dll Library tabdocextension.dll (which is needed by L"C:\\Program Files\\Tableau\\Tableau 2026.2\\bin\\tabui.dll") not found
0024:err:module:import_dll Library mfc140u.dll (which is needed by L"C:\\Program Files\\Tableau\\Tableau 2026.2\\bin\\tabdoc.dll") not found
0024:err:module:import_dll Library tabdoc.dll (which is needed by L"C:\\Program Files\\Tableau\\Tableau 2026.2\\bin\\tabdocextsvc.dll") not found
0024:err:module:import_dll Library tabdocextsvc.dll (which is needed by L"C:\\Program Files\\Tableau\\Tableau 2026.2\\bin\\tabui.dll") not found
0024:err:module:import_dll Library mfc140u.dll (which is needed by L"C:\\Program Files\\Tableau\\Tableau 2026.2\\bin\\tabdoc.dll") not found
0024:err:module:import_dll Library tabdoc.dll (which is needed by L"C:\\Program Files\\Tableau\\Tableau 2026.2\\bin\\tabdocfilter.dll") not found
0024:err:module:import_dll Library mfc140u.dll (which is needed by L"C:\\Program Files\\Tableau\\Tableau 2026.2\\bin\\tabdoc.dll") not found
0024:err:module:import_dll Library tabdoc.dll (which is needed by L"C:\\Program Files\\Tableau\\Tableau 2026.2\\bin\\tabdoccontextmenus.dll") not found
0024:err:module:import_dll Library tabdoccontextmenus.dll (which is needed by L"C:\\Program Files\\Tableau\\Tableau 2026.2\\bin\\tabdocfilter.dll") not found
0024:err:module:import_dll Library tabdocfilter.dll (which is needed by L"C:\\Program Files\\Tableau\\Tableau 2026.2\\bin\\tabui.dll") not found
0024:err:module:import_dll Library mfc140u.dll (which is needed by L"C:\\Program Files\\Tableau\\Tableau 2026.2\\bin\\tabdoc.dll") not found
0024:err:module:import_dll Library tabdoc.dll (which is needed by L"C:\\Program Files\\Tableau\\Tableau 2026.2\\bin\\tabdocformatting.dll") not found
0024:err:module:import_dll Library mfc140u.dll (which is needed by L"C:\\Program Files\\Tableau\\Tableau 2026.2\\bin\\tabdoc.dll") not found
0024:err:module:import_dll Library tabdoc.dll (which is needed by L"C:\\Program Files\\Tableau\\Tableau 2026.2\\bin\\tabdoclegend.dll") not found
0024:err:module:import_dll Library mfc140u.dll (which is needed by L"C:\\Program Files\\Tableau\\Tableau 2026.2\\bin\\tabdoc.dll") not found
0024:err:module:import_dll Library tabdoc.dll (which is needed by L"C:\\Program Files\\Tableau\\Tableau 2026.2\\bin\\tabdocactions.dll") not found
0024:err:module:import_dll Library tabdocactions.dll (which is needed by L"C:\\Program Files\\Tableau\\Tableau 2026.2\\bin\\tabdoclegend.dll") not found
0024:err:module:import_dll Library mfc140u.dll (which is needed by L"C:\\Program Files\\Tableau\\Tableau 2026.2\\bin\\tabdoc.dll") not found
0024:err:module:import_dll Library tabdoc.dll (which is needed by L"C:\\Program Files\\Tableau\\Tableau 2026.2\\bin\\tabdoccontextmenus.dll") not found
0024:err:module:import_dll Library tabdoccontextmenus.dll (which is needed by L"C:\\Program Files\\Tableau\\Tableau 2026.2\\bin\\tabdoclegend.dll") not found
0024:err:module:import_dll Library tabdoclegend.dll (which is needed by L"C:\\Program Files\\Tableau\\Tableau 2026.2\\bin\\tabdocformatting.dll") not found
0024:err:module:import_dll Library tabdocformatting.dll (which is needed by L"C:\\Program Files\\Tableau\\Tableau 2026.2\\bin\\tabui.dll") not found
0024:err:module:import_dll Library mfc140u.dll (which is needed by L"C:\\Program Files\\Tableau\\Tableau 2026.2\\bin\\tabdoc.dll") not found
0024:err:module:import_dll Library tabdoc.dll (which is needed by L"C:\\Program Files\\Tableau\\Tableau 2026.2\\bin\\tabdoclegend.dll") not found
0024:err:module:import_dll Library mfc140u.dll (which is needed by L"C:\\Program Files\\Tableau\\Tableau 2026.2\\bin\\tabdoc.dll") not found
0024:err:module:import_dll Library tabdoc.dll (which is needed by L"C:\\Program Files\\Tableau\\Tableau 2026.2\\bin\\tabdocactions.dll") not found
0024:err:module:import_dll Library tabdocactions.dll (which is needed by L"C:\\Program Files\\Tableau\\Tableau 2026.2\\bin\\tabdoclegend.dll") not found
0024:err:module:import_dll Library mfc140u.dll (which is needed by L"C:\\Program Files\\Tableau\\Tableau 2026.2\\bin\\tabdoc.dll") not found
0024:err:module:import_dll Library tabdoc.dll (which is needed by L"C:\\Program Files\\Tableau\\Tableau 2026.2\\bin\\tabdoccontextmenus.dll") not found
0024:err:module:import_dll Library tabdoccontextmenus.dll (which is needed by L"C:\\Program Files\\Tableau\\Tableau 2026.2\\bin\\tabdoclegend.dll") not found
0024:err:module:import_dll Library tabdoclegend.dll (which is needed by L"C:\\Program Files\\Tableau\\Tableau 2026.2\\bin\\tabui.dll") not found
0024:err:module:import_dll Library mfc140u.dll (which is needed by L"C:\\Program Files\\Tableau\\Tableau 2026.2\\bin\\tabdoc.dll") not found
0024:err:module:import_dll Library tabdoc.dll (which is needed by L"C:\\Program Files\\Tableau\\Tableau 2026.2\\bin\\tabdocmaps.dll") not found
0024:err:module:import_dll Library tabdocmaps.dll (which is needed by L"C:\\Program Files\\Tableau\\Tableau 2026.2\\bin\\tabui.dll") not found
0024:err:module:import_dll Library mfc140u.dll (which is needed by L"C:\\Program Files\\Tableau\\Tableau 2026.2\\bin\\tabdoc.dll") not found
0024:err:module:import_dll Library tabdoc.dll (which is needed by L"C:\\Program Files\\Tableau\\Tableau 2026.2\\bin\\tabdocpages.dll") not found
0024:err:module:import_dll Library mfc140u.dll (which is needed by L"C:\\Program Files\\Tableau\\Tableau 2026.2\\bin\\tabdoc.dll") not found
0024:err:module:import_dll Library tabdoc.dll (which is needed by L"C:\\Program Files\\Tableau\\Tableau 2026.2\\bin\\tabdoccontextmenus.dll") not found
0024:err:module:import_dll Library tabdoccontextmenus.dll (which is needed by L"C:\\Program Files\\Tableau\\Tableau 2026.2\\bin\\tabdocpages.dll") not found
0024:err:module:import_dll Library mfc140u.dll (which is needed by L"C:\\Program Files\\Tableau\\Tableau 2026.2\\bin\\tabdoc.dll") not found
0024:err:module:import_dll Library tabdoc.dll (which is needed by L"C:\\Program Files\\Tableau\\Tableau 2026.2\\bin\\tabdoccontextmenus.dll") not found
0024:err:module:import_dll Library tabdoccontextmenus.dll (which is needed by L"C:\\Program Files\\Tableau\\Tableau 2026.2\\bin\\tabdocdashboard.dll") not found
0024:err:module:import_dll Library mfc140u.dll (which is needed by L"C:\\Program Files\\Tableau\\Tableau 2026.2\\bin\\tabdoc.dll") not found
0024:err:module:import_dll Library tabdoc.dll (which is needed by L"C:\\Program Files\\Tableau\\Tableau 2026.2\\bin\\tabdocdashboard.dll") not found
0024:err:module:import_dll Library tabdocdashboard.dll (which is needed by L"C:\\Program Files\\Tableau\\Tableau 2026.2\\bin\\tabdocpages.dll") not found
0024:err:module:import_dll Library tabdocpages.dll (which is needed by L"C:\\Program Files\\Tableau\\Tableau 2026.2\\bin\\tabui.dll") not found
0024:err:module:import_dll Library mfc140u.dll (which is needed by L"C:\\Program Files\\Tableau\\Tableau 2026.2\\bin\\tabdoc.dll") not found
0024:err:module:import_dll Library tabdoc.dll (which is needed by L"C:\\Program Files\\Tableau\\Tableau 2026.2\\bin\\tabdocparameters.dll") not found
0024:err:module:import_dll Library mfc140u.dll (which is needed by L"C:\\Program Files\\Tableau\\Tableau 2026.2\\bin\\tabdoc.dll") not found
0024:err:module:import_dll Library tabdoc.dll (which is needed by L"C:\\Program Files\\Tableau\\Tableau 2026.2\\bin\\tabdocformatting.dll") not found
0024:err:module:import_dll Library mfc140u.dll (which is needed by L"C:\\Program Files\\Tableau\\Tableau 2026.2\\bin\\tabdoc.dll") not found
0024:err:module:import_dll Library tabdoc.dll (which is needed by L"C:\\Program Files\\Tableau\\Tableau 2026.2\\bin\\tabdoclegend.dll") not found
0024:err:module:import_dll Library mfc140u.dll (which is needed by L"C:\\Program Files\\Tableau\\Tableau 2026.2\\bin\\tabdoc.dll") not found
0024:err:module:import_dll Library tabdoc.dll (which is needed by L"C:\\Program Files\\Tableau\\Tableau 2026.2\\bin\\tabdocactions.dll") not found
0024:err:module:import_dll Library tabdocactions.dll (which is needed by L"C:\\Program Files\\Tableau\\Tableau 2026.2\\bin\\tabdoclegend.dll") not found
0024:err:module:import_dll Library mfc140u.dll (which is needed by L"C:\\Program Files\\Tableau\\Tableau 2026.2\\bin\\tabdoc.dll") not found
0024:err:module:import_dll Library tabdoc.dll (which is needed by L"C:\\Program Files\\Tableau\\Tableau 2026.2\\bin\\tabdoccontextmenus.dll") not found
0024:err:module:import_dll Library tabdoccontextmenus.dll (which is needed by L"C:\\Program Files\\Tableau\\Tableau 2026.2\\bin\\tabdoclegend.dll") not found
0024:err:module:import_dll Library tabdoclegend.dll (which is needed by L"C:\\Program Files\\Tableau\\Tableau 2026.2\\bin\\tabdocformatting.dll") not found
0024:err:module:import_dll Library tabdocformatting.dll (which is needed by L"C:\\Program Files\\Tableau\\Tableau 2026.2\\bin\\tabdocparameters.dll") not found
0024:err:module:import_dll Library tabdocparameters.dll (which is needed by L"C:\\Program Files\\Tableau\\Tableau 2026.2\\bin\\tabui.dll") not found
0024:err:module:import_dll Library mfc140u.dll (which is needed by L"C:\\Program Files\\Tableau\\Tableau 2026.2\\bin\\tabdoc.dll") not found
0024:err:module:import_dll Library tabdoc.dll (which is needed by L"C:\\Program Files\\Tableau\\Tableau 2026.2\\bin\\tabdocschemaviewer.dll") not found
0024:err:module:import_dll Library mfc140u.dll (which is needed by L"C:\\Program Files\\Tableau\\Tableau 2026.2\\bin\\tabdoc.dll") not found
0024:err:module:import_dll Library tabdoc.dll (which is needed by L"C:\\Program Files\\Tableau\\Tableau 2026.2\\bin\\tabdocformatting.dll") not found
0024:err:module:import_dll Library mfc140u.dll (which is needed by L"C:\\Program Files\\Tableau\\Tableau 2026.2\\bin\\tabdoc.dll") not found
0024:err:module:import_dll Library tabdoc.dll (which is needed by L"C:\\Program Files\\Tableau\\Tableau 2026.2\\bin\\tabdoclegend.dll") not found
0024:err:module:import_dll Library mfc140u.dll (which is needed by L"C:\\Program Files\\Tableau\\Tableau 2026.2\\bin\\tabdoc.dll") not found
0024:err:module:import_dll Library tabdoc.dll (which is needed by L"C:\\Program Files\\Tableau\\Tableau 2026.2\\bin\\tabdocactions.dll") not found
0024:err:module:import_dll Library tabdocactions.dll (which is needed by L"C:\\Program Files\\Tableau\\Tableau 2026.2\\bin\\tabdoclegend.dll") not found
0024:err:module:import_dll Library mfc140u.dll (which is needed by L"C:\\Program Files\\Tableau\\Tableau 2026.2\\bin\\tabdoc.dll") not found
0024:err:module:import_dll Library tabdoc.dll (which is needed by L"C:\\Program Files\\Tableau\\Tableau 2026.2\\bin\\tabdoccontextmenus.dll") not found
0024:err:module:import_dll Library tabdoccontextmenus.dll (which is needed by L"C:\\Program Files\\Tableau\\Tableau 2026.2\\bin\\tabdoclegend.dll") not found
0024:err:module:import_dll Library tabdoclegend.dll (which is needed by L"C:\\Program Files\\Tableau\\Tableau 2026.2\\bin\\tabdocformatting.dll") not found
0024:err:module:import_dll Library tabdocformatting.dll (which is needed by L"C:\\Program Files\\Tableau\\Tableau 2026.2\\bin\\tabdocschemaviewer.dll") not found
0024:err:module:import_dll Library mfc140u.dll (which is needed by L"C:\\Program Files\\Tableau\\Tableau 2026.2\\bin\\tabdoc.dll") not found
0024:err:module:import_dll Library tabdoc.dll (which is needed by L"C:\\Program Files\\Tableau\\Tableau 2026.2\\bin\\tabdocobjectgraph.dll") not found
0024:err:module:import_dll Library tabdocobjectgraph.dll (which is needed by L"C:\\Program Files\\Tableau\\Tableau 2026.2\\bin\\tabdocschemaviewer.dll") not found
0024:err:module:import_dll Library tabdocschemaviewer.dll (which is needed by L"C:\\Program Files\\Tableau\\Tableau 2026.2\\bin\\tabui.dll") not found
0024:err:module:import_dll Library mfc140u.dll (which is needed by L"C:\\Program Files\\Tableau\\Tableau 2026.2\\bin\\tabdoc.dll") not found
0024:err:module:import_dll Library tabdoc.dll (which is needed by L"C:\\Program Files\\Tableau\\Tableau 2026.2\\bin\\tabdocsort.dll") not found
0024:err:module:import_dll Library tabdocsort.dll (which is needed by L"C:\\Program Files\\Tableau\\Tableau 2026.2\\bin\\tabui.dll") not found
0024:err:module:import_dll Library mfc140u.dll (which is needed by L"C:\\Program Files\\Tableau\\Tableau 2026.2\\bin\\tabdoc.dll") not found
0024:err:module:import_dll Library tabdoc.dll (which is needed by L"C:\\Program Files\\Tableau\\Tableau 2026.2\\bin\\tabdocstory.dll") not found
0024:err:module:import_dll Library mfc140u.dll (which is needed by L"C:\\Program Files\\Tableau\\Tableau 2026.2\\bin\\tabdoc.dll") not found
0024:err:module:import_dll Library tabdoc.dll (which is needed by L"C:\\Program Files\\Tableau\\Tableau 2026.2\\bin\\tabdoccontextmenus.dll") not found
0024:err:module:import_dll Library tabdoccontextmenus.dll (which is needed by L"C:\\Program Files\\Tableau\\Tableau 2026.2\\bin\\tabdocdashboard.dll") not found
0024:err:module:import_dll Library mfc140u.dll (which is needed by L"C:\\Program Files\\Tableau\\Tableau 2026.2\\bin\\tabdoc.dll") not found
0024:err:module:import_dll Library tabdoc.dll (which is needed by L"C:\\Program Files\\Tableau\\Tableau 2026.2\\bin\\tabdocdashboard.dll") not found
0024:err:module:import_dll Library tabdocdashboard.dll (which is needed by L"C:\\Program Files\\Tableau\\Tableau 2026.2\\bin\\tabdocstory.dll") not found
0024:err:module:import_dll Library tabdocstory.dll (which is needed by L"C:\\Program Files\\Tableau\\Tableau 2026.2\\bin\\tabui.dll") not found
0024:err:module:import_dll Library mfc140u.dll (which is needed by L"C:\\Program Files\\Tableau\\Tableau 2026.2\\bin\\tabdoc.dll") not found
0024:err:module:import_dll Library tabdoc.dll (which is needed by L"C:\\Program Files\\Tableau\\Tableau 2026.2\\bin\\tabdoctablecalc.dll") not found
0024:err:module:import_dll Library tabdoctablecalc.dll (which is needed by L"C:\\Program Files\\Tableau\\Tableau 2026.2\\bin\\tabui.dll") not found
0024:err:module:import_dll Library mfc140u.dll (which is needed by L"C:\\Program Files\\Tableau\\Tableau 2026.2\\bin\\tabdoc.dll") not found
0024:err:module:import_dll Library tabdoc.dll (which is needed by L"C:\\Program Files\\Tableau\\Tableau 2026.2\\bin\\tabdoctrendline.dll") not found
0024:err:module:import_dll Library mfc140u.dll (which is needed by L"C:\\Program Files\\Tableau\\Tableau 2026.2\\bin\\tabdoc.dll") not found
0024:err:module:import_dll Library tabdoc.dll (which is needed by L"C:\\Program Files\\Tableau\\Tableau 2026.2\\bin\\tabdoccontextmenus.dll") not found
0024:err:module:import_dll Library tabdoccontextmenus.dll (which is needed by L"C:\\Program Files\\Tableau\\Tableau 2026.2\\bin\\tabdoctrendline.dll") not found
0024:err:module:import_dll Library tabdoctrendline.dll (which is needed by L"C:\\Program Files\\Tableau\\Tableau 2026.2\\bin\\tabui.dll") not found
0024:err:module:import_dll Library mfc140u.dll (which is needed by L"C:\\Program Files\\Tableau\\Tableau 2026.2\\bin\\tabdoc.dll") not found
0024:err:module:import_dll Library tabdoc.dll (which is needed by L"C:\\Program Files\\Tableau\\Tableau 2026.2\\bin\\tabdocviewdata.dll") not found
0024:err:module:import_dll Library mfc140u.dll (which is needed by L"C:\\Program Files\\Tableau\\Tableau 2026.2\\bin\\tabdoc.dll") not found
0024:err:module:import_dll Library tabdoc.dll (which is needed by L"C:\\Program Files\\Tableau\\Tableau 2026.2\\bin\\tabdocexport.dll") not found
0024:err:module:import_dll Library mfc140u.dll (which is needed by L"C:\\Program Files\\Tableau\\Tableau 2026.2\\bin\\tabdoc.dll") not found
0024:err:module:import_dll Library tabdoc.dll (which is needed by L"C:\\Program Files\\Tableau\\Tableau 2026.2\\bin\\tabdoclegend.dll") not found
0024:err:module:import_dll Library mfc140u.dll (which is needed by L"C:\\Program Files\\Tableau\\Tableau 2026.2\\bin\\tabdoc.dll") not found
0024:err:module:import_dll Library tabdoc.dll (which is needed by L"C:\\Program Files\\Tableau\\Tableau 2026.2\\bin\\tabdocactions.dll") not found
0024:err:module:import_dll Library tabdocactions.dll (which is needed by L"C:\\Program Files\\Tableau\\Tableau 2026.2\\bin\\tabdoclegend.dll") not found
0024:err:module:import_dll Library mfc140u.dll (which is needed by L"C:\\Program Files\\Tableau\\Tableau 2026.2\\bin\\tabdoc.dll") not found
0024:err:module:import_dll Library tabdoc.dll (which is needed by L"C:\\Program Files\\Tableau\\Tableau 2026.2\\bin\\tabdoccontextmenus.dll") not found
0024:err:module:import_dll Library tabdoccontextmenus.dll (which is needed by L"C:\\Program Files\\Tableau\\Tableau 2026.2\\bin\\tabdoclegend.dll") not found
0024:err:module:import_dll Library tabdoclegend.dll (which is needed by L"C:\\Program Files\\Tableau\\Tableau 2026.2\\bin\\tabdocexport.dll") not found
0024:err:module:import_dll Library tabdocexport.dll (which is needed by L"C:\\Program Files\\Tableau\\Tableau 2026.2\\bin\\tabdocviewdata.dll") not found
0024:err:module:import_dll Library tabdocviewdata.dll (which is needed by L"C:\\Program Files\\Tableau\\Tableau 2026.2\\bin\\tabui.dll") not found
0024:err:module:import_dll Library mfc140u.dll (which is needed by L"C:\\Program Files\\Tableau\\Tableau 2026.2\\bin\\tabdoc.dll") not found
0024:err:module:import_dll Library tabdoc.dll (which is needed by L"C:\\Program Files\\Tableau\\Tableau 2026.2\\bin\\tabdocextension.dll") not found
0024:err:module:import_dll Library mfc140u.dll (which is needed by L"C:\\Program Files\\Tableau\\Tableau 2026.2\\bin\\tabdoc.dll") not found
0024:err:module:import_dll Library tabdoc.dll (which is needed by L"C:\\Program Files\\Tableau\\Tableau 2026.2\\bin\\tabdoccontextmenus.dll") not found
0024:err:module:import_dll Library tabdoccontextmenus.dll (which is needed by L"C:\\Program Files\\Tableau\\Tableau 2026.2\\bin\\tabdocdashboard.dll") not found
0024:err:module:import_dll Library mfc140u.dll (which is needed by L"C:\\Program Files\\Tableau\\Tableau 2026.2\\bin\\tabdoc.dll") not found
0024:err:module:import_dll Library tabdoc.dll (which is needed by L"C:\\Program Files\\Tableau\\Tableau 2026.2\\bin\\tabdocdashboard.dll") not found
0024:err:module:import_dll Library tabdocdashboard.dll (which is needed by L"C:\\Program Files\\Tableau\\Tableau 2026.2\\bin\\tabdocextension.dll") not found
0024:err:module:import_dll Library mfc140u.dll (which is needed by L"C:\\Program Files\\Tableau\\Tableau 2026.2\\bin\\tabdoc.dll") not found
0024:err:module:import_dll Library tabdoc.dll (which is needed by L"C:\\Program Files\\Tableau\\Tableau 2026.2\\bin\\tabwebengine.dll") not found
0024:err:module:import_dll Library tabwebengine.dll (which is needed by L"C:\\Program Files\\Tableau\\Tableau 2026.2\\bin\\tabdocextension.dll") not found
0024:err:module:import_dll Library tabdocextension.dll (which is needed by L"C:\\Program Files\\Tableau\\Tableau 2026.2\\bin\\tabdesktopui.dll") not found
0024:err:module:import_dll Library mfc140u.dll (which is needed by L"C:\\Program Files\\Tableau\\Tableau 2026.2\\bin\\tabdoc.dll") not found
0024:err:module:import_dll Library tabdoc.dll (which is needed by L"C:\\Program Files\\Tableau\\Tableau 2026.2\\bin\\tabdocsort.dll") not found
0024:err:module:import_dll Library tabdocsort.dll (which is needed by L"C:\\Program Files\\Tableau\\Tableau 2026.2\\bin\\tabdesktopui.dll") not found
0024:err:module:import_dll Library mfc140u.dll (which is needed by L"C:\\Program Files\\Tableau\\Tableau 2026.2\\bin\\tabdoc.dll") not found
0024:err:module:import_dll Library tabdoc.dll (which is needed by L"C:\\Program Files\\Tableau\\Tableau 2026.2\\bin\\tabdesktopui.dll") not found
0024:err:module:import_dll Library mfc140u.dll (which is needed by L"C:\\Program Files\\Tableau\\Tableau 2026.2\\bin\\tabdoc.dll") not found
0024:err:module:import_dll Library tabdoc.dll (which is needed by L"C:\\Program Files\\Tableau\\Tableau 2026.2\\bin\\tabwebengine.dll") not found
0024:err:module:import_dll Library tabwebengine.dll (which is needed by L"C:\\Program Files\\Tableau\\Tableau 2026.2\\bin\\tabdesktopui.dll") not found
0024:err:module:import_dll Library tabdesktopui.dll (which is needed by L"C:\\Program Files\\Tableau\\Tableau 2026.2\\bin\\tabtestsvc.dll") not found
0024:err:module:import_dll Library mfc140u.dll (which is needed by L"C:\\Program Files\\Tableau\\Tableau 2026.2\\bin\\tabdoc.dll") not found
0024:err:module:import_dll Library tabdoc.dll (which is needed by L"C:\\Program Files\\Tableau\\Tableau 2026.2\\bin\\tabtestsvc.dll") not found
0024:err:module:import_dll Library tabtestsvc.dll (which is needed by L"C:\\Program Files\\Tableau\\Tableau 2026.2\\bin\\tabui.dll") not found
0024:err:module:import_dll Library mfc140u.dll (which is needed by L"C:\\Program Files\\Tableau\\Tableau 2026.2\\bin\\tabdoc.dll") not found
0024:err:module:import_dll Library tabdoc.dll (which is needed by L"C:\\Program Files\\Tableau\\Tableau 2026.2\\bin\\tabdocextension.dll") not found
0024:err:module:import_dll Library mfc140u.dll (which is needed by L"C:\\Program Files\\Tableau\\Tableau 2026.2\\bin\\tabdoc.dll") not found
0024:err:module:import_dll Library tabdoc.dll (which is needed by L"C:\\Program Files\\Tableau\\Tableau 2026.2\\bin\\tabdoccontextmenus.dll") not found
0024:err:module:import_dll Library tabdoccontextmenus.dll (which is needed by L"C:\\Program Files\\Tableau\\Tableau 2026.2\\bin\\tabdocdashboard.dll") not found
0024:err:module:import_dll Library mfc140u.dll (which is needed by L"C:\\Program Files\\Tableau\\Tableau 2026.2\\bin\\tabdoc.dll") not found
0024:err:module:import_dll Library tabdoc.dll (which is needed by L"C:\\Program Files\\Tableau\\Tableau 2026.2\\bin\\tabdocdashboard.dll") not found
0024:err:module:import_dll Library tabdocdashboard.dll (which is needed by L"C:\\Program Files\\Tableau\\Tableau 2026.2\\bin\\tabdocextension.dll") not found
0024:err:module:import_dll Library mfc140u.dll (which is needed by L"C:\\Program Files\\Tableau\\Tableau 2026.2\\bin\\tabdoc.dll") not found
0024:err:module:import_dll Library tabdoc.dll (which is needed by L"C:\\Program Files\\Tableau\\Tableau 2026.2\\bin\\tabwebengine.dll") not found
0024:err:module:import_dll Library tabwebengine.dll (which is needed by L"C:\\Program Files\\Tableau\\Tableau 2026.2\\bin\\tabdocextension.dll") not found
0024:err:module:import_dll Library tabdocextension.dll (which is needed by L"C:\\Program Files\\Tableau\\Tableau 2026.2\\bin\\tabdesktopui.dll") not found
0024:err:module:import_dll Library mfc140u.dll (which is needed by L"C:\\Program Files\\Tableau\\Tableau 2026.2\\bin\\tabdoc.dll") not found
0024:err:module:import_dll Library tabdoc.dll (which is needed by L"C:\\Program Files\\Tableau\\Tableau 2026.2\\bin\\tabdocsort.dll") not found
0024:err:module:import_dll Library tabdocsort.dll (which is needed by L"C:\\Program Files\\Tableau\\Tableau 2026.2\\bin\\tabdesktopui.dll") not found
0024:err:module:import_dll Library mfc140u.dll (which is needed by L"C:\\Program Files\\Tableau\\Tableau 2026.2\\bin\\tabdoc.dll") not found
0024:err:module:import_dll Library tabdoc.dll (which is needed by L"C:\\Program Files\\Tableau\\Tableau 2026.2\\bin\\tabdesktopui.dll") not found
0024:err:module:import_dll Library mfc140u.dll (which is needed by L"C:\\Program Files\\Tableau\\Tableau 2026.2\\bin\\tabdoc.dll") not found
0024:err:module:import_dll Library tabdoc.dll (which is needed by L"C:\\Program Files\\Tableau\\Tableau 2026.2\\bin\\tabwebengine.dll") not found
0024:err:module:import_dll Library tabwebengine.dll (which is needed by L"C:\\Program Files\\Tableau\\Tableau 2026.2\\bin\\tabdesktopui.dll") not found
0024:err:module:import_dll Library tabdesktopui.dll (which is needed by L"C:\\Program Files\\Tableau\\Tableau 2026.2\\bin\\tabuisbfeatureflags.dll") not found
0024:err:module:import_dll Library mfc140u.dll (which is needed by L"C:\\Program Files\\Tableau\\Tableau 2026.2\\bin\\tabdoc.dll") not found
0024:err:module:import_dll Library tabdoc.dll (which is needed by L"C:\\Program Files\\Tableau\\Tableau 2026.2\\bin\\tabuisbfeatureflags.dll") not found
0024:err:module:import_dll Library mfc140u.dll (which is needed by L"C:\\Program Files\\Tableau\\Tableau 2026.2\\bin\\tabdoc.dll") not found
0024:err:module:import_dll Library tabdoc.dll (which is needed by L"C:\\Program Files\\Tableau\\Tableau 2026.2\\bin\\tabuistatusbar.dll") not found
0024:err:module:import_dll Library tabuistatusbar.dll (which is needed by L"C:\\Program Files\\Tableau\\Tableau 2026.2\\bin\\tabuisbfeatureflags.dll") not found
0024:err:module:import_dll Library tabuisbfeatureflags.dll (which is needed by L"C:\\Program Files\\Tableau\\Tableau 2026.2\\bin\\tabui.dll") not found
0024:err:module:import_dll Library mfc140u.dll (which is needed by L"C:\\Program Files\\Tableau\\Tableau 2026.2\\bin\\tabdoc.dll") not found
0024:err:module:import_dll Library tabdoc.dll (which is needed by L"C:\\Program Files\\Tableau\\Tableau 2026.2\\bin\\tabuistatusbar.dll") not found
0024:err:module:import_dll Library tabuistatusbar.dll (which is needed by L"C:\\Program Files\\Tableau\\Tableau 2026.2\\bin\\tabui.dll") not found
0024:err:module:import_dll Library mfc140u.dll (which is needed by L"C:\\Program Files\\Tableau\\Tableau 2026.2\\bin\\tabdoc.dll") not found
0024:err:module:import_dll Library tabdoc.dll (which is needed by L"C:\\Program Files\\Tableau\\Tableau 2026.2\\bin\\tabdocaxis.dll") not found
0024:err:module:import_dll Library mfc140u.dll (which is needed by L"C:\\Program Files\\Tableau\\Tableau 2026.2\\bin\\tabdoc.dll") not found
0024:err:module:import_dll Library tabdoc.dll (which is needed by L"C:\\Program Files\\Tableau\\Tableau 2026.2\\bin\\tabdocactions.dll") not found
0024:err:module:import_dll Library tabdocactions.dll (which is needed by L"C:\\Program Files\\Tableau\\Tableau 2026.2\\bin\\tabdocaxis.dll") not found
0024:err:module:import_dll Library mfc140u.dll (which is needed by L"C:\\Program Files\\Tableau\\Tableau 2026.2\\bin\\tabdoc.dll") not found
0024:err:module:import_dll Library tabdoc.dll (which is needed by L"C:\\Program Files\\Tableau\\Tableau 2026.2\\bin\\tabdoccontextmenus.dll") not found
0024:err:module:import_dll Library tabdoccontextmenus.dll (which is needed by L"C:\\Program Files\\Tableau\\Tableau 2026.2\\bin\\tabdocaxis.dll") not found
0024:err:module:import_dll Library tabdocaxis.dll (which is needed by L"C:\\Program Files\\Tableau\\Tableau 2026.2\\bin\\tabui.dll") not found
0024:err:module:import_dll Library mfc140u.dll (which is needed by L"C:\\Program Files\\Tableau\\Tableau 2026.2\\bin\\tabdoc.dll") not found
0024:err:module:import_dll Library tabdoc.dll (which is needed by L"C:\\Program Files\\Tableau\\Tableau 2026.2\\bin\\tabdoccontextmenus.dll") not found
0024:err:module:import_dll Library tabdoccontextmenus.dll (which is needed by L"C:\\Program Files\\Tableau\\Tableau 2026.2\\bin\\tabui.dll") not found
0024:err:module:import_dll Library mfc140u.dll (which is needed by L"C:\\Program Files\\Tableau\\Tableau 2026.2\\bin\\tabui.dll") not found
0024:err:module:import_dll Library tabui.dll (which is needed by L"C:\\Program Files\\Tableau\\Tableau 2026.2\\bin\\tableau.com") not found
0024:err:module:import_dll Library mfc140u.dll (which is needed by L"C:\\Program Files\\Tableau\\Tableau 2026.2\\bin\\tabdoc.dll") not found
0024:err:module:import_dll Library tabdoc.dll (which is needed by L"C:\\Program Files\\Tableau\\Tableau 2026.2\\bin\\tableau.com") not found
0024:err:module:loader_init Importing dlls for L"C:\\Program Files\\Tableau\\Tableau 2026.2\\bin\\tableau.com" failed, status c0000135
