002c:trace:loaddll:build_module Loaded L"C:\\windows\\system32\\wineboot.exe" at 0000000140000000: builtin
002c:trace:loaddll:build_ntdll_module Loaded L"C:\\windows\\system32\\ntdll.dll" at 00006FFFFFBC0000: builtin
002c:trace:loaddll:build_module Loaded L"C:\\windows\\system32\\kernelbase.dll" at 00006FFFFF360000: builtin
002c:trace:loaddll:build_module Loaded L"C:\\windows\\system32\\kernel32.dll" at 00006FFFFF9E0000: builtin
002c:trace:loaddll:build_module Loaded L"C:\\windows\\system32\\msvcrt.dll" at 00006FFFFEE60000: builtin
002c:trace:loaddll:build_module Loaded L"C:\\windows\\system32\\ucrtbase.dll" at 00006FFFFE980000: builtin
002c:trace:loaddll:build_module Loaded L"C:\\windows\\system32\\sechost.dll" at 00006FFFFEDC0000: builtin
002c:trace:loaddll:build_module Loaded L"C:\\windows\\system32\\advapi32.dll" at 00006FFFFF200000: builtin
002c:trace:loaddll:build_module Loaded L"C:\\windows\\system32\\cryptbase.dll" at 00006FFFFE680000: builtin
002c:trace:loaddll:build_module Loaded L"C:\\windows\\system32\\rpcrt4.dll" at 00006FFFFE6C0000: builtin
002c:trace:loaddll:build_module Loaded L"C:\\windows\\system32\\ws2_32.dll" at 00006FFFFE5B0000: builtin
0034:trace:loaddll:build_module Loaded L"C:\\windows\\system32\\winemenubuilder.exe" at 0000000140000000: builtin
0034:trace:loaddll:build_ntdll_module Loaded L"C:\\windows\\system32\\ntdll.dll" at 00006FFFFFBC0000: builtin
0034:trace:loaddll:build_module Loaded L"C:\\windows\\system32\\kernelbase.dll" at 00006FFFFF360000: builtin
0034:trace:loaddll:build_module Loaded L"C:\\windows\\system32\\kernel32.dll" at 00006FFFFF9E0000: builtin
0034:trace:loaddll:build_module Loaded L"C:\\windows\\system32\\msvcrt.dll" at 00006FFFFEE60000: builtin
0034:trace:loaddll:build_module Loaded L"C:\\windows\\system32\\ucrtbase.dll" at 00006FFFFE980000: builtin
0034:trace:loaddll:build_module Loaded L"C:\\windows\\system32\\sechost.dll" at 00006FFFFEDC0000: builtin
0034:trace:loaddll:build_module Loaded L"C:\\windows\\system32\\advapi32.dll" at 00006FFFFF200000: builtin
003c:trace:loaddll:build_module Loaded L"C:\\windows\\system32\\services.exe" at 0000000140000000: builtin
003c:trace:loaddll:build_ntdll_module Loaded L"C:\\windows\\system32\\ntdll.dll" at 00006FFFFFBC0000: builtin
0034:trace:loaddll:build_module Loaded L"C:\\windows\\system32\\win32u.dll" at 00006FFFFD6A0000: builtin
0034:trace:loaddll:build_module Loaded L"C:\\windows\\system32\\user32.dll" at 00006FFFFD700000: builtin
0034:trace:loaddll:build_module Loaded L"C:\\windows\\system32\\gdi32.dll" at 00006FFFFDD20000: builtin
003c:trace:loaddll:build_module Loaded L"C:\\windows\\system32\\kernelbase.dll" at 00006FFFFF360000: builtin
003c:trace:loaddll:build_module Loaded L"C:\\windows\\system32\\kernel32.dll" at 00006FFFFF9E0000: builtin
0034:trace:loaddll:build_module Loaded L"C:\\windows\\system32\\cryptbase.dll" at 00006FFFFE680000: builtin
0034:trace:loaddll:build_module Loaded L"C:\\windows\\system32\\rpcrt4.dll" at 00006FFFFE6C0000: builtin
0034:trace:loaddll:build_module Loaded L"C:\\windows\\system32\\combase.dll" at 00006FFFFDFF0000: builtin
0034:trace:loaddll:build_module Loaded L"C:\\windows\\system32\\coml2.dll" at 00006FFFFD630000: builtin
0034:trace:loaddll:build_module Loaded L"C:\\windows\\system32\\ole32.dll" at 00006FFFFE1C0000: builtin
003c:trace:loaddll:build_module Loaded L"C:\\windows\\system32\\msvcrt.dll" at 00006FFFFEE60000: builtin
003c:trace:loaddll:build_module Loaded L"C:\\windows\\system32\\ucrtbase.dll" at 00006FFFFE980000: builtin
003c:trace:loaddll:build_module Loaded L"C:\\windows\\system32\\sechost.dll" at 00006FFFFEDC0000: builtin
003c:trace:loaddll:build_module Loaded L"C:\\windows\\system32\\advapi32.dll" at 00006FFFFF200000: builtin
0034:trace:loaddll:build_module Loaded L"C:\\windows\\system32\\shcore.dll" at 00006FFFFC670000: builtin
0034:trace:loaddll:build_module Loaded L"C:\\windows\\system32\\shlwapi.dll" at 00006FFFFC6E0000: builtin
0034:trace:loaddll:build_module Loaded L"C:\\windows\\system32\\shell32.dll" at 00006FFFFC820000: builtin
003c:trace:loaddll:build_module Loaded L"C:\\windows\\system32\\cryptbase.dll" at 00006FFFFE680000: builtin
003c:trace:loaddll:build_module Loaded L"C:\\windows\\system32\\rpcrt4.dll" at 00006FFFFE6C0000: builtin
0034:trace:loaddll:build_module Loaded L"C:\\windows\\system32\\oleaut32.dll" at 00006FFFFB8D0000: builtin
003c:trace:loaddll:build_module Loaded L"C:\\windows\\system32\\cfgmgr32.dll" at 00006FFFFB820000: builtin
003c:trace:loaddll:build_module Loaded L"C:\\windows\\system32\\setupapi.dll" at 00006FFFFBC60000: builtin
0034:trace:loaddll:build_module Loaded L"C:\\windows\\system32\\propsys.dll" at 00006FFFFB770000: builtin
0034:trace:loaddll:build_module Loaded L"C:\\windows\\system32\\windowscodecs.dll" at 00006FFFFBE70000: builtin
003c:trace:loaddll:build_module Loaded L"C:\\windows\\system32\\userenv.dll" at 00006FFFFB730000: builtin
0048:trace:loaddll:build_module Loaded L"C:\\windows\\system32\\winedevice.exe" at 0000000140000000: builtin
0048:trace:loaddll:build_ntdll_module Loaded L"C:\\windows\\system32\\ntdll.dll" at 00006FFFFFBC0000: builtin
0048:trace:loaddll:build_module Loaded L"C:\\windows\\system32\\kernelbase.dll" at 00006FFFFF360000: builtin
0048:trace:loaddll:build_module Loaded L"C:\\windows\\system32\\kernel32.dll" at 00006FFFFF9E0000: builtin
0048:trace:loaddll:build_module Loaded L"C:\\windows\\system32\\msvcrt.dll" at 00006FFFFEE60000: builtin
0048:trace:loaddll:build_module Loaded L"C:\\windows\\system32\\ucrtbase.dll" at 00006FFFFE980000: builtin
0048:trace:loaddll:build_module Loaded L"C:\\windows\\system32\\sechost.dll" at 00006FFFFEDC0000: builtin
0048:trace:loaddll:build_module Loaded L"C:\\windows\\system32\\advapi32.dll" at 00006FFFFF200000: builtin
0048:trace:loaddll:build_module Loaded L"C:\\windows\\system32\\cryptbase.dll" at 00006FFFFE680000: builtin
0048:trace:loaddll:build_module Loaded L"C:\\windows\\system32\\ntoskrnl.exe" at 00006FFFFB5C0000: builtin
0048:trace:loaddll:build_module Loaded L"C:\\windows\\system32\\rpcrt4.dll" at 00006FFFFE6C0000: builtin
0054:trace:loaddll:build_module Loaded L"C:\\windows\\system32\\drivers\\mountmgr.sys" at 00006FFFFB550000: builtin
0054:trace:loaddll:build_module Loaded L"C:\\windows\\system32\\cfgmgr32.dll" at 00006FFFFB820000: builtin
0054:trace:loaddll:build_module Loaded L"C:\\windows\\system32\\setupapi.dll" at 00006FFFFBC60000: builtin
006c:trace:loaddll:build_module Loaded L"C:\\Program Files\\Common Files\\Macrovision Shared\\FlexNet Publisher\\FNPLicensingService64.exe" at 0000000140000000: native
006c:trace:loaddll:build_ntdll_module Loaded L"C:\\windows\\system32\\ntdll.dll" at 00006FFFFFBC0000: builtin
006c:trace:loaddll:build_module Loaded L"C:\\windows\\system32\\kernelbase.dll" at 00006FFFFF360000: builtin
006c:trace:loaddll:build_module Loaded L"C:\\windows\\system32\\kernel32.dll" at 00006FFFFF9E0000: builtin
006c:trace:loaddll:build_module Loaded L"C:\\windows\\system32\\msvcrt.dll" at 00006FFFFEE60000: builtin
006c:trace:loaddll:build_module Loaded L"C:\\windows\\system32\\ucrtbase.dll" at 00006FFFFE980000: builtin
006c:trace:loaddll:build_module Loaded L"C:\\windows\\system32\\sechost.dll" at 00006FFFFEDC0000: builtin
006c:trace:loaddll:build_module Loaded L"C:\\windows\\system32\\advapi32.dll" at 00006FFFFF200000: builtin
006c:trace:loaddll:build_module Loaded L"C:\\windows\\system32\\win32u.dll" at 00006FFFFD6A0000: builtin
006c:trace:loaddll:build_module Loaded L"C:\\windows\\system32\\gdi32.dll" at 00006FFFFDD20000: builtin
006c:trace:loaddll:build_module Loaded L"C:\\windows\\system32\\USER32.dll" at 00006FFFFD700000: builtin
006c:trace:loaddll:build_module Loaded L"C:\\windows\\system32\\cryptbase.dll" at 00006FFFFE680000: builtin
006c:trace:loaddll:build_module Loaded L"C:\\windows\\system32\\rpcrt4.dll" at 00006FFFFE6C0000: builtin
006c:trace:loaddll:build_module Loaded L"C:\\windows\\system32\\combase.dll" at 00006FFFFDFF0000: builtin
006c:trace:loaddll:build_module Loaded L"C:\\windows\\system32\\coml2.dll" at 00006FFFFD630000: builtin
006c:trace:loaddll:build_module Loaded L"C:\\windows\\system32\\ole32.dll" at 00006FFFFE1C0000: builtin
006c:trace:loaddll:build_module Loaded L"C:\\windows\\system32\\shcore.dll" at 00006FFFFC670000: builtin
006c:trace:loaddll:build_module Loaded L"C:\\windows\\system32\\shlwapi.dll" at 00006FFFFC6E0000: builtin
006c:trace:loaddll:build_module Loaded L"C:\\windows\\system32\\SHELL32.dll" at 00006FFFFC820000: builtin
006c:trace:loaddll:build_module Loaded L"C:\\windows\\system32\\OLEAUT32.dll" at 00006FFFFB8D0000: builtin
006c:trace:loaddll:build_module Loaded L"C:\\windows\\system32\\WS2_32.dll" at 00006FFFFE5B0000: builtin
0034:trace:loaddll:build_module Loaded L"C:\\windows\\system32\\imm32.dll" at 00006FFFFB4B0000: builtin
0074:trace:loaddll:build_module Loaded L"C:\\windows\\system32\\explorer.exe" at 0000000140000000: builtin
0074:trace:loaddll:build_ntdll_module Loaded L"C:\\windows\\system32\\ntdll.dll" at 00006FFFFFBC0000: builtin
0074:trace:loaddll:build_module Loaded L"C:\\windows\\system32\\kernelbase.dll" at 00006FFFFF360000: builtin
0074:trace:loaddll:build_module Loaded L"C:\\windows\\system32\\kernel32.dll" at 00006FFFFF9E0000: builtin
0074:trace:loaddll:build_module Loaded L"C:\\windows\\system32\\msvcrt.dll" at 00006FFFFEE60000: builtin
0074:trace:loaddll:build_module Loaded L"C:\\windows\\system32\\ucrtbase.dll" at 00006FFFFE980000: builtin
0074:trace:loaddll:build_module Loaded L"C:\\windows\\system32\\sechost.dll" at 00006FFFFEDC0000: builtin
0074:trace:loaddll:build_module Loaded L"C:\\windows\\system32\\advapi32.dll" at 00006FFFFF200000: builtin
0074:trace:loaddll:build_module Loaded L"C:\\windows\\system32\\win32u.dll" at 00006FFFFD6A0000: builtin
0074:trace:loaddll:build_module Loaded L"C:\\windows\\system32\\user32.dll" at 00006FFFFD700000: builtin
0074:trace:loaddll:build_module Loaded L"C:\\windows\\system32\\gdi32.dll" at 00006FFFFDD20000: builtin
0074:trace:loaddll:build_module Loaded L"C:\\windows\\system32\\cryptbase.dll" at 00006FFFFE680000: builtin
0074:trace:loaddll:build_module Loaded L"C:\\windows\\system32\\rpcrt4.dll" at 00006FFFFE6C0000: builtin
006c:trace:loaddll:build_module Loaded L"C:\\windows\\system32\\imm32.dll" at 00006FFFFB4B0000: builtin
0090:trace:loaddll:build_module Loaded L"C:\\windows\\system32\\plugplay.exe" at 0000000140000000: builtin
0090:trace:loaddll:build_ntdll_module Loaded L"C:\\windows\\system32\\ntdll.dll" at 00006FFFFFBC0000: builtin
0090:trace:loaddll:build_module Loaded L"C:\\windows\\system32\\kernelbase.dll" at 00006FFFFF360000: builtin
0090:trace:loaddll:build_module Loaded L"C:\\windows\\system32\\kernel32.dll" at 00006FFFFF9E0000: builtin
0090:trace:loaddll:build_module Loaded L"C:\\windows\\system32\\msvcrt.dll" at 00006FFFFEE60000: builtin
0090:trace:loaddll:build_module Loaded L"C:\\windows\\system32\\ucrtbase.dll" at 00006FFFFE980000: builtin
0090:trace:loaddll:build_module Loaded L"C:\\windows\\system32\\sechost.dll" at 00006FFFFEDC0000: builtin
0090:trace:loaddll:build_module Loaded L"C:\\windows\\system32\\advapi32.dll" at 00006FFFFF200000: builtin
0090:trace:loaddll:build_module Loaded L"C:\\windows\\system32\\cryptbase.dll" at 00006FFFFE680000: builtin
0090:trace:loaddll:build_module Loaded L"C:\\windows\\system32\\rpcrt4.dll" at 00006FFFFE6C0000: builtin
0090:trace:loaddll:build_module Loaded L"C:\\windows\\system32\\win32u.dll" at 00006FFFFD6A0000: builtin
0090:trace:loaddll:build_module Loaded L"C:\\windows\\system32\\gdi32.dll" at 00006FFFFDD20000: builtin
0090:trace:loaddll:build_module Loaded L"C:\\windows\\system32\\user32.dll" at 00006FFFFD700000: builtin
0074:trace:loaddll:build_module Loaded L"C:\\windows\\system32\\imm32.dll" at 00006FFFFB4B0000: builtin
0074:trace:loaddll:build_module Loaded L"C:\\windows\\system32\\winex11.drv" at 00006FFFFB480000: builtin
0090:trace:loaddll:build_module Loaded L"C:\\windows\\system32\\imm32.dll" at 00006FFFFB4B0000: builtin
00b4:trace:loaddll:build_module Loaded L"C:\\windows\\system32\\svchost.exe" at 0000000140000000: builtin
00b4:trace:loaddll:build_ntdll_module Loaded L"C:\\windows\\system32\\ntdll.dll" at 00006FFFFFBC0000: builtin
00b4:trace:loaddll:build_module Loaded L"C:\\windows\\system32\\kernelbase.dll" at 00006FFFFF360000: builtin
00b4:trace:loaddll:build_module Loaded L"C:\\windows\\system32\\kernel32.dll" at 00006FFFFF9E0000: builtin
00b4:trace:loaddll:build_module Loaded L"C:\\windows\\system32\\msvcrt.dll" at 00006FFFFEE60000: builtin
00b4:trace:loaddll:build_module Loaded L"C:\\windows\\system32\\ucrtbase.dll" at 00006FFFFE980000: builtin
00b4:trace:loaddll:build_module Loaded L"C:\\windows\\system32\\sechost.dll" at 00006FFFFEDC0000: builtin
00b4:trace:loaddll:build_module Loaded L"C:\\windows\\system32\\advapi32.dll" at 00006FFFFF200000: builtin
00b4:trace:loaddll:build_module Loaded L"C:\\windows\\system32\\wevtsvc.dll" at 00006FFFFB450000: builtin
00b4:trace:loaddll:build_module Loaded L"C:\\windows\\system32\\cryptbase.dll" at 00006FFFFE680000: builtin
00b4:trace:loaddll:build_module Loaded L"C:\\windows\\system32\\rpcrt4.dll" at 00006FFFFE6C0000: builtin
libEGL warning: DRI3 error: Could not get DRI3 device
libEGL warning: Ensure your X server supports DRI3 to get accelerated rendering
0054:trace:loaddll:build_module Loaded L"C:\\windows\\system32\\drivers\\nsiproxy.sys" at 00006FFFFB410000: builtin
0054:trace:loaddll:build_module Loaded L"C:\\windows\\system32\\dnsapi.dll" at 00006FFFFB2A0000: builtin
0054:trace:loaddll:build_module Loaded L"C:\\windows\\system32\\nsi.dll" at 00006FFFFB260000: builtin
0054:trace:loaddll:build_module Loaded L"C:\\windows\\system32\\ws2_32.dll" at 00006FFFFE5B0000: builtin
0054:trace:loaddll:build_module Loaded L"C:\\windows\\system32\\iphlpapi.dll" at 00006FFFFB310000: builtin
0054:trace:loaddll:build_module Loaded L"C:\\windows\\system32\\drivers\\ndis.sys" at 00006FFFFB3D0000: builtin
00cc:trace:loaddll:build_module Loaded L"C:\\windows\\system32\\winedevice.exe" at 0000000140000000: builtin
00cc:trace:loaddll:build_ntdll_module Loaded L"C:\\windows\\system32\\ntdll.dll" at 00006FFFFFBC0000: builtin
00cc:trace:loaddll:build_module Loaded L"C:\\windows\\system32\\kernelbase.dll" at 00006FFFFF360000: builtin
00cc:trace:loaddll:build_module Loaded L"C:\\windows\\system32\\kernel32.dll" at 00006FFFFF9E0000: builtin
00cc:trace:loaddll:build_module Loaded L"C:\\windows\\system32\\msvcrt.dll" at 00006FFFFEE60000: builtin
00cc:trace:loaddll:build_module Loaded L"C:\\windows\\system32\\ucrtbase.dll" at 00006FFFFE980000: builtin
00cc:trace:loaddll:build_module Loaded L"C:\\windows\\system32\\sechost.dll" at 00006FFFFEDC0000: builtin
00cc:trace:loaddll:build_module Loaded L"C:\\windows\\system32\\advapi32.dll" at 00006FFFFF200000: builtin
00cc:trace:loaddll:build_module Loaded L"C:\\windows\\system32\\cryptbase.dll" at 00006FFFFE680000: builtin
00cc:trace:loaddll:build_module Loaded L"C:\\windows\\system32\\ntoskrnl.exe" at 00006FFFFB5C0000: builtin
00cc:trace:loaddll:build_module Loaded L"C:\\windows\\system32\\rpcrt4.dll" at 00006FFFFE6C0000: builtin
00d4:trace:loaddll:build_module Loaded L"C:\\windows\\system32\\drivers\\hidparse.sys" at 00006FFFFB1A0000: builtin
00d4:trace:loaddll:build_module Loaded L"C:\\windows\\system32\\drivers\\winebus.sys" at 00006FFFFB200000: builtin
00d4:trace:loaddll:build_module Loaded L"C:\\windows\\system32\\cfgmgr32.dll" at 00006FFFFB820000: builtin
00d4:trace:loaddll:build_module Loaded L"C:\\windows\\system32\\setupapi.dll" at 00006FFFFBC60000: builtin
00dc:trace:loaddll:build_module Loaded L"C:\\windows\\system32\\win32u.dll" at 00006FFFFD6A0000: builtin
00dc:trace:loaddll:build_module Loaded L"C:\\windows\\system32\\gdi32.dll" at 00006FFFFDD20000: builtin
00dc:trace:loaddll:build_module Loaded L"C:\\windows\\system32\\user32.dll" at 00006FFFFD700000: builtin
00dc:trace:loaddll:build_module Loaded L"C:\\windows\\system32\\drivers\\hidclass.sys" at 00006FFFFB110000: builtin
00dc:trace:loaddll:build_module Loaded L"C:\\windows\\system32\\drivers\\winehid.sys" at 00006FFFFB170000: builtin
0074:trace:loaddll:build_module Loaded L"C:\\windows\\system32\\uxtheme.dll" at 00006FFFFB020000: builtin
0074:trace:loaddll:build_module Loaded L"C:\\windows\\system32\\shcore.dll" at 00006FFFFC670000: builtin
0074:trace:loaddll:build_module Loaded L"C:\\windows\\system32\\shlwapi.dll" at 00006FFFFC6E0000: builtin
0074:trace:loaddll:build_module Loaded L"C:\\windows\\system32\\shell32.dll" at 00006FFFFC820000: builtin
0074:trace:loaddll:build_module Loaded L"C:\\windows\\system32\\combase.dll" at 00006FFFFDFF0000: builtin
0074:trace:loaddll:build_module Loaded L"C:\\windows\\system32\\coml2.dll" at 00006FFFFD630000: builtin
0074:trace:loaddll:build_module Loaded L"C:\\windows\\system32\\ole32.dll" at 00006FFFFE1C0000: builtin
0074:trace:loaddll:build_module Loaded L"C:\\windows\\system32\\oleaut32.dll" at 00006FFFFB8D0000: builtin
0074:trace:loaddll:build_module Loaded L"C:\\windows\\system32\\actxprxy.dll" at 00006FFFFAF40000: builtin
00dc:trace:loaddll:build_module Loaded L"C:\\windows\\system32\\imm32.dll" at 00006FFFFB4B0000: builtin
00d4:trace:loaddll:build_module Loaded L"C:\\windows\\system32\\drivers\\wineusb.sys" at 00006FFFFAF00000: builtin
00d4:trace:loaddll:build_module Loaded L"C:\\windows\\system32\\drivers\\winebth.sys" at 00006FFFFAE80000: builtin
002c:trace:loaddll:build_module Loaded L"C:\\windows\\system32\\win32u.dll" at 00006FFFFD6A0000: builtin
002c:trace:loaddll:build_module Loaded L"C:\\windows\\system32\\user32.dll" at 00006FFFFD700000: builtin
002c:trace:loaddll:build_module Loaded L"C:\\windows\\system32\\gdi32.dll" at 00006FFFFDD20000: builtin
002c:trace:loaddll:build_module Loaded L"C:\\windows\\system32\\shcore.dll" at 00006FFFFC670000: builtin
002c:trace:loaddll:build_module Loaded L"C:\\windows\\system32\\shlwapi.dll" at 00006FFFFC6E0000: builtin
002c:trace:loaddll:build_module Loaded L"C:\\windows\\system32\\shell32.dll" at 00006FFFFC820000: builtin
0120:trace:loaddll:build_module Loaded L"C:\\windows\\system32\\rpcss.exe" at 0000000140000000: builtin
0120:trace:loaddll:build_ntdll_module Loaded L"C:\\windows\\system32\\ntdll.dll" at 00006FFFFFBC0000: builtin
0120:trace:loaddll:build_module Loaded L"C:\\windows\\system32\\kernelbase.dll" at 00006FFFFF360000: builtin
0120:trace:loaddll:build_module Loaded L"C:\\windows\\system32\\kernel32.dll" at 00006FFFFF9E0000: builtin
0120:trace:loaddll:build_module Loaded L"C:\\windows\\system32\\msvcrt.dll" at 00006FFFFEE60000: builtin
0120:trace:loaddll:build_module Loaded L"C:\\windows\\system32\\ucrtbase.dll" at 00006FFFFE980000: builtin
0120:trace:loaddll:build_module Loaded L"C:\\windows\\system32\\sechost.dll" at 00006FFFFEDC0000: builtin
0120:trace:loaddll:build_module Loaded L"C:\\windows\\system32\\advapi32.dll" at 00006FFFFF200000: builtin
0120:trace:loaddll:build_module Loaded L"C:\\windows\\system32\\cryptbase.dll" at 00006FFFFE680000: builtin
0120:trace:loaddll:build_module Loaded L"C:\\windows\\system32\\rpcrt4.dll" at 00006FFFFE6C0000: builtin
0034:trace:loaddll:build_module Loaded L"c:\\windows\\system32\\winex11.drv" at 00006FFFFB480000: builtin
00dc:fixme:wineusb:query_id Unhandled ID query type 0x5.
00dc:fixme:wineusb:query_id Unhandled ID query type 0x5.
00dc:fixme:wineusb:query_id Unhandled ID query type 0x5.
0034:trace:loaddll:build_module Loaded L"C:\\windows\\system32\\uxtheme.dll" at 00006FFFFB020000: builtin
0034:trace:loaddll:build_module Loaded L"C:\\windows\\system32\\version.dll" at 00006FFFFAE40000: builtin
002c:trace:loaddll:build_module Loaded L"C:\\windows\\system32\\imm32.dll" at 00006FFFFB4B0000: builtin
002c:trace:loaddll:build_module Loaded L"C:\\windows\\system32\\combase.dll" at 00006FFFFDFF0000: builtin
002c:trace:loaddll:build_module Loaded L"C:\\windows\\system32\\coml2.dll" at 00006FFFFD630000: builtin
002c:trace:loaddll:build_module Loaded L"C:\\windows\\system32\\ole32.dll" at 00006FFFFE1C0000: builtin
002c:trace:loaddll:build_module Loaded L"C:\\windows\\system32\\mpr.dll" at 00006FFFFC3A0000: builtin
002c:trace:loaddll:build_module Loaded L"C:\\windows\\system32\\wininet.dll" at 00006FFFFC420000: builtin
0024:trace:loaddll:build_module Loaded L"C:\\Program Files\\Common Files\\Macrovision Shared\\FlexNet Publisher\\FNPLicensingService64.exe" at 0000000140000000: native
0024:trace:loaddll:build_ntdll_module Loaded L"C:\\windows\\system32\\ntdll.dll" at 00006FFFFFBC0000: builtin
0024:trace:loaddll:build_module Loaded L"C:\\windows\\system32\\kernelbase.dll" at 00006FFFFF360000: builtin
0024:trace:loaddll:build_module Loaded L"C:\\windows\\system32\\kernel32.dll" at 00006FFFFF9E0000: builtin
0024:trace:loaddll:build_module Loaded L"C:\\windows\\system32\\msvcrt.dll" at 00006FFFFEE60000: builtin
0024:trace:loaddll:build_module Loaded L"C:\\windows\\system32\\ucrtbase.dll" at 00006FFFFE980000: builtin
0024:trace:loaddll:build_module Loaded L"C:\\windows\\system32\\sechost.dll" at 00006FFFFEDC0000: builtin
0024:trace:loaddll:build_module Loaded L"C:\\windows\\system32\\advapi32.dll" at 00006FFFFF200000: builtin
0024:trace:loaddll:build_module Loaded L"C:\\windows\\system32\\win32u.dll" at 00006FFFFD6A0000: builtin
0024:trace:loaddll:build_module Loaded L"C:\\windows\\system32\\gdi32.dll" at 00006FFFFDD20000: builtin
0024:trace:loaddll:build_module Loaded L"C:\\windows\\system32\\USER32.dll" at 00006FFFFD700000: builtin
0024:trace:loaddll:build_module Loaded L"C:\\windows\\system32\\cryptbase.dll" at 00006FFFFE680000: builtin
0024:trace:loaddll:build_module Loaded L"C:\\windows\\system32\\rpcrt4.dll" at 00006FFFFE6C0000: builtin
0024:trace:loaddll:build_module Loaded L"C:\\windows\\system32\\combase.dll" at 00006FFFFDFF0000: builtin
0024:trace:loaddll:build_module Loaded L"C:\\windows\\system32\\coml2.dll" at 00006FFFFD630000: builtin
0024:trace:loaddll:build_module Loaded L"C:\\windows\\system32\\ole32.dll" at 00006FFFFE1C0000: builtin
0024:trace:loaddll:build_module Loaded L"C:\\windows\\system32\\shcore.dll" at 00006FFFFC670000: builtin
0024:trace:loaddll:build_module Loaded L"C:\\windows\\system32\\shlwapi.dll" at 00006FFFFC6E0000: builtin
0024:trace:loaddll:build_module Loaded L"C:\\windows\\system32\\SHELL32.dll" at 00006FFFFC820000: builtin
0024:trace:loaddll:build_module Loaded L"C:\\windows\\system32\\OLEAUT32.dll" at 00006FFFFB8D0000: builtin
0024:trace:loaddll:build_module Loaded L"C:\\windows\\system32\\WS2_32.dll" at 00006FFFFE5B0000: builtin
0024:trace:loaddll:build_module Loaded L"C:\\windows\\system32\\imm32.dll" at 00006FFFFB4B0000: builtin
0088:fixme:ole:CoInitializeSecurity 0000000000000000, -1, 0000000000000000, 0000000000000000, 0, 3, 0000000000000000, 0, 0000000000000000 stub
0088:trace:loaddll:build_module Loaded L"C:\\windows\\system32\\dnsapi.dll" at 00006FFFFB2A0000: builtin
0088:trace:loaddll:build_module Loaded L"C:\\windows\\system32\\nsi.dll" at 00006FFFFB260000: builtin
0088:trace:loaddll:build_module Loaded L"C:\\windows\\system32\\iphlpapi.dll" at 00006FFFFB310000: builtin
0088:trace:loaddll:build_module Loaded L"C:\\windows\\system32\\cfgmgr32.dll" at 00006FFFFB820000: builtin
0088:trace:loaddll:build_module Loaded L"C:\\windows\\system32\\setupapi.dll" at 00006FFFFBC60000: builtin
0088:trace:loaddll:build_module Loaded L"C:\\windows\\system32\\version.dll" at 00006FFFFC4A0000: builtin
0088:trace:loaddll:build_module Loaded L"C:\\windows\\system32\\comctl32.dll" at 00006FFFFBEE0000: builtin
0088:trace:loaddll:build_module Loaded L"C:\\windows\\system32\\compstui.dll" at 00006FFFFC370000: builtin
0088:trace:loaddll:build_module Loaded L"C:\\windows\\system32\\winspool.drv" at 00006FFFFC3C0000: builtin
0088:trace:loaddll:build_module Loaded L"C:\\windows\\system32\\wbem\\wbemprox.dll" at 00006FFFFC4E0000: builtin
0088:fixme:wbemprox:client_security_SetBlanket 00006FFFFC502030, 00007FFFFE72B150, 10, 0, (null), 3, 3, 0000000000000000, 0
0088:fixme:wbemprox:client_security_Release 00006FFFFC502030
0088:fixme:ole:CoInitializeSecurity 0000000000000000, -1, 0000000000000000, 0000000000000000, 0, 3, 0000000000000000, 0, 0000000000000000 stub
0088:fixme:wbemprox:client_security_SetBlanket 00006FFFFC502030, 00007FFFFE72B150, 10, 0, (null), 3, 3, 0000000000000000, 0
0088:fixme:wbemprox:client_security_Release 00006FFFFC502030
0088:fixme:ole:CoInitializeSecurity 0000000000000000, -1, 0000000000000000, 0000000000000000, 0, 3, 0000000000000000, 0, 0000000000000000 stub
0088:fixme:wbemprox:client_security_SetBlanket 00006FFFFC502030, 00007FFFFE72B150, 10, 0, (null), 3, 3, 0000000000000000, 0
0088:fixme:wbemprox:client_security_Release 00006FFFFC502030
0058:fixme:mountmgr:query_property Faking StorageDeviceProperty data
0088:fixme:ole:CoInitializeSecurity 0000000000000000, -1, 0000000000000000, 0000000000000000, 0, 3, 0000000000000000, 0, 0000000000000000 stub
0088:fixme:wbemprox:client_security_SetBlanket 00006FFFFC502030, 00007FFFFE72B150, 10, 0, (null), 3, 3, 0000000000000000, 0
0088:fixme:wbemprox:client_security_Release 00006FFFFC502030
0088:fixme:ole:CoInitializeSecurity 0000000000000000, -1, 0000000000000000, 0000000000000000, 0, 3, 0000000000000000, 0, 0000000000000000 stub
0088:fixme:wbemprox:client_security_SetBlanket 00006FFFFC502030, 00007FFFFE72B150, 10, 0, (null), 3, 3, 0000000000000000, 0
0088:fixme:wbemprox:client_security_Release 00006FFFFC502030
0088:fixme:ole:CoInitializeSecurity 0000000000000000, -1, 0000000000000000, 0000000000000000, 0, 3, 0000000000000000, 0, 0000000000000000 stub
0088:fixme:wbemprox:client_security_SetBlanket 00006FFFFC502030, 00007FFFFE72B150, 10, 0, (null), 3, 3, 0000000000000000, 0
0088:fixme:wbemprox:client_security_Release 00006FFFFC502030
0088:fixme:ole:CoInitializeSecurity 0000000000000000, -1, 0000000000000000, 0000000000000000, 0, 3, 0000000000000000, 0, 0000000000000000 stub
0088:fixme:wbemprox:client_security_SetBlanket 00006FFFFC502030, 00007FFFFE72B150, 10, 0, (null), 3, 3, 0000000000000000, 0
0088:fixme:wbemprox:client_security_Release 00006FFFFC502030
0088:fixme:ole:CoInitializeSecurity 0000000000000000, -1, 0000000000000000, 0000000000000000, 0, 3, 0000000000000000, 0, 0000000000000000 stub
0088:fixme:wbemprox:client_security_SetBlanket 00006FFFFC502030, 00007FFFFE72B150, 10, 0, (null), 3, 3, 0000000000000000, 0
0088:fixme:wbemprox:client_security_Release 00006FFFFC502030
0058:fixme:mountmgr:query_property Faking StorageDeviceProperty data
0088:fixme:ole:CoInitializeSecurity 0000000000000000, -1, 0000000000000000, 0000000000000000, 0, 3, 0000000000000000, 0, 0000000000000000 stub
0088:fixme:wbemprox:client_security_SetBlanket 00006FFFFC502030, 00007FFFFE72B150, 10, 0, (null), 3, 3, 0000000000000000, 0
0088:fixme:wbemprox:client_security_Release 00006FFFFC502030
0088:fixme:ntdll:NtQuerySystemInformation info_class SYSTEM_PERFORMANCE_INFORMATION
0088:fixme:ole:CoInitializeSecurity 0000000000000000, -1, 0000000000000000, 0000000000000000, 0, 3, 0000000000000000, 0, 0000000000000000 stub
0088:fixme:wbemprox:client_security_SetBlanket 00006FFFFC502030, 00007FFFFE72B150, 10, 0, (null), 3, 3, 0000000000000000, 0
0088:fixme:wbemprox:client_security_Release 00006FFFFC502030
0088:trace:loaddll:build_module Loaded L"C:\\windows\\system32\\tbs.dll" at 00006FFFFBEB0000: builtin
0088:fixme:tbs:Tbsi_GetDeviceInfo (16, 00007FFFFF34FD40) stub
0024:fixme:advapi:RegisterEventSourceA ((null),"FlexNet Licensing Service 64"): stub
0024:fixme:advapi:RegisterEventSourceW (L"",L"FlexNet Licensing Service 64"): stub
0024:fixme:advapi:ReportEventA (00000000CAFE4242,0x0001,0x0000,0x00000000,0000000000000000,0x0001,0x00000000,00007FFFFE13FF40,0000000000000000): stub
0024:fixme:advapi:ReportEventW (00000000CAFE4242,0x0001,0x0000,0x00000000,0000000000000000,0x0001,0x00000000,00007FFFFE6E36F0,0000000000000000): stub
0024:err:eventlog:ReportEventW L"StartServiceCtrlDispatcher() failed"
0024:fixme:advapi:DeregisterEventSource (00000000CAFE4242) stub
0158:trace:loaddll:build_module Loaded L"C:\\windows\\system32\\lsass.exe" at 0000000140000000: builtin
0158:trace:loaddll:build_ntdll_module Loaded L"C:\\windows\\system32\\ntdll.dll" at 00006FFFFFBC0000: builtin
0158:trace:loaddll:build_module Loaded L"C:\\windows\\system32\\kernelbase.dll" at 00006FFFFF360000: builtin
0158:trace:loaddll:build_module Loaded L"C:\\windows\\system32\\kernel32.dll" at 00006FFFFF9E0000: builtin
0158:trace:loaddll:build_module Loaded L"C:\\windows\\system32\\msvcrt.dll" at 00006FFFFEE60000: builtin
0158:trace:loaddll:build_module Loaded L"C:\\windows\\system32\\ucrtbase.dll" at 00006FFFFE980000: builtin
0158:trace:loaddll:build_module Loaded L"C:\\windows\\system32\\sechost.dll" at 00006FFFFEDC0000: builtin
0158:trace:loaddll:build_module Loaded L"C:\\windows\\system32\\advapi32.dll" at 00006FFFFF200000: builtin
0158:trace:loaddll:build_module Loaded L"C:\\windows\\system32\\cryptbase.dll" at 00006FFFFE680000: builtin
0158:trace:loaddll:build_module Loaded L"C:\\windows\\system32\\rpcrt4.dll" at 00006FFFFE6C0000: builtin
0168:trace:loaddll:build_module Loaded L"C:\\windows\\system32\\Kerberos.dll" at 00006FFFCF730000: builtin
0168:trace:loaddll:build_module Loaded L"C:\\windows\\system32\\dnsapi.dll" at 00006FFFFB2A0000: builtin
0168:trace:loaddll:build_module Loaded L"C:\\windows\\system32\\nsi.dll" at 00006FFFFB260000: builtin
0168:trace:loaddll:build_module Loaded L"C:\\windows\\system32\\ws2_32.dll" at 00006FFFFE5B0000: builtin
0168:trace:loaddll:build_module Loaded L"C:\\windows\\system32\\iphlpapi.dll" at 00006FFFFB310000: builtin
0168:trace:loaddll:build_module Loaded L"C:\\windows\\system32\\netutils.dll" at 00006FFFF9D00000: builtin
0168:trace:loaddll:build_module Loaded L"C:\\windows\\system32\\netapi32.dll" at 00006FFFF9D40000: builtin
0168:trace:loaddll:build_module Loaded L"C:\\windows\\system32\\MSV1_0.dll" at 00006FFFCF6C0000: builtin
0094:trace:loaddll:build_module Loaded L"C:\\windows\\system32\\bcrypt.dll" at 00006FFFFAA20000: builtin
0094:trace:loaddll:build_module Loaded L"C:\\windows\\system32\\ncrypt.dll" at 00006FFFF4A20000: builtin
0094:trace:loaddll:build_module Loaded L"C:\\windows\\system32\\crypt32.dll" at 00006FFFF4A60000: builtin
0094:trace:loaddll:build_module Loaded L"C:\\windows\\system32\\rsaenh.dll" at 00006FFFCE9D0000: builtin
0094:fixme:ole:CoInitializeSecurity 0000000000000000, -1, 0000000000000000, 0000000000000000, 0, 3, 0000000000000000, 0, 0000000000000000 stub
0094:fixme:wbemprox:client_security_SetBlanket 00006FFFFC502030, 00007FFFFE7438C0, 10, 0, (null), 3, 3, 0000000000000000, 0
0094:fixme:wbemprox:client_security_Release 00006FFFFC502030
0058:fixme:mountmgr:disk_ioctl Unsupported ioctl 74080 (device=7 access=1 func=20 method=0)
0058:fixme:mountmgr:disk_ioctl Unsupported ioctl 4100c (device=4 access=0 func=403 method=0)
0058:fixme:mountmgr:disk_ioctl Unsupported ioctl 41018 (device=4 access=0 func=406 method=0)
0058:fixme:mountmgr:query_property Faking StorageDeviceProperty data
0058:fixme:mountmgr:disk_ioctl Unsupported ioctl 2d0c10 (device=2d access=0 func=304 method=0)
0058:fixme:mountmgr:query_property Unsupported property 0x31
0058:fixme:mountmgr:disk_ioctl Unsupported ioctl 74080 (device=7 access=1 func=20 method=0)
0094:fixme:ole:CoInitializeSecurity 0000000000000000, -1, 0000000000000000, 0000000000000000, 0, 3, 0000000000000000, 0, 0000000000000000 stub
0094:fixme:wbemprox:client_security_SetBlanket 00006FFFFC502030, 00007FFFFE7438C0, 10, 0, (null), 3, 3, 0000000000000000, 0
0094:fixme:wbemprox:client_security_Release 00006FFFFC502030
0094:fixme:ole:CoInitializeSecurity 0000000000000000, -1, 0000000000000000, 0000000000000000, 0, 3, 0000000000000000, 0, 0000000000000000 stub
0094:fixme:wbemprox:client_security_SetBlanket 00006FFFFC502030, 00007FFFFE7438C0, 10, 0, (null), 3, 3, 0000000000000000, 0
0094:fixme:wbemprox:client_security_Release 00006FFFFC502030
0058:fixme:mountmgr:disk_ioctl Unsupported ioctl 74080 (device=7 access=1 func=20 method=0)
0058:fixme:mountmgr:disk_ioctl Unsupported ioctl 4100c (device=4 access=0 func=403 method=0)
0058:fixme:mountmgr:disk_ioctl Unsupported ioctl 41018 (device=4 access=0 func=406 method=0)
0058:fixme:mountmgr:query_property Faking StorageDeviceProperty data
0058:fixme:mountmgr:disk_ioctl Unsupported ioctl 2d0c10 (device=2d access=0 func=304 method=0)
0058:fixme:mountmgr:query_property Unsupported property 0x31
0058:fixme:mountmgr:disk_ioctl Unsupported ioctl 74080 (device=7 access=1 func=20 method=0)
0094:fixme:ole:CoInitializeSecurity 0000000000000000, -1, 0000000000000000, 0000000000000000, 0, 3, 0000000000000000, 0, 0000000000000000 stub
0094:fixme:wbemprox:client_security_SetBlanket 00006FFFFC502030, 00007FFFFE7438C0, 10, 0, (null), 3, 3, 0000000000000000, 0
0094:fixme:wbemprox:client_security_Release 00006FFFFC502030
0094:fixme:ole:CoInitializeSecurity 0000000000000000, -1, 0000000000000000, 0000000000000000, 0, 3, 0000000000000000, 0, 0000000000000000 stub
0094:fixme:wbemprox:client_security_SetBlanket 00006FFFFC502030, 00007FFFFE7438C0, 10, 0, (null), 3, 3, 0000000000000000, 0
0094:fixme:wbemprox:client_security_Release 00006FFFFC502030
0058:fixme:mountmgr:disk_ioctl Unsupported ioctl 74080 (device=7 access=1 func=20 method=0)
0058:fixme:mountmgr:disk_ioctl Unsupported ioctl 4100c (device=4 access=0 func=403 method=0)
0058:fixme:mountmgr:disk_ioctl Unsupported ioctl 41018 (device=4 access=0 func=406 method=0)
0058:fixme:mountmgr:query_property Faking StorageDeviceProperty data
0058:fixme:mountmgr:disk_ioctl Unsupported ioctl 2d0c10 (device=2d access=0 func=304 method=0)
0058:fixme:mountmgr:query_property Unsupported property 0x31
0058:fixme:mountmgr:disk_ioctl Unsupported ioctl 74080 (device=7 access=1 func=20 method=0)
0094:fixme:ole:CoInitializeSecurity 0000000000000000, -1, 0000000000000000, 0000000000000000, 0, 3, 0000000000000000, 0, 0000000000000000 stub
0094:fixme:wbemprox:client_security_SetBlanket 00006FFFFC502030, 00007FFFFE7438C0, 10, 0, (null), 3, 3, 0000000000000000, 0
0094:fixme:wbemprox:client_security_Release 00006FFFFC502030
0094:fixme:ole:CoInitializeSecurity 0000000000000000, -1, 0000000000000000, 0000000000000000, 0, 3, 0000000000000000, 0, 0000000000000000 stub
0094:fixme:wbemprox:client_security_SetBlanket 00006FFFFC502030, 00007FFFFE7438C0, 10, 0, (null), 3, 3, 0000000000000000, 0
0094:fixme:wbemprox:client_security_Release 00006FFFFC502030
0058:fixme:mountmgr:disk_ioctl Unsupported ioctl 74080 (device=7 access=1 func=20 method=0)
0058:fixme:mountmgr:disk_ioctl Unsupported ioctl 4100c (device=4 access=0 func=403 method=0)
0058:fixme:mountmgr:disk_ioctl Unsupported ioctl 41018 (device=4 access=0 func=406 method=0)
0058:fixme:mountmgr:query_property Faking StorageDeviceProperty data
0058:fixme:mountmgr:disk_ioctl Unsupported ioctl 2d0c10 (device=2d access=0 func=304 method=0)
0058:fixme:mountmgr:query_property Unsupported property 0x31
0058:fixme:mountmgr:disk_ioctl Unsupported ioctl 74080 (device=7 access=1 func=20 method=0)
0094:fixme:ole:CoInitializeSecurity 0000000000000000, -1, 0000000000000000, 0000000000000000, 0, 3, 0000000000000000, 0, 0000000000000000 stub
0094:fixme:wbemprox:client_security_SetBlanket 00006FFFFC502030, 00007FFFFE7438C0, 10, 0, (null), 3, 3, 0000000000000000, 0
0094:fixme:wbemprox:client_security_Release 00006FFFFC502030
