libEGL warning: DRI3 error: Could not get DRI3 device
libEGL warning: Ensure your X server supports DRI3 to get accelerated rendering
00e8:fixme:wineusb:query_id Unhandled ID query type 0x5.
00e8:fixme:wineusb:query_id Unhandled ID query type 0x5.
00e8:fixme:wineusb:query_id Unhandled ID query type 0x5.
0088:fixme:ole:CoInitializeSecurity 0000000000000000, -1, 0000000000000000, 0000000000000000, 0, 3, 0000000000000000, 0, 0000000000000000 stub
0088:fixme:wbemprox:client_security_SetBlanket 00006FFFDAEB2030, 00007FFFFE72B150, 10, 0, (null), 3, 3, 0000000000000000, 0
0088:fixme:wbemprox:client_security_Release 00006FFFDAEB2030
0088:fixme:ole:CoInitializeSecurity 0000000000000000, -1, 0000000000000000, 0000000000000000, 0, 3, 0000000000000000, 0, 0000000000000000 stub
0088:fixme:wbemprox:client_security_SetBlanket 00006FFFDAEB2030, 00007FFFFE72B150, 10, 0, (null), 3, 3, 0000000000000000, 0
0088:fixme:wbemprox:client_security_Release 00006FFFDAEB2030
0088:fixme:ole:CoInitializeSecurity 0000000000000000, -1, 0000000000000000, 0000000000000000, 0, 3, 0000000000000000, 0, 0000000000000000 stub
0088:fixme:wbemprox:client_security_SetBlanket 00006FFFDAEB2030, 00007FFFFE72B150, 10, 0, (null), 3, 3, 0000000000000000, 0
0088:fixme:wbemprox:client_security_Release 00006FFFDAEB2030
0058:fixme:mountmgr:query_property Faking StorageDeviceProperty data
0088:fixme:ole:CoInitializeSecurity 0000000000000000, -1, 0000000000000000, 0000000000000000, 0, 3, 0000000000000000, 0, 0000000000000000 stub
0088:fixme:wbemprox:client_security_SetBlanket 00006FFFDAEB2030, 00007FFFFE72B150, 10, 0, (null), 3, 3, 0000000000000000, 0
0088:fixme:wbemprox:client_security_Release 00006FFFDAEB2030
0088:fixme:ole:CoInitializeSecurity 0000000000000000, -1, 0000000000000000, 0000000000000000, 0, 3, 0000000000000000, 0, 0000000000000000 stub
0088:fixme:wbemprox:client_security_SetBlanket 00006FFFDAEB2030, 00007FFFFE72B150, 10, 0, (null), 3, 3, 0000000000000000, 0
0088:fixme:wbemprox:client_security_Release 00006FFFDAEB2030
0088:fixme:ole:CoInitializeSecurity 0000000000000000, -1, 0000000000000000, 0000000000000000, 0, 3, 0000000000000000, 0, 0000000000000000 stub
0088:fixme:wbemprox:client_security_SetBlanket 00006FFFDAEB2030, 00007FFFFE72B150, 10, 0, (null), 3, 3, 0000000000000000, 0
0088:fixme:wbemprox:client_security_Release 00006FFFDAEB2030
0088:fixme:ole:CoInitializeSecurity 0000000000000000, -1, 0000000000000000, 0000000000000000, 0, 3, 0000000000000000, 0, 0000000000000000 stub
0088:fixme:wbemprox:client_security_SetBlanket 00006FFFDAEB2030, 00007FFFFE72B150, 10, 0, (null), 3, 3, 0000000000000000, 0
0088:fixme:wbemprox:client_security_Release 00006FFFDAEB2030
0088:fixme:ole:CoInitializeSecurity 0000000000000000, -1, 0000000000000000, 0000000000000000, 0, 3, 0000000000000000, 0, 0000000000000000 stub
0088:fixme:wbemprox:client_security_SetBlanket 00006FFFDAEB2030, 00007FFFFE72B150, 10, 0, (null), 3, 3, 0000000000000000, 0
0088:fixme:wbemprox:client_security_Release 00006FFFDAEB2030
0058:fixme:mountmgr:query_property Faking StorageDeviceProperty data
0088:fixme:ole:CoInitializeSecurity 0000000000000000, -1, 0000000000000000, 0000000000000000, 0, 3, 0000000000000000, 0, 0000000000000000 stub
0088:fixme:wbemprox:client_security_SetBlanket 00006FFFDAEB2030, 00007FFFFE72B150, 10, 0, (null), 3, 3, 0000000000000000, 0
0088:fixme:wbemprox:client_security_Release 00006FFFDAEB2030
0088:fixme:ntdll:NtQuerySystemInformation info_class SYSTEM_PERFORMANCE_INFORMATION
0088:fixme:ole:CoInitializeSecurity 0000000000000000, -1, 0000000000000000, 0000000000000000, 0, 3, 0000000000000000, 0, 0000000000000000 stub
0088:fixme:wbemprox:client_security_SetBlanket 00006FFFDAEB2030, 00007FFFFE72B150, 10, 0, (null), 3, 3, 0000000000000000, 0
0088:fixme:wbemprox:client_security_Release 00006FFFDAEB2030
0088:fixme:tbs:Tbsi_GetDeviceInfo (16, 00007FFFFF34FD40) stub
0024:fixme:ntdll:NtQuerySystemInformation info_class SYSTEM_PERFORMANCE_INFORMATION
0024:fixme:bcrypt:BCryptGenRandom ignoring selected algorithm
0168:fixme:ver:GetCurrentPackageId (000070124937FF50 0000000000000000): stub
0094:fixme:ole:CoInitializeSecurity 0000000000000000, -1, 0000000000000000, 0000000000000000, 0, 3, 0000000000000000, 0, 0000000000000000 stub
0184:fixme:ole:CoInitializeSecurity 0000000000000000, -1, 0000000000000000, 0000000000000000, 0, 3, 0000000000000000, 0, 0000000000000000 stub
0094:fixme:wbemprox:client_security_SetBlanket 00006FFFDAEB2030, 00007FFFFE7438C0, 10, 0, (null), 3, 3, 0000000000000000, 0
0094:fixme:wbemprox:client_security_Release 00006FFFDAEB2030
0180:fixme:ole:CoInitializeSecurity 0000000000000000, -1, 0000000000000000, 0000000000000000, 0, 3, 0000000000000000, 0, 0000000000000000 stub
017c:fixme:ole:CoInitializeSecurity 0000000000000000, -1, 0000000000000000, 0000000000000000, 0, 3, 0000000000000000, 0, 0000000000000000 stub
0178:fixme:ole:CoInitializeSecurity 0000000000000000, -1, 0000000000000000, 0000000000000000, 0, 3, 0000000000000000, 0, 0000000000000000 stub
0058:fixme:mountmgr:disk_ioctl Unsupported ioctl 74080 (device=7 access=1 func=20 method=0)
0058:fixme:mountmgr:disk_ioctl Unsupported ioctl 4100c (device=4 access=0 func=403 method=0)
0058:fixme:mountmgr:disk_ioctl Unsupported ioctl 41018 (device=4 access=0 func=406 method=0)
0180:fixme:wbemprox:client_security_SetBlanket 00006FFFDAEB2030, 000070124B5FF130, 10, 0, (null), 3, 3, 0000000000000000, 0
0180:fixme:wbemprox:client_security_Release 00006FFFDAEB2030
017c:fixme:wbemprox:client_security_SetBlanket 00006FFFDAEB2030, 000070124B5CFD40, 10, 0, (null), 3, 3, 0000000000000000, 0
017c:fixme:wbemprox:client_security_Release 00006FFFDAEB2030
0178:fixme:wbemprox:client_security_SetBlanket 00006FFFDAEB2030, 000070124B59FE20, 10, 0, (null), 3, 3, 0000000000000000, 0
0178:fixme:wbemprox:client_security_Release 00006FFFDAEB2030
0184:fixme:wbemprox:client_security_SetBlanket 00006FFFDAEB2030, 000070124B62E6C0, 10, 0, (null), 3, 3, 0000000000000000, 0
0184:fixme:wbemprox:client_security_Release 00006FFFDAEB2030
0058:fixme:mountmgr:query_property Faking StorageDeviceProperty data
017c:fixme:wbemprox:get_system_propval returning empty array for __DERIVATION
017c:fixme:wbemprox:get_system_propval returning empty array for __DERIVATION
0178:fixme:wbemprox:get_system_propval returning empty array for __DERIVATION
0184:fixme:wbemprox:get_system_propval returning empty array for __DERIVATION
0184:fixme:wbemprox:get_system_propval returning empty array for __DERIVATION
0058:fixme:mountmgr:disk_ioctl Unsupported ioctl 2d0c10 (device=2d access=0 func=304 method=0)
0184:fixme:wbemprox:get_system_propval returning empty array for __DERIVATION
0058:fixme:mountmgr:query_property Unsupported property 0x31
0184:fixme:wbemprox:get_system_propval returning empty array for __DERIVATION
0058:fixme:mountmgr:disk_ioctl Unsupported ioctl 74080 (device=7 access=1 func=20 method=0)
0178:fixme:wbemprox:get_system_propval returning empty array for __DERIVATION
0094:fixme:ole:CoInitializeSecurity 0000000000000000, -1, 0000000000000000, 0000000000000000, 0, 3, 0000000000000000, 0, 0000000000000000 stub
0094:fixme:wbemprox:client_security_SetBlanket 00006FFFDAEB2030, 00007FFFFE7438C0, 10, 0, (null), 3, 3, 0000000000000000, 0
0094:fixme:wbemprox:client_security_Release 00006FFFDAEB2030
0024:fixme:ole:CoInitializeSecurity 0000000000000000, -1, 0000000000000000, 0000000000000000, 0, 3, 0000000000000000, 0, 0000000000000000 stub
0024:fixme:wbemprox:client_security_SetBlanket 00006FFFDAEB2030, 000070124B6A2620, 10, 0, (null), 3, 3, 0000000000000000, 0
0024:fixme:wbemprox:client_security_Release 00006FFFDAEB2030
0094:fixme:ole:CoInitializeSecurity 0000000000000000, -1, 0000000000000000, 0000000000000000, 0, 3, 0000000000000000, 0, 0000000000000000 stub
0094:fixme:wbemprox:client_security_SetBlanket 00006FFFDAEB2030, 00007FFFFE7438C0, 10, 0, (null), 3, 3, 0000000000000000, 0
0094:fixme:wbemprox:client_security_Release 00006FFFDAEB2030
0058:fixme:mountmgr:disk_ioctl Unsupported ioctl 74080 (device=7 access=1 func=20 method=0)
0058:fixme:mountmgr:disk_ioctl Unsupported ioctl 4100c (device=4 access=0 func=403 method=0)
0058:fixme:mountmgr:disk_ioctl Unsupported ioctl 41018 (device=4 access=0 func=406 method=0)
0058:fixme:mountmgr:query_property Faking StorageDeviceProperty data
0058:fixme:mountmgr:disk_ioctl Unsupported ioctl 2d0c10 (device=2d access=0 func=304 method=0)
0058:fixme:mountmgr:query_property Unsupported property 0x31
0058:fixme:mountmgr:disk_ioctl Unsupported ioctl 74080 (device=7 access=1 func=20 method=0)
0094:fixme:ole:CoInitializeSecurity 0000000000000000, -1, 0000000000000000, 0000000000000000, 0, 3, 0000000000000000, 0, 0000000000000000 stub
0094:fixme:wbemprox:client_security_SetBlanket 00006FFFDAEB2030, 00007FFFFE7438C0, 10, 0, (null), 3, 3, 0000000000000000, 0
0094:fixme:wbemprox:client_security_Release 00006FFFDAEB2030
0094:fixme:ole:CoInitializeSecurity 0000000000000000, -1, 0000000000000000, 0000000000000000, 0, 3, 0000000000000000, 0, 0000000000000000 stub
0094:fixme:wbemprox:client_security_SetBlanket 00006FFFDAEB2030, 00007FFFFE7438C0, 10, 0, (null), 3, 3, 0000000000000000, 0
0094:fixme:wbemprox:client_security_Release 00006FFFDAEB2030
0058:fixme:mountmgr:disk_ioctl Unsupported ioctl 74080 (device=7 access=1 func=20 method=0)
0058:fixme:mountmgr:disk_ioctl Unsupported ioctl 4100c (device=4 access=0 func=403 method=0)
0058:fixme:mountmgr:disk_ioctl Unsupported ioctl 41018 (device=4 access=0 func=406 method=0)
0058:fixme:mountmgr:query_property Faking StorageDeviceProperty data
0058:fixme:mountmgr:disk_ioctl Unsupported ioctl 2d0c10 (device=2d access=0 func=304 method=0)
0058:fixme:mountmgr:query_property Unsupported property 0x31
0058:fixme:mountmgr:disk_ioctl Unsupported ioctl 74080 (device=7 access=1 func=20 method=0)
0094:fixme:ole:CoInitializeSecurity 0000000000000000, -1, 0000000000000000, 0000000000000000, 0, 3, 0000000000000000, 0, 0000000000000000 stub
0094:fixme:wbemprox:client_security_SetBlanket 00006FFFDAEB2030, 00007FFFFE7438C0, 10, 0, (null), 3, 3, 0000000000000000, 0
0094:fixme:wbemprox:client_security_Release 00006FFFDAEB2030
0024:err:winediag:getaddrinfo Failed to resolve your host name IP
0024:err:winediag:getaddrinfo Failed to resolve your host name IP
0024:err:winediag:getaddrinfo Failed to resolve your host name IP
0024:err:winediag:getaddrinfo Failed to resolve your host name IP
0024:err:winediag:getaddrinfo Failed to resolve your host name IP
0024:err:winediag:getaddrinfo Failed to resolve your host name IP
0024:err:winediag:getaddrinfo Failed to resolve your host name IP
0024:err:winediag:getaddrinfo Failed to resolve your host name IP
0094:fixme:ole:CoInitializeSecurity 0000000000000000, -1, 0000000000000000, 0000000000000000, 0, 3, 0000000000000000, 0, 0000000000000000 stub
0094:fixme:wbemprox:client_security_SetBlanket 00006FFFDAEB2030, 00007FFFFE7438C0, 10, 0, (null), 3, 3, 0000000000000000, 0
0094:fixme:wbemprox:client_security_Release 00006FFFDAEB2030
0058:fixme:mountmgr:disk_ioctl Unsupported ioctl 74080 (device=7 access=1 func=20 method=0)
0058:fixme:mountmgr:disk_ioctl Unsupported ioctl 4100c (device=4 access=0 func=403 method=0)
0058:fixme:mountmgr:disk_ioctl Unsupported ioctl 41018 (device=4 access=0 func=406 method=0)
0058:fixme:mountmgr:query_property Faking StorageDeviceProperty data
0058:fixme:mountmgr:disk_ioctl Unsupported ioctl 2d0c10 (device=2d access=0 func=304 method=0)
0058:fixme:mountmgr:query_property Unsupported property 0x31
0058:fixme:mountmgr:disk_ioctl Unsupported ioctl 74080 (device=7 access=1 func=20 method=0)
0094:fixme:ole:CoInitializeSecurity 0000000000000000, -1, 0000000000000000, 0000000000000000, 0, 3, 0000000000000000, 0, 0000000000000000 stub
0094:fixme:wbemprox:client_security_SetBlanket 00006FFFDAEB2030, 00007FFFFE7438C0, 10, 0, (null), 3, 3, 0000000000000000, 0
0094:fixme:wbemprox:client_security_Release 00006FFFDAEB2030
0024:err:winediag:getaddrinfo Failed to resolve your host name IP
0024:err:winediag:getaddrinfo Failed to resolve your host name IP
0024:err:winediag:getaddrinfo Failed to resolve your host name IP
0024:err:winediag:getaddrinfo Failed to resolve your host name IP
0024:err:winediag:getaddrinfo Failed to resolve your host name IP
0024:err:winediag:getaddrinfo Failed to resolve your host name IP
0024:err:winediag:getaddrinfo Failed to resolve your host name IP
Unable to verify license. Please activate the product.

