224918.895:006c:fixme:seh:WerGetFlags (FFFFFFFFFFFFFFFF, 000000000024FD98) stub
224918.895:006c:fixme:seh:WerSetFlags (32) stub
224918.896:006c:fixme:powrprof:PowerRegisterSuspendResumeNotification (0x00000002,000000000024FD10,000000000024FD20) stub!
224922.017:009c:err:secur32:start_samss Failed to start SamSs service
224922.017:009c:err:secur32:load_auth_packages Failed to get security packages list: 80090304
224922.205:0074:err:ole:start_rpcss Failed to start RpcSs service
224922.297:009c:fixme:powrprof:PowerRegisterSuspendResumeNotification (0x00000002,00007FFFFE13F260,00006FFFFA729AB8) stub!
224922.301:00d8:fixme:kernelbase:AppPolicyGetThreadInitializationType FFFFFFFFFFFFFFFA, 00007FFFFECFFF50
224922.301:00dc:fixme:kernelbase:AppPolicyGetThreadInitializationType FFFFFFFFFFFFFFFA, 00007FFFFEF0FF50
224922.990:00e8:fixme:advapi:RegisterEventSourceA ((null),"CodeMeter Runtime Server"): stub
224922.990:00e8:fixme:advapi:RegisterEventSourceW (L"",L"CodeMeter Runtime Server"): stub
224922.990:00e8:fixme:advapi:ReportEventA (00000000CAFE4242,0x0004,0x0000,0x41000200,0000000000000000,0x0000,0x00000000,00007580963DFD48,0000000000000000): stub
224922.990:00e8:fixme:ntdll:enum_firmware_info info_class SYSTEM_FIRMWARE_TABLE_INFORMATION provider 41435049
224922.993:0058:fixme:mountmgr:disk_ioctl Unsupported ioctl 74080 (device=7 access=1 func=20 method=0)
224923.191:0104:fixme:seh:WerSetFlags (2) stub
224923.191:0104:fixme:heap:RtlSetHeapInformation HEAP_INFORMATION_CLASS 1 not implemented!
224923.193:0058:fixme:mountmgr:query_property Faking StorageDeviceProperty data
224923.199:0110:fixme:process:SetProcessShutdownParameters (00000380, 00000000): partial stub.
224923.206:0110:fixme:ntdll:EtwEventSetInformation (deadbeef, 2, 00006FFFF8AB25B7, 28) stub
224923.212:0110:fixme:ver:GetCurrentPackageId (00007FFFFEF6EB50 0000000000000000): stub
224923.229:00e8:fixme:iphlpapi:NotifyIpInterfaceChange (family 0, callback 0000000140A1B120, context 0000000142F6F240, init_notify 0, handle 00007580963DF1B8): stub
224923.232:0120:fixme:kernelbase:AppPolicyGetThreadInitializationType FFFFFFFFFFFFFFFA, 00007580962CFF50
224923.232:0120:fixme:wtsapi:WTSWaitSystemEvent Stub 0000000000000000 0x7fffffff 00007580962CFF04
224923.235:00e8:fixme:ole:CoInitializeSecurity 0000000000000000, -1, 0000000000000000, 0000000000000000, 0, 3, 0000000000000000, 0, 0000000000000000 stub
224923.259:011c:fixme:ntdll:NtQuerySystemInformation info_class SYSTEM_PERFORMANCE_INFORMATION
224923.318:00e8:fixme:tape:BackupRead (0000000000000114, 00007580963DF270, 20, 00007580963DF2C4, 0, 0, 00007580963DF2B0)
224923.318:00e8:fixme:tape:BackupRead (0000000000000114, 0000000000000000, 0, 0000000000000000, 1, 0, 00007580963DF2B0)
224923.319:00e8:fixme:tape:BackupRead (0000000000000114, 00007580963DF270, 20, 00007580963DF2C4, 0, 0, 00007580963DF2B0)
224923.319:00e8:fixme:tape:BackupRead (0000000000000114, 0000000000000000, 0, 0000000000000000, 1, 0, 00007580963DF2B0)
224923.319:00e8:fixme:tape:BackupRead (0000000000000114, 00007580963DF270, 20, 00007580963DF2C4, 0, 0, 00007580963DF2B0)
224923.319:00e8:fixme:tape:BackupRead (0000000000000114, 0000000000000000, 0, 0000000000000000, 1, 0, 00007580963DF2B0)
224923.326:0058:fixme:mountmgr:disk_ioctl IOCTL_VOLUME_GET_VOLUME_DISK_EXTENTS semi-stub.
224923.327:0058:fixme:mountmgr:query_property Faking StorageDeviceProperty data
224923.327:0058:fixme:mountmgr:disk_ioctl IOCTL_VOLUME_GET_VOLUME_DISK_EXTENTS semi-stub.
224923.327:0058:fixme:mountmgr:disk_ioctl Unsupported ioctl 74080 (device=7 access=1 func=20 method=0)
224923.363:00e8:fixme:ntdll:NtSystemDebugControl (7, (nil), 0, (nil), 0, (nil)), stub
224923.367:00e8:fixme:ole:CoInitializeSecurity 0000000000000000, -1, 0000000000000000, 0000000000000000, 0, 3, 0000000000000000, 0, 0000000000000000 stub
224923.367:00e8:fixme:netapi32:DsEnumerateDomainTrustsA ((null), 0x0008, 00007580963DF5C8, 00007580963DF5C4): stub
224923.368:00e8:fixme:ole:CoInitializeSecurity 0000000000000000, -1, 0000000000000000, 0000000000000000, 0, 3, 0000000000000000, 0, 0000000000000000 stub
224923.368:00e8:fixme:netapi32:DsGetDcNameW ((null), (null), (null), (null), 00000080, 00007580963DF4C8): semi-stub
224923.368:00e8:fixme:security:GetWindowsAccountDomainSid (00007580963DE220 00007FFFFE7A2068 00007580963DE21C): semi-stub
224923.389:00e8:fixme:netapi32:DsGetDcNameW ((null), (null), (null), (null), 00000011, 00007580963DF4C8): semi-stub
224923.390:00e8:fixme:security:GetWindowsAccountDomainSid (00007580963DE220 00007FFFFE7A26D8 00007580963DE21C): semi-stub
224923.414:00e8:fixme:netapi32:DsEnumerateDomainTrustsW ((null), 0x003f, 00007580963DF0D8, 00007580963DEF90): stub
224923.421:011c:fixme:seh:WerSetFlags (2) stub
224923.421:011c:fixme:heap:RtlSetHeapInformation HEAP_INFORMATION_CLASS 1 not implemented!
224923.444:0138:fixme:process:SetProcessShutdownParameters (00000380, 00000000): partial stub.
224923.448:0138:fixme:ntdll:EtwEventSetInformation (deadbeef, 2, 79103241, 28) stub
224923.452:0138:fixme:ver:GetCurrentPackageId (00D2ECBC 00000000): stub
224923.467:0148:err:service:device_notify_proc failed to open RPC handle, error 1722
224923.470:00e8:fixme:advapi:ReportEventA (00000000CAFE4242,0x0004,0x0000,0x41000204,0000000000000000,0x0000,0x00000000,00007580963DF858,0000000000000000): stub
224923.476:0058:fixme:mountmgr:disk_ioctl IOCTL_VOLUME_GET_VOLUME_DISK_EXTENTS semi-stub.
224923.477:0058:fixme:mountmgr:query_property Faking StorageDeviceProperty data
224923.477:0058:fixme:mountmgr:disk_ioctl IOCTL_VOLUME_GET_VOLUME_DISK_EXTENTS semi-stub.
224923.478:0058:fixme:mountmgr:disk_ioctl Unsupported ioctl 74080 (device=7 access=1 func=20 method=0)
224923.499:0058:fixme:mountmgr:disk_ioctl IOCTL_VOLUME_GET_VOLUME_DISK_EXTENTS semi-stub.
224923.500:0058:fixme:mountmgr:disk_ioctl Unsupported ioctl 74080 (device=7 access=1 func=20 method=0)
224923.504:0058:fixme:mountmgr:disk_ioctl IOCTL_VOLUME_GET_VOLUME_DISK_EXTENTS semi-stub.
224923.505:0058:fixme:mountmgr:disk_ioctl Unsupported ioctl 74080 (device=7 access=1 func=20 method=0)
224923.508:0058:fixme:mountmgr:disk_ioctl IOCTL_VOLUME_GET_VOLUME_DISK_EXTENTS semi-stub.
224923.509:0058:fixme:mountmgr:disk_ioctl Unsupported ioctl 74080 (device=7 access=1 func=20 method=0)
224923.515:0058:fixme:mountmgr:disk_ioctl IOCTL_VOLUME_GET_VOLUME_DISK_EXTENTS semi-stub.
224923.515:0058:fixme:mountmgr:query_property Faking StorageDeviceProperty data
224923.517:0058:fixme:mountmgr:disk_ioctl IOCTL_VOLUME_GET_VOLUME_DISK_EXTENTS semi-stub.
224923.518:0058:fixme:mountmgr:query_property Faking StorageDeviceProperty data
224923.519:0058:fixme:mountmgr:disk_ioctl IOCTL_VOLUME_GET_VOLUME_DISK_EXTENTS semi-stub.
224923.519:0058:fixme:mountmgr:query_property Faking StorageDeviceProperty data
224923.538:00e8:fixme:ole:CoInitializeSecurity 0000000000000000, -1, 0000000000000000, 0000000000000000, 0, 3, 0000000000000000, 0, 0000000000000000 stub
224923.538:00e8:fixme:wbemprox:wbem_locator_ConnectServer unsupported flags
224923.538:00e8:fixme:wbemprox:client_security_SetBlanket 00006FFFF7B22030, 00007FFFFF5FC440, 10, 0, (null), 3, 3, 0000000000000000, 0
224923.538:00e8:fixme:wbemprox:client_security_Release 00006FFFF7B22030
224923.538:00e8:fixme:wbemprox:enum_class_object_Next timeout not supported
224923.538:00e8:fixme:seh:EnumDeviceDrivers (0000000000000000, 0, 00007580963D9B18): stub
224923.539:00e8:fixme:advapi:OpenEventLogW ((null),L"System") stub
224923.539:00e8:fixme:advapi:ReadEventLogA (00000000CAFE4242,0x00000009,0x00000000,00007FFFFF657750,0x00010000,00007580963D9814,00007580963D981C) stub
224923.539:00e8:fixme:advapi:OpenEventLogW ((null),L"Applications") stub
224923.539:00e8:fixme:advapi:ReadEventLogA (00000000CAFE4242,0x00000009,0x00000000,00007FFFFF667760,0x00010000,00007580963D9814,00007580963D981C) stub
224923.539:00e8:fixme:advapi:CloseEventLog (00000000CAFE4242) stub
224923.539:00e8:fixme:advapi:CloseEventLog (00000000CAFE4242) stub
224923.541:00e8:fixme:security:GetWindowsAccountDomainSid (00007580963D8DE0 00007FFFFE7A2D48 00007580963D8DDC): semi-stub
224923.556:0058:fixme:mountmgr:disk_ioctl IOCTL_VOLUME_GET_VOLUME_DISK_EXTENTS semi-stub.
224923.558:0058:fixme:mountmgr:query_property Faking StorageDeviceProperty data
224923.563:0058:fixme:mountmgr:disk_ioctl IOCTL_VOLUME_GET_VOLUME_DISK_EXTENTS semi-stub.
224923.564:0058:fixme:mountmgr:disk_ioctl Unsupported ioctl 74080 (device=7 access=1 func=20 method=0)
224924.067:0058:fixme:mountmgr:disk_ioctl IOCTL_VOLUME_GET_VOLUME_DISK_EXTENTS semi-stub.
224924.068:0058:fixme:mountmgr:disk_ioctl Unsupported ioctl 74080 (device=7 access=1 func=20 method=0)
224924.500:0024:err:seh:NtRaiseException Unhandled exception code c0000409 flags 1 addr 0x140800701
224924.576:00e8:fixme:seh:EnumDeviceDrivers (0000000000000000, 0, 00007580963D9FB8): stub
224924.840:01ac:fixme:advapi:ReportEventA (00000000CAFE4242,0x0004,0x0000,0x41000204,0000000000000000,0x0000,0x00000000,000075809588D618,0000000000000000): stub
224924.850:0058:fixme:mountmgr:query_property Faking StorageDeviceProperty data
224924.857:0058:fixme:mountmgr:disk_ioctl IOCTL_VOLUME_GET_VOLUME_DISK_EXTENTS semi-stub.
224924.858:0058:fixme:mountmgr:query_property Faking StorageDeviceProperty data
224924.860:01ac:fixme:advapi:ReportEventA (00000000CAFE4242,0x0004,0x0000,0x41000204,0000000000000000,0x0000,0x00000000,000075809588D618,0000000000000000): stub
224924.861:01ac:fixme:advapi:ReportEventA (00000000CAFE4242,0x0004,0x0000,0x41000204,0000000000000000,0x0000,0x00000000,000075809588D618,0000000000000000): stub
224924.869:01ac:fixme:advapi:ReportEventA (00000000CAFE4242,0x0004,0x0000,0x41000204,0000000000000000,0x0000,0x00000000,000075809588D618,0000000000000000): stub
224924.877:01ac:fixme:seh:EnumDeviceDrivers (0000000000000000, 0, 000075809588A198): stub
