volume.c:165: Test marked todo: got error 2
volume.c:173: Test marked todo: got error 1173
volume.c:186: Test marked todo: got error 2
volume.c:200: Test marked todo: got error 2
volume.c:206: Test marked todo: got error 1173
volume.c:1075: c:\ -> \\?\Volume{00000000-0000-0000-0000-000000000043}\
volume.c:1213: Test marked todo: expected ERROR_INVALID_PARAMETER got 123
volume.c:1639: Skipping C:, not a CDROM drive.
volume.c:1639: Skipping Z:, not a CDROM drive.
volume.c:1787: Test marked todo: got status 0xc0000002
volume.c:1788: Test marked todo: got attributes 0x410
volume.c:1790: Test marked todo: got reparse tag 0xa0000003
volume.c:1793: Test marked todo: got status 0xc0000002
volume.c:1794: Test marked todo: got length 26
volume.c:1806: Test marked todo: got error 2
volume.c:1809: Test marked todo: got status 0xc0000024
volume.c:1810: Test marked todo: got length 26
volume.c:1811: Test marked todo: got name L"\\winetest_mnt"
volume.c:1818: Test marked todo: got "C:\\winetest_mnt"
volume.c:1829: Test marked todo: got error 4390
volume.c:1830: Test marked todo: expected "\\\\?\\Volume{00000000-0000-0000-0000-000000000043}\\", got "C:\\winetest_mnt"
volume.c:1832: Test marked todo: got error 144
volume.c:1852: Test marked todo: wrong error 4390
volume.c:1856: Test marked todo: wrong error 144
volume.c:1860: Test marked todo: got "C:\\winetest_mnt\\"
volume.c:1862: Test marked todo: got error 4390
volume.c:1863: Test marked todo: expected "\\\\?\\Volume{00000000-0000-0000-0000-000000000043}\\", got "C:\\winetest_mnt\\"
volume.c:1865: Test marked todo: got error 144
volume.c:1869: Test marked todo: got "C:\\winetest_mnt"
volume.c:1871: Test marked todo: got error 4390
volume.c:1872: Test marked todo: expected "\\\\?\\Volume{00000000-0000-0000-0000-000000000043}\\", got "C:\\winetest_mnt"
volume.c:1874: Test marked todo: got error 144
volume.c:1885: Test marked todo: mount point was not enumerated
volume.c:1895: Test marked todo: got error 2
volume.c:1900: Test marked todo: wrong error 4390
volume.c:1903: Test marked todo: got error 144
volume.c:1906: Test marked todo: got error 2
volume.c:1918: Test marked todo: got error 2
volume.c:1919: Test marked todo: got "C:\\"
volume.c:1921: Test marked todo: got error 4390
volume.c:1922: Test marked todo: expected "\\\\?\\Volume{00000000-0000-0000-0000-000000000043}\\", got "C:\\"
volume.c:1924: Test marked todo: got error 144
volume.c:1930: Test marked todo: got error 2
volume.c:1936: Test marked todo: got error 2
volume.c:1939: Test marked todo: got status 0xc0000024
volume.c:1940: Test marked todo: got length 26
volume.c:1941: Test marked todo: got name L"\\winetest_mnt"
volume.c:1959: Test marked todo: got error 2
volume.c:2124: Test marked todo: got information 0x4
volume.c:2126: Test marked todo: got count 3435973836
volume.c:2215: Test marked todo: unexpected 0x80070003
0020:volume: 619 tests executed (48 marked as todo, 0 as flaky, 0 failures), 0 skipped.
