wine: failed to start L"\\??\\C:\\windows\\syswow64\\rundll32.exe": c0000135
file.c:5070: Test marked todo: 12: expected 0x21 got 0x20
file.c:5070: Test marked todo: 15: expected 0x21 got 0x20
file.c:5070: Test marked todo: 16: expected 0x20 got 0x21
file.c:5070: Test marked todo: 17: expected 0x21 got 0x20
file.c:184: Test marked todo: NtWriteFile error c0000008
file.c:427: Test marked todo: query L"system32" failed c0000034
file.c:131: apc called block 00007FFFFE23FB50 iosb.status 0 iosb.info 6
file.c:131: apc called block 00007FFFFE23FB50 iosb.status 0 iosb.info 6
file.c:131: apc called block 00007FFFFE23FB50 iosb.status c0000011 iosb.info 0
file.c:131: apc called block 00007FFFFE23FB50 iosb.status 0 iosb.info 6
file.c:131: apc called block 00007FFFFE23FB50 iosb.status 0 iosb.info 6
file.c:775: Test marked todo: apc was called
file.c:131: apc called block 00007FFFFE23FB50 iosb.status 0 iosb.info 4096
file.c:131: apc called block 00007FFFFE23FB50 iosb.status 0 iosb.info 4096
file.c:131: apc called block 00007FFFFE23FBA0 iosb.status 0 iosb.info 3
file.c:1603: Test marked todo: attribute 20 not 0
file.c:1638: Test marked todo: shouldn't be able to set FileAllInformation, io.Status is c0000003
file.c:1673: Test marked todo: attribute 20 not FILE_ATTRIBUTE_NORMAL
file.c:4095: Tests skipped: Not running on WoW64, skipping test.
file.c:4229: Tests skipped: Not running on WoW64, skipping test.
file.c:1754: Test marked todo: FileName expected L"\\users\\asdf\\AppData\\Local\\Temp\\foo8172.tmp", got L"\\users\\asdf\\AppData\\Local\\Temp\\foo8171.tmp"
file.c:1782: Test marked todo: io.Status expected 0xdeadbeef, got c0000035
file.c:1845: Test marked todo: io.Status expected 0xdeadbeef, got c0000035
file.c:1879: Test marked todo: io.Status expected 0xdeadbeef, got c0000022
file.c:1961: Test marked todo: io.Status got 0
file.c:1962: Test marked todo: res expected STATUS_ACCESS_DENIED, got 0
file.c:1964: Test marked todo: file should exist
file.c:1966: Test marked todo: file should not exist
file.c:2253: Test marked todo: io.Status expected 0xdeadbeef, got c0000035
file.c:2286: Test marked todo: io.Status expected 0xdeadbeef, got c0000022
file.c:1754: Test marked todo: FileName expected L"\\users\\asdf\\AppData\\Local\\Temp\\foo817F.tmp", got L"\\users\\asdf\\AppData\\Local\\Temp\\foo817E.tmp"
file.c:1782: Test marked todo: io.Status expected 0xdeadbeef, got c0000035
file.c:1845: Test marked todo: io.Status expected 0xdeadbeef, got c0000035
file.c:1879: Test marked todo: io.Status expected 0xdeadbeef, got c0000022
file.c:1961: Test marked todo: io.Status got 0
file.c:1962: Test marked todo: res expected STATUS_ACCESS_DENIED, got 0
file.c:1964: Test marked todo: file should exist
file.c:1966: Test marked todo: file should not exist
file.c:2253: Test marked todo: io.Status expected 0xdeadbeef, got c0000035
file.c:2286: Test marked todo: io.Status expected 0xdeadbeef, got c0000022
file.c:2411: Test marked todo: io.Status expected 0xdeadbeef, got c0000022
file.c:2547: Test marked todo: io.Status expected 0xdeadbeef, got c0000035
file.c:2620: Test marked todo: Link did not change casing on existing target file: got L"foo818B.tmp"
file.c:2650: Test marked todo: io.Status expected 0xdeadbeef, got c0000035
file.c:2684: Test marked todo: io.Status expected 0xdeadbeef, got c0000022
file.c:3064: Test marked todo: io.Status expected 0xdeadbeef, got c0000035
file.c:3097: Test marked todo: io.Status expected 0xdeadbeef, got c0000022
file.c:3168: Test marked todo: got io status 0xc0000035
file.c:3199: Test marked todo: got io status 0xc0000035
file.c:3214: Test marked todo: Link did not change casing on same file: got L"foo819E.tmp"
file.c:2547: Test marked todo: io.Status expected 0xdeadbeef, got c0000035
file.c:2620: Test marked todo: Link did not change casing on existing target file: got L"foo819B.tmp"
file.c:2650: Test marked todo: io.Status expected 0xdeadbeef, got c0000035
file.c:2684: Test marked todo: io.Status expected 0xdeadbeef, got c0000022
file.c:3064: Test marked todo: io.Status expected 0xdeadbeef, got c0000035
file.c:3097: Test marked todo: io.Status expected 0xdeadbeef, got c0000022
file.c:3168: Test marked todo: got io status 0xc0000035
file.c:3199: Test marked todo: got io status 0xc0000035
file.c:3214: Test marked todo: Link did not change casing on same file: got L"foo81BA.tmp"
file.c:3268: Test marked todo: io.Status expected 0xdeadbeef, got c0000022
file.c:3378: Test marked todo: expected STATUS_INFO_LENGTH_MISMATCH, got c00000f1
file.c:3411: Test marked todo: Handle should be marked for deletion
file.c:3427: Test marked todo: got 0
file.c:3431: Test marked todo: CreateFile should fail
file.c:3435: Test marked todo: got 0
file.c:3440: Test marked todo: got 32
file.c:3529: Test marked todo: unexpected FileDispositionInformation result (expected STATUS_CANNOT_DELETE, got 0)
file.c:3533: Test marked todo: File shouldn't have been deleted
file.c:3640: Test marked todo: Handle should be marked for deletion
file.c:3643: Test marked todo: got 0
file.c:3647: Test marked todo: CreateFile should fail
file.c:3649: Test marked todo: got 0
file.c:3697: Test marked todo: Handle should be marked for deletion
file.c:3700: Test marked todo: got 0
file.c:3704: Test marked todo: CreateFile should fail
file.c:3706: Test marked todo: got 0
file.c:3725: Test marked todo: got 0
file.c:3729: Test marked todo: CreateFile should fail
file.c:3733: Test marked todo: got 0
file.c:3738: Test marked todo: got 32
file.c:3917: Test marked todo: Handle should be marked for deletion
file.c:3928: Test marked todo: expected file to exist
file.c:3948: Test marked todo: Handle should be marked for deletion
file.c:3959: Test marked todo: expected file to exist
file.c:4617: Test marked todo: got attributes 0x24
file.c:4627: Test marked todo: got attributes 0x22
file.c:4900: Test marked todo: Missing VolumeCreationTime
file.c:4905: VolumeSerialNumber: 43000000 VolumeLabelName: L""
file.c:4993: Test failed: expected FILE_CASE_SENSITIVE_SEARCH to be set, got 0x100000a
file.c:4995: Test failed: expected FILE_UNICODE_ON_DISK to be set, got 0x100000a
file.c:4999: Test failed: expected FILE_SUPPORTS_HARD_LINKS to be set, got 0x100000a
file.c:5003: FileSystemAttributes: 100000a MaximumComponentNameLength: ff FileSystemName: L"NTFS"
file.c:5877: Test marked todo: NtFsControlFile returned c00000bb
file.c:5887: Test marked todo: NtFsControlFile failed: c00000bb
file.c:6118: Test marked todo: got 0xc0000002
file.c:6128: Test marked todo: got 0xc0000002
file.c:6143: Test marked todo: got 0xc0000002
file.c:6161: Test marked todo: got 0xc0000002
file.c:6318: Test marked todo: got 0
file.c:6398: Test marked todo: got 0xc000003b
file.c:6552: Test marked todo: got 0
file.c:6573: Test marked todo: got 0
file.c:6626: Test marked todo: got 0
file.c:6630: Test marked todo: got 0xc0000275
file.c:6650: Test marked todo: got 0
file.c:6781: Test marked todo: got 0xc0000101
file.c:6833: Test marked todo: got error 1313
file.c:6862: Test marked todo: got 0xc000003b
file.c:6870: Test marked todo: got 0
file.c:6933: Test marked todo: got 0
file.c:7012: Test marked todo: got size 0x1000
file.c:7040: Test marked todo: expected failure
file.c:7041: Test marked todo: got error 0
file.c:7091: Test marked todo: got attributes 0x426
file.c:7098: Test marked todo: got 0xc0000034
file.c:7099: Test marked todo: got attributes 0
file.c:7113: Test marked todo: expected failure
file.c:7114: Test marked todo: got error 183
file.c:7226: Test marked todo: got 0
file.c:7234: Test marked todo: got 0xc0000278
file.c:7265: Test marked todo: got size 0
file.c:7320: Test marked todo: got 0xc000003b
file.c:7328: Test marked todo: got 0xc000003b
file.c:7336: Test marked todo: got 0xc0000033
file.c:7471: Test marked todo: Failed to map the section 0xc000001f.
file.c:7481: Test marked todo: Unexpected size 1024.
file.c:7485: Test marked todo: Failed to resize, error 487.
file.c:7489: Test marked todo: Unexpected size 1024.
0020:file: 2955 tests executed (113 marked as todo, 0 as flaky, 3 failures), 2 skipped.
