17:01:34 ==== FORCE CLEANUP START free=16.17GB ====
17:01:34 KILL cleanup_vm.ps1 pid=2884
17:01:35 --- kill uninstallers + vendor processes ---
17:01:35 KILL AdskAccessService id=7536
17:01:36 KILL AdskAccessServiceHost id=6588
17:01:36 KILL AdskAccessUIHost id=5728
17:01:36 KILL AdskAccessUIHost id=6472
17:01:37 KILL AdskAccessUIHost id=7056
17:01:37 KILL AdskAccessUIHost id=8992
17:01:37 KILL Installer id=6088
17:01:44 --- services + scheduled tasks ---
17:01:44 SVC AdskLicensingService Stopped
17:01:45 SVC Autodesk Access Service Host Stopped
17:01:52 --- force-remove directories ---
17:02:35 RM C:\Program Files\Autodesk exists=False
17:03:16 RM C:\Program Files\Common Files\Autodesk Shared exists=True
17:03:17 RM C:\Program Files\Common Files\Autodesk exists=False
17:03:23 RM C:\ProgramData\Autodesk exists=False
17:03:24 RM C:\ProgramData\FLEXnet exists=False
17:03:29 RM C:\Users\adsf\AppData\Local\Autodesk exists=False
17:04:13 RM C:\Users\adsf\AppData\Roaming\Autodesk exists=False
17:04:13 RM C:\Program Files (x86)\ETC exists=False
17:04:14 RM C:\Program Files\Resolume Arena exists=False
17:04:14 RM C:\ProgramData\Resolume Arena exists=False
17:04:15 RM C:\Users\adsf\AppData\Local\Resolume Arena exists=False
17:04:15 RM C:\ProgramData\Package Cache exists=False
17:04:16 RM C:\Program Files (x86)\InstallShield Installation Information exists=False
17:04:16 --- registry ---
17:04:16 RMREG HKLM:\SOFTWARE\Autodesk exists=False
17:04:16 RMREG HKLM:\SOFTWARE\WOW6432Node\Autodesk exists=False
17:04:16 RMREG HKLM:\SOFTWARE\ETC exists=False
17:04:16 RMREG HKLM:\SOFTWARE\WOW6432Node\ETC exists=False
17:04:16 RMREG HKCU:\SOFTWARE\Autodesk exists=False
17:04:16 RMREG HKCU:\SOFTWARE\ETC exists=False
17:04:17 STALE Eos Family ETCnomad Software
17:04:17 STALE Autodesk AutoCAD 2027.1 Update
17:04:17 STALE ACAD Private
17:04:17 STALE AutoCAD 2027 - English
17:04:17 STALE AutoCAD Open in Desktop
17:04:17 STALE Autodesk AutoCAD 2027 - English
17:04:17 STALE Autodesk Access
17:04:17 STALE ETC USB Device Drivers
17:04:17 RUNKEY Autodesk Access
17:04:17 RUNKEY Autodesk Access Service
17:04:17 --- report ---
17:04:18 ==== FORCE CLEANUP DONE free=22.61GB ====
17:04:18 REMAINING Microsoft .NET Host - 10.0.9 (x64) | Microsoft .NET Host FX Resolver - 10.0.9 (x64) | Microsoft .NET Runtime - 10.0.9 (x64) | Microsoft ASP.NET Core Runtime - 10.0.9 (x64) | Microsoft Edge | Microsoft Edge WebView2 Runtime | Microsoft OneDrive | Microsoft Visual C++ 2005 Redistributable | Microsoft Visual C++ 2022 X64 Additional Runtime - 14.50.35719 | Microsoft Visual C++ 2022 X64 Minimum Runtime - 14.50.35719 | Microsoft Visual C++ 2022 X86 Additional Runtime - 14.50.35719 | Microsoft Visual C++ 2022 X86 Minimum Runtime - 14.50.35719 | Microsoft Visual C++ v14 Redistributable (x64) - 14.50.35719 | Microsoft Visual C++ v14 Redistributable (x86) - 14.50.35719 | Microsoft Windows Application Compatibility Fix Database | Microsoft Windows Desktop Runtime - 10.0.9 (x64) | Microsoft Windows Desktop Runtime 10.0.9 (x64) | WPTx64
