
7-Zip 26.00 (x64) : Copyright (c) 1999-2026 Igor Pavlov : 2026-02-12
 64-bit locale=en_US.UTF-8 Threads:22 OPEN_MAX:524288, ASM

Scanning the drive for archives:
1 file, 2115737528 bytes (2018 MiB)

Extracting archive: /home/asdf/Downloads/mastercam2027-web.exe
--
Path = /home/asdf/Downloads/mastercam2027-web.exe
Type = PE
Physical Size = 2115737528
CPU = x64
64-bit = +
Characteristics = Executable LargeAddress NoRelocs
Created = 2013-08-22 08:00:53
Headers Size = 1024
Checksum = 2115754898
Name = Default64.SFX
Image Size = 552960
Section Alignment = 4096
File Alignment = 512
Code Size = 176640
Initialized Data Size = 227328
Uninitialized Data Size = 0
Linker Version = 9.0
OS Version = 5.2
Image Version = 0.0
Subsystem Version = 5.2
Subsystem = Windows GUI
DLL Characteristics = NX-Compatible TerminalServerAware
Stack Reserve = 1048576
Stack Commit = 4096
Heap Reserve = 1048576
Heap Commit = 4096
Virtual Address = 0x140000000
Comment = 
{
FileVersion: 29.0.10172.0
FileVersion: 1.0.0.1
ProductVersion: 1.0.0.1
CompanyName: CNC Software, LLC
FileDescription: Mastercam Installer
InternalName: Default64.SFX
LegalCopyright: (c) CNC Software, LLC. All rights reserved
OriginalFilename: Default64.SFX
ProductName: Mastercam Installer
Data Directories: 16
{
index=0 name=EXPORT VA=0x34B90 Size=51
index=1 name=IMPORT VA=0x333DC Size=220
index=2 name=RESOURCE VA=0x5B000 Size=180200
index=3 name=EXCEPTION VA=0x58000 Size=8520
index=4 name=SECURITY VA=0x7E1B6860 Size=12120
index=6 name=DEBUG VA=0x2D800 Size=28
index=12 name=IAT VA=0x2D000 Size=1808
}
}
----
Path = [0]
Size = 2115320416
Packed Size = 2115320416
Virtual Size = 2115320416
Offset = 404992
--
Path = [0]
Type = Rar5
Physical Size = 2115320412
Tail Size = 4
Characteristics = Locator QuickOpen:2115313538 Comment
Encrypted = -
Solid = -
Blocks = 126
Method = v6:32M:m0:m3
Multivolume = -
Volumes = 1
Comment = 
{
Title=Mastercam extractor
Setup=setup.exe
SetupCode
TempMode
}

ERROR: Unsupported Method : mastercam/1028.mst
ERROR: Unsupported Method : mastercam/1029.mst
ERROR: Unsupported Method : mastercam/1031.mst
ERROR: Unsupported Method : mastercam/1033.mst
ERROR: Unsupported Method : mastercam/1035.mst
ERROR: Unsupported Method : mastercam/1036.mst
ERROR: Unsupported Method : mastercam/1040.mst
ERROR: Unsupported Method : mastercam/1041.mst
ERROR: Unsupported Method : mastercam/1042.mst
ERROR: Unsupported Method : mastercam/1045.mst
ERROR: Unsupported Method : mastercam/1046.mst
ERROR: Unsupported Method : mastercam/1053.mst
ERROR: Unsupported Method : mastercam/1055.mst
ERROR: Unsupported Method : mastercam/2052.mst
ERROR: Unsupported Method : mastercam/3082.mst
ERROR: Unsupported Method : mastercam/Mastercam_Installer.msi
ERROR: Unsupported Method : SetupPrerequisites/CodeMeterRuntime64.msi
ERROR: Unsupported Method : SetupPrerequisites/MastercamLicensing/MastercamLicensingSetup.exe
ERROR: Unsupported Method : SetupPrerequisites/msxml6_x64.msi
ERROR: Unsupported Method : SetupPrerequisites/msxml6_x86.msi
ERROR: Unsupported Method : SetupPrerequisites/VC2022/VC_redist.x64.exe
ERROR: Unsupported Method : SetupPrerequisites/VC2022/VC_redist.x86.exe
ERROR: Unsupported Method : support/FELanguageSupport.dll
ERROR: Unsupported Method : support/languagepacks/2027_en_language_pack_mastercam.exe
ERROR: Unsupported Method : support/mcim.ini
ERROR: Unsupported Method : support/nethasp.ini
ERROR: Unsupported Method : support/nethaspmonitor/aksmon32_setup.exe
ERROR: Unsupported Method : support/nethaspserver/lmsetup.exe
ERROR: Unsupported Method : support/nethaspserver/readme.html
ERROR: Unsupported Method : support/NHaspX.exe
ERROR: Unsupported Method : support/resources/cs/DvdSetupRes.dll
ERROR: Unsupported Method : support/resources/cs/license/Mastercam Click License Agreement.rtf
ERROR: Unsupported Method : support/resources/cs/NHaspXRes.DLL
ERROR: Unsupported Method : support/resources/de/DvdSetupRes.dll
ERROR: Unsupported Method : support/resources/de/license/Mastercam Click License Agreement.rtf
ERROR: Unsupported Method : support/resources/de/NHaspXRes.DLL
ERROR: Unsupported Method : support/resources/en/documentation/mastercam/AdministratorGuide.pdf
ERROR: Unsupported Method : support/resources/en/DvdSetupRes.dll
ERROR: Unsupported Method : support/resources/en/license/Mastercam Click License Agreement.rtf
ERROR: Unsupported Method : support/resources/en/NHaspXRes.DLL
ERROR: Unsupported Method : support/resources/es/DvdSetupRes.dll
ERROR: Unsupported Method : support/resources/es/license/Mastercam Click License Agreement.rtf
ERROR: Unsupported Method : support/resources/es/NHaspXRes.DLL
ERROR: Unsupported Method : support/resources/fi/DvdSetupRes.dll
ERROR: Unsupported Method : support/resources/fi/license/Mastercam Click License Agreement.rtf
ERROR: Unsupported Method : support/resources/fi/NHaspXRes.DLL
ERROR: Unsupported Method : support/resources/fr/DvdSetupRes.dll
ERROR: Unsupported Method : support/resources/fr/license/Mastercam Click License Agreement.rtf
ERROR: Unsupported Method : support/resources/fr/NHaspXRes.DLL
ERROR: Unsupported Method : support/resources/it/DvdSetupRes.dll
ERROR: Unsupported Method : support/resources/it/license/Mastercam Click License Agreement.rtf
ERROR: Unsupported Method : support/resources/it/NHaspXRes.DLL
ERROR: Unsupported Method : support/resources/ja/DvdSetupRes.dll
ERROR: Unsupported Method : support/resources/ja/license/Mastercam Click License Agreement.rtf
ERROR: Unsupported Method : support/resources/ja/NHaspXRes.DLL
ERROR: Unsupported Method : support/resources/ko-KR/DvdSetupRes.dll
ERROR: Unsupported Method : support/resources/ko-KR/license/Mastercam Click License Agreement.rtf
ERROR: Unsupported Method : support/resources/ko-KR/NHaspXRes.DLL
ERROR: Unsupported Method : support/resources/pl/DvdSetupRes.dll
ERROR: Unsupported Method : support/resources/pl/license/Mastercam Click License Agreement.rtf
ERROR: Unsupported Method : support/resources/pl/NHaspXRes.DLL
ERROR: Unsupported Method : support/resources/pt-BR/DvdSetupRes.dll
ERROR: Unsupported Method : support/resources/pt-BR/license/Mastercam Click License Agreement.rtf
ERROR: Unsupported Method : support/resources/pt-BR/NHaspXRes.DLL
ERROR: Unsupported Method : support/resources/sv/DvdSetupRes.dll
ERROR: Unsupported Method : support/resources/sv/license/Mastercam Click License Agreement.rtf
ERROR: Unsupported Method : support/resources/sv/NHaspXRes.DLL
ERROR: Unsupported Method : support/resources/tr/DvdSetupRes.dll
ERROR: Unsupported Method : support/resources/tr/license/Mastercam Click License Agreement.rtf
ERROR: Unsupported Method : support/resources/tr/NHaspXRes.DLL
ERROR: Unsupported Method : support/resources/zh-CN/DvdSetupRes.dll
ERROR: Unsupported Method : support/resources/zh-CN/license/Mastercam Click License Agreement.rtf
ERROR: Unsupported Method : support/resources/zh-CN/NHaspXRes.DLL
ERROR: Unsupported Method : support/resources/zh-TW/DvdSetupRes.dll
ERROR: Unsupported Method : support/resources/zh-TW/license/Mastercam Click License Agreement.rtf
ERROR: Unsupported Method : support/resources/zh-TW/NHaspXRes.DLL
ERROR: Unsupported Method : support/size.dat
ERROR: Unsupported Method : support/uninstaller/uninstaller.exe
ERROR: Unsupported Method : support/updater/mastercam2027-updater.exe
ERROR: Unsupported Method : datapaths.ini
ERROR: Unsupported Method : ProductCodes.dat
ERROR: Unsupported Method : setup.exe

Sub items Errors: 82

Archives with Errors: 1

Sub items Errors: 82
