01d4:fixme:ntdll:NtQuerySystemInformation info_class SYSTEM_PERFORMANCE_INFORMATION
01d4:fixme:win:RegisterPowerSettingNotification (0005006A,{02731015-4510-4526-99e6-e5a17ebd1aea},0): stub
01d4:fixme:font:find_matching_face Untranslated charset 255
01d4:fixme:font:get_nearest_charset returning DEFAULT_CHARSET face->fs.fsCsb[0] = 00000000 file = L"\\??\\Z:\\usr\\share\\fonts\\truetype\\noto\\NotoKufiArabic-Regular.ttf"
01d4:fixme:font:find_matching_face Untranslated charset 255
01d4:fixme:font:get_nearest_charset returning DEFAULT_CHARSET face->fs.fsCsb[0] = 00000000 file = L"\\??\\Z:\\usr\\share\\fonts\\truetype\\noto\\NotoKufiArabic-Bold.ttf"
01d4:fixme:font:find_matching_face Untranslated charset 255
01d4:fixme:font:get_nearest_charset returning DEFAULT_CHARSET face->fs.fsCsb[0] = 00000000 file = L"\\??\\Z:\\usr\\share\\fonts\\truetype\\noto\\NotoKufiArabic-Black.ttf"
01d4:fixme:font:find_matching_face Untranslated charset 255
01d4:fixme:font:get_nearest_charset returning DEFAULT_CHARSET face->fs.fsCsb[0] = 00000000 file = L"\\??\\Z:\\usr\\share\\fonts\\truetype\\noto\\NotoKufiArabic-ExtraBold.ttf"
01d4:fixme:font:find_matching_face Untranslated charset 255
01d4:fixme:font:get_nearest_charset returning DEFAULT_CHARSET face->fs.fsCsb[0] = 00000000 file = L"\\??\\Z:\\usr\\share\\fonts\\truetype\\noto\\NotoKufiArabic-ExtraLight.ttf"
01d4:fixme:font:find_matching_face Untranslated charset 255
01d4:fixme:font:get_nearest_charset returning DEFAULT_CHARSET face->fs.fsCsb[0] = 00000000 file = L"\\??\\Z:\\usr\\share\\fonts\\truetype\\noto\\NotoKufiArabic-Light.ttf"
01d4:fixme:font:find_matching_face Untranslated charset 255
01d4:fixme:font:get_nearest_charset returning DEFAULT_CHARSET face->fs.fsCsb[0] = 00000000 file = L"\\??\\Z:\\usr\\share\\fonts\\truetype\\noto\\NotoKufiArabic-Medium.ttf"
01d4:fixme:font:find_matching_face Untranslated charset 255
01d4:fixme:font:get_nearest_charset returning DEFAULT_CHARSET face->fs.fsCsb[0] = 00000000 file = L"\\??\\Z:\\usr\\share\\fonts\\truetype\\noto\\NotoKufiArabic-SemiBold.ttf"
01d4:fixme:font:find_matching_face Untranslated charset 255
01d4:fixme:font:get_nearest_charset returning DEFAULT_CHARSET face->fs.fsCsb[0] = 00000000 file = L"\\??\\Z:\\usr\\share\\fonts\\truetype\\noto\\NotoKufiArabic-Thin.ttf"
01d4:fixme:system:EnableNonClientDpiScaling (00050050): stub
01d4:fixme:system:EnableNonClientDpiScaling (00020060): stub
