00a0:fixme:heap:RtlSetHeapInformation HEAP_INFORMATION_CLASS 1 not implemented!
00ac:fixme:advapi:RegisterEventSourceW ((null),L"Bonjour Service"): stub
00ac:fixme:advapi:ReportEventA (00000000CAFE4242,0x0004,0x0000,0x00000064,0000000000000000,0x0001,0x00000000,0000000000E3FA50,0000000000000000): stub
00ac:fixme:advapi:ReportEventW (00000000CAFE4242,0x0004,0x0000,0x00000064,0000000000000000,0x0001,0x00000000,0000000000711FF0,0000000000000000): stub
00ac:fixme:winsock:WSAIoctl SIO_UDP_CONNRESET stub
00ac:fixme:winsock:WSAIoctl SIO_UDP_CONNRESET stub
00ac:fixme:advapi:ReportEventA (00000000CAFE4242,0x0004,0x0000,0x00000064,0000000000000000,0x0001,0x00000000,0000000000E3FA50,0000000000000000): stub
00ac:fixme:advapi:ReportEventW (00000000CAFE4242,0x0004,0x0000,0x00000064,0000000000000000,0x0001,0x00000000,0000000000711FF0,0000000000000000): stub
0050:fixme:service:svcctl_EnumServicesStatusExW resume handle not supported
0050:fixme:service:svcctl_EnumServicesStatusExW resume handle not supported
0050:fixme:service:svcctl_EnumServicesStatusExW resume handle not supported
0050:fixme:service:svcctl_EnumServicesStatusExW resume handle not supported
00ac:fixme:advapi:ReportEventA (00000000CAFE4242,0x0004,0x0000,0x00000064,0000000000000000,0x0001,0x00000000,0000000000E3FA50,0000000000000000): stub
00ac:fixme:advapi:ReportEventW (00000000CAFE4242,0x0004,0x0000,0x00000064,0000000000000000,0x0001,0x00000000,0000000000711FF0,0000000000000000): stub
00ac:fixme:wkscli:NetGetJoinInformation Semi-stub (null) 0000000000E3FAC8 0000000000E3FAC0
00ac:fixme:winsock:WSAIoctl SIO_UDP_CONNRESET stub
00ac:fixme:winsock:WSAIoctl SIO_UDP_CONNRESET stub
00ac:fixme:winsock:WSAIoctl SIO_UDP_CONNRESET stub
0138:fixme:wtsapi:WTSRegisterSessionNotification Stub 0001008C 0x00000000
0138:fixme:uxtheme:BufferedPaintInit Stub ()
0138:fixme:win:DisableProcessWindowsGhosting : stub
0138:fixme:graphics:ShutdownBlockReasonDestroy (0001008C): stub
0138:fixme:graphics:ShutdownBlockReasonCreate (0001008C, L"Installing"): stub
0138:fixme:rstrtmgr:RmStartSession 006D778C, 0, 006D7790 stub!
0138:fixme:graphics:ShutdownBlockReasonDestroy (0001008C): stub
0138:fixme:graphics:ShutdownBlockReasonCreate (0001008C, L"Installing Resolume Arena."): stub
0138:fixme:system:EnableNonClientDpiScaling (0001009A): stub
0138:fixme:msg:ChangeWindowMessageFilterEx 0001009A c040 1 00000000
0138:fixme:system:EnableNonClientDpiScaling (0002009A): stub
0138:fixme:msg:ChangeWindowMessageFilterEx 0002009A c040 1 00000000
0138:fixme:msg:ChangeWindowMessageFilterEx 000100A4 c040 1 00000000
0138:fixme:msg:ChangeWindowMessageFilterEx 000200A4 c040 1 00000000
0138:fixme:shell:SHAutoComplete stub
0138:fixme:rstrtmgr:RmRegisterResources -559038737, 48, 01B6DE30, 0, 00000000, 0, 00000000 stub!
0138:fixme:rstrtmgr:RmGetList -559038737, 0026FE34, 0026FE38, 01B6DE30, 0026FE30 stub!
0138:fixme:explorerframe:taskbar_list_SetProgressValue iface 01CF5D30, hwnd 0001008C, ullCompleted 0, ullTotal 305 stub!
0138:fixme:sfc:SfcIsFileProtected (00000000, L"C:\\Program Files\\Resolume Arena\\unins000.exe") stub
0138:fixme:explorerframe:taskbar_list_SetProgressState iface 01CF5D30, hwnd 0001008C, flags 0 stub!
0190:fixme:netsh:wmain stub: L"C:\\windows\\system32\\netsh.exe" L"advfirewall" L"firewall" L"add" L"rule" L"name=Resolume Arena" L"dir=in" L"program=C:\\Program Files\\Resolume Arena\\Arena.exe" L"action=allow"
01a0:fixme:netsh:wmain stub: L"C:\\windows\\system32\\netsh.exe" L"advfirewall" L"firewall" L"add" L"rule" L"name=Resolume Arena" L"dir=out" L"program=C:\\Program Files\\Resolume Arena\\Arena.exe" L"action=allow"
01b0:fixme:netsh:wmain stub: L"C:\\windows\\system32\\netsh.exe" L"advfirewall" L"firewall" L"add" L"rule" L"name=Resolume Wire" L"dir=in" L"program=C:\\Program Files\\Resolume Wire\\Wire.exe" L"action=allow"
01c0:fixme:netsh:wmain stub: L"C:\\windows\\system32\\netsh.exe" L"advfirewall" L"firewall" L"add" L"rule" L"name=Resolume Wire" L"dir=out" L"program=C:\\Program Files\\Resolume Wire\\Wire.exe" L"action=allow"
01d0:fixme:ntdll:EtwEventSetInformation (deadbeef, 2, 00006FFFF11C69DE, 62) stub
01d0:fixme:ntdll:EtwEventSetInformation (deadbeef, 2, 00006FFFF0541A4F, 34) stub
01d0:fixme:ntdll:EtwEventSetInformation (deadbeef, 2, 00006FFFF0541A82, 46) stub
01e8:fixme:service:svcctl_EnumServicesStatusExW resume handle not supported
01d8:fixme:service:svcctl_EnumServicesStatusExW resume handle not supported
01d0:fixme:dxcore:dxcore_adapter_factory_CreateAdapterList iface 00006FFFEF624030, num_attributes 1, filter_attributes 00006FFFF03BD618, riid {526c7776-40e9-459b-b711-f32ad76dfc28}, out 00007FFFFE13DEE8 semi-stub!
01d0:fixme:ntdll:NtQuerySystemInformation info_class SYSTEM_PERFORMANCE_INFORMATION
01d0:fixme:dxcore:dxcore_adapter_IsPropertySupported iface 0000743D40392FA0, property 11 stub!
01d0:fixme:dxcore:dxcore_adapter_factory_CreateAdapterList iface 00006FFFEF624030, num_attributes 1, filter_attributes 00006FFFF04BC3E8, riid {526c7776-40e9-459b-b711-f32ad76dfc28}, out 00007FFFFE13DEE8 semi-stub!
01d0:fixme:dxcore:dxcore_adapter_IsPropertySupported iface 0000743D40392FA0, property 11 stub!
01d0:fixme:dxcore:dxcore_adapter_factory_CreateAdapterList iface 00006FFFEF624030, num_attributes 1, filter_attributes 00006FFFF04BC408, riid {526c7776-40e9-459b-b711-f32ad76dfc28}, out 00007FFFFE13DEE8 semi-stub!
01d0:fixme:dxcore:dxcore_adapter_IsPropertySupported iface 0000743D40392FA0, property 11 stub!
01d0:fixme:dxgi:dxgi_factory_EnumAdapterByGpuPreference Ignoring GPU preference 0x2.
01d0:fixme:dxgi:dxgi_factory_EnumAdapterByGpuPreference Ignoring GPU preference 0x2.
01d0:fixme:font:NtGdiRemoveFontMemResourceEx (0x5555df1cb791) stub
01d0:fixme:font:NtGdiRemoveFontMemResourceEx (0x5555df1bfda1) stub
01d0:fixme:font:NtGdiRemoveFontMemResourceEx (0x5555dfecf211) stub
0138:fixme:rstrtmgr:RmEndSession 3735928559 stub!
0138:fixme:graphics:ShutdownBlockReasonDestroy (0001008C): stub
0138:fixme:wtsapi:WTSUnRegisterSessionNotification Stub 0001008C
0138:fixme:uxtheme:BufferedPaintUnInit Stub ()
0158:err:menubuilder:InvokeShellLinker failed to extract icon from L"C:\\Program Files\\Resolume Arena\\manual\\Resolume Manual.pdf"
