# apitrace apihook.dll win64 pid=1704 tid=10756
# apihook=C:\apitrace\apihook.dll
# cfg=C:\apitrace\guest.cfg
# out=C:\apitrace\notepad.log
# patterns=37 exclusions=1 modules=53 loader_notify=1 poll_ms=200 cfg_error=-
# unresolved_patterns=8
# pattern: kernel32!GetModuleHandleA@1/8:8 -> dll=kernel32 func=GetModuleHandleA argc=1 mask=8888888888888888 retw=8 (unresolved)
# pattern: kernel32!GetModuleHandleW@1/8:8 -> dll=kernel32 func=GetModuleHandleW argc=1 mask=8888888888888888 retw=8
# pattern: kernel32!GetProcAddress@2/88:8 -> dll=kernel32 func=GetProcAddress argc=2 mask=8888888888888888 retw=8
# pattern: kernel32!LoadLibraryA@1/8:8 -> dll=kernel32 func=LoadLibraryA argc=1 mask=8888888888888888 retw=8
# pattern: kernel32!LoadLibraryW@1/8:8 -> dll=kernel32 func=LoadLibraryW argc=1 mask=8888888888888888 retw=8
# pattern: kernel32!LoadLibraryExW@3/884:8 -> dll=kernel32 func=LoadLibraryExW argc=3 mask=8848888888888888 retw=8
# pattern: kernel32!GetModuleFileNameW@3/884:4 -> dll=kernel32 func=GetModuleFileNameW argc=3 mask=8848888888888888 retw=4
# pattern: kernel32!CreateFileA@7/8448448:8 -> dll=kernel32 func=CreateFileA argc=7 mask=8448448888888888 retw=8 (unresolved)
# pattern: kernel32!CreateFileW@7/8448448:8 -> dll=kernel32 func=CreateFileW argc=7 mask=8448448888888888 retw=8
# pattern: kernel32!ReadFile@5/88488:4 -> dll=kernel32 func=ReadFile argc=5 mask=8848888888888888 retw=4 (unresolved)
# pattern: kernel32!WriteFile@5/88488:4 -> dll=kernel32 func=WriteFile argc=5 mask=8848888888888888 retw=4
# pattern: kernel32!CloseHandle@1/8:4 -> dll=kernel32 func=CloseHandle argc=1 mask=8888888888888888 retw=4
# pattern: kernel32!GetFileSizeEx@2/88:4 -> dll=kernel32 func=GetFileSizeEx argc=2 mask=8888888888888888 retw=4
# pattern: kernel32!SetFilePointerEx@4/8884:4 -> dll=kernel32 func=SetFilePointerEx argc=4 mask=8884888888888888 retw=4 (unresolved)
# pattern: kernel32!RegOpenKeyExW@5/88448:4 -> dll=kernel32 func=RegOpenKeyExW argc=5 mask=8844888888888888 retw=4 (unresolved)
# pattern: kernel32!RegQueryValueExW@6/884888:4 -> dll=kernel32 func=RegQueryValueExW argc=6 mask=8848888888888888 retw=4 (unresolved)
# pattern: kernel32!RegCloseKey@1/8:4 -> dll=kernel32 func=RegCloseKey argc=1 mask=8888888888888888 retw=4 (unresolved)
# pattern: kernel32!WaitForSingleObject@2/84:4 -> dll=kernel32 func=WaitForSingleObject argc=2 mask=8488888888888888 retw=4
# pattern: kernel32!CreateEventW@4/8848:8 -> dll=kernel32 func=CreateEventW argc=4 mask=8848888888888888 retw=8
# pattern: kernel32!SetEvent@1/8:4 -> dll=kernel32 func=SetEvent argc=1 mask=8888888888888888 retw=4
# pattern: kernel32!GetCurrentProcessId@0:4 -> dll=kernel32 func=GetCurrentProcessId argc=0 mask=8888888888888888 retw=4
# pattern: kernel32!GetCurrentThreadId@0:4 -> dll=kernel32 func=GetCurrentThreadId argc=0 mask=8888888888888888 retw=4
# pattern: kernel32!Sleep@1/4:0 -> dll=kernel32 func=Sleep argc=1 mask=4888888888888888 retw=8
# pattern: user32!MessageBoxW@4/8884:4 -> dll=user32 func=MessageBoxW argc=4 mask=8884888888888888 retw=4
# pattern: user32!CreateWindowExW@12/488444448888:8 -> dll=user32 func=CreateWindowExW argc=12 mask=4884444488888888 retw=8
# pattern: user32!LoadStringW@4/8484:4 -> dll=user32 func=LoadStringW argc=4 mask=8484888888888888 retw=4 (unresolved)
# pattern: user32!GetSystemMetrics@1/4:4 -> dll=user32 func=GetSystemMetrics argc=1 mask=4888888888888888 retw=4
# pattern: user32!DefWindowProcW@4/8488:8 -> dll=user32 func=DefWindowProcW argc=4 mask=8488888888888888 retw=8
# pattern: gdi32!CreateCompatibleDC@1/8:8 -> dll=gdi32 func=CreateCompatibleDC argc=1 mask=8888888888888888 retw=8
# pattern: gdi32!CreateCompatibleBitmap@3/844:8 -> dll=gdi32 func=CreateCompatibleBitmap argc=3 mask=8448888888888888 retw=8
# pattern: ntdll!NtCreateFile@11/84888444484:4 -> dll=ntdll func=NtCreateFile argc=11 mask=8488844448488888 retw=4
# pattern: ntdll!NtOpenKey@3/848:4 -> dll=ntdll func=NtOpenKey argc=3 mask=8488888888888888 retw=4
# pattern: ntdll!NtQueryValueKey@6/884844:4 -> dll=ntdll func=NtQueryValueKey argc=6 mask=8848448888888888 retw=4
# pattern: ntdll!NtAllocateVirtualMemory@6/888844:4 -> dll=ntdll func=NtAllocateVirtualMemory argc=6 mask=8888448888888888 retw=4
# pattern: ntdll!NtQueryAttributesFile@2/88:4 -> dll=ntdll func=NtQueryAttributesFile argc=2 mask=8888888888888888 retw=4
# pattern: kernel32!DeleteFileW@1/8:4 -> dll=kernel32 func=DeleteFileW argc=1 mask=8888888888888888 retw=4
# pattern: ~kernel32!DeleteFileW -> dll=kernel32 func=DeleteFileW argc=-1 mask=8888888888888888 retw=8 (unresolved)
# unresolved: kernel32!GetModuleHandleA@1/8:8
# unresolved: kernel32!CreateFileA@7/8448448:8
# unresolved: kernel32!ReadFile@5/88488:4
# unresolved: kernel32!SetFilePointerEx@4/8884:4
# unresolved: kernel32!RegOpenKeyExW@5/88448:4
# unresolved: kernel32!RegQueryValueExW@6/884888:4
# unresolved: kernel32!RegCloseKey@1/8:4
# unresolved: user32!LoadStringW@4/8484:4
# exclude: ~kernel32!DeleteFileW
1 8896 KERNEL32.dll!LoadLibraryExW (arg0=0x7ff7703d49f0, arg1=0x0, arg2=0x1000) -> 0x7ffc44d20000
2 8896 KERNEL32.dll!GetProcAddress (arg0=0x7ffc44d20000, arg1=0x7ff7703d49d8) -> 0x7ffc44da2760
3 8896 ntdll.dll!NtQueryValueKey (arg0=0x2b4, arg1=0x153a2fe2b8, arg2=0x2, arg3=0x153a2fdfe0, arg4=0x10, arg5=0x3a2fdf64) -> 0x0
4 8896 ntdll.dll!NtOpenKey (arg0=0x153a2ff080, arg1=0x2000000, arg2=0x153a2fef38) -> 0x0
5 8896 ntdll.dll!NtQueryValueKey (arg0=0x2d0, arg1=0x153a2ff008, arg2=0x2, arg3=0x153a2fed30, arg4=0x10, arg5=0x3a2fecb4) -> 0x0
6 8896 ntdll.dll!NtOpenKey (arg0=0x1c37313dc50, arg1=0x20119, arg2=0x153a2fed00) -> 0x0
7 8896 ntdll.dll!NtOpenKey (arg0=0x1c37313dad0, arg1=0x20119, arg2=0x153a2feda0) -> 0x0
8 8896 ntdll.dll!NtOpenKey (arg0=0x1c37313dd10, arg1=0x20119, arg2=0x153a2feb78) -> 0x0
9 8896 ntdll.dll!NtQueryValueKey (arg0=0x2e0, arg1=0x153a2feaa8, arg2=0x2, arg3=0x153a2fe7d0, arg4=0x10, arg5=0x3a2fe754) -> 0x0
10 8896 ntdll.dll!NtQueryValueKey (arg0=0x2e0, arg1=0x153a2fe868, arg2=0x2, arg3=0x153a2fe590, arg4=0x90, arg5=0x3a2fe514) -> 0xc0000034
11 8896 ntdll.dll!NtQueryValueKey (arg0=0x2e0, arg1=0x153a2fe868, arg2=0x2, arg3=0x153a2fe590, arg4=0x90, arg5=0x3a2fe514) -> 0x0
12 8896 ntdll.dll!NtQueryValueKey (arg0=0x2e0, arg1=0x153a2feaa8, arg2=0x2, arg3=0x153a2fe7d0, arg4=0x10, arg5=0x3a2fe754) -> 0x0
13 8896 ntdll.dll!NtQueryValueKey (arg0=0x2e0, arg1=0x153a2feaa8, arg2=0x2, arg3=0x153a2fe7d0, arg4=0x10, arg5=0x3a2fe754) -> 0x0
14 8896 ntdll.dll!NtQueryValueKey (arg0=0x2e0, arg1=0x153a2fe868, arg2=0x2, arg3=0x153a2fe590, arg4=0x90, arg5=0x3a2fe514) -> 0xc0000034
15 8896 ntdll.dll!NtQueryValueKey (arg0=0x2e0, arg1=0x153a2feaa8, arg2=0x2, arg3=0x153a2fe7d0, arg4=0x10, arg5=0x3a2fe754) -> 0xc0000034
16 8896 ntdll.dll!NtQueryValueKey (arg0=0x2e0, arg1=0x153a2feaa8, arg2=0x2, arg3=0x153a2fe7d0, arg4=0x10, arg5=0x3a2fe754) -> 0xc0000034
17 8896 ntdll.dll!NtQueryValueKey (arg0=0x2e0, arg1=0x153a2feaa8, arg2=0x2, arg3=0x153a2fe7d0, arg4=0x10, arg5=0x3a2fe754) -> 0xc0000034
18 8896 ntdll.dll!NtQueryValueKey (arg0=0x2e0, arg1=0x153a2fe9f8, arg2=0x2, arg3=0x153a2fe720, arg4=0x8c, arg5=0x3a2fe6a4) -> 0xc0000034
19 8896 ntdll.dll!NtQueryValueKey (arg0=0x2e0, arg1=0x153a2feaa8, arg2=0x2, arg3=0x153a2fe7d0, arg4=0x10, arg5=0x3a2fe754) -> 0xc0000034
20 8896 ntdll.dll!NtQueryValueKey (arg0=0x2e8, arg1=0x153a2fefd8, arg2=0x2, arg3=0x153a2fed00, arg4=0x10, arg5=0x3a2fec84) -> 0xc0000034
21 8896 KERNEL32.dll!GetModuleHandleW (arg0=0x7ff7703edc08) -> 0x7ffc47000000
22 8896 KERNEL32.dll!GetProcAddress (arg0=0x7ffc47000000, arg1=0x7ff7703edc40) -> 0x7ffc470f7de0
23 8896 KERNEL32.dll!GetModuleHandleW (arg0=0x7ff7703edc08) -> 0x7ffc47000000
24 8896 KERNEL32.dll!GetProcAddress (arg0=0x7ffc47000000, arg1=0x7ff7703f2e58) -> 0x7ffc470e0740
25 8896 ntdll.dll!NtOpenKey (arg0=0x1c3731cecd0, arg1=0x20119, arg2=0x153a2fe808) -> 0x0
26 8896 ntdll.dll!NtQueryValueKey (arg0=0x2fc, arg1=0x153a2fe738, arg2=0x2, arg3=0x153a2fe460, arg4=0x10, arg5=0x3a2fe3e4) -> 0x0
27 8896 ntdll.dll!NtQueryValueKey (arg0=0x2fc, arg1=0x153a2fe4f8, arg2=0x2, arg3=0x153a2fe220, arg4=0x90, arg5=0x3a2fe1a4) -> 0xc0000034
28 8896 ntdll.dll!NtQueryValueKey (arg0=0x2fc, arg1=0x153a2fe4f8, arg2=0x2, arg3=0x153a2fe220, arg4=0x90, arg5=0x3a2fe1a4) -> 0x0
29 8896 ntdll.dll!NtQueryValueKey (arg0=0x2fc, arg1=0x153a2fe738, arg2=0x2, arg3=0x153a2fe460, arg4=0x10, arg5=0x3a2fe3e4) -> 0x0
30 8896 ntdll.dll!NtQueryValueKey (arg0=0x2fc, arg1=0x153a2fe738, arg2=0x2, arg3=0x153a2fe460, arg4=0x10, arg5=0x3a2fe3e4) -> 0x0
31 8896 ntdll.dll!NtQueryValueKey (arg0=0x2fc, arg1=0x153a2fe4f8, arg2=0x2, arg3=0x153a2fe220, arg4=0x90, arg5=0x3a2fe1a4) -> 0xc0000034
32 8896 ntdll.dll!NtQueryValueKey (arg0=0x2fc, arg1=0x153a2fe738, arg2=0x2, arg3=0x153a2fe460, arg4=0x10, arg5=0x3a2fe3e4) -> 0xc0000034
33 8896 ntdll.dll!NtQueryValueKey (arg0=0x2fc, arg1=0x153a2fe738, arg2=0x2, arg3=0x153a2fe460, arg4=0x10, arg5=0x3a2fe3e4) -> 0xc0000034
34 8896 ntdll.dll!NtQueryValueKey (arg0=0x2fc, arg1=0x153a2fe738, arg2=0x2, arg3=0x153a2fe460, arg4=0x10, arg5=0x3a2fe3e4) -> 0xc0000034
35 8896 ntdll.dll!NtQueryValueKey (arg0=0x2fc, arg1=0x153a2fe688, arg2=0x2, arg3=0x153a2fe3b0, arg4=0x8c, arg5=0x3a2fe334) -> 0xc0000034
36 8896 ntdll.dll!NtQueryValueKey (arg0=0x2fc, arg1=0x153a2fe738, arg2=0x2, arg3=0x153a2fe460, arg4=0x10, arg5=0x3a2fe3e4) -> 0xc0000034
37 8896 ntdll.dll!NtOpenKey (arg0=0x153a2fe6f0, arg1=0x20019, arg2=0x153a2fe708) -> 0x0
38 8896 ntdll.dll!NtQueryValueKey (arg0=0x308, arg1=0x153a2fe6f8, arg2=0x1, arg3=0x153a2fe740, arg4=0x214, arg5=0x3a2fe6e8) -> 0x0
39 8896 ntdll.dll!NtOpenKey (arg0=0x153a2fd0f0, arg1=0x20019, arg2=0x153a2fd150) -> 0x0
40 8896 ntdll.dll!NtQueryValueKey (arg0=0x308, arg1=0x153a2fd140, arg2=0x1, arg3=0x153a2fd180, arg4=0x214, arg5=0x3a2fd0f8) -> 0xc0000034
41 8896 ntdll.dll!NtOpenKey (arg0=0x153a2fd0f0, arg1=0x20019, arg2=0x153a2fd150) -> 0x0
42 8896 ntdll.dll!NtQueryValueKey (arg0=0x308, arg1=0x153a2fd130, arg2=0x1, arg3=0x153a2fd180, arg4=0x214, arg5=0x3a2fd0f8) -> 0xc0000034
43 8896 ntdll.dll!NtOpenKey (arg0=0x1c3731d67d0, arg1=0x20119, arg2=0x153a2fe768) -> 0x0
44 8896 ntdll.dll!NtQueryValueKey (arg0=0x308, arg1=0x153a2fe698, arg2=0x2, arg3=0x153a2fe3c0, arg4=0x10, arg5=0x3a2fe344) -> 0x0
45 8896 ntdll.dll!NtQueryValueKey (arg0=0x308, arg1=0x153a2fe458, arg2=0x2, arg3=0x153a2fe180, arg4=0x90, arg5=0x3a2fe104) -> 0xc0000034
46 8896 ntdll.dll!NtQueryValueKey (arg0=0x308, arg1=0x153a2fe458, arg2=0x2, arg3=0x153a2fe180, arg4=0x90, arg5=0x3a2fe104) -> 0x0
47 8896 ntdll.dll!NtQueryValueKey (arg0=0x308, arg1=0x153a2fe698, arg2=0x2, arg3=0x153a2fe3c0, arg4=0x10, arg5=0x3a2fe344) -> 0x0
48 8896 ntdll.dll!NtQueryValueKey (arg0=0x308, arg1=0x153a2fe698, arg2=0x2, arg3=0x153a2fe3c0, arg4=0x10, arg5=0x3a2fe344) -> 0x0
49 8896 ntdll.dll!NtQueryValueKey (arg0=0x308, arg1=0x153a2fe458, arg2=0x2, arg3=0x153a2fe180, arg4=0x90, arg5=0x3a2fe104) -> 0xc0000034
50 8896 ntdll.dll!NtQueryValueKey (arg0=0x308, arg1=0x153a2fe698, arg2=0x2, arg3=0x153a2fe3c0, arg4=0x10, arg5=0x3a2fe344) -> 0xc0000034
51 8896 ntdll.dll!NtQueryValueKey (arg0=0x308, arg1=0x153a2fe698, arg2=0x2, arg3=0x153a2fe3c0, arg4=0x10, arg5=0x3a2fe344) -> 0xc0000034
52 8896 ntdll.dll!NtQueryValueKey (arg0=0x308, arg1=0x153a2fe698, arg2=0x2, arg3=0x153a2fe3c0, arg4=0x10, arg5=0x3a2fe344) -> 0xc0000034
53 8896 ntdll.dll!NtQueryValueKey (arg0=0x308, arg1=0x153a2fe5e8, arg2=0x2, arg3=0x153a2fe310, arg4=0x8c, arg5=0x3a2fe294) -> 0xc0000034
54 8896 ntdll.dll!NtQueryValueKey (arg0=0x308, arg1=0x153a2fe698, arg2=0x2, arg3=0x153a2fe3c0, arg4=0x10, arg5=0x3a2fe344) -> 0xc0000034
55 8896 ntdll.dll!NtOpenKey (arg0=0x1c3731d6450, arg1=0x20119, arg2=0x153a2fe5b8) -> 0x0
56 8896 ntdll.dll!NtQueryValueKey (arg0=0x30c, arg1=0x153a2fe4e8, arg2=0x2, arg3=0x153a2fe210, arg4=0x10, arg5=0x3a2fe194) -> 0x0
57 8896 ntdll.dll!NtQueryValueKey (arg0=0x30c, arg1=0x153a2fe2a8, arg2=0x2, arg3=0x153a2fdfd0, arg4=0x90, arg5=0x3a2fdf54) -> 0xc0000034
58 8896 ntdll.dll!NtQueryValueKey (arg0=0x30c, arg1=0x153a2fe2a8, arg2=0x2, arg3=0x153a2fdfd0, arg4=0x90, arg5=0x3a2fdf54) -> 0x0
59 8896 ntdll.dll!NtQueryValueKey (arg0=0x30c, arg1=0x153a2fe4e8, arg2=0x2, arg3=0x153a2fe210, arg4=0x10, arg5=0x3a2fe194) -> 0x0
60 8896 ntdll.dll!NtQueryValueKey (arg0=0x30c, arg1=0x153a2fe4e8, arg2=0x2, arg3=0x153a2fe210, arg4=0x10, arg5=0x3a2fe194) -> 0x0
61 8896 ntdll.dll!NtQueryValueKey (arg0=0x30c, arg1=0x153a2fe2a8, arg2=0x2, arg3=0x153a2fdfd0, arg4=0x90, arg5=0x3a2fdf54) -> 0xc0000034
62 8896 ntdll.dll!NtQueryValueKey (arg0=0x30c, arg1=0x153a2fe4e8, arg2=0x2, arg3=0x153a2fe210, arg4=0x10, arg5=0x3a2fe194) -> 0xc0000034
63 8896 ntdll.dll!NtQueryValueKey (arg0=0x30c, arg1=0x153a2fe4e8, arg2=0x2, arg3=0x153a2fe210, arg4=0x10, arg5=0x3a2fe194) -> 0xc0000034
64 8896 ntdll.dll!NtQueryValueKey (arg0=0x30c, arg1=0x153a2fe4e8, arg2=0x2, arg3=0x153a2fe210, arg4=0x10, arg5=0x3a2fe194) -> 0xc0000034
65 8896 ntdll.dll!NtQueryValueKey (arg0=0x30c, arg1=0x153a2fe438, arg2=0x2, arg3=0x153a2fe160, arg4=0x8c, arg5=0x3a2fe0e4) -> 0xc0000034
66 8896 ntdll.dll!NtQueryValueKey (arg0=0x30c, arg1=0x153a2fe4e8, arg2=0x2, arg3=0x153a2fe210, arg4=0x10, arg5=0x3a2fe194) -> 0xc0000034
67 6164 ntdll.dll!NtOpenKey (arg0=0x153a6fef88, arg1=0x20019, arg2=0x153a6fefb8) -> 0x0
68 6164 ntdll.dll!NtQueryValueKey (arg0=0x2fc, arg1=0x153a6fefa0, arg2=0x2, arg3=0x153a6feff0, arg4=0x21a, arg5=0x3a6fef80) -> 0x0
69 6164 ntdll.dll!NtOpenKey (arg0=0x1c3731d6110, arg1=0x20119, arg2=0x153a6fef78) -> 0x0
70 6164 ntdll.dll!NtQueryValueKey (arg0=0x330, arg1=0x153a6feea8, arg2=0x2, arg3=0x153a6febd0, arg4=0x10, arg5=0x3a6feb54) -> 0x0
71 6164 ntdll.dll!NtQueryValueKey (arg0=0x330, arg1=0x153a6fec68, arg2=0x2, arg3=0x153a6fe990, arg4=0x90, arg5=0x3a6fe914) -> 0xc0000034
72 6164 ntdll.dll!NtQueryValueKey (arg0=0x330, arg1=0x153a6fec68, arg2=0x2, arg3=0x153a6fe990, arg4=0x90, arg5=0x3a6fe914) -> 0x0
73 6164 ntdll.dll!NtQueryValueKey (arg0=0x330, arg1=0x153a6feea8, arg2=0x2, arg3=0x153a6febd0, arg4=0x10, arg5=0x3a6feb54) -> 0x0
74 6164 ntdll.dll!NtQueryValueKey (arg0=0x330, arg1=0x153a6feea8, arg2=0x2, arg3=0x153a6febd0, arg4=0x10, arg5=0x3a6feb54) -> 0x0
75 6164 ntdll.dll!NtQueryValueKey (arg0=0x330, arg1=0x153a6fec68, arg2=0x2, arg3=0x153a6fe990, arg4=0x90, arg5=0x3a6fe914) -> 0xc0000034
76 6164 ntdll.dll!NtQueryValueKey (arg0=0x330, arg1=0x153a6feea8, arg2=0x2, arg3=0x153a6febd0, arg4=0x10, arg5=0x3a6feb54) -> 0xc0000034
77 6164 ntdll.dll!NtQueryValueKey (arg0=0x330, arg1=0x153a6feea8, arg2=0x2, arg3=0x153a6febd0, arg4=0x10, arg5=0x3a6feb54) -> 0xc0000034
78 6164 ntdll.dll!NtQueryValueKey (arg0=0x330, arg1=0x153a6feea8, arg2=0x2, arg3=0x153a6febd0, arg4=0x10, arg5=0x3a6feb54) -> 0xc0000034
79 6164 ntdll.dll!NtQueryValueKey (arg0=0x330, arg1=0x153a6fedf8, arg2=0x2, arg3=0x153a6feb20, arg4=0x8c, arg5=0x3a6feaa4) -> 0xc0000034
80 6164 ntdll.dll!NtQueryValueKey (arg0=0x330, arg1=0x153a6feea8, arg2=0x2, arg3=0x153a6febd0, arg4=0x10, arg5=0x3a6feb54) -> 0xc0000034
81 6164 ntdll.dll!NtQueryValueKey (arg0=0x330, arg1=0x153a6ff598, arg2=0x2, arg3=0x153a6ff2c0, arg4=0x10, arg5=0x3a6ff244) -> 0xc0000034
82 8896 ntdll.dll!NtOpenKey (arg0=0x1c3731d6550, arg1=0x20119, arg2=0x153a2fe348) -> 0x0
83 8896 ntdll.dll!NtQueryValueKey (arg0=0x32c, arg1=0x153a2fe278, arg2=0x2, arg3=0x153a2fdfa0, arg4=0x10, arg5=0x3a2fdf24) -> 0x0
84 8896 ntdll.dll!NtQueryValueKey (arg0=0x32c, arg1=0x153a2fe038, arg2=0x2, arg3=0x153a2fdd60, arg4=0x90, arg5=0x3a2fdce4) -> 0xc0000034
85 8896 ntdll.dll!NtQueryValueKey (arg0=0x32c, arg1=0x153a2fe038, arg2=0x2, arg3=0x153a2fdd60, arg4=0x90, arg5=0x3a2fdce4) -> 0x0
86 8896 ntdll.dll!NtQueryValueKey (arg0=0x32c, arg1=0x153a2fe278, arg2=0x2, arg3=0x153a2fdfa0, arg4=0x10, arg5=0x3a2fdf24) -> 0x0
87 8896 ntdll.dll!NtQueryValueKey (arg0=0x32c, arg1=0x153a2fe278, arg2=0x2, arg3=0x153a2fdfa0, arg4=0x10, arg5=0x3a2fdf24) -> 0x0
88 8896 ntdll.dll!NtQueryValueKey (arg0=0x32c, arg1=0x153a2fe038, arg2=0x2, arg3=0x153a2fdd60, arg4=0x90, arg5=0x3a2fdce4) -> 0xc0000034
89 8896 ntdll.dll!NtQueryValueKey (arg0=0x32c, arg1=0x153a2fe278, arg2=0x2, arg3=0x153a2fdfa0, arg4=0x10, arg5=0x3a2fdf24) -> 0xc0000034
90 8896 ntdll.dll!NtQueryValueKey (arg0=0x32c, arg1=0x153a2fe278, arg2=0x2, arg3=0x153a2fdfa0, arg4=0x10, arg5=0x3a2fdf24) -> 0xc0000034
91 8896 ntdll.dll!NtQueryValueKey (arg0=0x32c, arg1=0x153a2fe278, arg2=0x2, arg3=0x153a2fdfa0, arg4=0x10, arg5=0x3a2fdf24) -> 0xc0000034
92 8896 ntdll.dll!NtQueryValueKey (arg0=0x32c, arg1=0x153a2fe1c8, arg2=0x2, arg3=0x153a2fdef0, arg4=0x8c, arg5=0x3a2fde74) -> 0xc0000034
93 8896 ntdll.dll!NtQueryValueKey (arg0=0x32c, arg1=0x153a2fe278, arg2=0x2, arg3=0x153a2fdfa0, arg4=0x10, arg5=0x3a2fdf24) -> 0xc0000034
94 8896 ntdll.dll!NtQueryValueKey (arg0=0x338, arg1=0x153a2feb58, arg2=0x2, arg3=0x153a2fe880, arg4=0x14, arg5=0x3a2fe804) -> 0x0
95 8896 ntdll.dll!NtQueryValueKey (arg0=0x33c, arg1=0x153a2fe808, arg2=0x2, arg3=0x153a2fe530, arg4=0xc, arg5=0x3a2fe4b4) -> 0x80000005
96 8896 ntdll.dll!NtQueryValueKey (arg0=0x33c, arg1=0x153a2fe808, arg2=0x2, arg3=0x153a2fe530, arg4=0x44, arg5=0x3a2fe4b4) -> 0x0
97 8896 ntdll.dll!NtQueryValueKey (arg0=0x340, arg1=0x153a2fe7a8, arg2=0x2, arg3=0x153a2fe4d0, arg4=0xc, arg5=0x3a2fe454) -> 0x80000005
98 8896 ntdll.dll!NtQueryValueKey (arg0=0x340, arg1=0x153a2fe7a8, arg2=0x2, arg3=0x153a2fe4d0, arg4=0x28, arg5=0x3a2fe454) -> 0x0
99 8896 ntdll.dll!NtQueryValueKey (arg0=0x344, arg1=0x153a2fef58, arg2=0x2, arg3=0x153a2fec80, arg4=0x90, arg5=0x3a2fec04) -> 0x0
100 8896 KERNEL32.dll!GetModuleHandleW (arg0=0x7ff7703edc08) -> 0x7ffc47000000
101 8896 KERNEL32.dll!GetProcAddress (arg0=0x7ffc47000000, arg1=0x7ff7703f1260) -> 0x7ffc471610d0
102 8896 ntdll.dll!NtCreateFile (arg0=0x153a2fe7b0, arg1=0x100080, arg2=0x153a2fe838, arg3=0x153a2fe7e0, arg4=0x0, arg5=0x0, arg6=0x7, arg7=0x1, arg8=0x24020, arg9=0x0, arg10=0x0) -> 0x0
103 8896 KERNEL32.dll!CreateFileW (arg0=0x1c3731d6380, arg1=0x80, arg2=0x7, arg3=0x0, arg4=0x3, arg5=0x2000000, arg6=0x0) -> 0x340
104 8896 ntdll.dll!NtCreateFile (arg0=0x153a2fe7b0, arg1=0x100080, arg2=0x153a2fe838, arg3=0x153a2fe7e0, arg4=0x0, arg5=0x0, arg6=0x7, arg7=0x1, arg8=0x24020, arg9=0x0, arg10=0x0) -> 0x0
105 8896 KERNEL32.dll!CreateFileW (arg0=0x1c3731da0c0, arg1=0x80, arg2=0x7, arg3=0x0, arg4=0x3, arg5=0x2000000, arg6=0x0) -> 0x348
106 8896 KERNEL32.dll!CloseHandle (arg0=0x348) -> 0x1
107 8896 KERNEL32.dll!CloseHandle (arg0=0x340) -> 0x1
108 8896 KERNEL32.dll!CloseHandle (arg0=0x344) -> 0x1
109 8896 KERNEL32.dll!GetCurrentProcessId () -> 0x6a8
110 8896 KERNEL32.dll!CreateEventW (arg0=0x0, arg1=0x0, arg2=0x0, arg3=0x7ff7703e6540) -> 0x348
111 8896 ntdll.dll!NtCreateFile (arg0=0x153a2fdeb0, arg1=0x100080, arg2=0x153a2fdf38, arg3=0x153a2fdee0, arg4=0x0, arg5=0x0, arg6=0x7, arg7=0x1, arg8=0x24020, arg9=0x0, arg10=0x0) -> 0x0
112 8896 KERNEL32.dll!CreateFileW (arg0=0x1c3731309f0, arg1=0x80, arg2=0x7, arg3=0x0, arg4=0x3, arg5=0x2000000, arg6=0x0) -> 0x358
113 8896 ntdll.dll!NtCreateFile (arg0=0x153a2fdeb0, arg1=0x100080, arg2=0x153a2fdf38, arg3=0x153a2fdee0, arg4=0x0, arg5=0x0, arg6=0x7, arg7=0x1, arg8=0x24020, arg9=0x0, arg10=0x0) -> 0x0
114 8896 KERNEL32.dll!CreateFileW (arg0=0x1c373130ad0, arg1=0x80, arg2=0x7, arg3=0x0, arg4=0x3, arg5=0x2000000, arg6=0x0) -> 0x35c
115 8896 KERNEL32.dll!CloseHandle (arg0=0x35c) -> 0x1
116 8896 KERNEL32.dll!CloseHandle (arg0=0x358) -> 0x1
117 8896 KERNEL32.dll!CloseHandle (arg0=0x354) -> 0x1
118 8896 KERNEL32.dll!GetCurrentProcessId () -> 0x6a8
119 8896 KERNEL32.dll!CloseHandle (arg0=0x354) -> 0x1
120 8896 KERNEL32.dll!SetEvent (arg0=0x348) -> 0x1
121 8896 KERNEL32.dll!CloseHandle (arg0=0x348) -> 0x1
122 8896 KERNEL32.dll!GetCurrentThreadId () -> 0x22c0
123 8896 ntdll.dll!NtCreateFile (arg0=0x153a2fec60, arg1=0x100080, arg2=0x153a2fece8, arg3=0x153a2fec90, arg4=0x0, arg5=0x0, arg6=0x7, arg7=0x1, arg8=0x24020, arg9=0x0, arg10=0x0) -> 0x0
124 8896 KERNEL32.dll!CreateFileW (arg0=0x1c373130d70, arg1=0x80, arg2=0x7, arg3=0x0, arg4=0x3, arg5=0x2000000, arg6=0x0) -> 0x354
125 8896 ntdll.dll!NtCreateFile (arg0=0x153a2fec60, arg1=0x100080, arg2=0x153a2fece8, arg3=0x153a2fec90, arg4=0x0, arg5=0x0, arg6=0x7, arg7=0x1, arg8=0x24020, arg9=0x0, arg10=0x0) -> 0x0
126 8896 KERNEL32.dll!CreateFileW (arg0=0x1c373130bb0, arg1=0x80, arg2=0x7, arg3=0x0, arg4=0x3, arg5=0x2000000, arg6=0x0) -> 0x358
127 8896 KERNEL32.dll!CloseHandle (arg0=0x358) -> 0x1
128 8896 KERNEL32.dll!CloseHandle (arg0=0x354) -> 0x1
129 8896 KERNEL32.dll!CloseHandle (arg0=0x348) -> 0x1
130 8896 KERNEL32.dll!WaitForSingleObject (arg0=0x344, arg1=0xbb8) -> 0x102
131 8896 ntdll.dll!NtCreateFile (arg0=0x153a2fec60, arg1=0x100080, arg2=0x153a2fece8, arg3=0x153a2fec90, arg4=0x0, arg5=0x0, arg6=0x7, arg7=0x1, arg8=0x24020, arg9=0x0, arg10=0x0) -> 0x0
132 8896 KERNEL32.dll!CreateFileW (arg0=0x1c3731302f0, arg1=0x80, arg2=0x7, arg3=0x0, arg4=0x3, arg5=0x2000000, arg6=0x0) -> 0x368
133 8896 ntdll.dll!NtCreateFile (arg0=0x153a2fec60, arg1=0x100080, arg2=0x153a2fece8, arg3=0x153a2fec90, arg4=0x0, arg5=0x0, arg6=0x7, arg7=0x1, arg8=0x24020, arg9=0x0, arg10=0x0) -> 0x0
134 8896 KERNEL32.dll!CreateFileW (arg0=0x1c373130590, arg1=0x80, arg2=0x7, arg3=0x0, arg4=0x3, arg5=0x2000000, arg6=0x0) -> 0x370
135 8896 KERNEL32.dll!CloseHandle (arg0=0x370) -> 0x1
136 8896 KERNEL32.dll!CloseHandle (arg0=0x368) -> 0x1
137 8896 KERNEL32.dll!CloseHandle (arg0=0x36c) -> 0x1
138 8896 KERNEL32.dll!WaitForSingleObject (arg0=0x344, arg1=0xbb8) -> 0x102
139 8896 ntdll.dll!NtCreateFile (arg0=0x153a2fec60, arg1=0x100080, arg2=0x153a2fece8, arg3=0x153a2fec90, arg4=0x0, arg5=0x0, arg6=0x7, arg7=0x1, arg8=0x24020, arg9=0x0, arg10=0x0) -> 0x0
140 8896 KERNEL32.dll!CreateFileW (arg0=0x1c373130830, arg1=0x80, arg2=0x7, arg3=0x0, arg4=0x3, arg5=0x2000000, arg6=0x0) -> 0x364
141 8896 ntdll.dll!NtCreateFile (arg0=0x153a2fec60, arg1=0x100080, arg2=0x153a2fece8, arg3=0x153a2fec90, arg4=0x0, arg5=0x0, arg6=0x7, arg7=0x1, arg8=0x24020, arg9=0x0, arg10=0x0) -> 0x0
142 8896 KERNEL32.dll!CreateFileW (arg0=0x1c373130ad0, arg1=0x80, arg2=0x7, arg3=0x0, arg4=0x3, arg5=0x2000000, arg6=0x0) -> 0x360
143 8896 KERNEL32.dll!CloseHandle (arg0=0x360) -> 0x1
144 8896 KERNEL32.dll!CloseHandle (arg0=0x364) -> 0x1
145 8896 KERNEL32.dll!CloseHandle (arg0=0x368) -> 0x1
146 8896 KERNEL32.dll!WaitForSingleObject (arg0=0x344, arg1=0xbb8) -> 0x102
147 8896 ntdll.dll!NtCreateFile (arg0=0x153a2fec60, arg1=0x100080, arg2=0x153a2fece8, arg3=0x153a2fec90, arg4=0x0, arg5=0x0, arg6=0x7, arg7=0x1, arg8=0x24020, arg9=0x0, arg10=0x0) -> 0x0
148 8896 KERNEL32.dll!CreateFileW (arg0=0x1c373130ad0, arg1=0x80, arg2=0x7, arg3=0x0, arg4=0x3, arg5=0x2000000, arg6=0x0) -> 0x360
149 8896 ntdll.dll!NtCreateFile (arg0=0x153a2fec60, arg1=0x100080, arg2=0x153a2fece8, arg3=0x153a2fec90, arg4=0x0, arg5=0x0, arg6=0x7, arg7=0x1, arg8=0x24020, arg9=0x0, arg10=0x0) -> 0x0
150 8896 KERNEL32.dll!CreateFileW (arg0=0x1c373130bb0, arg1=0x80, arg2=0x7, arg3=0x0, arg4=0x3, arg5=0x2000000, arg6=0x0) -> 0x368
151 8896 KERNEL32.dll!CloseHandle (arg0=0x368) -> 0x1
152 8896 KERNEL32.dll!CloseHandle (arg0=0x360) -> 0x1
153 8896 KERNEL32.dll!CloseHandle (arg0=0x354) -> 0x1
154 8896 KERNEL32.dll!WaitForSingleObject (arg0=0x344, arg1=0xbb8) -> 0x102
155 8896 ntdll.dll!NtCreateFile (arg0=0x153a2fec60, arg1=0x100080, arg2=0x153a2fece8, arg3=0x153a2fec90, arg4=0x0, arg5=0x0, arg6=0x7, arg7=0x1, arg8=0x24020, arg9=0x0, arg10=0x0) -> 0x0
156 8896 KERNEL32.dll!CreateFileW (arg0=0x1c3731304b0, arg1=0x80, arg2=0x7, arg3=0x0, arg4=0x3, arg5=0x2000000, arg6=0x0) -> 0x360
157 8896 ntdll.dll!NtCreateFile (arg0=0x153a2fec60, arg1=0x100080, arg2=0x153a2fece8, arg3=0x153a2fec90, arg4=0x0, arg5=0x0, arg6=0x7, arg7=0x1, arg8=0x24020, arg9=0x0, arg10=0x0) -> 0x0
158 8896 KERNEL32.dll!CreateFileW (arg0=0x1c373130130, arg1=0x80, arg2=0x7, arg3=0x0, arg4=0x3, arg5=0x2000000, arg6=0x0) -> 0x354
159 8896 KERNEL32.dll!CloseHandle (arg0=0x354) -> 0x1
160 8896 KERNEL32.dll!CloseHandle (arg0=0x360) -> 0x1
161 8896 KERNEL32.dll!CloseHandle (arg0=0x368) -> 0x1
162 8896 KERNEL32.dll!WaitForSingleObject (arg0=0x344, arg1=0xbb8) -> 0x102
163 8896 ntdll.dll!NtCreateFile (arg0=0x153a2fec60, arg1=0x100080, arg2=0x153a2fece8, arg3=0x153a2fec90, arg4=0x0, arg5=0x0, arg6=0x7, arg7=0x1, arg8=0x24020, arg9=0x0, arg10=0x0) -> 0x0
164 8896 KERNEL32.dll!CreateFileW (arg0=0x1c373130130, arg1=0x80, arg2=0x7, arg3=0x0, arg4=0x3, arg5=0x2000000, arg6=0x0) -> 0x35c
165 8896 ntdll.dll!NtCreateFile (arg0=0x153a2fec60, arg1=0x100080, arg2=0x153a2fece8, arg3=0x153a2fec90, arg4=0x0, arg5=0x0, arg6=0x7, arg7=0x1, arg8=0x24020, arg9=0x0, arg10=0x0) -> 0x0
166 8896 KERNEL32.dll!CreateFileW (arg0=0x1c3731302f0, arg1=0x80, arg2=0x7, arg3=0x0, arg4=0x3, arg5=0x2000000, arg6=0x0) -> 0x370
167 8896 KERNEL32.dll!CloseHandle (arg0=0x370) -> 0x1
168 8896 KERNEL32.dll!CloseHandle (arg0=0x35c) -> 0x1
169 8896 KERNEL32.dll!CloseHandle (arg0=0x348) -> 0x1
170 8896 KERNEL32.dll!WaitForSingleObject (arg0=0x344, arg1=0xbb8) -> 0x102
171 8896 ntdll.dll!NtCreateFile (arg0=0x153a2fec60, arg1=0x100080, arg2=0x153a2fece8, arg3=0x153a2fec90, arg4=0x0, arg5=0x0, arg6=0x7, arg7=0x1, arg8=0x24020, arg9=0x0, arg10=0x0) -> 0x0
172 8896 KERNEL32.dll!CreateFileW (arg0=0x1c373130d70, arg1=0x80, arg2=0x7, arg3=0x0, arg4=0x3, arg5=0x2000000, arg6=0x0) -> 0x358
173 8896 ntdll.dll!NtCreateFile (arg0=0x153a2fec60, arg1=0x100080, arg2=0x153a2fece8, arg3=0x153a2fec90, arg4=0x0, arg5=0x0, arg6=0x7, arg7=0x1, arg8=0x24020, arg9=0x0, arg10=0x0) -> 0x0
174 8896 KERNEL32.dll!CreateFileW (arg0=0x1c373130bb0, arg1=0x80, arg2=0x7, arg3=0x0, arg4=0x3, arg5=0x2000000, arg6=0x0) -> 0x368
175 8896 KERNEL32.dll!CloseHandle (arg0=0x368) -> 0x1
176 8896 KERNEL32.dll!CloseHandle (arg0=0x358) -> 0x1
177 8896 KERNEL32.dll!CloseHandle (arg0=0x348) -> 0x1
