0024:trace:sync:NtCreateEvent access 0x1f0003, name L"\\KernelObjects\\__wineboot_event", type 0, state 0
002c:trace:sync:NtCreateEvent access 0x1f0003, name L"\\KernelObjects\\__wineboot_event", type 0, state 0
002c:trace:sync:NtCreateEvent access 0x1f0003, name L"__wine_SvcctlStarted", type 0, state 0
003c:trace:sync:NtCreateEvent access 0x1f0003, name L"__wine_SvcctlStarted", type 0, state 0
003c:trace:sync:NtCreateEvent access 0x1f0003, name <null>, type 0, state 0
003c:trace:sync:NtCreateEvent access 0x1f0003, name <null>, type 0, state 0
003c:trace:sync:NtCreateEvent access 0x1f0003, name <null>, type 0, state 0
003c:trace:sync:NtCreateEvent access 0x1f0003, name <null>, type 0, state 0
003c:trace:sync:NtCreateEvent access 0x1f0003, name <null>, type 0, state 0
003c:trace:sync:NtCreateEvent access 0x1f0003, name <null>, type 0, state 0
003c:trace:sync:NtCreateEvent access 0x1f0003, name <null>, type 0, state 0
003c:trace:sync:NtCreateEvent access 0x1f0003, name <null>, type 0, state 0
003c:trace:sync:NtCreateEvent access 0x1f0003, name <null>, type 0, state 0
003c:trace:sync:NtCreateEvent access 0x1f0003, name <null>, type 0, state 0
003c:trace:sync:NtCreateEvent access 0x1f0003, name <null>, type 0, state 0
003c:trace:sync:NtCreateEvent access 0x1f0003, name <null>, type 0, state 0
003c:trace:sync:NtCreateEvent access 0x1f0003, name <null>, type 0, state 0
003c:trace:sync:NtCreateEvent access 0x1f0003, name <null>, type 0, state 0
003c:trace:sync:NtCreateEvent access 0x1f0003, name <null>, type 0, state 0
003c:trace:sync:NtCreateEvent access 0x1f0003, name <null>, type 0, state 0
003c:trace:sync:NtCreateEvent access 0x1f0003, name <null>, type 0, state 0
003c:trace:sync:NtCreateEvent access 0x1f0003, name <null>, type 0, state 0
003c:trace:sync:NtCreateEvent access 0x1f0003, name <null>, type 0, state 0
003c:trace:sync:NtCreateEvent access 0x1f0003, name <null>, type 0, state 0
003c:trace:sync:NtCreateEvent access 0x1f0003, name <null>, type 0, state 0
003c:trace:sync:NtCreateEvent access 0x1f0003, name <null>, type 0, state 0
003c:trace:sync:NtCreateEvent access 0x1f0003, name <null>, type 0, state 0
003c:trace:sync:NtCreateEvent access 0x1f0003, name <null>, type 0, state 0
003c:trace:sync:NtCreateEvent access 0x1f0003, name <null>, type 0, state 0
003c:trace:sync:NtCreateEvent access 0x1f0003, name <null>, type 0, state 0
003c:trace:sync:NtCreateEvent access 0x1f0003, name <null>, type 0, state 0
003c:trace:sync:NtCreateEvent access 0x1f0003, name <null>, type 0, state 0
003c:trace:sync:NtCreateEvent access 0x1f0003, name <null>, type 0, state 0
003c:trace:sync:NtCreateEvent access 0x1f0003, name <null>, type 0, state 0
003c:trace:sync:NtCreateEvent access 0x1f0003, name <null>, type 0, state 0
003c:trace:sync:NtCreateEvent access 0x1f0003, name <null>, type 0, state 0
003c:trace:sync:NtCreateEvent access 0x1f0003, name <null>, type 0, state 0
003c:trace:sync:NtCreateEvent access 0x1f0003, name <null>, type 0, state 0
003c:trace:sync:NtCreateEvent access 0x1f0003, name <null>, type 1, state 0
003c:trace:sync:NtCreateEvent access 0x1f0003, name <null>, type 0, state 0
003c:trace:sync:NtCreateMutant access 0x1f0001, name <null>, owned 0
003c:trace:sync:NtCreateEvent access 0x1f0003, name <null>, type 1, state 0
0040:trace:sync:NtCreateEvent access 0x1f0003, name <null>, type 0, state 0
003c:trace:sync:NtCreateEvent access 0x1f0003, name <null>, type 0, state 0
003c:trace:sync:NtCreateMutant access 0x1f0001, name <null>, owned 1
003c:trace:sync:NtCreateEvent access 0x1f0003, name <null>, type 0, state 0
0048:trace:sync:NtCreateEvent access 0x1f0003, name <null>, type 0, state 0
004c:trace:sync:NtCreateEvent access 0x1f0003, name <null>, type 0, state 0
0050:trace:sync:NtCreateEvent access 0x1f0003, name <null>, type 0, state 0
0048:trace:sync:NtCreateEvent access 0x1f0003, name <null>, type 1, state 0
0050:trace:sync:NtCreateEvent access 0x1f0003, name <null>, type 0, state 0
0050:trace:sync:NtCreateEvent access 0x1f0003, name <null>, type 0, state 0
0058:trace:sync:NtCreateEvent access 0x1f0003, name <null>, type 0, state 0
0050:trace:sync:NtCreateEvent access 0x1f0003, name <null>, type 0, state 0
0050:trace:sync:NtCreateEvent access 0x1f0003, name <null>, type 0, state 0
0050:trace:sync:NtCreateEvent access 0x1f0003, name <null>, type 0, state 0
0050:trace:sync:NtCreateEvent access 0x1f0003, name <null>, type 0, state 0
0050:trace:sync:NtCreateEvent access 0x1f0003, name <null>, type 0, state 0
0050:trace:sync:NtCreateEvent access 0x1f0003, name <null>, type 0, state 0
0050:trace:sync:NtCreateEvent access 0x1f0003, name <null>, type 0, state 0
0050:trace:sync:NtCreateEvent access 0x1f0003, name <null>, type 0, state 0
0050:trace:sync:NtCreateEvent access 0x1f0003, name <null>, type 0, state 0
003c:trace:sync:NtCreateMutant access 0x1f0001, name <null>, owned 1
003c:trace:sync:NtCreateEvent access 0x1f0003, name <null>, type 0, state 0
006c:trace:sync:NtCreateEvent access 0x1f0003, name <null>, type 0, state 0
0070:trace:sync:NtCreateEvent access 0x1f0003, name <null>, type 0, state 0
0050:trace:sync:NtCreateEvent access 0x1f0003, name <null>, type 0, state 0
006c:trace:sync:NtCreateEvent access 0x1f0003, name <null>, type 1, state 0
0050:trace:sync:NtCreateEvent access 0x1f0003, name <null>, type 0, state 0
0050:trace:sync:NtCreateEvent access 0x1f0003, name <null>, type 0, state 0
0050:trace:sync:NtCreateEvent access 0x1f0003, name <null>, type 0, state 0
003c:trace:sync:NtCreateMutant access 0x1f0001, name <null>, owned 1
003c:trace:sync:NtCreateEvent access 0x1f0003, name <null>, type 0, state 0
0078:trace:sync:NtCreateEvent access 0x1f0003, name <null>, type 0, state 0
0034:trace:sync:NtCreateMutant access 0x1f0001, name L"\\BaseNamedObjects\\__WINE_FONT_MUTEX__", owned 0
0080:trace:sync:NtCreateMutant access 0x1f0001, name L"\\BaseNamedObjects\\__WINE_FONT_MUTEX__", owned 0
0080:trace:sync:NtCreateEvent access 0x1f0003, name <null>, type 0, state 0
0080:trace:sync:NtCreateEvent access 0x1f0003, name <null>, type 0, state 0
008c:trace:sync:NtCreateEvent access 0x1f0003, name <null>, type 0, state 0
0050:trace:sync:NtCreateEvent access 0x1f0003, name <null>, type 0, state 0
0080:trace:sync:NtCreateEvent access 0x1f0003, name <null>, type 1, state 0
0050:trace:sync:NtCreateEvent access 0x1f0003, name <null>, type 0, state 0
0050:trace:sync:NtCreateEvent access 0x1f0003, name <null>, type 0, state 0
0050:trace:sync:NtCreateEvent access 0x1f0003, name <null>, type 0, state 0
003c:trace:sync:NtCreateMutant access 0x1f0001, name <null>, owned 1
003c:trace:sync:NtCreateEvent access 0x1f0003, name <null>, type 0, state 0
0050:trace:sync:NtCreateEvent access 0x1f0003, name <null>, type 0, state 0
0094:trace:sync:NtCreateEvent access 0x1f0003, name <null>, type 0, state 0
0094:trace:sync:NtCreateEvent access 0x1f0003, name <null>, type 0, state 0
0094:trace:sync:NtCreateEvent access 0x1f0003, name <null>, type 0, state 0
0094:trace:sync:NtCreateMutant access 0x1f0001, name <null>, owned 0
0050:trace:sync:NtCreateEvent access 0x1f0003, name <null>, type 0, state 0
00a4:err:service:device_notify_proc addr 7BD0B310 cmp 7BD1AB04 size 0x4 timeout fffffffffd050f80
00a0:trace:sync:NtCreateMutant access 0x1f0001, name L"Global\\SafeNet-SentinelLM", owned 0
00a0:trace:sync:NtCreateMutant access 0x1f0001, name L"Global\\SafeNet-SentinelSMEMINIT", owned 0
0050:trace:sync:NtCreateEvent access 0x1f0003, name <null>, type 0, state 0
0050:trace:sync:NtCreateEvent access 0x1f0003, name <null>, type 0, state 0
0050:trace:sync:NtCreateEvent access 0x1f0003, name <null>, type 0, state 0
00a0:trace:sync:NtCreateMutant access 0x1f0001, name L"Global\\hasp-storage-server-lock", owned 0
0088:trace:sync:NtCreateMutant access 0x1f0001, name L"\\BaseNamedObjects\\__WINE_FONT_MUTEX__", owned 0
00a0:trace:sync:NtCreateEvent access 0x1f0003, name <null>, type 0, state 0
009c:trace:sync:NtCreateEvent access 0x1f0003, name <null>, type 0, state 0
00a8:trace:sync:NtCreateEvent access 0x1f0003, name <null>, type 0, state 0
0050:trace:sync:NtCreateEvent access 0x1f0003, name <null>, type 0, state 0
0050:trace:sync:NtCreateEvent access 0x1f0003, name <null>, type 0, state 0
0088:trace:sync:NtCreateMutant access 0x1f0001, name L"\\Sessions\\1\\BaseNamedObjects\\display_device_init", owned 0
0088:trace:sync:NtCreateMutant access 0x1f0001, name L"\\Sessions\\1\\BaseNamedObjects\\display_device_init", owned 0
0088:trace:sync:NtCreateMutant access 0x1f0001, name L"\\Sessions\\1\\BaseNamedObjects\\display_device_init", owned 0
00ac:trace:sync:NtCreateMutant access 0x1f0001, name L"__wine_clipboard_WinSta0", owned 1
00b0:trace:sync:NtCreateMutant access 0x1f0001, name L"__wine_display_settings_restorer_mutex", owned 1
0088:trace:sync:NtCreateEvent access 0x1f0003, name <null>, type 1, state 0
0088:trace:sync:NtCreateMutant access 0x1f0001, name <null>, owned 0
0088:trace:sync:NtCreateEvent access 0x1f0003, name <null>, type 1, state 0
00b4:trace:sync:NtCreateEvent access 0x1f0003, name <null>, type 0, state 0
0088:trace:sync:NtCreateEvent access 0x1f0003, name <null>, type 0, state 0
00b8:trace:sync:NtCreateEvent access 0x1f0003, name <null>, type 0, state 0
00bc:trace:sync:NtCreateEvent access 0x1f0003, name <null>, type 0, state 0
00bc:trace:sync:NtCreateEvent access 0x1f0003, name <null>, type 0, state 0
00c0:trace:sync:NtCreateEvent access 0x1f0003, name <null>, type 0, state 0
00c0:trace:sync:NtCreateEvent access 0x1f0003, name <null>, type 0, state 0
00c0:trace:sync:NtCreateEvent access 0x1f0003, name <null>, type 0, state 0
0050:trace:sync:NtCreateEvent access 0x1f0003, name <null>, type 0, state 0
009c:err:secur32:start_samss Failed to start SamSs service
00c0:trace:sync:NtCreateEvent access 0x1f0003, name <null>, type 0, state 0
0050:trace:sync:NtCreateEvent access 0x1f0003, name <null>, type 0, state 0
009c:err:secur32:load_auth_packages Failed to get security packages list: 80090304
00bc:trace:sync:NtCreateEvent access 0x1f0003, name <null>, type 0, state 0
0088:err:ole:start_rpcss Failed to start RpcSs service
00c0:trace:sync:NtCreateEvent access 0x1f0003, name <null>, type 0, state 0
0050:trace:sync:NtCreateEvent access 0x1f0003, name <null>, type 0, state 0
0034:trace:sync:NtCreateMutant access 0x1f0001, name L"\\Sessions\\1\\BaseNamedObjects\\display_device_init", owned 0
00bc:trace:sync:NtCreateEvent access 0x1f0003, name <null>, type 0, state 0
009c:trace:sync:NtCreateMutant access 0x1f0001, name L"\\BaseNamedObjects\\__WINE_FONT_MUTEX__", owned 0
00c0:trace:sync:NtCreateEvent access 0x1f0003, name <null>, type 0, state 0
009c:trace:sync:NtCreateEvent access 0x1f0003, name L"Global\\CmBoxRemoveEvent-1", type 0, state 0
009c:trace:sync:NtCreateEvent access 0x1f0003, name L"Global\\CmBoxRemoveEvent", type 0, state 0
009c:trace:sync:NtCreateEvent access 0x1f0003, name L"Global\\CmBoxReplaceEvent-1", type 0, state 0
009c:trace:sync:NtCreateEvent access 0x1f0003, name L"Global\\CmBoxReplaceEvent", type 0, state 0
009c:trace:sync:NtCreateEvent access 0x1f0003, name L"Global\\CmBoxAddedEvent-1", type 0, state 0
009c:trace:sync:NtCreateEvent access 0x1f0003, name L"Global\\CmBoxAddedEvent", type 0, state 0
009c:trace:sync:NtCreateEvent access 0x1f0003, name L"Global\\CmNetworkLostEvent-1", type 0, state 0
009c:trace:sync:NtCreateEvent access 0x1f0003, name L"Global\\CmNetworkLostEvent", type 0, state 0
009c:trace:sync:NtCreateEvent access 0x1f0003, name L"Global\\CmNetworkReplacedEvent-1", type 0, state 0
009c:trace:sync:NtCreateEvent access 0x1f0003, name L"Global\\CmNetworkReplacedEvent", type 0, state 0
009c:trace:sync:NtCreateEvent access 0x1f0003, name L"Global\\CmEntryModifiedEvent-1", type 0, state 0
009c:trace:sync:NtCreateEvent access 0x1f0003, name L"Global\\CmEntryModifiedEvent", type 0, state 0
009c:trace:sync:NtCreateEvent access 0x1f0003, name L"Global\\CmThresholdUCEvent-1", type 0, state 0
009c:trace:sync:NtCreateEvent access 0x1f0003, name L"Global\\CmThresholdUCEvent", type 0, state 0
009c:trace:sync:NtCreateEvent access 0x1f0003, name L"Global\\CmThresholdExpDateEvent-1", type 0, state 0
009c:trace:sync:NtCreateEvent access 0x1f0003, name L"Global\\CmThresholdExpDateEvent", type 0, state 0
009c:trace:sync:NtCreateEvent access 0x1f0003, name L"Global\\CmServerTerminatedEvent-1", type 0, state 0
009c:trace:sync:NtCreateEvent access 0x1f0003, name L"Global\\CmServerTerminatedEvent", type 0, state 0
009c:trace:sync:NtCreateEvent access 0x1f0003, name L"Global\\CmBoxEnabled-1", type 0, state 0
009c:trace:sync:NtCreateEvent access 0x1f0003, name L"Global\\CmBoxEnabled", type 0, state 0
009c:trace:sync:NtCreateEvent access 0x1f0003, name L"Global\\CmBoxDisabled-1", type 0, state 0
009c:trace:sync:NtCreateEvent access 0x1f0003, name L"Global\\CmBoxDisabled", type 0, state 0
009c:trace:sync:NtCreateEvent access 0x1f0003, name L"Global\\CmEntryAltered-1", type 0, state 0
009c:trace:sync:NtCreateEvent access 0x1f0003, name L"Global\\CmEntryAltered", type 0, state 0
0050:trace:sync:NtCreateEvent access 0x1f0003, name <null>, type 0, state 0
009c:trace:sync:NtCreateEvent access 0x1f0003, name <null>, type 1, state 0
00bc:trace:sync:NtCreateEvent access 0x1f0003, name <null>, type 0, state 0
00c0:trace:sync:NtCreateEvent access 0x1f0003, name <null>, type 0, state 0
0050:trace:sync:NtCreateEvent access 0x1f0003, name <null>, type 0, state 0
003c:trace:sync:NtCreateMutant access 0x1f0001, name <null>, owned 1
003c:trace:sync:NtCreateEvent access 0x1f0003, name <null>, type 0, state 0
00d4:trace:sync:NtCreateEvent access 0x1f0003, name <null>, type 1, state 0
00bc:trace:sync:NtCreateEvent access 0x1f0003, name <null>, type 0, state 0
00d4:trace:sync:NtCreateEvent access 0x1f0003, name <null>, type 1, state 0
00d4:trace:sync:NtCreateEvent access 0x1f0003, name <null>, type 1, state 0
00d4:trace:sync:NtOpenMutant access 0x100000, name L"MicrosoftVirtualPC7UserServiceMakeSureWe'reTheOnlyOneMutex"
00d4:trace:sync:NtOpenMutant access 0x100000, name L"VMwareToolsQuitEvent_vmsvc"
00d4:trace:sync:NtOpenMutant access 0x100000, name L"MicrosoftVirtualPC7UserServiceMakeSureWe'reTheOnlyOneMutex"
00d4:trace:sync:NtOpenMutant access 0x100000, name L"VMwareToolsQuitEvent_vmsvc"
00dc:trace:sync:NtCreateMutant access 0x1f0001, name L"\\BaseNamedObjects\\__WINE_FONT_MUTEX__", owned 0
00c0:trace:sync:NtCreateEvent access 0x1f0003, name <null>, type 0, state 0
00d4:trace:sync:NtCreateMutant access 0x1f0001, name L"__WINE_WINSPOOL_MUTEX__", owned 1
00dc:trace:sync:NtCreateEvent access 0x1f0003, name <null>, type 0, state 0
00e4:trace:sync:NtCreateEvent access 0x1f0003, name <null>, type 0, state 0
0050:trace:sync:NtCreateEvent access 0x1f0003, name <null>, type 0, state 0
00dc:trace:sync:NtCreateEvent access 0x1f0003, name <null>, type 1, state 0
00bc:trace:sync:NtCreateEvent access 0x1f0003, name <null>, type 0, state 0
00c0:trace:sync:NtCreateEvent access 0x1f0003, name <null>, type 0, state 0
00ec:trace:sync:NtCreateEvent access 0x1f0003, name <null>, type 1, state 0
00ec:trace:sync:NtCreateEvent access 0x1f0003, name <null>, type 0, state 0
00ec:trace:sync:NtCreateMutant access 0x1f0001, name <null>, owned 0
00ec:trace:sync:NtCreateEvent access 0x1f0003, name <null>, type 1, state 0
00f0:trace:sync:NtCreateEvent access 0x1f0003, name <null>, type 0, state 0
00ec:trace:sync:NtCreateEvent access 0x1f0003, name <null>, type 0, state 0
0050:trace:sync:NtCreateEvent access 0x1f0003, name <null>, type 0, state 0
003c:trace:sync:NtCreateMutant access 0x1f0001, name <null>, owned 1
003c:trace:sync:NtCreateEvent access 0x1f0003, name <null>, type 0, state 0
00d4:trace:sync:NtOpenMutant access 0x100000, name L"MicrosoftVirtualPC7UserServiceMakeSureWe'reTheOnlyOneMutex"
00d4:trace:sync:NtOpenMutant access 0x100000, name L"VMwareToolsQuitEvent_vmsvc"
00d4:trace:sync:NtOpenMutant access 0x100000, name L"MicrosoftVirtualPC7UserServiceMakeSureWe'reTheOnlyOneMutex"
00d4:trace:sync:NtOpenMutant access 0x100000, name L"VMwareToolsQuitEvent_vmsvc"
00bc:trace:sync:NtCreateEvent access 0x1f0003, name <null>, type 0, state 0
00c0:trace:sync:NtCreateEvent access 0x1f0003, name <null>, type 0, state 0
0050:trace:sync:NtCreateEvent access 0x1f0003, name <null>, type 0, state 0
00bc:trace:sync:NtCreateEvent access 0x1f0003, name <null>, type 0, state 0
00c0:trace:sync:NtCreateEvent access 0x1f0003, name <null>, type 0, state 0
0050:trace:sync:NtCreateEvent access 0x1f0003, name <null>, type 0, state 0
00bc:trace:sync:NtCreateEvent access 0x1f0003, name <null>, type 0, state 0
00f8:trace:sync:NtCreateMutant access 0x1f0001, name L"\\BaseNamedObjects\\__WINE_FONT_MUTEX__", owned 0
00f8:trace:sync:NtCreateEvent access 0x1f0003, name <null>, type 1, state 0
00f8:trace:sync:NtCreateEvent access 0x1f0003, name <null>, type 1, state 0
0110:trace:sync:NtCreateEvent access 0x1f0003, name <null>, type 1, state 0
0110:trace:sync:NtCreateEvent access 0x1f0003, name <null>, type 1, state 0
010c:trace:sync:NtCreateEvent access 0x1f0003, name <null>, type 1, state 0
010c:trace:sync:NtCreateEvent access 0x1f0003, name <null>, type 1, state 0
0118:trace:sync:NtCreateEvent access 0x1f0003, name <null>, type 1, state 0
0114:trace:sync:NtCreateEvent access 0x1f0003, name <null>, type 1, state 0
0118:trace:sync:NtCreateEvent access 0x1f0003, name <null>, type 1, state 0
0114:trace:sync:NtCreateEvent access 0x1f0003, name <null>, type 1, state 0
00f8:trace:sync:NtCreateEvent access 0x1f0003, name <null>, type 0, state 0
011c:trace:sync:NtCreateEvent access 0x1f0003, name <null>, type 1, state 0
011c:trace:sync:NtCreateEvent access 0x1f0003, name <null>, type 1, state 0
0108:trace:sync:NtCreateEvent access 0x1f0003, name <null>, type 1, state 0
0108:trace:sync:NtCreateEvent access 0x1f0003, name <null>, type 1, state 0
0120:trace:sync:NtCreateEvent access 0x1f0003, name <null>, type 0, state 0
0050:trace:sync:NtCreateEvent access 0x1f0003, name <null>, type 0, state 0
0124:trace:sync:NtCreateEvent access 0x1f0003, name <null>, type 0, state 0
0128:trace:sync:NtCreateEvent access 0x1f0003, name <null>, type 0, state 0
00bc:trace:sync:NtCreateEvent access 0x1f0003, name <null>, type 0, state 0
0050:trace:sync:NtCreateEvent access 0x1f0003, name <null>, type 0, state 0
00bc:trace:sync:NtCreateEvent access 0x1f0003, name <null>, type 0, state 0
0050:trace:sync:NtCreateEvent access 0x1f0003, name <null>, type 0, state 0
00bc:trace:sync:NtCreateEvent access 0x1f0003, name <null>, type 0, state 0
012c:trace:sync:NtCreateEvent access 0x1f0003, name <null>, type 1, state 0
012c:trace:sync:NtCreateEvent access 0x1f0003, name <null>, type 1, state 0
0134:trace:sync:NtCreateEvent access 0x1f0003, name <null>, type 1, state 0
0134:trace:sync:NtCreateEvent access 0x1f0003, name <null>, type 1, state 0
0130:trace:sync:NtCreateEvent access 0x1f0003, name <null>, type 1, state 0
0130:trace:sync:NtCreateEvent access 0x1f0003, name <null>, type 1, state 0
0138:trace:sync:NtCreateEvent access 0x1f0003, name <null>, type 1, state 0
0138:trace:sync:NtCreateEvent access 0x1f0003, name <null>, type 1, state 0
013c:trace:sync:NtCreateEvent access 0x1f0003, name <null>, type 1, state 0
013c:trace:sync:NtCreateEvent access 0x1f0003, name <null>, type 1, state 0
012c:trace:sync:NtCreateEvent access 0x1f0003, name <null>, type 0, state 0
0050:trace:sync:NtCreateEvent access 0x1f0003, name <null>, type 0, state 0
00bc:trace:sync:NtCreateEvent access 0x1f0003, name <null>, type 0, state 0
0050:trace:sync:NtCreateEvent access 0x1f0003, name <null>, type 0, state 0
00bc:trace:sync:NtCreateEvent access 0x1f0003, name <null>, type 0, state 0
0050:trace:sync:NtCreateEvent access 0x1f0003, name <null>, type 0, state 0
00bc:trace:sync:NtCreateEvent access 0x1f0003, name <null>, type 0, state 0
0050:trace:sync:NtCreateEvent access 0x1f0003, name <null>, type 0, state 0
00bc:trace:sync:NtCreateEvent access 0x1f0003, name <null>, type 0, state 0
0050:trace:sync:NtCreateEvent access 0x1f0003, name <null>, type 0, state 0
00bc:trace:sync:NtCreateEvent access 0x1f0003, name <null>, type 0, state 0
0050:trace:sync:NtCreateEvent access 0x1f0003, name <null>, type 0, state 0
00bc:trace:sync:NtCreateEvent access 0x1f0003, name <null>, type 0, state 0
0050:trace:sync:NtCreateEvent access 0x1f0003, name <null>, type 0, state 0
00bc:trace:sync:NtCreateEvent access 0x1f0003, name <null>, type 0, state 0
0050:trace:sync:NtCreateEvent access 0x1f0003, name <null>, type 0, state 0
00bc:trace:sync:NtCreateEvent access 0x1f0003, name <null>, type 0, state 0
0050:trace:sync:NtCreateEvent access 0x1f0003, name <null>, type 0, state 0
00bc:trace:sync:NtCreateEvent access 0x1f0003, name <null>, type 0, state 0
0050:trace:sync:NtCreateEvent access 0x1f0003, name <null>, type 0, state 0
00bc:trace:sync:NtCreateEvent access 0x1f0003, name <null>, type 0, state 0
0050:trace:sync:NtCreateEvent access 0x1f0003, name <null>, type 0, state 0
00bc:trace:sync:NtCreateEvent access 0x1f0003, name <null>, type 0, state 0
0050:trace:sync:NtCreateEvent access 0x1f0003, name <null>, type 0, state 0
00bc:trace:sync:NtCreateEvent access 0x1f0003, name <null>, type 0, state 0
0050:trace:sync:NtCreateEvent access 0x1f0003, name <null>, type 0, state 0
00bc:trace:sync:NtCreateEvent access 0x1f0003, name <null>, type 0, state 0
0050:trace:sync:NtCreateEvent access 0x1f0003, name <null>, type 0, state 0
00bc:trace:sync:NtCreateEvent access 0x1f0003, name <null>, type 0, state 0
0050:trace:sync:NtCreateEvent access 0x1f0003, name <null>, type 0, state 0
00bc:trace:sync:NtCreateEvent access 0x1f0003, name <null>, type 0, state 0
0050:trace:sync:NtCreateEvent access 0x1f0003, name <null>, type 0, state 0
00bc:trace:sync:NtCreateEvent access 0x1f0003, name <null>, type 0, state 0
0050:trace:sync:NtCreateEvent access 0x1f0003, name <null>, type 0, state 0
00bc:trace:sync:NtCreateEvent access 0x1f0003, name <null>, type 0, state 0
0050:trace:sync:NtCreateEvent access 0x1f0003, name <null>, type 0, state 0
00bc:trace:sync:NtCreateEvent access 0x1f0003, name <null>, type 0, state 0
0050:trace:sync:NtCreateEvent access 0x1f0003, name <null>, type 0, state 0
00bc:trace:sync:NtCreateEvent access 0x1f0003, name <null>, type 0, state 0
0050:trace:sync:NtCreateEvent access 0x1f0003, name <null>, type 0, state 0
00bc:trace:sync:NtCreateEvent access 0x1f0003, name <null>, type 0, state 0
0050:trace:sync:NtCreateEvent access 0x1f0003, name <null>, type 0, state 0
00bc:trace:sync:NtCreateEvent access 0x1f0003, name <null>, type 0, state 0
0050:trace:sync:NtCreateEvent access 0x1f0003, name <null>, type 0, state 0
00bc:trace:sync:NtCreateEvent access 0x1f0003, name <null>, type 0, state 0
0050:trace:sync:NtCreateEvent access 0x1f0003, name <null>, type 0, state 0
00bc:trace:sync:NtCreateEvent access 0x1f0003, name <null>, type 0, state 0
0050:trace:sync:NtCreateEvent access 0x1f0003, name <null>, type 0, state 0
00bc:trace:sync:NtCreateEvent access 0x1f0003, name <null>, type 0, state 0
0050:trace:sync:NtCreateEvent access 0x1f0003, name <null>, type 0, state 0
00bc:trace:sync:NtCreateEvent access 0x1f0003, name <null>, type 0, state 0
0050:trace:sync:NtCreateEvent access 0x1f0003, name <null>, type 0, state 0
00d4:trace:sync:NtCreateEvent access 0x1f0003, name <null>, type 0, state 0
0140:trace:sync:NtCreateEvent access 0x1f0003, name <null>, type 0, state 0
00bc:trace:sync:NtCreateEvent access 0x1f0003, name <null>, type 0, state 0
0050:trace:sync:NtCreateEvent access 0x1f0003, name <null>, type 0, state 0
00bc:trace:sync:NtCreateEvent access 0x1f0003, name <null>, type 0, state 0
0050:trace:sync:NtCreateEvent access 0x1f0003, name <null>, type 0, state 0
00bc:trace:sync:NtCreateEvent access 0x1f0003, name <null>, type 0, state 0
0050:trace:sync:NtCreateEvent access 0x1f0003, name <null>, type 0, state 0
015c:trace:sync:NtCreateEvent access 0x1f0003, name <null>, type 0, state 0
0160:trace:sync:NtCreateEvent access 0x1f0003, name <null>, type 0, state 0
0168:trace:sync:NtCreateMutant access 0x1f0001, name L"\\BaseNamedObjects\\__WINE_FONT_MUTEX__", owned 0
0168:trace:sync:NtCreateMutant access 0x1f0001, name L"Global\\SafeNet-SentinelSMEMINIT", owned 0
0168:trace:sync:NtCreateMutant access 0x1f0001, name L"Global\\hasp-fridge-user-vendor-lock", owned 0
0168:trace:sync:NtCreateMutant access 0x1f0001, name L"Global\\hasp-fridge-user-lock", owned 0
0180:trace:sync:NtCreateEvent access 0x1f0003, name <null>, type 0, state 0
0184:trace:sync:NtCreateEvent access 0x1f0003, name <null>, type 0, state 0
00bc:trace:sync:NtCreateEvent access 0x1f0003, name <null>, type 0, state 0
0180:trace:sync:NtCreateEvent access 0x1f0003, name <null>, type 0, state 0
00c0:trace:sync:NtCreateEvent access 0x1f0003, name <null>, type 0, state 0
0088:err:ole:start_rpcss Failed to start RpcSs service
0050:trace:sync:NtCreateEvent access 0x1f0003, name <null>, type 0, state 0
00bc:trace:sync:NtCreateEvent access 0x1f0003, name <null>, type 0, state 0
0180:trace:sync:NtCreateEvent access 0x1f0003, name <null>, type 0, state 0
0180:trace:sync:NtCreateEvent access 0x1f0003, name <null>, type 0, state 0
0180:trace:sync:NtCreateEvent access 0x1f0003, name <null>, type 0, state 0
0180:trace:sync:NtCreateEvent access 0x1f0003, name <null>, type 0, state 0
0180:trace:sync:NtCreateEvent access 0x1f0003, name <null>, type 0, state 0
0180:trace:sync:NtCreateEvent access 0x1f0003, name <null>, type 0, state 0
0180:trace:sync:NtCreateEvent access 0x1f0003, name <null>, type 0, state 0
0180:trace:sync:NtCreateEvent access 0x1f0003, name <null>, type 0, state 0
0180:trace:sync:NtCreateEvent access 0x1f0003, name <null>, type 0, state 0
0180:trace:sync:NtCreateEvent access 0x1f0003, name <null>, type 0, state 0
0180:trace:sync:NtCreateEvent access 0x1f0003, name <null>, type 0, state 0
0180:trace:sync:NtCreateEvent access 0x1f0003, name <null>, type 0, state 0
0180:trace:sync:NtCreateEvent access 0x1f0003, name <null>, type 0, state 0
003c:err:service:process_send_start_message service L"CmWebAdmin.exe" failed to start
0188:trace:sync:NtCreateEvent access 0x1f0003, name <null>, type 0, state 0
0188:trace:sync:NtCreateEvent access 0x1f0003, name <null>, type 0, state 0
0188:trace:sync:NtCreateEvent access 0x1f0003, name <null>, type 0, state 0
0188:trace:sync:NtCreateEvent access 0x1f0003, name <null>, type 0, state 0
0188:trace:sync:NtCreateEvent access 0x1f0003, name <null>, type 0, state 0
0188:trace:sync:NtCreateEvent access 0x1f0003, name <null>, type 0, state 0
0188:trace:sync:NtCreateEvent access 0x1f0003, name <null>, type 0, state 0
0188:trace:sync:NtCreateEvent access 0x1f0003, name <null>, type 0, state 0
0188:trace:sync:NtCreateEvent access 0x1f0003, name <null>, type 0, state 0
0188:trace:sync:NtCreateEvent access 0x1f0003, name <null>, type 0, state 0
0188:trace:sync:NtCreateEvent access 0x1f0003, name <null>, type 0, state 0
0188:trace:sync:NtCreateEvent access 0x1f0003, name <null>, type 0, state 0
0188:trace:sync:NtCreateEvent access 0x1f0003, name <null>, type 0, state 0
0188:trace:sync:NtCreateEvent access 0x1f0003, name <null>, type 0, state 0
003c:trace:sync:NtCreateEvent access 0x1f0003, name <null>, type 0, state 0
003c:trace:sync:NtCreateMutant access 0x1f0001, name <null>, owned 1
003c:trace:sync:NtCreateEvent access 0x1f0003, name <null>, type 0, state 0
0194:trace:sync:NtCreateEvent access 0x1f0003, name <null>, type 0, state 0
0198:trace:sync:NtCreateEvent access 0x1f0003, name <null>, type 0, state 0
0188:trace:sync:NtCreateEvent access 0x1f0003, name <null>, type 0, state 0
0194:trace:sync:NtCreateEvent access 0x1f0003, name <null>, type 1, state 0
0188:trace:sync:NtCreateEvent access 0x1f0003, name <null>, type 0, state 0
0188:trace:sync:NtCreateEvent access 0x1f0003, name <null>, type 0, state 0
01a0:trace:sync:NtCreateEvent access 0x1f0003, name <null>, type 0, state 0
0188:trace:sync:NtCreateEvent access 0x1f0003, name <null>, type 0, state 0
0188:trace:sync:NtCreateEvent access 0x1f0003, name <null>, type 0, state 0
019c:trace:sync:NtCreateEvent access 0x1f0003, name <null>, type 0, state 0
01a4:trace:sync:NtCreateEvent access 0x1f0003, name <null>, type 0, state 0
0188:trace:sync:NtCreateEvent access 0x1f0003, name <null>, type 0, state 0
0188:trace:sync:NtCreateEvent access 0x1f0003, name <null>, type 0, state 0
0188:trace:sync:NtCreateEvent access 0x1f0003, name <null>, type 0, state 0
0188:trace:sync:NtCreateEvent access 0x1f0003, name <null>, type 0, state 0
0188:trace:sync:NtCreateEvent access 0x1f0003, name <null>, type 0, state 0
0188:trace:sync:NtCreateEvent access 0x1f0003, name <null>, type 0, state 0
0188:trace:sync:NtCreateEvent access 0x1f0003, name <null>, type 0, state 0
0188:trace:sync:NtCreateEvent access 0x1f0003, name <null>, type 0, state 0
0188:trace:sync:NtCreateEvent access 0x1f0003, name <null>, type 0, state 0
0188:trace:sync:NtCreateEvent access 0x1f0003, name <null>, type 0, state 0
0188:trace:sync:NtCreateEvent access 0x1f0003, name <null>, type 0, state 0
0188:trace:sync:NtCreateEvent access 0x1f0003, name <null>, type 0, state 0
019c:trace:sync:NtCreateEvent access 0x1f0003, name <null>, type 1, state 0
0188:trace:sync:NtCreateEvent access 0x1f0003, name <null>, type 0, state 0
0188:trace:sync:NtCreateEvent access 0x1f0003, name <null>, type 0, state 0
0188:trace:sync:NtCreateEvent access 0x1f0003, name <null>, type 0, state 0
0188:trace:sync:NtCreateEvent access 0x1f0003, name <null>, type 0, state 0
0188:trace:sync:NtCreateEvent access 0x1f0003, name <null>, type 0, state 0
0188:trace:sync:NtCreateEvent access 0x1f0003, name <null>, type 0, state 0
0180:trace:sync:NtCreateEvent access 0x1f0003, name <null>, type 0, state 0
019c:trace:sync:NtCreateEvent access 0x1f0003, name <null>, type 1, state 0
01a8:trace:sync:NtCreateMutant access 0x1f0001, name L"\\BaseNamedObjects\\__WINE_FONT_MUTEX__", owned 0
0180:trace:sync:NtCreateEvent access 0x1f0003, name <null>, type 0, state 0
019c:trace:sync:NtCreateEvent access 0x1f0003, name <null>, type 1, state 0
0188:trace:sync:NtCreateEvent access 0x1f0003, name <null>, type 0, state 0
0188:trace:sync:NtCreateEvent access 0x1f0003, name <null>, type 0, state 0
01b8:trace:sync:NtCreateEvent access 0x1f0003, name <null>, type 0, state 0
01b8:trace:sync:NtCreateEvent access 0x1f0003, name <null>, type 0, state 0
0188:trace:sync:NtCreateEvent access 0x1f0003, name <null>, type 0, state 0
0188:trace:sync:NtCreateEvent access 0x1f0003, name <null>, type 0, state 0
0188:trace:sync:NtCreateEvent access 0x1f0003, name <null>, type 0, state 0
0188:trace:sync:NtCreateEvent access 0x1f0003, name <null>, type 0, state 0
01bc:trace:sync:NtCreateEvent access 0x1f0003, name <null>, type 0, state 0
0188:trace:sync:NtCreateEvent access 0x1f0003, name <null>, type 0, state 0
01bc:trace:sync:NtCreateEvent access 0x1f0003, name <null>, type 0, state 0
0188:trace:sync:NtCreateEvent access 0x1f0003, name <null>, type 0, state 0
01bc:trace:sync:NtCreateEvent access 0x1f0003, name <null>, type 0, state 0
0188:trace:sync:NtCreateEvent access 0x1f0003, name <null>, type 0, state 0
01bc:trace:sync:NtCreateEvent access 0x1f0003, name <null>, type 0, state 0
0188:trace:sync:NtCreateEvent access 0x1f0003, name <null>, type 0, state 0
01c0:trace:sync:NtCreateEvent access 0x1f0003, name <null>, type 0, state 0
01c0:trace:sync:NtCreateEvent access 0x1f0003, name <null>, type 0, state 0
01bc:trace:sync:NtCreateEvent access 0x1f0003, name <null>, type 0, state 0
01a8:trace:sync:NtCreateEvent access 0x1f0003, name <null>, type 0, state 0
01c4:trace:sync:NtCreateEvent access 0x1f0003, name <null>, type 0, state 0
0188:trace:sync:NtCreateEvent access 0x1f0003, name <null>, type 0, state 0
01bc:trace:sync:NtCreateEvent access 0x1f0003, name <null>, type 0, state 0
01c8:trace:sync:NtCreateEvent access 0x1f0003, name <null>, type 0, state 0
0128:trace:sync:NtCreateEvent access 0x1f0003, name <null>, type 0, state 0
0188:trace:sync:NtCreateEvent access 0x1f0003, name <null>, type 0, state 0
01bc:trace:sync:NtCreateEvent access 0x1f0003, name <null>, type 0, state 0
0188:trace:sync:NtCreateEvent access 0x1f0003, name <null>, type 0, state 0
0128:trace:sync:NtCreateEvent access 0x1f0003, name <null>, type 0, state 0
01c8:trace:sync:NtCreateEvent access 0x1f0003, name <null>, type 0, state 0
01bc:trace:sync:NtCreateEvent access 0x1f0003, name <null>, type 0, state 0
0188:trace:sync:NtCreateEvent access 0x1f0003, name <null>, type 0, state 0
01bc:trace:sync:NtCreateEvent access 0x1f0003, name <null>, type 0, state 0
0188:trace:sync:NtCreateEvent access 0x1f0003, name <null>, type 0, state 0
01bc:trace:sync:NtCreateEvent access 0x1f0003, name <null>, type 0, state 0
0188:trace:sync:NtCreateEvent access 0x1f0003, name <null>, type 0, state 0
01bc:trace:sync:NtCreateEvent access 0x1f0003, name <null>, type 0, state 0
01c8:trace:sync:NtCreateEvent access 0x1f0003, name <null>, type 0, state 0
0128:trace:sync:NtCreateEvent access 0x1f0003, name <null>, type 0, state 0
0128:trace:sync:NtCreateEvent access 0x1f0003, name <null>, type 0, state 0
01c8:trace:sync:NtCreateEvent access 0x1f0003, name <null>, type 0, state 0
0188:trace:sync:NtCreateEvent access 0x1f0003, name <null>, type 0, state 0
01bc:trace:sync:NtCreateEvent access 0x1f0003, name <null>, type 0, state 0
0188:trace:sync:NtCreateEvent access 0x1f0003, name <null>, type 0, state 0
01bc:trace:sync:NtCreateEvent access 0x1f0003, name <null>, type 0, state 0
0188:trace:sync:NtCreateEvent access 0x1f0003, name <null>, type 0, state 0
01bc:trace:sync:NtCreateEvent access 0x1f0003, name <null>, type 0, state 0
0188:trace:sync:NtCreateEvent access 0x1f0003, name <null>, type 0, state 0
0128:trace:sync:NtCreateEvent access 0x1f0003, name <null>, type 0, state 0
01c8:trace:sync:NtCreateEvent access 0x1f0003, name <null>, type 0, state 0
0128:trace:sync:NtCreateEvent access 0x1f0003, name <null>, type 0, state 0
01c8:trace:sync:NtCreateEvent access 0x1f0003, name <null>, type 0, state 0
002c:trace:sync:NtCreateMutant access 0x1f0001, name L"\\BaseNamedObjects\\__WINE_FONT_MUTEX__", owned 0
0180:trace:sync:NtCreateEvent access 0x1f0003, name <null>, type 0, state 0
002c:trace:sync:NtCreateEvent access 0x1f0003, name <null>, type 1, state 0
002c:trace:sync:NtCreateMutant access 0x1f0001, name L"c:!users!asdf!appdata!local!microsoft!windows!inetcache!", owned 0
002c:trace:sync:NtCreateMutant access 0x1f0001, name L"c:!users!asdf!appdata!local!microsoft!windows!history!", owned 0
002c:trace:sync:NtCreateMutant access 0x1f0001, name L"c:!users!asdf!appdata!local!microsoft!windows!inetcookies!", owned 0
0180:trace:sync:NtCreateEvent access 0x1f0003, name <null>, type 0, state 0
0024:trace:sync:NtCreateMutant access 0x1f0001, name L"\\BaseNamedObjects\\__WINE_FONT_MUTEX__", owned 0
01dc:trace:sync:NtCreateEvent access 0x1f0003, name <null>, type 0, state 0
01e0:trace:sync:NtCreateEvent access 0x1f0003, name <null>, type 0, state 0
01bc:trace:sync:NtCreateEvent access 0x1f0003, name <null>, type 0, state 0
0188:trace:sync:NtCreateEvent access 0x1f0003, name <null>, type 0, state 0
01bc:trace:sync:NtCreateEvent access 0x1f0003, name <null>, type 0, state 0
01dc:err:sc:wmain failed to start service 1056
0188:trace:sync:NtCreateEvent access 0x1f0003, name <null>, type 0, state 0
01bc:trace:sync:NtCreateEvent access 0x1f0003, name <null>, type 0, state 0
0180:trace:sync:NtCreateEvent access 0x1f0003, name <null>, type 0, state 0
0180:trace:sync:NtCreateEvent access 0x1f0003, name <null>, type 0, state 0
0180:trace:sync:NtCreateEvent access 0x1f0003, name <null>, type 0, state 0
0154:trace:sync:NtCreateEvent access 0x1f0003, name <null>, type 0, state 0
0154:trace:sync:NtCreateEvent access 0x1f0003, name <null>, type 0, state 0
0180:trace:sync:NtCreateEvent access 0x1f0003, name <null>, type 0, state 0
0180:trace:sync:NtCreateEvent access 0x1f0003, name <null>, type 0, state 0
0180:trace:sync:NtCreateEvent access 0x1f0003, name <null>, type 0, state 0
0180:trace:sync:NtCreateEvent access 0x1f0003, name <null>, type 0, state 0
0180:trace:sync:NtCreateEvent access 0x1f0003, name <null>, type 0, state 0
0180:trace:sync:NtCreateEvent access 0x1f0003, name <null>, type 0, state 0
0180:trace:sync:NtCreateEvent access 0x1f0003, name <null>, type 0, state 0
0180:trace:sync:NtCreateEvent access 0x1f0003, name <null>, type 0, state 0
0180:trace:sync:NtCreateEvent access 0x1f0003, name <null>, type 0, state 0
0180:trace:sync:NtCreateEvent access 0x1f0003, name <null>, type 0, state 0
0154:trace:sync:NtCreateEvent access 0x1f0003, name <null>, type 0, state 0
0154:trace:sync:NtCreateEvent access 0x1f0003, name <null>, type 0, state 0
0180:trace:sync:NtCreateEvent access 0x1f0003, name <null>, type 0, state 0
0180:trace:sync:NtCreateEvent access 0x1f0003, name <null>, type 0, state 0
0180:trace:sync:NtCreateEvent access 0x1f0003, name <null>, type 0, state 0
0180:trace:sync:NtCreateEvent access 0x1f0003, name <null>, type 0, state 0
0180:trace:sync:NtCreateEvent access 0x1f0003, name <null>, type 0, state 0
0180:trace:sync:NtCreateEvent access 0x1f0003, name <null>, type 0, state 0
0180:trace:sync:NtCreateEvent access 0x1f0003, name <null>, type 0, state 0
0180:trace:sync:NtCreateEvent access 0x1f0003, name <null>, type 0, state 0
0180:trace:sync:NtCreateEvent access 0x1f0003, name <null>, type 0, state 0
