setting console output to utf8 failed (12)
Setting console to UTF8 Failed (12)
cmu.exe - CodeMeter Universal Support Tool.
Version 8.40a of 2025-Oct-01(Build 7120) for Win64
Copyright (C) 2007-2025 by WIBU-SYSTEMS AG. All rights reserved.

Operating System:
 Microsoft Windows 10 Pro, 64-Bit

Current system user:
 username:                asdf
 domain:                  ASDF-THINKPAD-E

RunTime version information:
 cmu:                     8.40.7120.501 2025-10-01
 CodeMeter-Service:       not running

Installed file version information:
 CodeMeter-Service:       8.40.7120.501 2025-10-01
 CodeMeterCC:             8.40.7120.501 2025-10-01
 CmWebAdmin:              8.40.7120.501 2025-10-01
 cmu32:                   8.40.7120.501 2025-10-01
 CodeMeter Library (64):  8.40.7120.501 2025-10-01 
 CodeMeter JNI (64):      8.40.7120.501 2025-10-01 
 Xpm4J64 dll:            11.70.7120.501 2025-10-01 
 CodeMeter Library (32):  8.40.7120.501 2025-10-01 
 CodeMeter JNI (32):      8.40.7120.501 2025-10-01 
 Xpm4J32 dll (32):       11.70.7120.501 2025-10-01 
Resetting console codepage failed (12)
Resetting console to UTF8 failed (12)
