003c:trace:service:scmdatabase_load_services Loading service L"BITS"
003c:trace:service:load_service_config Image path           = L"C:\\windows\\system32\\svchost.exe -k netsvcs"
003c:trace:service:load_service_config Group                = (null)
003c:trace:service:load_service_config Service account name = L"LocalSystem"
003c:trace:service:load_service_config Display name         = L"BITS Service"
003c:trace:service:load_service_config Service dependencies : (none)
003c:trace:service:load_service_config Group dependencies   : (none)
003c:trace:service:scmdatabase_load_services Loading service L"Dnscache"
003c:trace:service:load_service_config Image path           = (null)
003c:trace:service:load_service_config Group                = (null)
003c:trace:service:load_service_config Service account name = (null)
003c:trace:service:load_service_config Display name         = (null)
003c:trace:service:load_service_config Service dependencies : (none)
003c:trace:service:load_service_config Group dependencies   : (none)
003c:trace:service:scmdatabase_load_services Even the service type not set for service L"Dnscache" - skipping
003c:trace:service:scmdatabase_load_services Loading service L"Eventlog"
003c:trace:service:load_service_config Image path           = L"C:\\windows\\system32\\svchost.exe -k LocalServiceNetworkRestricted"
003c:trace:service:load_service_config Group                = (null)
003c:trace:service:load_service_config Service account name = L"LocalSystem"
003c:trace:service:load_service_config Display name         = L"Event Log"
003c:trace:service:load_service_config Service dependencies : (none)
003c:trace:service:load_service_config Group dependencies   : (none)
003c:trace:service:scmdatabase_load_services Loading service L"FontCache"
003c:trace:service:load_service_config Image path           = L"C:\\windows\\system32\\svchost.exe -k netsvcs"
003c:trace:service:load_service_config Group                = (null)
003c:trace:service:load_service_config Service account name = L"LocalSystem"
003c:trace:service:load_service_config Display name         = L"Windows Font Cache Service"
003c:trace:service:load_service_config Service dependencies : (none)
003c:trace:service:load_service_config Group dependencies   : (none)
003c:trace:service:scmdatabase_load_services Loading service L"FontCache3.0.0.0"
003c:trace:service:load_service_config Image path           = L"C:\\windows\\Microsoft.Net\\Framework\\v3.0\\wpf\\presentationfontcache.exe"
003c:trace:service:load_service_config Group                = (null)
003c:trace:service:load_service_config Service account name = L"LocalSystem"
003c:trace:service:load_service_config Display name         = L"Windows Presentation Foundation Font Cache 3.0.0.0"
003c:trace:service:load_service_config Service dependencies : (none)
003c:trace:service:load_service_config Group dependencies   : (none)
003c:trace:service:scmdatabase_load_services Loading service L"HTTP"
003c:trace:service:load_service_config Image path           = L"C:\\windows\\system32\\drivers\\http.sys"
003c:trace:service:load_service_config Group                = (null)
003c:trace:service:load_service_config Service account name = L"LocalSystem"
003c:trace:service:load_service_config Display name         = L"HTTP"
003c:trace:service:load_service_config Service dependencies : (none)
003c:trace:service:load_service_config Group dependencies   : (none)
003c:trace:service:scmdatabase_load_services Loading service L"LanmanServer"
003c:trace:service:load_service_config Image path           = L"C:\\windows\\system32\\svchost.exe -k netsvcs"
003c:trace:service:load_service_config Group                = (null)
003c:trace:service:load_service_config Service account name = L"LocalSystem"
003c:trace:service:load_service_config Display name         = L"Lanman Server"
003c:trace:service:load_service_config Service dependencies : (none)
003c:trace:service:load_service_config Group dependencies   : (none)
003c:trace:service:scmdatabase_load_services Loading service L"MountMgr"
003c:trace:service:load_service_config Image path           = L"C:\\windows\\system32\\drivers\\mountmgr.sys"
003c:trace:service:load_service_config Group                = L"System Bus Extender"
003c:trace:service:load_service_config Service account name = L"LocalSystem"
003c:trace:service:load_service_config Display name         = L"Mount Manager"
003c:trace:service:load_service_config Service dependencies : (none)
003c:trace:service:load_service_config Group dependencies   : (none)
003c:trace:service:scmdatabase_load_services Loading service L"MSIServer"
003c:trace:service:load_service_config Image path           = L"C:\\windows\\system32\\msiexec.exe /V"
003c:trace:service:load_service_config Group                = (null)
003c:trace:service:load_service_config Service account name = L"LocalSystem"
003c:trace:service:load_service_config Display name         = L"MSIServer"
003c:trace:service:load_service_config Service dependencies : (none)
003c:trace:service:load_service_config Group dependencies   : (none)
003c:trace:service:scmdatabase_load_services Loading service L"NDIS"
003c:trace:service:load_service_config Image path           = L"C:\\windows\\system32\\drivers\\ndis.sys"
003c:trace:service:load_service_config Group                = L"System Bus Extender"
003c:trace:service:load_service_config Service account name = L"LocalSystem"
003c:trace:service:load_service_config Display name         = L"NDIS"
003c:trace:service:load_service_config Service dependencies : (none)
003c:trace:service:load_service_config Group dependencies   : (none)
003c:trace:service:scmdatabase_load_services Loading service L"nsiproxy"
003c:trace:service:load_service_config Image path           = L"C:\\windows\\system32\\drivers\\nsiproxy.sys"
003c:trace:service:load_service_config Group                = L"System Bus Extender"
003c:trace:service:load_service_config Service account name = L"LocalSystem"
003c:trace:service:load_service_config Display name         = L"NSI Proxy"
003c:trace:service:load_service_config Service dependencies : (none)
003c:trace:service:load_service_config Group dependencies   : (none)
003c:trace:service:scmdatabase_load_services Loading service L"PlugPlay"
003c:trace:service:load_service_config Image path           = L"C:\\windows\\system32\\plugplay.exe"
003c:trace:service:load_service_config Group                = (null)
003c:trace:service:load_service_config Service account name = L"LocalSystem"
003c:trace:service:load_service_config Display name         = L"Plug and Play Service"
003c:trace:service:load_service_config Service dependencies : (none)
003c:trace:service:load_service_config Group dependencies   : (none)
003c:trace:service:scmdatabase_load_services Loading service L"RpcSs"
003c:trace:service:load_service_config Image path           = L"C:\\windows\\system32\\rpcss.exe"
003c:trace:service:load_service_config Group                = (null)
003c:trace:service:load_service_config Service account name = L"LocalSystem"
003c:trace:service:load_service_config Display name         = L"Remote Procedure Call (RPC)"
003c:trace:service:load_service_config Service dependencies : (none)
003c:trace:service:load_service_config Group dependencies   : (none)
003c:trace:service:scmdatabase_load_services Loading service L"SamSs"
003c:trace:service:load_service_config Image path           = L"C:\\windows\\system32\\lsass.exe"
003c:trace:service:load_service_config Group                = (null)
003c:trace:service:load_service_config Service account name = L"LocalSystem"
003c:trace:service:load_service_config Display name         = L"Security Accounts Manager"
003c:trace:service:load_service_config Service dependencies : (none)
003c:trace:service:load_service_config Group dependencies   : (none)
003c:trace:service:scmdatabase_load_services Loading service L"scardsvr"
003c:trace:service:load_service_config Image path           = L"C:\\windows\\system32\\svchost.exe -k netsvcs"
003c:trace:service:load_service_config Group                = (null)
003c:trace:service:load_service_config Service account name = L"LocalSystem"
003c:trace:service:load_service_config Display name         = L"Smart card server"
003c:trace:service:load_service_config Service dependencies : (none)
003c:trace:service:load_service_config Group dependencies   : (none)
003c:trace:service:scmdatabase_load_services Loading service L"Schedule"
003c:trace:service:load_service_config Image path           = L"C:\\windows\\system32\\svchost.exe -k netsvcs"
003c:trace:service:load_service_config Group                = (null)
003c:trace:service:load_service_config Service account name = L"LocalSystem"
003c:trace:service:load_service_config Display name         = L"Task Scheduler"
003c:trace:service:load_service_config Service dependencies : (none)
003c:trace:service:load_service_config Group dependencies   : (none)
003c:trace:service:scmdatabase_load_services Loading service L"sessprobe"
003c:trace:service:load_service_config Image path           = L"C:\\sessprobe.exe"
003c:trace:service:load_service_config Group                = (null)
003c:trace:service:load_service_config Service account name = L"LocalSystem"
003c:trace:service:load_service_config Display name         = (null)
003c:trace:service:load_service_config Service dependencies : (none)
003c:trace:service:load_service_config Group dependencies   : (none)
003c:trace:service:scmdatabase_load_services Loading service L"Spooler"
003c:trace:service:load_service_config Image path           = L"C:\\windows\\system32\\spoolsv.exe"
003c:trace:service:load_service_config Group                = L"SpoolerGroup"
003c:trace:service:load_service_config Service account name = L"LocalSystem"
003c:trace:service:load_service_config Display name         = L"Print Spooler"
003c:trace:service:load_service_config Service dependencies : (none)
003c:trace:service:load_service_config Group dependencies   : (none)
003c:trace:service:scmdatabase_load_services Loading service L"StiSvc"
003c:trace:service:load_service_config Image path           = L"C:\\windows\\system32\\svchost.exe -k imgsvc"
003c:trace:service:load_service_config Group                = (null)
003c:trace:service:load_service_config Service account name = L"LocalSystem"
003c:trace:service:load_service_config Display name         = L"WIA Service"
003c:trace:service:load_service_config Service dependencies : (none)
003c:trace:service:load_service_config Group dependencies   : (none)
003c:trace:service:scmdatabase_load_services Loading service L"Tcpip"
003c:trace:service:load_service_config Image path           = (null)
003c:trace:service:load_service_config Group                = (null)
003c:trace:service:load_service_config Service account name = (null)
003c:trace:service:load_service_config Display name         = (null)
003c:trace:service:load_service_config Service dependencies : (none)
003c:trace:service:load_service_config Group dependencies   : (none)
003c:trace:service:scmdatabase_load_services Even the service type not set for service L"Tcpip" - skipping
003c:trace:service:scmdatabase_load_services Loading service L"Tcpip6"
003c:trace:service:load_service_config Image path           = (null)
003c:trace:service:load_service_config Group                = (null)
003c:trace:service:load_service_config Service account name = (null)
003c:trace:service:load_service_config Display name         = (null)
003c:trace:service:load_service_config Service dependencies : (none)
003c:trace:service:load_service_config Group dependencies   : (none)
003c:trace:service:scmdatabase_load_services Even the service type not set for service L"Tcpip6" - skipping
003c:trace:service:scmdatabase_load_services Loading service L"TermService"
003c:trace:service:load_service_config Image path           = L"C:\\windows\\system32\\termsv.exe"
003c:trace:service:load_service_config Group                = (null)
003c:trace:service:load_service_config Service account name = L"LocalSystem"
003c:trace:service:load_service_config Display name         = L"Terminal Services"
003c:trace:service:load_service_config Service dependencies : (none)
003c:trace:service:load_service_config Group dependencies   : (none)
003c:trace:service:scmdatabase_load_services Loading service L"tokprobe"
003c:trace:service:load_service_config Image path           = L"C:\\tokprobe.exe"
003c:trace:service:load_service_config Group                = (null)
003c:trace:service:load_service_config Service account name = L"LocalSystem"
003c:trace:service:load_service_config Display name         = (null)
003c:trace:service:load_service_config Service dependencies : (none)
003c:trace:service:load_service_config Group dependencies   : (none)
003c:trace:service:scmdatabase_load_services Loading service L"VxD"
003c:trace:service:load_service_config Image path           = (null)
003c:trace:service:load_service_config Group                = (null)
003c:trace:service:load_service_config Service account name = (null)
003c:trace:service:load_service_config Display name         = (null)
003c:trace:service:load_service_config Service dependencies : (none)
003c:trace:service:load_service_config Group dependencies   : (none)
003c:trace:service:scmdatabase_load_services Even the service type not set for service L"VxD" - skipping
003c:trace:service:scmdatabase_load_services Loading service L"winebth"
003c:trace:service:load_service_config Image path           = L"C:\\windows\\system32\\drivers\\winebth.sys"
003c:trace:service:load_service_config Group                = L"WinePlugPlay"
003c:trace:service:load_service_config Service account name = L"LocalSystem"
003c:trace:service:load_service_config Display name         = L"Wine Bluetooth bus"
003c:trace:service:load_service_config Service dependencies : (none)
003c:trace:service:load_service_config Group dependencies   : (none)
003c:trace:service:scmdatabase_load_services Loading service L"winebus"
003c:trace:service:load_service_config Image path           = L"C:\\windows\\system32\\drivers\\winebus.sys"
003c:trace:service:load_service_config Group                = L"WinePlugPlay"
003c:trace:service:load_service_config Service account name = L"LocalSystem"
003c:trace:service:load_service_config Display name         = L"Wine HID bus"
003c:trace:service:load_service_config Service dependencies : (none)
003c:trace:service:load_service_config Group dependencies   : (none)
003c:trace:service:scmdatabase_load_services Loading service L"winehid"
003c:trace:service:load_service_config Image path           = L"C:\\windows\\system32\\drivers\\winehid.sys"
003c:trace:service:load_service_config Group                = L"WinePlugPlay"
003c:trace:service:load_service_config Service account name = L"LocalSystem"
003c:trace:service:load_service_config Display name         = L"Wine HID"
003c:trace:service:load_service_config Service dependencies : (none)
003c:trace:service:load_service_config Group dependencies   : (none)
003c:trace:service:scmdatabase_load_services Loading service L"wineusb"
003c:trace:service:load_service_config Image path           = L"C:\\windows\\system32\\drivers\\wineusb.sys"
003c:trace:service:load_service_config Group                = L"WinePlugPlay"
003c:trace:service:load_service_config Service account name = L"LocalSystem"
003c:trace:service:load_service_config Display name         = L"Wine USB bus"
003c:trace:service:load_service_config Service dependencies : (none)
003c:trace:service:load_service_config Group dependencies   : (none)
003c:trace:service:scmdatabase_load_services Loading service L"Winmgmt"
003c:trace:service:load_service_config Image path           = L"C:\\windows\\system32\\winmgmt.exe"
003c:trace:service:load_service_config Group                = (null)
003c:trace:service:load_service_config Service account name = L"LocalSystem"
003c:trace:service:load_service_config Display name         = L"Windows Management Instrumentation Service"
003c:trace:service:load_service_config Service dependencies : (none)
003c:trace:service:load_service_config Group dependencies   : (none)
003c:trace:service:scmdatabase_load_services Loading service L"Winsock"
003c:trace:service:load_service_config Image path           = (null)
003c:trace:service:load_service_config Group                = (null)
003c:trace:service:load_service_config Service account name = (null)
003c:trace:service:load_service_config Display name         = (null)
003c:trace:service:load_service_config Service dependencies : (none)
003c:trace:service:load_service_config Group dependencies   : (none)
003c:trace:service:scmdatabase_load_services Even the service type not set for service L"Winsock" - skipping
003c:trace:service:scmdatabase_load_services Loading service L"Winsock2"
003c:trace:service:load_service_config Image path           = (null)
003c:trace:service:load_service_config Group                = (null)
003c:trace:service:load_service_config Service account name = (null)
003c:trace:service:load_service_config Display name         = (null)
003c:trace:service:load_service_config Service dependencies : (none)
003c:trace:service:load_service_config Group dependencies   : (none)
003c:trace:service:scmdatabase_load_services Even the service type not set for service L"Winsock2" - skipping
003c:trace:service:scmdatabase_load_services Loading service L"wuauserv"
003c:trace:service:load_service_config Image path           = L"C:\\windows\\system32\\wuauserv.exe"
003c:trace:service:load_service_config Group                = (null)
003c:trace:service:load_service_config Service account name = L"LocalSystem"
003c:trace:service:load_service_config Display name         = L"Automatic Updates"
003c:trace:service:load_service_config Service dependencies : (none)
003c:trace:service:load_service_config Group dependencies   : (none)
003c:trace:service:process_send_start_message 00007FFFFE26F9D0 L"Winedevice1" 00007FFFFE23F830 1
0048:trace:service:StartServiceCtrlDispatcherW 00007FFFFE23FF10
0048:trace:service:OpenSCManagerW (null) (null) 0x1
0050:trace:service:svcctl_OpenSCManagerW ((null), (null), 1)
0048:trace:service:service_run_main_thread Starting 1 services running as process 68
0054:trace:service:OpenServiceW 00007FFFFE26C8E0 L"Winedevice1" 0x8000
0050:trace:service:svcctl_OpenServiceW (L"Winedevice1", 0x8000)
0054:trace:service:OpenServiceW 00007FFFFE26C8E0 L"Winedevice1" 0xc0000000
0050:trace:service:svcctl_OpenServiceW (L"Winedevice1", 0xc0000000)
0054:trace:service:service_handle_control L"winedevice" control 0 data 00007FFFFE26AEC8 data_size 66
0058:trace:service:service_thread 00007FFFFE269A40
0058:trace:service:OpenSCManagerW (null) (null) 0x1
0050:trace:service:svcctl_OpenSCManagerW ((null), (null), 1)
0058:trace:service:RegisterServiceCtrlHandlerExW L"winedevice" 0000000140001F50 00007FFFFE26DCC8
0058:trace:service:SetServiceStatus 00007FFFFE26E350 0x30 0x4 0x5 0 0 0 0
0050:trace:service:svcctl_SetServiceStatus (00007FFFFE88CFE0, 00007FFFFE889474)
003c:trace:service:service_start returning 0
003c:trace:service:process_send_start_message 00007FFFFE26F9D0 L"MountMgr" 0000000000000000 0
0054:trace:service:service_handle_control L"winedevice" control 2147483648 data 00007FFFFE26DE12 data_size 18
0054:trace:service:OpenSCManagerW (null) (null) 0x1
0050:trace:service:svcctl_OpenSCManagerW ((null), (null), 1)
0054:trace:service:OpenServiceW 00007FFFFE26E3D0 L"MountMgr" 0x8001
0050:trace:service:svcctl_OpenServiceW (L"MountMgr", 0x8001)
0054:trace:service:CloseServiceHandle 00007FFFFE26E3D0
0050:trace:service:svcctl_CloseServiceHandle (&00007FFFFE88D7C0)
0054:trace:service:QueryServiceConfigW 00007FFFFE26E410 0000000000000000 0 00007FFFFEB4FDD0
0050:trace:service:svcctl_QueryServiceConfigW (00007FFFFE88C280)
0054:trace:service:QueryServiceConfigW 00007FFFFE26E410 00007FFFFEE62D30 240 00007FFFFEB4FDD0
0050:trace:service:svcctl_QueryServiceConfigW (00007FFFFE88C280)
0054:trace:service:QueryServiceConfigW Image path           = L"C:\\windows\\system32\\drivers\\mountmgr.sys"
0054:trace:service:QueryServiceConfigW Group                = L"System Bus Extender"
0054:trace:service:QueryServiceConfigW Dependencies         = L""
0054:trace:service:QueryServiceConfigW Service account name = L"LocalSystem"
0054:trace:service:QueryServiceConfigW Display name         = L"Mount Manager"
0054:trace:service:SetServiceStatus 00007FFFFE26E410 0x30 0x2 0 0 0 0 0x2710
0050:trace:service:svcctl_SetServiceStatus (00007FFFFE88D160, 00007FFFFE889474)
0054:trace:service:SetServiceStatus 00007FFFFE26E410 0x30 0x4 0x5 0 0 0 0
0050:trace:service:svcctl_SetServiceStatus (00007FFFFE88D160, 00007FFFFE889474)
003c:trace:service:service_start returning 0
003c:trace:service:process_send_start_message 00007FFFFE26FA20 L"PlugPlay" 0000000000000000 0
006c:trace:service:StartServiceCtrlDispatcherW 0000000140004240
006c:trace:service:OpenSCManagerW (null) (null) 0x1
0050:trace:service:svcctl_OpenSCManagerW ((null), (null), 1)
006c:trace:service:service_run_main_thread Starting 1 services running as process 104
007c:trace:service:OpenServiceW 00007FFFFE26BCC0 L"PlugPlay" 0x8000
0050:trace:service:svcctl_OpenServiceW (L"PlugPlay", 0x8000)
007c:trace:service:OpenServiceW 00007FFFFE26BCC0 L"PlugPlay" 0xc0000000
0050:trace:service:svcctl_OpenServiceW (L"PlugPlay", 0xc0000000)
007c:trace:service:service_handle_control L"PlugPlay" control 0 data 00007FFFFE26BFB2 data_size 20
0080:trace:service:service_thread 00007FFFFE264800
0080:trace:service:RegisterServiceCtrlHandlerExW L"PlugPlay" 0000000140002380 0000000000000000
0080:trace:service:SetServiceStatus 00007FFFFE26E9A0 0x30 0x4 0x5 0 0 0 0x2710
0050:trace:service:svcctl_SetServiceStatus (00007FFFFE88D1E0, 00007FFFFE88F3C4)
003c:trace:service:service_start returning 0
003c:trace:service:process_send_start_message 00007FFFFE26F930 L"Eventlog" 0000000000000000 0
008c:trace:service:StartServiceCtrlDispatcherW 00007FFFFE266CD0
008c:trace:service:OpenSCManagerW (null) (null) 0x1
0050:trace:service:svcctl_OpenSCManagerW ((null), (null), 1)
008c:trace:service:service_run_main_thread Starting 1 services running as process 136
0094:trace:service:OpenServiceW 00007FFFFE26A220 L"Eventlog" 0x8000
0050:trace:service:svcctl_OpenServiceW (L"Eventlog", 0x8000)
0094:trace:service:OpenServiceW 00007FFFFE26A220 L"Eventlog" 0xc0000000
0050:trace:service:svcctl_OpenServiceW (L"Eventlog", 0xc0000000)
0094:trace:service:service_handle_control L"EventLog" control 0 data 00007FFFFE26CD72 data_size 20
0098:trace:service:service_thread 00007FFFFE26A1C0
0098:trace:service:RegisterServiceCtrlHandlerExW L"EventLog" 00006FFFFEDC9490 00006FFFFB4816F0
0098:trace:service:SetServiceStatus 00007FFFFE26AC50 0x30 0x4 0x5 0 0 0 0
0050:trace:service:svcctl_SetServiceStatus (00007FFFFE88D320, 00007FFFFE891C04)
003c:trace:service:service_start returning 0
003c:trace:service:process_send_start_message 00007FFFFE26F9D0 L"nsiproxy" 0000000000000000 0
0054:trace:service:service_handle_control L"winedevice" control 2147483648 data 00007FFFFEE74BC2 data_size 18
0054:trace:service:OpenSCManagerW (null) (null) 0x1
0050:trace:service:svcctl_OpenSCManagerW ((null), (null), 1)
0054:trace:service:OpenServiceW 00007FFFFE26E450 L"nsiproxy" 0x8001
0050:trace:service:svcctl_OpenServiceW (L"nsiproxy", 0x8001)
0054:trace:service:CloseServiceHandle 00007FFFFE26E450
0050:trace:service:svcctl_CloseServiceHandle (&00007FFFFE88D820)
0054:trace:service:QueryServiceConfigW 00007FFFFE26E490 0000000000000000 0 00007FFFFEB4FDD0
0050:trace:service:svcctl_QueryServiceConfigW (00007FFFFE88C280)
0054:trace:service:QueryServiceConfigW 00007FFFFE26E490 00007FFFFEED85A0 232 00007FFFFEB4FDD0
0050:trace:service:svcctl_QueryServiceConfigW (00007FFFFE88C280)
0054:trace:service:QueryServiceConfigW Image path           = L"C:\\windows\\system32\\drivers\\nsiproxy.sys"
0054:trace:service:QueryServiceConfigW Group                = L"System Bus Extender"
0054:trace:service:QueryServiceConfigW Dependencies         = L""
0054:trace:service:QueryServiceConfigW Service account name = L"LocalSystem"
0054:trace:service:QueryServiceConfigW Display name         = L"NSI Proxy"
0054:trace:service:SetServiceStatus 00007FFFFE26E490 0x30 0x2 0 0 0 0 0x2710
0050:trace:service:svcctl_SetServiceStatus (00007FFFFE88D460, 00007FFFFE889474)
0054:trace:service:SetServiceStatus 00007FFFFE26E490 0x30 0x4 0x5 0 0 0 0
0050:trace:service:svcctl_SetServiceStatus (00007FFFFE88D460, 00007FFFFE889474)
003c:trace:service:service_start returning 0
003c:trace:service:process_send_start_message 00007FFFFE26F9D0 L"NDIS" 0000000000000000 0
0054:trace:service:service_handle_control L"winedevice" control 2147483648 data 00007FFFFEE74BC2 data_size 10
0054:trace:service:OpenSCManagerW (null) (null) 0x1
0050:trace:service:svcctl_OpenSCManagerW ((null), (null), 1)
0054:trace:service:OpenServiceW 00007FFFFE26E450 L"NDIS" 0x8001
0050:trace:service:svcctl_OpenServiceW (L"NDIS", 0x8001)
0054:trace:service:CloseServiceHandle 00007FFFFE26E450
0050:trace:service:svcctl_CloseServiceHandle (&00007FFFFE88D820)
0054:trace:service:QueryServiceConfigW 00007FFFFE26E4D0 0000000000000000 0 00007FFFFEB4FDD0
0050:trace:service:svcctl_QueryServiceConfigW (00007FFFFE88C280)
0054:trace:service:QueryServiceConfigW 00007FFFFE26E4D0 00007FFFFEED8770 214 00007FFFFEB4FDD0
0050:trace:service:svcctl_QueryServiceConfigW (00007FFFFE88C280)
0054:trace:service:QueryServiceConfigW Image path           = L"C:\\windows\\system32\\drivers\\ndis.sys"
0054:trace:service:QueryServiceConfigW Group                = L"System Bus Extender"
0054:trace:service:QueryServiceConfigW Dependencies         = L""
0054:trace:service:QueryServiceConfigW Service account name = L"LocalSystem"
0054:trace:service:QueryServiceConfigW Display name         = L"NDIS"
0054:trace:service:SetServiceStatus 00007FFFFE26E4D0 0x30 0x2 0 0 0 0 0x2710
0050:trace:service:svcctl_SetServiceStatus (00007FFFFE88D4E0, 00007FFFFE889474)
0054:trace:service:SetServiceStatus 00007FFFFE26E4D0 0x30 0x4 0x5 0 0 0 0
0050:trace:service:svcctl_SetServiceStatus (00007FFFFE88D4E0, 00007FFFFE889474)
003c:trace:service:service_start returning 0
003c:trace:service:process_send_start_message 00007FFFFE26FB10 L"Winedevice2" 00007FFFFE23F830 1
00a4:trace:service:StartServiceCtrlDispatcherW 00007FFFFE23FF10
00a4:trace:service:OpenSCManagerW (null) (null) 0x1
0050:trace:service:svcctl_OpenSCManagerW ((null), (null), 1)
00a4:trace:service:service_run_main_thread Starting 1 services running as process 160
00ac:trace:service:OpenServiceW 00007FFFFE26C8E0 L"Winedevice2" 0x8000
0050:trace:service:svcctl_OpenServiceW (L"Winedevice2", 0x8000)
00ac:trace:service:OpenServiceW 00007FFFFE26C8E0 L"Winedevice2" 0xc0000000
0050:trace:service:svcctl_OpenServiceW (L"Winedevice2", 0xc0000000)
00ac:trace:service:service_handle_control L"winedevice" control 0 data 00007FFFFE26D0F8 data_size 52
00b0:trace:service:service_thread 00007FFFFE269A40
00b0:trace:service:OpenSCManagerW (null) (null) 0x1
0050:trace:service:svcctl_OpenSCManagerW ((null), (null), 1)
00b0:trace:service:RegisterServiceCtrlHandlerExW L"winedevice" 0000000140001F50 00007FFFFE26E398
00b0:trace:service:SetServiceStatus 00007FFFFE26E300 0x30 0x4 0x5 0 0 0 0
0050:trace:service:svcctl_SetServiceStatus (00007FFFFE88D560, 00007FFFFE894604)
003c:trace:service:service_start returning 0
003c:trace:service:process_send_start_message 00007FFFFE26FB10 L"winebus" 0000000000000000 0
00ac:trace:service:service_handle_control L"winedevice" control 2147483648 data 00007FFFFE26DDC2 data_size 16
00ac:trace:service:OpenSCManagerW (null) (null) 0x1
0050:trace:service:svcctl_OpenSCManagerW ((null), (null), 1)
00ac:trace:service:OpenServiceW 00007FFFFE26E3C0 L"winebus" 0x8001
0050:trace:service:svcctl_OpenServiceW (L"winebus", 0x8001)
00ac:trace:service:CloseServiceHandle 00007FFFFE26E3C0
0050:trace:service:svcctl_CloseServiceHandle (&00007FFFFE88D880)
00ac:trace:service:QueryServiceConfigW 00007FFFFE26E400 0000000000000000 0 00007FFFFEB4FDD0
0050:trace:service:svcctl_QueryServiceConfigW (00007FFFFE88C280)
00ac:trace:service:QueryServiceConfigW 00007FFFFE26E400 00007FFFFEE62C90 222 00007FFFFEB4FDD0
0050:trace:service:svcctl_QueryServiceConfigW (00007FFFFE88C280)
00ac:trace:service:QueryServiceConfigW Image path           = L"C:\\windows\\system32\\drivers\\winebus.sys"
00ac:trace:service:QueryServiceConfigW Group                = L"WinePlugPlay"
00ac:trace:service:QueryServiceConfigW Dependencies         = L""
00ac:trace:service:QueryServiceConfigW Service account name = L"LocalSystem"
00ac:trace:service:QueryServiceConfigW Display name         = L"Wine HID bus"
00ac:trace:service:SetServiceStatus 00007FFFFE26E400 0x30 0x2 0 0 0 0 0x2710
0050:trace:service:svcctl_SetServiceStatus (00007FFFFE896D80, 00007FFFFE894604)
00ac:trace:service:OpenSCManagerW (null) (null) 0x1
0050:trace:service:svcctl_OpenSCManagerW ((null), (null), 1)
00ac:trace:service:OpenServiceW 00007FFFFE26E440 L"winebus" 0x8001
0050:trace:service:svcctl_OpenServiceW (L"winebus", 0x8001)
00ac:trace:service:CloseServiceHandle 00007FFFFE26E440
0050:trace:service:svcctl_CloseServiceHandle (&00007FFFFE88D880)
00ac:trace:service:QueryServiceConfigW 00007FFFFE26E480 0000000000000000 0 00007FFFFEB4F2C0
0050:trace:service:svcctl_QueryServiceConfigW (00007FFFFE88C280)
00ac:trace:service:QueryServiceConfigW 00007FFFFE26E480 00007FFFFEE64140 222 00007FFFFEB4F2C0
0050:trace:service:svcctl_QueryServiceConfigW (00007FFFFE88C280)
00ac:trace:service:QueryServiceConfigW Image path           = L"C:\\windows\\system32\\drivers\\winebus.sys"
00ac:trace:service:QueryServiceConfigW Group                = L"WinePlugPlay"
00ac:trace:service:QueryServiceConfigW Dependencies         = L""
00ac:trace:service:QueryServiceConfigW Service account name = L"LocalSystem"
00ac:trace:service:QueryServiceConfigW Display name         = L"Wine HID bus"
00ac:trace:service:CloseServiceHandle 00007FFFFE26E480
0050:trace:service:svcctl_CloseServiceHandle (&00007FFFFE896E40)
00b4:trace:service:OpenSCManagerW (null) (null) 0x1
0050:trace:service:svcctl_OpenSCManagerW ((null), (null), 1)
00b4:trace:service:OpenServiceW 00007FFFFEEC9580 L"winehid" 0x8001
0050:trace:service:svcctl_OpenServiceW (L"winehid", 0x8001)
00b4:trace:service:CloseServiceHandle 00007FFFFEEC9580
0050:trace:service:svcctl_CloseServiceHandle (&00007FFFFE88D880)
00b4:trace:service:QueryServiceConfigW 00007FFFFEEC95C0 0000000000000000 0 00007FFFFF26F000
0050:trace:service:svcctl_QueryServiceConfigW (00007FFFFE88C280)
00b4:trace:service:QueryServiceConfigW 00007FFFFEEC95C0 00007FFFFEEDEDE0 214 00007FFFFF26F000
0050:trace:service:svcctl_QueryServiceConfigW (00007FFFFE88C280)
00b4:trace:service:QueryServiceConfigW Image path           = L"C:\\windows\\system32\\drivers\\winehid.sys"
00b4:trace:service:QueryServiceConfigW Group                = L"WinePlugPlay"
00b4:trace:service:QueryServiceConfigW Dependencies         = L""
00b4:trace:service:QueryServiceConfigW Service account name = L"LocalSystem"
00b4:trace:service:QueryServiceConfigW Display name         = L"Wine HID"
00b4:trace:service:SetServiceStatus 00007FFFFEEC95C0 0x30 0x2 0 0 0 0 0x2710
0050:trace:service:svcctl_SetServiceStatus (00007FFFFE896E40, 00007FFFFE894604)
00b4:trace:service:SetServiceStatus 00007FFFFEEC95C0 0x30 0x4 0x5 0 0 0 0
0050:trace:service:svcctl_SetServiceStatus (00007FFFFE896E40, 00007FFFFE894604)
00b4:trace:service:OpenSCManagerW (null) (null) 0x1
0050:trace:service:svcctl_OpenSCManagerW ((null), (null), 1)
00b4:trace:service:OpenServiceW 00007FFFFEEC9580 L"winehid" 0x8001
0050:trace:service:svcctl_OpenServiceW (L"winehid", 0x8001)
00b4:trace:service:CloseServiceHandle 00007FFFFEEC9580
0050:trace:service:svcctl_CloseServiceHandle (&00007FFFFE88D880)
00b4:trace:service:QueryServiceConfigW 00007FFFFEEC9600 0000000000000000 0 00007FFFFF26F000
0050:trace:service:svcctl_QueryServiceConfigW (00007FFFFE88C280)
00b4:trace:service:QueryServiceConfigW 00007FFFFEEC9600 00007FFFFEEE6370 214 00007FFFFF26F000
0050:trace:service:svcctl_QueryServiceConfigW (00007FFFFE88C280)
00b4:trace:service:QueryServiceConfigW Image path           = L"C:\\windows\\system32\\drivers\\winehid.sys"
00b4:trace:service:QueryServiceConfigW Group                = L"WinePlugPlay"
00b4:trace:service:QueryServiceConfigW Dependencies         = L""
00b4:trace:service:QueryServiceConfigW Service account name = L"LocalSystem"
00b4:trace:service:QueryServiceConfigW Display name         = L"Wine HID"
00b4:trace:service:CloseServiceHandle 00007FFFFEEC9600
0050:trace:service:svcctl_CloseServiceHandle (&00007FFFFE896EC0)
00ac:trace:service:SetServiceStatus 00007FFFFE26E400 0x30 0x4 0x5 0 0 0 0
0050:trace:service:svcctl_SetServiceStatus (00007FFFFE896D80, 00007FFFFE894604)
003c:trace:service:service_start returning 0
003c:trace:service:process_send_start_message 00007FFFFE26FB10 L"wineusb" 0000000000000000 0
00ac:trace:service:service_handle_control L"winedevice" control 2147483648 data 00007FFFFEEC6AF2 data_size 16
00ac:trace:service:OpenSCManagerW (null) (null) 0x1
0050:trace:service:svcctl_OpenSCManagerW ((null), (null), 1)
00ac:trace:service:OpenServiceW 00007FFFFE26E3C0 L"wineusb" 0x8001
0050:trace:service:svcctl_OpenServiceW (L"wineusb", 0x8001)
00ac:trace:service:CloseServiceHandle 00007FFFFE26E3C0
0050:trace:service:svcctl_CloseServiceHandle (&00007FFFFE88D880)
00ac:trace:service:QueryServiceConfigW 00007FFFFE26E4C0 0000000000000000 0 00007FFFFEB4FDD0
0050:trace:service:svcctl_QueryServiceConfigW (00007FFFFE88C280)
00ac:trace:service:QueryServiceConfigW 00007FFFFE26E4C0 00007FFFFEEE61B0 222 00007FFFFEB4FDD0
0050:trace:service:svcctl_QueryServiceConfigW (00007FFFFE88C280)
00ac:trace:service:QueryServiceConfigW Image path           = L"C:\\windows\\system32\\drivers\\wineusb.sys"
00ac:trace:service:QueryServiceConfigW Group                = L"WinePlugPlay"
00ac:trace:service:QueryServiceConfigW Dependencies         = L""
00ac:trace:service:QueryServiceConfigW Service account name = L"LocalSystem"
00ac:trace:service:QueryServiceConfigW Display name         = L"Wine USB bus"
00ac:trace:service:SetServiceStatus 00007FFFFE26E4C0 0x30 0x2 0 0 0 0 0x2710
0050:trace:service:svcctl_SetServiceStatus (00007FFFFE896EC0, 00007FFFFE894604)
00ac:trace:service:OpenSCManagerW (null) (null) 0x1
0050:trace:service:svcctl_OpenSCManagerW ((null), (null), 1)
00ac:trace:service:OpenServiceW 00007FFFFE26E500 L"wineusb" 0x8001
0050:trace:service:svcctl_OpenServiceW (L"wineusb", 0x8001)
00ac:trace:service:CloseServiceHandle 00007FFFFE26E500
0050:trace:service:svcctl_CloseServiceHandle (&00007FFFFE88D880)
00ac:trace:service:QueryServiceConfigW 00007FFFFE26E540 0000000000000000 0 00007FFFFEB4F2C0
0050:trace:service:svcctl_QueryServiceConfigW (00007FFFFE88C280)
00ac:trace:service:QueryServiceConfigW 00007FFFFE26E540 00007FFFFEE64690 222 00007FFFFEB4F2C0
0050:trace:service:svcctl_QueryServiceConfigW (00007FFFFE88C280)
00ac:trace:service:QueryServiceConfigW Image path           = L"C:\\windows\\system32\\drivers\\wineusb.sys"
00ac:trace:service:QueryServiceConfigW Group                = L"WinePlugPlay"
00ac:trace:service:QueryServiceConfigW Dependencies         = L""
00ac:trace:service:QueryServiceConfigW Service account name = L"LocalSystem"
00ac:trace:service:QueryServiceConfigW Display name         = L"Wine USB bus"
00ac:trace:service:CloseServiceHandle 00007FFFFE26E540
0050:trace:service:svcctl_CloseServiceHandle (&00007FFFFE896F40)
00ac:trace:service:SetServiceStatus 00007FFFFE26E4C0 0x30 0x4 0x5 0 0 0 0
0050:trace:service:svcctl_SetServiceStatus (00007FFFFE896EC0, 00007FFFFE894604)
003c:trace:service:service_start returning 0
003c:trace:service:process_send_start_message 00007FFFFE26FB10 L"winebth" 0000000000000000 0
00ac:trace:service:service_handle_control L"winedevice" control 2147483648 data 00007FFFFEEC6AF2 data_size 16
00ac:trace:service:OpenSCManagerW (null) (null) 0x1
0050:trace:service:svcctl_OpenSCManagerW ((null), (null), 1)
00ac:trace:service:OpenServiceW 00007FFFFE26E3C0 L"winebth" 0x8001
0050:trace:service:svcctl_OpenServiceW (L"winebth", 0x8001)
00ac:trace:service:CloseServiceHandle 00007FFFFE26E3C0
0050:trace:service:svcctl_CloseServiceHandle (&00007FFFFE88D880)
00ac:trace:service:QueryServiceConfigW 00007FFFFE26E500 0000000000000000 0 00007FFFFEB4FDD0
0050:trace:service:svcctl_QueryServiceConfigW (00007FFFFE88C280)
00ac:trace:service:QueryServiceConfigW 00007FFFFE26E500 00007FFFFEEE61B0 234 00007FFFFEB4FDD0
0050:trace:service:svcctl_QueryServiceConfigW (00007FFFFE88C280)
00ac:trace:service:QueryServiceConfigW Image path           = L"C:\\windows\\system32\\drivers\\winebth.sys"
00ac:trace:service:QueryServiceConfigW Group                = L"WinePlugPlay"
00ac:trace:service:QueryServiceConfigW Dependencies         = L""
00ac:trace:service:QueryServiceConfigW Service account name = L"LocalSystem"
00ac:trace:service:QueryServiceConfigW Display name         = L"Wine Bluetooth bus"
00ac:trace:service:SetServiceStatus 00007FFFFE26E500 0x30 0x2 0 0 0 0 0x2710
0050:trace:service:svcctl_SetServiceStatus (00007FFFFE896F40, 00007FFFFE894604)
00ac:trace:service:OpenSCManagerW (null) (null) 0x1
0050:trace:service:svcctl_OpenSCManagerW ((null), (null), 1)
00ac:trace:service:OpenServiceW 00007FFFFE26E540 L"winebth" 0x8001
0050:trace:service:svcctl_OpenServiceW (L"winebth", 0x8001)
00ac:trace:service:CloseServiceHandle 00007FFFFE26E540
0050:trace:service:svcctl_CloseServiceHandle (&00007FFFFE88D880)
00ac:trace:service:QueryServiceConfigW 00007FFFFE26E580 0000000000000000 0 00007FFFFEB4F2C0
0050:trace:service:svcctl_QueryServiceConfigW (00007FFFFE88C280)
00ac:trace:service:QueryServiceConfigW 00007FFFFE26E580 00007FFFFEEE61B0 234 00007FFFFEB4F2C0
0050:trace:service:svcctl_QueryServiceConfigW (00007FFFFE88C280)
00ac:trace:service:QueryServiceConfigW Image path           = L"C:\\windows\\system32\\drivers\\winebth.sys"
00ac:trace:service:QueryServiceConfigW Group                = L"WinePlugPlay"
00ac:trace:service:QueryServiceConfigW Dependencies         = L""
00ac:trace:service:QueryServiceConfigW Service account name = L"LocalSystem"
00ac:trace:service:QueryServiceConfigW Display name         = L"Wine Bluetooth bus"
00ac:trace:service:CloseServiceHandle 00007FFFFE26E580
0050:trace:service:svcctl_CloseServiceHandle (&00007FFFFE896FC0)
00ac:trace:service:SetServiceStatus 00007FFFFE26E500 0x30 0x4 0x5 0 0 0 0
0050:trace:service:svcctl_SetServiceStatus (00007FFFFE896F40, 00007FFFFE894604)
003c:trace:service:service_start returning 0
0074:trace:service:OpenSCManagerW (null) (null) 0
0050:trace:service:svcctl_OpenSCManagerW ((null), (null), 0)
0074:trace:service:OpenServiceW 00007FFFFE84EC90 L"RpcSs" 0x14
0050:trace:service:svcctl_OpenServiceW (L"RpcSs", 0x14)
0074:trace:service:StartServiceW 00007FFFFE84ECD0 0 0000000000000000
0050:trace:service:svcctl_StartServiceW (00007FFFFE896FC0, 0, 0000000000000000)
0050:trace:service:process_send_start_message 00007FFFFE89B240 L"RpcSs" 0000000000000000 0
00f4:trace:service:StartServiceCtrlDispatcherW 0000000140005580
00f4:trace:service:OpenSCManagerW (null) (null) 0x1
00fc:trace:service:svcctl_OpenSCManagerW ((null), (null), 1)
00f4:trace:service:service_run_main_thread Starting 1 services running as process 240
0100:trace:service:OpenServiceW 00007FFFFE2699C0 L"RpcSs" 0x8000
00fc:trace:service:svcctl_OpenServiceW (L"RpcSs", 0x8000)
0100:trace:service:OpenServiceW 00007FFFFE2699C0 L"RpcSs" 0xc0000000
00fc:trace:service:svcctl_OpenServiceW (L"RpcSs", 0xc0000000)
0100:trace:service:service_handle_control L"RpcSs" control 0 data 00007FFFFE26D40C data_size 14
0104:trace:service:service_thread 00007FFFFE269960
0104:trace:service:RegisterServiceCtrlHandlerExW L"RpcSs" 00000001400037D0 0000000000000000
0104:trace:service:SetServiceStatus 00007FFFFE26D9F0 0x30 0x4 0x5 0 0 0 0x2710
00fc:trace:service:svcctl_SetServiceStatus (00007FFFFE89EE70, 00007FFFFE89C854)
0050:trace:service:service_start returning 0
0074:trace:service:QueryServiceStatusEx 00007FFFFE84ECD0 0 00007FFFFE23ECE0 36 00007FFFFE23ECDC
0074:trace:service:CloseServiceHandle 00007FFFFE84ECD0
0050:trace:service:svcctl_CloseServiceHandle (&00007FFFFE896FC0)
0074:trace:service:CloseServiceHandle 00007FFFFE84EC90
00fc:trace:service:svcctl_CloseServiceHandle (&00007FFFFE88D880)
011c:fixme:file:NtLockFile I/O completion on lock not implemented yet
011c:fixme:ntdll:NtQuerySystemInformation info_class SYSTEM_PERFORMANCE_INFORMATION
0124:fixme:kernelbase:AppPolicyGetProcessTerminationMethod FFFFFFFFFFFFFFFA, 00007FFFFE13FEB0
012c:fixme:kernelbase:AppPolicyGetProcessTerminationMethod FFFFFFFA, 0026FEBC
0140:trace:service:OpenSCManagerW L"" (null) 0x1
0050:trace:service:svcctl_OpenSCManagerW (L"", (null), 1)
0140:trace:service:OpenServiceW 00007FFFFE7E3790 L"winmgmt" 0x1
00fc:trace:service:svcctl_OpenServiceW (L"winmgmt", 0x1)
0140:trace:service:QueryServiceConfigW 00007FFFFE7E37D0 00007FFFFE7EF110 4096 00007FFFFEF1F500
0050:trace:service:svcctl_QueryServiceConfigW (00007FFFFE88C280)
0140:trace:service:QueryServiceConfigW Image path           = L"C:\\windows\\system32\\winmgmt.exe"
0140:trace:service:QueryServiceConfigW Group                = L""
0140:trace:service:QueryServiceConfigW Dependencies         = L""
0140:trace:service:QueryServiceConfigW Service account name = L"LocalSystem"
0140:trace:service:QueryServiceConfigW Display name         = L"Windows Management Instrumentation Service"
0140:trace:service:CloseServiceHandle 00007FFFFE7E37D0
00fc:trace:service:svcctl_CloseServiceHandle (&00007FFFFE89EF70)
0140:trace:service:OpenServiceW 00007FFFFE7E3790 L"winmgmt" 0x4
0050:trace:service:svcctl_OpenServiceW (L"winmgmt", 0x4)
0140:trace:service:QueryServiceStatus 00007FFFFE7E37D0 00007FFFFEF1F620
0140:trace:service:QueryServiceStatusEx 00007FFFFE7E37D0 0 00007FFFFEF1F4E0 36 00007FFFFEF1F4DC
0140:trace:service:CloseServiceHandle 00007FFFFE7E37D0
0050:trace:service:svcctl_CloseServiceHandle (&00007FFFFE896FC0)
0140:trace:service:CloseServiceHandle 00007FFFFE7E3790
00fc:trace:service:svcctl_CloseServiceHandle (&00007FFFFE88D880)
0154:trace:service:OpenSCManagerW L"" (null) 0x1
0050:trace:service:svcctl_OpenSCManagerW (L"", (null), 1)
0154:trace:service:OpenServiceW 00007FFFFE7E3790 L"Tcpip" 0x1
00fc:trace:service:svcctl_OpenServiceW (L"Tcpip", 0x1)
0154:trace:service:OpenServiceW 00007FFFFE7E3790 L"Tcpip" 0x4
0050:trace:service:svcctl_OpenServiceW (L"Tcpip", 0x4)
0154:trace:service:CloseServiceHandle 00007FFFFE7E3790
00fc:trace:service:svcctl_CloseServiceHandle (&00007FFFFE88D880)
016c:trace:service:OpenSCManagerW (null) (null) 0x20000
0050:trace:service:svcctl_OpenSCManagerW ((null), (null), 20000)
016c:trace:service:OpenServiceW 00007FFFFE7E3790 L"CodeMeter.exe" 0x20000
00fc:trace:service:svcctl_OpenServiceW (L"CodeMeter.exe", 0x20000)
016c:trace:service:CloseServiceHandle 00007FFFFE7E3790
0050:trace:service:svcctl_CloseServiceHandle (&00007FFFFE88D880)
016c:trace:service:OpenSCManagerW (null) (null) 0x20000
00fc:trace:service:svcctl_OpenSCManagerW ((null), (null), 20000)
016c:trace:service:OpenServiceW 00007FFFFE7E3790 L"CmWebAdmin.exe" 0x20000
0050:trace:service:svcctl_OpenServiceW (L"CmWebAdmin.exe", 0x20000)
016c:trace:service:CloseServiceHandle 00007FFFFE7E3790
00fc:trace:service:svcctl_CloseServiceHandle (&00007FFFFE89F620)
011c:trace:service:OpenSCManagerW (null) (null) 0x1
0050:trace:service:svcctl_OpenSCManagerW ((null), (null), 1)
011c:trace:service:GetServiceDisplayNameW 00007FFFFF697520 L"CodeMeter.exe" 0000000000000000 00007FFFFE23F074
00fc:trace:service:svcctl_GetServiceDisplayNameW (L"CodeMeter.exe", 1)
011c:trace:service:CloseServiceHandle 00007FFFFF697520
0050:trace:service:svcctl_CloseServiceHandle (&00007FFFFE88D880)
011c:trace:service:OpenSCManagerW (null) (null) 0xf003f
00fc:trace:service:svcctl_OpenSCManagerW ((null), (null), f003f)
011c:trace:service:OpenServiceW 00007FFFFF697520 L"CodeMeter.exe" 0x2c
0050:trace:service:svcctl_OpenServiceW (L"CodeMeter.exe", 0x2c)
011c:trace:service:CloseServiceHandle 00007FFFFF697520
00fc:trace:service:svcctl_CloseServiceHandle (&00007FFFFE89F650)
011c:trace:service:OpenSCManagerW (null) (null) 0x1
0050:trace:service:svcctl_OpenSCManagerW ((null), (null), 1)
011c:trace:service:GetServiceDisplayNameW 00007FFFFF697520 L"CmWebAdmin.exe" 0000000000000000 00007FFFFE23F074
00fc:trace:service:svcctl_GetServiceDisplayNameW (L"CmWebAdmin.exe", 1)
011c:trace:service:CloseServiceHandle 00007FFFFF697520
0050:trace:service:svcctl_CloseServiceHandle (&00007FFFFE88D880)
011c:trace:service:OpenSCManagerW (null) (null) 0xf003f
00fc:trace:service:svcctl_OpenSCManagerW ((null), (null), f003f)
011c:trace:service:OpenServiceW 00007FFFFF697520 L"CmWebAdmin.exe" 0x2c
0050:trace:service:svcctl_OpenServiceW (L"CmWebAdmin.exe", 0x2c)
011c:trace:service:CloseServiceHandle 00007FFFFF697520
00fc:trace:service:svcctl_CloseServiceHandle (&00007FFFFE89F680)
01c8:trace:service:OpenSCManagerW (null) (null) 0xf003f
0050:trace:service:svcctl_OpenSCManagerW ((null), (null), f003f)
01c8:trace:service:OpenServiceW 00007FFFFE8215D0 L"CodeMeter.exe" 0xf003f
00fc:trace:service:svcctl_OpenServiceW (L"CodeMeter.exe", 0xf003f)
01c8:trace:service:CloseServiceHandle 00007FFFFE8215D0
0050:trace:service:svcctl_CloseServiceHandle (&00007FFFFE88D880)
01dc:fixme:hnetcfg:netfw_rules_Item 0094A1F8, L"CodeMeterFWExP22350UDP", 0110FA20
regsvr32: Successfully registered DLL 'C:\Program Files (x86)\CodeMeter\Runtime\bin\WibuCmTrigger32.dll'
regsvr32: Successfully registered DLL 'C:\Program Files\CodeMeter\Runtime\bin\WibuCmTrigger64.dll'
011c:trace:service:OpenSCManagerW (null) L"ServicesActive" 0x40000000
0250:trace:service:svcctl_OpenSCManagerW ((null), L"ServicesActive", 40000000)
011c:trace:service:CreateServiceW 00007FFFFF7359A0 L"CodeMeter.exe" L"CodeMeter Runtime Server"
0250:trace:service:svcctl_CreateServiceW (L"CodeMeter.exe", L"CodeMeter Runtime Server", 0x10000000, L"C:\\Program Files\\CodeMeter\\Runtime\\bin\\CodeMeter.exe")
0250:trace:service:create_serviceW (L"CodeMeter.exe", L"CodeMeter Runtime Server", 0x10000000, L"C:\\Program Files\\CodeMeter\\Runtime\\bin\\CodeMeter.exe")
0250:trace:service:svcctl_ChangeServiceConfig2W changing service 00007FFFFE897040 descr to L"CodeMeter Runtime Server"
011c:trace:service:CloseServiceHandle 00007FFFFF7359E0
0250:trace:service:svcctl_CloseServiceHandle (&00007FFFFE897040)
011c:trace:service:CloseServiceHandle 00007FFFFF7359A0
0250:trace:service:svcctl_CloseServiceHandle (&00007FFFFE88D880)
011c:trace:service:OpenSCManagerW (null) L"ServicesActive" 0x40000000
0250:trace:service:svcctl_OpenSCManagerW ((null), L"ServicesActive", 40000000)
011c:trace:service:CreateServiceW 00007FFFFF735960 L"CmWebAdmin.exe" L"CmWebAdmin"
0250:trace:service:svcctl_CreateServiceW (L"CmWebAdmin.exe", L"CmWebAdmin", 0x10000000, L"C:\\Program Files\\CodeMeter\\Runtime\\bin\\CmWebAdmin.exe")
0250:trace:service:create_serviceW (L"CmWebAdmin.exe", L"CmWebAdmin", 0x10000000, L"C:\\Program Files\\CodeMeter\\Runtime\\bin\\CmWebAdmin.exe")
0250:trace:service:svcctl_ChangeServiceConfig2W changing service 00007FFFFE8970C0 descr to L"CmWebAdmin Service"
011c:trace:service:CloseServiceHandle 00007FFFFF7359A0
0250:trace:service:svcctl_CloseServiceHandle (&00007FFFFE8970C0)
011c:trace:service:CloseServiceHandle 00007FFFFF735960
0250:trace:service:svcctl_CloseServiceHandle (&00007FFFFE88D880)
0258:trace:service:OpenSCManagerW (null) (null) 0x20000
0250:trace:service:svcctl_OpenSCManagerW ((null), (null), 20000)
0258:trace:service:OpenServiceW 00007FFFFE7E3790 L"CodeMeter.exe" 0x20000
0250:trace:service:svcctl_OpenServiceW (L"CodeMeter.exe", 0x20000)
0258:trace:service:CloseServiceHandle 00007FFFFE7E3790
0250:trace:service:svcctl_CloseServiceHandle (&00007FFFFE88D880)
0258:fixme:service:QueryServiceObjectSecurity 00007FFFFE7E37D0 4 0000000000000000 0 00007FFFFEF1F70C - semi-stub
0258:fixme:service:QueryServiceObjectSecurity 00007FFFFE7E37D0 4 00007FFFFE7E3790 28 00007FFFFEF1F70C - semi-stub
0258:trace:service:CloseServiceHandle 00007FFFFE7E37D0
0250:trace:service:svcctl_CloseServiceHandle (&00007FFFFE8970C0)
0258:trace:service:OpenSCManagerW (null) (null) 0x40000
0250:trace:service:svcctl_OpenSCManagerW ((null), (null), 40000)
0258:trace:service:OpenServiceW 00007FFFFE7E3810 L"CodeMeter.exe" 0x40000
0250:trace:service:svcctl_OpenServiceW (L"CodeMeter.exe", 0x40000)
0258:trace:service:CloseServiceHandle 00007FFFFE7E3810
0250:trace:service:svcctl_CloseServiceHandle (&00007FFFFE88D880)
0258:fixme:advapi:SetSecurityInfo unimplemented type 2, returning success
0258:trace:service:CloseServiceHandle 00007FFFFE7E3850
0250:trace:service:svcctl_CloseServiceHandle (&00007FFFFE8970C0)
0258:trace:service:OpenSCManagerW (null) (null) 0x20000
0250:trace:service:svcctl_OpenSCManagerW ((null), (null), 20000)
0258:trace:service:OpenServiceW 00007FFFFE7E3810 L"CmWebAdmin.exe" 0x20000
0250:trace:service:svcctl_OpenServiceW (L"CmWebAdmin.exe", 0x20000)
0258:trace:service:CloseServiceHandle 00007FFFFE7E3810
0250:trace:service:svcctl_CloseServiceHandle (&00007FFFFE88D880)
0258:fixme:service:QueryServiceObjectSecurity 00007FFFFE7E3850 4 0000000000000000 0 00007FFFFEF1F70C - semi-stub
0258:fixme:service:QueryServiceObjectSecurity 00007FFFFE7E3850 4 00007FFFFE7E3810 28 00007FFFFEF1F70C - semi-stub
0258:trace:service:CloseServiceHandle 00007FFFFE7E3850
0250:trace:service:svcctl_CloseServiceHandle (&00007FFFFE8970C0)
0258:trace:service:OpenSCManagerW (null) (null) 0x40000
0250:trace:service:svcctl_OpenSCManagerW ((null), (null), 40000)
0258:trace:service:OpenServiceW 00007FFFFE7E3890 L"CmWebAdmin.exe" 0x40000
0250:trace:service:svcctl_OpenServiceW (L"CmWebAdmin.exe", 0x40000)
0258:trace:service:CloseServiceHandle 00007FFFFE7E3890
0250:trace:service:svcctl_CloseServiceHandle (&00007FFFFE88D880)
0258:fixme:advapi:SetSecurityInfo unimplemented type 2, returning success
0258:trace:service:CloseServiceHandle 00007FFFFE7E38D0
0250:trace:service:svcctl_CloseServiceHandle (&00007FFFFE8970C0)
011c:trace:service:OpenSCManagerW (null) (null) 0x1
0250:trace:service:svcctl_OpenSCManagerW ((null), (null), 1)
011c:trace:service:GetServiceDisplayNameW 00007FFFFF735920 L"CmWebAdmin.exe" 0000000000000000 00007FFFFE23F028
0250:trace:service:svcctl_GetServiceDisplayNameW (L"CmWebAdmin.exe", 1)
011c:trace:service:GetServiceDisplayNameW 00007FFFFF735920 L"CmWebAdmin.exe" 00007FFFFF74F560 00007FFFFE23F028
0250:trace:service:svcctl_GetServiceDisplayNameW (L"CmWebAdmin.exe", 10)
011c:trace:service:OpenServiceW 00007FFFFF735920 L"CmWebAdmin.exe" 0x14
0250:trace:service:svcctl_OpenServiceW (L"CmWebAdmin.exe", 0x14)
011c:trace:service:StartServiceW 00007FFFFF735960 0 0000000000000000
0250:trace:service:svcctl_StartServiceW (00007FFFFE897100, 0, 0000000000000000)
0250:trace:service:process_send_start_message 00007FFFFE89B1F0 L"CmWebAdmin.exe" 0000000000000000 0
0260:fixme:seh:WerGetFlags (FFFFFFFFFFFFFFFF, 000000000024FD98) stub
0260:fixme:seh:WerSetFlags (32) stub
0260:fixme:powrprof:PowerRegisterSuspendResumeNotification (0x00000002,000000000024FD10,000000000024FD20) stub!
0260:trace:service:StartServiceCtrlDispatcherW 000000C0001C3E90
0260:trace:service:OpenSCManagerW (null) (null) 0x1
027c:trace:service:svcctl_OpenSCManagerW ((null), (null), 1)
0260:trace:service:service_run_main_thread Starting 1 services running as process 604
0280:trace:service:OpenServiceW 00000000014FAEA0 L"CmWebAdmin.exe" 0x8000
027c:trace:service:svcctl_OpenServiceW (L"CmWebAdmin.exe", 0x8000)
0280:trace:service:OpenServiceW 00000000014FAEA0 L"CmWebAdmin.exe" 0xc0000000
027c:trace:service:svcctl_OpenServiceW (L"CmWebAdmin.exe", 0xc0000000)
0280:trace:service:service_handle_control L"CmWebAdmin.exe" control 0 data 000000000150F91E data_size 32
0284:trace:service:service_thread 00000000014FB580
0284:trace:service:RegisterServiceCtrlHandlerExW L"CmWebAdmin.exe" 000000000047DE6A 0000000000000000
0284:trace:service:SetServiceStatus 0000000001510310 0x10 0x2 0 0 0 0 0
027c:trace:service:svcctl_SetServiceStatus (00007FFFFE8B76E0, 00007FFFFE89EFC4)
0250:trace:service:service_start returning 0
0284:trace:service:SetServiceStatus 0000000001510310 0x10 0x4 0x5 0 0 0 0
027c:trace:service:svcctl_SetServiceStatus (00007FFFFE8B76E0, 00007FFFFE89EFC4)
011c:trace:service:CloseServiceHandle 00007FFFFF735960
0250:trace:service:svcctl_CloseServiceHandle (&00007FFFFE897100)
011c:trace:service:CloseServiceHandle 00007FFFFF735920
027c:trace:service:svcctl_CloseServiceHandle (&00007FFFFE88D880)
02d0:fixme:netsh:wmain stub: L"netsh" L"advfirewall" L"firewall" L"delete" L"rule" L"name=CodeMeter Runtime Server"
02e8:fixme:netsh:wmain stub: L"netsh" L"advfirewall" L"firewall" L"delete" L"rule" L"name=CmWebAdminFWEx1"
0300:fixme:netsh:wmain stub: L"netsh" L"advfirewall" L"firewall" L"delete" L"rule" L"name=CodeMeterFWEx1"
0318:trace:service:OpenSCManagerW (null) (null) 0
0250:trace:service:svcctl_OpenSCManagerW ((null), (null), 0)
0318:trace:service:OpenServiceW 00007FFFFE25C9D0 L"SamSs" 0x14
027c:trace:service:svcctl_OpenServiceW (L"SamSs", 0x14)
0318:trace:service:StartServiceW 00007FFFFE25CA10 0 0000000000000000
0250:trace:service:svcctl_StartServiceW (00007FFFFE8B77E0, 0, 0000000000000000)
0250:trace:service:process_send_start_message 00007FFFFE89B2E0 L"SamSs" 0000000000000000 0
0324:trace:service:StartServiceCtrlDispatcherW 00000001400094E0
0324:trace:service:OpenSCManagerW (null) (null) 0x1
027c:trace:service:svcctl_OpenSCManagerW ((null), (null), 1)
0324:trace:service:service_run_main_thread Starting 1 services running as process 800
032c:trace:service:OpenServiceW 00007FFFFE269A20 L"SamSs" 0x8000
027c:trace:service:svcctl_OpenServiceW (L"SamSs", 0x8000)
032c:trace:service:OpenServiceW 00007FFFFE269A20 L"SamSs" 0xc0000000
027c:trace:service:svcctl_OpenServiceW (L"SamSs", 0xc0000000)
032c:trace:service:service_handle_control L"SamSs" control 0 data 00007FFFFE26D27C data_size 14
0330:trace:service:service_thread 00007FFFFE2699C0
0330:trace:service:RegisterServiceCtrlHandlerExW L"SamSs" 0000000140006840 0000000000000000
0330:trace:service:SetServiceStatus 00007FFFFE26AD80 0x30 0x4 0x5 0 0 0 0x2710
027c:trace:service:svcctl_SetServiceStatus (00007FFFFE8B78A0, 00007FFFFE8C8A04)
0250:trace:service:service_start returning 0
0318:trace:service:QueryServiceStatusEx 00007FFFFE25CA10 0 00007FFFFE13F0D0 36 00007FFFFE13F0CC
0318:trace:service:CloseServiceHandle 00007FFFFE25CA10
0250:trace:service:svcctl_CloseServiceHandle (&00007FFFFE8B77E0)
0318:trace:service:CloseServiceHandle 00007FFFFE25C9D0
027c:trace:service:svcctl_CloseServiceHandle (&00007FFFFE88D880)
0318:fixme:powrprof:PowerRegisterSuspendResumeNotification (0x00000002,00007FFFFE13F260,00006FFFF8B39AB8) stub!
0340:fixme:kernelbase:AppPolicyGetThreadInitializationType FFFFFFFFFFFFFFFA, 00007FFFFECFFF50
0318:trace:service:OpenSCManagerW L"" (null) 0x1
0250:trace:service:svcctl_OpenSCManagerW (L"", (null), 1)
0318:trace:service:OpenServiceA 0000782EE15C12A0 "CodeMeter.exe" 0x1
0318:trace:service:OpenServiceW 0000782EE15C12A0 L"CodeMeter.exe" 0x1
027c:trace:service:svcctl_OpenServiceW (L"CodeMeter.exe", 0x1)
0318:trace:service:QueryServiceConfigA 0000782EE15C12E0 0000782EE1605B30 4096 00007FFFFE13F57C
0318:trace:service:QueryServiceConfigW 0000782EE15C12E0 0000782EE1606B40 8192 00007FFFFE13F57C
0250:trace:service:svcctl_QueryServiceConfigW (00007FFFFE88C280)
0318:trace:service:QueryServiceConfigW Image path           = L"C:\\Program Files\\CodeMeter\\Runtime\\bin\\CodeMeter.exe"
0318:trace:service:QueryServiceConfigW Group                = L""
0318:trace:service:QueryServiceConfigW Dependencies         = L""
0318:trace:service:QueryServiceConfigW Service account name = L"LocalSystem"
0318:trace:service:QueryServiceConfigW Display name         = L"CodeMeter Runtime Server"
0318:trace:service:CloseServiceHandle 0000782EE15C12E0
027c:trace:service:svcctl_CloseServiceHandle (&00007FFFFE8B77E0)
0318:trace:service:OpenServiceA 0000782EE15C12A0 "CodeMeter.exe" 0x4
0318:trace:service:OpenServiceW 0000782EE15C12A0 L"CodeMeter.exe" 0x4
0250:trace:service:svcctl_OpenServiceW (L"CodeMeter.exe", 0x4)
0318:trace:service:QueryServiceStatus 0000782EE15C12E0 00007FFFFE13F6E0
0318:trace:service:QueryServiceStatusEx 0000782EE15C12E0 0 00007FFFFE13F1C0 36 00007FFFFE13F1BC
0318:fixme:ntdll:enum_firmware_info info_class SYSTEM_FIRMWARE_TABLE_INFORMATION provider 41435049
0058:fixme:mountmgr:disk_ioctl Unsupported ioctl 74080 (device=7 access=1 func=20 method=0)
0058:fixme:mountmgr:query_property Faking StorageDeviceProperty data
0058:fixme:mountmgr:disk_ioctl IOCTL_VOLUME_GET_VOLUME_DISK_EXTENTS semi-stub.
0058:fixme:mountmgr:query_property Faking StorageDeviceProperty data
0058:fixme:mountmgr:disk_ioctl IOCTL_VOLUME_GET_VOLUME_DISK_EXTENTS semi-stub.
0058:fixme:mountmgr:disk_ioctl Unsupported ioctl 74080 (device=7 access=1 func=20 method=0)
0318:trace:service:OpenSCManagerW (null) L"ServicesActive" 0x80000000
0250:trace:service:svcctl_OpenSCManagerW ((null), L"ServicesActive", 80000000)
0318:trace:service:OpenServiceA 0000782EE160BF50 "winmgmt" 0x80000000
0318:trace:service:OpenServiceW 0000782EE160BF50 L"winmgmt" 0x80000000
027c:trace:service:svcctl_OpenServiceW (L"winmgmt", 0x80000000)
0318:trace:service:QueryServiceStatusEx 0000782EE160BF90 0 00007FFFFE13F4D0 36 00007FFFFE13F4CC
0318:trace:service:CloseServiceHandle 0000782EE160BF90
027c:trace:service:svcctl_CloseServiceHandle (&00007FFFFE8B77E0)
0318:trace:service:CloseServiceHandle 0000782EE160BF50
0250:trace:service:svcctl_CloseServiceHandle (&00007FFFFE88DA30)
0318:trace:service:CloseServiceHandle 0000782EE15C12E0
027c:trace:service:svcctl_CloseServiceHandle (&00007FFFFE897100)
0318:trace:service:OpenServiceA 0000782EE15C12A0 "CodeMeter.exe" 0x1c
0318:trace:service:OpenServiceW 0000782EE15C12A0 L"CodeMeter.exe" 0x1c
0250:trace:service:svcctl_OpenServiceW (L"CodeMeter.exe", 0x1c)
0318:trace:service:StartServiceW 0000782EE160BF90 0 0000000000000000
027c:trace:service:svcctl_StartServiceW (00007FFFFE897100, 0, 0000000000000000)
027c:trace:service:process_send_start_message 00007FFFFE8CA180 L"CodeMeter.exe" 0000000000000000 0
0350:fixme:powrprof:PowerRegisterSuspendResumeNotification (0x00000002,00007FFFFE13F260,00006FFFF8B39AB8) stub!
0358:fixme:kernelbase:AppPolicyGetThreadInitializationType FFFFFFFFFFFFFFFA, 00007FFFFECFFF50
035c:fixme:kernelbase:AppPolicyGetThreadInitializationType FFFFFFFFFFFFFFFA, 00007FFFFEF0FF50
0350:trace:service:StartServiceCtrlDispatcherA 00007FFFFE13F660
0350:trace:service:OpenSCManagerW (null) (null) 0x1
0250:trace:service:svcctl_OpenSCManagerW ((null), (null), 1)
0350:trace:service:service_run_main_thread Starting 1 services running as process 844
0368:trace:service:OpenServiceW 00007FFFFF5C98F0 L"CodeMeter.exe" 0x8000
0250:trace:service:svcctl_OpenServiceW (L"CodeMeter.exe", 0x8000)
0368:trace:service:OpenServiceW 00007FFFFF5C98F0 L"CodeMeter.exe" 0xc0000000
0250:trace:service:svcctl_OpenServiceW (L"CodeMeter.exe", 0xc0000000)
0368:trace:service:service_handle_control L"CodeMeter.exe" control 0 data 00007FFFFF5FB11C data_size 30
036c:trace:service:service_thread 00007FFFFE34C2B0
036c:trace:service:RegisterServiceCtrlHandlerExW L"CodeMeter.exe" 000000014214D730 0000000000000000
036c:trace:service:SetServiceStatus 00007FFFFF5FBB10 0x10 0x2 0x47 0 0 0x1 0
0250:trace:service:svcctl_SetServiceStatus (00007FFFFE8971C0, 00007FFFFE8CEBA4)
027c:trace:service:service_start returning 0
036c:trace:service:SetServiceStatus 00007FFFFF5FBB10 0x10 0x2 0x47 0 0 0x3 0
0318:trace:service:QueryServiceStatus 0000782EE160BF90 00007FFFFE13F9BC
0318:trace:service:QueryServiceStatusEx 0000782EE160BF90 0 00007FFFFE13F540 36 00007FFFFE13F53C
0250:trace:service:svcctl_SetServiceStatus (00007FFFFE8971C0, 00007FFFFE8CEBA4)
0318:trace:service:QueryServiceStatus 0000782EE160BF90 00007FFFFE13F9BC
0318:trace:service:QueryServiceStatusEx 0000782EE160BF90 0 00007FFFFE13F540 36 00007FFFFE13F53C
036c:fixme:advapi:RegisterEventSourceA ((null),"CodeMeter Runtime Server"): stub
036c:fixme:advapi:RegisterEventSourceW (L"",L"CodeMeter Runtime Server"): stub
036c:fixme:advapi:ReportEventA (00000000CAFE4242,0x0004,0x0000,0x41000200,0000000000000000,0x0000,0x00000000,0000739BDCDDFD48,0000000000000000): stub
036c:fixme:ntdll:enum_firmware_info info_class SYSTEM_FIRMWARE_TABLE_INFORMATION provider 41435049
0058:fixme:mountmgr:disk_ioctl Unsupported ioctl 74080 (device=7 access=1 func=20 method=0)
0058:fixme:mountmgr:query_property Faking StorageDeviceProperty data
036c:fixme:iphlpapi:NotifyIpInterfaceChange (family 0, callback 0000000140A1B120, context 0000000142F6F240, init_notify 0, handle 0000739BDCDDF1B8): stub
0378:fixme:kernelbase:AppPolicyGetThreadInitializationType FFFFFFFFFFFFFFFA, 0000739BDCB6FF50
0378:fixme:wtsapi:WTSWaitSystemEvent Stub 0000000000000000 0x7fffffff 0000739BDCB6FF04
036c:fixme:ole:CoInitializeSecurity 0000000000000000, -1, 0000000000000000, 0000000000000000, 0, 3, 0000000000000000, 0, 0000000000000000 stub
036c:fixme:tape:BackupRead (0000000000000128, 0000739BDCDDF270, 20, 0000739BDCDDF2C4, 0, 0, 0000739BDCDDF2B0)
036c:fixme:tape:BackupRead (0000000000000128, 0000000000000000, 0, 0000000000000000, 1, 0, 0000739BDCDDF2B0)
036c:fixme:tape:BackupRead (0000000000000128, 0000739BDCDDF270, 20, 0000739BDCDDF2C4, 0, 0, 0000739BDCDDF2B0)
036c:fixme:tape:BackupRead (0000000000000128, 0000000000000000, 0, 0000000000000000, 1, 0, 0000739BDCDDF2B0)
036c:fixme:tape:BackupRead (0000000000000128, 0000739BDCDDF270, 20, 0000739BDCDDF2C4, 0, 0, 0000739BDCDDF2B0)
036c:fixme:tape:BackupRead (0000000000000128, 0000000000000000, 0, 0000000000000000, 1, 0, 0000739BDCDDF2B0)
0058:fixme:mountmgr:disk_ioctl IOCTL_VOLUME_GET_VOLUME_DISK_EXTENTS semi-stub.
0058:fixme:mountmgr:query_property Faking StorageDeviceProperty data
0058:fixme:mountmgr:disk_ioctl IOCTL_VOLUME_GET_VOLUME_DISK_EXTENTS semi-stub.
0058:fixme:mountmgr:disk_ioctl Unsupported ioctl 74080 (device=7 access=1 func=20 method=0)
036c:trace:service:OpenSCManagerW (null) L"ServicesActive" 0x80000000
027c:trace:service:svcctl_OpenSCManagerW ((null), L"ServicesActive", 80000000)
036c:trace:service:OpenServiceA 00007FFFFF610050 "winmgmt" 0x80000000
036c:trace:service:OpenServiceW 00007FFFFF610050 L"winmgmt" 0x80000000
0250:trace:service:svcctl_OpenServiceW (L"winmgmt", 0x80000000)
036c:trace:service:QueryServiceStatusEx 00007FFFFF610110 0 0000739BDCDDF210 36 0000739BDCDDF20C
036c:trace:service:CloseServiceHandle 00007FFFFF610110
0250:trace:service:svcctl_CloseServiceHandle (&00007FFFFE8972C0)
036c:trace:service:CloseServiceHandle 00007FFFFF610050
027c:trace:service:svcctl_CloseServiceHandle (&00007FFFFE8B7EC0)
036c:fixme:ntdll:NtSystemDebugControl (7, (nil), 0, (nil), 0, (nil)), stub
036c:fixme:ole:CoInitializeSecurity 0000000000000000, -1, 0000000000000000, 0000000000000000, 0, 3, 0000000000000000, 0, 0000000000000000 stub
036c:fixme:netapi32:DsEnumerateDomainTrustsA ((null), 0x0008, 0000739BDCDDF5C8, 0000739BDCDDF5C4): stub
036c:fixme:ole:CoInitializeSecurity 0000000000000000, -1, 0000000000000000, 0000000000000000, 0, 3, 0000000000000000, 0, 0000000000000000 stub
036c:fixme:netapi32:DsGetDcNameW ((null), (null), (null), (null), 00000080, 0000739BDCDDF4C8): semi-stub
036c:fixme:security:GetWindowsAccountDomainSid (0000739BDCDDE220 00007FFFFE7A2068 0000739BDCDDE21C): semi-stub
036c:fixme:netapi32:DsGetDcNameW ((null), (null), (null), (null), 00000011, 0000739BDCDDF4C8): semi-stub
036c:fixme:security:GetWindowsAccountDomainSid (0000739BDCDDE220 00007FFFFE7A26D8 0000739BDCDDE21C): semi-stub
036c:fixme:netapi32:DsEnumerateDomainTrustsW ((null), 0x003f, 0000739BDCDDF0D8, 0000739BDCDDEF90): stub
036c:trace:service:I_ScRegisterDeviceNotification handle 00007FFFFF5FBB10, filter 0000739BDCDDF6F0, callback 00006FFFFD75ED80
036c:trace:service:I_ScRegisterDeviceNotification handle 00007FFFFF5FBB10, filter 0000739BDCDDF6F0, callback 00006FFFFD75ED80
036c:fixme:advapi:ReportEventA (00000000CAFE4242,0x0004,0x0000,0x41000204,0000000000000000,0x0000,0x00000000,0000739BDCDDF858,0000000000000000): stub
036c:trace:service:SetServiceStatus 00007FFFFF5FBB10 0x10 0x2 0x47 0 0 0xb 0xea60
0250:trace:service:svcctl_SetServiceStatus (00007FFFFE8971C0, 00007FFFFE8CEBA4)
0058:fixme:mountmgr:disk_ioctl IOCTL_VOLUME_GET_VOLUME_DISK_EXTENTS semi-stub.
0058:fixme:mountmgr:query_property Faking StorageDeviceProperty data
0058:fixme:mountmgr:disk_ioctl IOCTL_VOLUME_GET_VOLUME_DISK_EXTENTS semi-stub.
0058:fixme:mountmgr:disk_ioctl Unsupported ioctl 74080 (device=7 access=1 func=20 method=0)
036c:trace:service:OpenSCManagerW (null) L"ServicesActive" 0x80000000
027c:trace:service:svcctl_OpenSCManagerW ((null), L"ServicesActive", 80000000)
036c:trace:service:OpenServiceA 00007FFFFF66F760 "winmgmt" 0x80000000
036c:trace:service:OpenServiceW 00007FFFFF66F760 L"winmgmt" 0x80000000
0250:trace:service:svcctl_OpenServiceW (L"winmgmt", 0x80000000)
036c:trace:service:QueryServiceStatusEx 00007FFFFF66F7A0 0 0000739BDCDD8DA0 36 0000739BDCDD8D9C
036c:trace:service:CloseServiceHandle 00007FFFFF66F7A0
0250:trace:service:svcctl_CloseServiceHandle (&00007FFFFE8972C0)
036c:trace:service:CloseServiceHandle 00007FFFFF66F760
027c:trace:service:svcctl_CloseServiceHandle (&00007FFFFE8B7EC0)
0058:fixme:mountmgr:disk_ioctl IOCTL_VOLUME_GET_VOLUME_DISK_EXTENTS semi-stub.
0058:fixme:mountmgr:disk_ioctl Unsupported ioctl 74080 (device=7 access=1 func=20 method=0)
0058:fixme:mountmgr:disk_ioctl IOCTL_VOLUME_GET_VOLUME_DISK_EXTENTS semi-stub.
0058:fixme:mountmgr:disk_ioctl Unsupported ioctl 74080 (device=7 access=1 func=20 method=0)
0058:fixme:mountmgr:disk_ioctl IOCTL_VOLUME_GET_VOLUME_DISK_EXTENTS semi-stub.
0058:fixme:mountmgr:disk_ioctl Unsupported ioctl 74080 (device=7 access=1 func=20 method=0)
0058:fixme:mountmgr:disk_ioctl IOCTL_VOLUME_GET_VOLUME_DISK_EXTENTS semi-stub.
0058:fixme:mountmgr:query_property Faking StorageDeviceProperty data
0058:fixme:mountmgr:disk_ioctl IOCTL_VOLUME_GET_VOLUME_DISK_EXTENTS semi-stub.
0058:fixme:mountmgr:query_property Faking StorageDeviceProperty data
0058:fixme:mountmgr:disk_ioctl IOCTL_VOLUME_GET_VOLUME_DISK_EXTENTS semi-stub.
0058:fixme:mountmgr:query_property Faking StorageDeviceProperty data
036c:trace:service:OpenSCManagerW (null) L"ServicesActive" 0x80000000
0250:trace:service:svcctl_OpenSCManagerW ((null), L"ServicesActive", 80000000)
036c:trace:service:OpenServiceA 00007FFFFF66F760 "winmgmt" 0x80000000
036c:trace:service:OpenServiceW 00007FFFFF66F760 L"winmgmt" 0x80000000
027c:trace:service:svcctl_OpenServiceW (L"winmgmt", 0x80000000)
036c:trace:service:QueryServiceStatusEx 00007FFFFF66F7A0 0 0000739BDCDD8490 36 0000739BDCDD848C
0318:trace:service:QueryServiceStatus 0000782EE160BF90 00007FFFFE13F9BC
0318:trace:service:QueryServiceStatusEx 0000782EE160BF90 0 00007FFFFE13F540 36 00007FFFFE13F53C
036c:trace:service:CloseServiceHandle 00007FFFFF66F7A0
0250:trace:service:svcctl_CloseServiceHandle (&00007FFFFE8B77E0)
036c:trace:service:CloseServiceHandle 00007FFFFF66F760
027c:trace:service:svcctl_CloseServiceHandle (&00007FFFFE88DA60)
036c:trace:service:OpenSCManagerW (null) L"ServicesActive" 0x80000000
0250:trace:service:svcctl_OpenSCManagerW ((null), L"ServicesActive", 80000000)
036c:trace:service:OpenServiceA 00007FFFFF66F760 "winmgmt" 0x80000000
036c:trace:service:OpenServiceW 00007FFFFF66F760 L"winmgmt" 0x80000000
027c:trace:service:svcctl_OpenServiceW (L"winmgmt", 0x80000000)
036c:trace:service:QueryServiceStatusEx 00007FFFFF66F7A0 0 0000739BDCDD8490 36 0000739BDCDD848C
036c:trace:service:CloseServiceHandle 00007FFFFF66F7A0
027c:trace:service:svcctl_CloseServiceHandle (&00007FFFFE8B77E0)
036c:trace:service:CloseServiceHandle 00007FFFFF66F760
0250:trace:service:svcctl_CloseServiceHandle (&00007FFFFE88DA60)
036c:trace:service:OpenSCManagerW (null) L"ServicesActive" 0x80000000
027c:trace:service:svcctl_OpenSCManagerW ((null), L"ServicesActive", 80000000)
036c:trace:service:OpenServiceA 00007FFFFF66F760 "winmgmt" 0x80000000
036c:trace:service:OpenServiceW 00007FFFFF66F760 L"winmgmt" 0x80000000
0250:trace:service:svcctl_OpenServiceW (L"winmgmt", 0x80000000)
036c:trace:service:QueryServiceStatusEx 00007FFFFF66F7A0 0 0000739BDCDD8490 36 0000739BDCDD848C
036c:trace:service:CloseServiceHandle 00007FFFFF66F7A0
0250:trace:service:svcctl_CloseServiceHandle (&00007FFFFE8972C0)
036c:trace:service:CloseServiceHandle 00007FFFFF66F760
027c:trace:service:svcctl_CloseServiceHandle (&00007FFFFE8B7EC0)
036c:trace:service:OpenSCManagerW (null) L"ServicesActive" 0x80000000
0250:trace:service:svcctl_OpenSCManagerW ((null), L"ServicesActive", 80000000)
036c:trace:service:OpenServiceA 00007FFFFF66F760 "winmgmt" 0x80000000
036c:trace:service:OpenServiceW 00007FFFFF66F760 L"winmgmt" 0x80000000
027c:trace:service:svcctl_OpenServiceW (L"winmgmt", 0x80000000)
036c:trace:service:QueryServiceStatusEx 00007FFFFF66F7A0 0 0000739BDCDD8490 36 0000739BDCDD848C
036c:trace:service:CloseServiceHandle 00007FFFFF66F7A0
027c:trace:service:svcctl_CloseServiceHandle (&00007FFFFE8B77E0)
036c:trace:service:CloseServiceHandle 00007FFFFF66F760
0250:trace:service:svcctl_CloseServiceHandle (&00007FFFFE88DA60)
036c:trace:service:OpenSCManagerW (null) L"ServicesActive" 0x80000000
027c:trace:service:svcctl_OpenSCManagerW ((null), L"ServicesActive", 80000000)
036c:trace:service:OpenServiceA 00007FFFFF66F760 "winmgmt" 0x80000000
036c:trace:service:OpenServiceW 00007FFFFF66F760 L"winmgmt" 0x80000000
0250:trace:service:svcctl_OpenServiceW (L"winmgmt", 0x80000000)
036c:trace:service:QueryServiceStatusEx 00007FFFFF66F7A0 0 0000739BDCDD8490 36 0000739BDCDD848C
036c:trace:service:CloseServiceHandle 00007FFFFF66F7A0
0250:trace:service:svcctl_CloseServiceHandle (&00007FFFFE8972C0)
036c:trace:service:CloseServiceHandle 00007FFFFF66F760
027c:trace:service:svcctl_CloseServiceHandle (&00007FFFFE8B7EC0)
036c:trace:service:OpenSCManagerW (null) L"ServicesActive" 0x80000000
0250:trace:service:svcctl_OpenSCManagerW ((null), L"ServicesActive", 80000000)
036c:trace:service:OpenServiceA 00007FFFFF66F760 "winmgmt" 0x80000000
036c:trace:service:OpenServiceW 00007FFFFF66F760 L"winmgmt" 0x80000000
027c:trace:service:svcctl_OpenServiceW (L"winmgmt", 0x80000000)
036c:trace:service:QueryServiceStatusEx 00007FFFFF66F7A0 0 0000739BDCDD8490 36 0000739BDCDD848C
036c:trace:service:CloseServiceHandle 00007FFFFF66F7A0
027c:trace:service:svcctl_CloseServiceHandle (&00007FFFFE8B77E0)
036c:trace:service:CloseServiceHandle 00007FFFFF66F760
0250:trace:service:svcctl_CloseServiceHandle (&00007FFFFE88DA60)
036c:trace:service:OpenSCManagerW (null) L"ServicesActive" 0x80000000
027c:trace:service:svcctl_OpenSCManagerW ((null), L"ServicesActive", 80000000)
036c:trace:service:OpenServiceA 00007FFFFF66F760 "winmgmt" 0x80000000
036c:trace:service:OpenServiceW 00007FFFFF66F760 L"winmgmt" 0x80000000
0250:trace:service:svcctl_OpenServiceW (L"winmgmt", 0x80000000)
036c:trace:service:QueryServiceStatusEx 00007FFFFF66F7A0 0 0000739BDCDD8490 36 0000739BDCDD848C
036c:trace:service:CloseServiceHandle 00007FFFFF66F7A0
0250:trace:service:svcctl_CloseServiceHandle (&00007FFFFE8972C0)
036c:trace:service:CloseServiceHandle 00007FFFFF66F760
027c:trace:service:svcctl_CloseServiceHandle (&00007FFFFE8B7EC0)
036c:trace:service:OpenSCManagerW (null) L"ServicesActive" 0x80000000
0250:trace:service:svcctl_OpenSCManagerW ((null), L"ServicesActive", 80000000)
036c:trace:service:OpenServiceA 00007FFFFF66F760 "winmgmt" 0x80000000
036c:trace:service:OpenServiceW 00007FFFFF66F760 L"winmgmt" 0x80000000
027c:trace:service:svcctl_OpenServiceW (L"winmgmt", 0x80000000)
036c:trace:service:QueryServiceStatusEx 00007FFFFF66F7A0 0 0000739BDCDD8490 36 0000739BDCDD848C
036c:trace:service:CloseServiceHandle 00007FFFFF66F7A0
027c:trace:service:svcctl_CloseServiceHandle (&00007FFFFE8B77E0)
036c:trace:service:CloseServiceHandle 00007FFFFF66F760
0250:trace:service:svcctl_CloseServiceHandle (&00007FFFFE88DA60)
036c:trace:service:OpenSCManagerW (null) L"ServicesActive" 0x80000000
027c:trace:service:svcctl_OpenSCManagerW ((null), L"ServicesActive", 80000000)
036c:trace:service:OpenServiceA 00007FFFFF66F760 "winmgmt" 0x80000000
036c:trace:service:OpenServiceW 00007FFFFF66F760 L"winmgmt" 0x80000000
0250:trace:service:svcctl_OpenServiceW (L"winmgmt", 0x80000000)
036c:trace:service:QueryServiceStatusEx 00007FFFFF66F7A0 0 0000739BDCDD8490 36 0000739BDCDD848C
036c:trace:service:CloseServiceHandle 00007FFFFF66F7A0
0250:trace:service:svcctl_CloseServiceHandle (&00007FFFFE8972C0)
036c:trace:service:CloseServiceHandle 00007FFFFF66F760
027c:trace:service:svcctl_CloseServiceHandle (&00007FFFFE8B7EC0)
036c:fixme:ole:CoInitializeSecurity 0000000000000000, -1, 0000000000000000, 0000000000000000, 0, 3, 0000000000000000, 0, 0000000000000000 stub
036c:fixme:wbemprox:wbem_locator_ConnectServer unsupported flags
036c:fixme:wbemprox:client_security_SetBlanket 00006FFFF71E2030, 00007FFFFF5FCBB0, 10, 0, (null), 3, 3, 0000000000000000, 0
036c:fixme:wbemprox:client_security_Release 00006FFFF71E2030
036c:fixme:wbemprox:enum_class_object_Next timeout not supported
036c:fixme:seh:EnumDeviceDrivers (0000000000000000, 0, 0000739BDCDD9B18): stub
036c:fixme:advapi:OpenEventLogW ((null),L"System") stub
036c:fixme:advapi:ReadEventLogA (00000000CAFE4242,0x00000009,0x00000000,00007FFFFF6799B0,0x00010000,0000739BDCDD9814,0000739BDCDD981C) stub
036c:fixme:advapi:OpenEventLogW ((null),L"Applications") stub
036c:fixme:advapi:ReadEventLogA (00000000CAFE4242,0x00000009,0x00000000,00007FFFFF6899C0,0x00010000,0000739BDCDD9814,0000739BDCDD981C) stub
036c:fixme:advapi:CloseEventLog (00000000CAFE4242) stub
036c:fixme:advapi:CloseEventLog (00000000CAFE4242) stub
036c:fixme:security:GetWindowsAccountDomainSid (0000739BDCDD8DE0 00007FFFFE7A2D48 0000739BDCDD8DDC): semi-stub
0058:fixme:mountmgr:disk_ioctl IOCTL_VOLUME_GET_VOLUME_DISK_EXTENTS semi-stub.
0058:fixme:mountmgr:query_property Faking StorageDeviceProperty data
0058:fixme:mountmgr:disk_ioctl IOCTL_VOLUME_GET_VOLUME_DISK_EXTENTS semi-stub.
0058:fixme:mountmgr:disk_ioctl Unsupported ioctl 74080 (device=7 access=1 func=20 method=0)
0058:fixme:mountmgr:disk_ioctl IOCTL_VOLUME_GET_VOLUME_DISK_EXTENTS semi-stub.
0058:fixme:mountmgr:disk_ioctl Unsupported ioctl 74080 (device=7 access=1 func=20 method=0)
0318:trace:service:QueryServiceStatus 0000782EE160BF90 00007FFFFE13F9BC
0318:trace:service:QueryServiceStatusEx 0000782EE160BF90 0 00007FFFFE13F540 36 00007FFFFE13F53C
036c:trace:service:OpenSCManagerW (null) L"ServicesActive" 0x80000000
027c:trace:service:svcctl_OpenSCManagerW ((null), L"ServicesActive", 80000000)
036c:trace:service:OpenServiceA 00007FFFFF66F7A0 "winmgmt" 0x80000000
036c:trace:service:OpenServiceW 00007FFFFF66F7A0 L"winmgmt" 0x80000000
0250:trace:service:svcctl_OpenServiceW (L"winmgmt", 0x80000000)
036c:trace:service:QueryServiceStatusEx 00007FFFFF66F820 0 0000739BDCDD8AD0 36 0000739BDCDD8ACC
036c:trace:service:CloseServiceHandle 00007FFFFF66F820
0250:trace:service:svcctl_CloseServiceHandle (&00007FFFFE8972C0)
036c:trace:service:CloseServiceHandle 00007FFFFF66F7A0
027c:trace:service:svcctl_CloseServiceHandle (&00007FFFFE8B7EC0)
036c:fixme:seh:EnumDeviceDrivers (0000000000000000, 0, 0000739BDCDD9FB8): stub
036c:trace:service:I_ScRegisterDeviceNotification handle 00007FFFFF5FBB10, filter 0000739BDCDDF0D0, callback 00006FFFFD75ED80
036c:trace:service:I_ScRegisterDeviceNotification handle 00007FFFFF5FBB10, filter 0000739BDCDDF0D0, callback 00006FFFFD75ED80
03a0:fixme:advapi:ReportEventA (00000000CAFE4242,0x0004,0x0000,0x41000204,0000000000000000,0x0000,0x00000000,0000739BC7EDD618,0000000000000000): stub
03a0:trace:service:SetServiceStatus 00007FFFFF5FBB10 0x10 0x2 0x47 0 0 0xc 0x4e20
0250:trace:service:svcctl_SetServiceStatus (00007FFFFE8971C0, 00007FFFFE8CEBA4)
0058:fixme:mountmgr:query_property Faking StorageDeviceProperty data
0058:fixme:mountmgr:disk_ioctl IOCTL_VOLUME_GET_VOLUME_DISK_EXTENTS semi-stub.
0058:fixme:mountmgr:query_property Faking StorageDeviceProperty data
03a0:fixme:advapi:ReportEventA (00000000CAFE4242,0x0004,0x0000,0x41000204,0000000000000000,0x0000,0x00000000,0000739BC7EDD618,0000000000000000): stub
03a0:trace:service:SetServiceStatus 00007FFFFF5FBB10 0x10 0x2 0x47 0 0 0xd 0x4e20
027c:trace:service:svcctl_SetServiceStatus (00007FFFFE8971C0, 00007FFFFE8CEBA4)
03a0:fixme:advapi:ReportEventA (00000000CAFE4242,0x0004,0x0000,0x41000204,0000000000000000,0x0000,0x00000000,0000739BC7EDD618,0000000000000000): stub
03a0:trace:service:SetServiceStatus 00007FFFFF5FBB10 0x10 0x2 0x47 0 0 0xe 0x4e20
0250:trace:service:svcctl_SetServiceStatus (00007FFFFE8971C0, 00007FFFFE8CEBA4)
03a0:fixme:advapi:ReportEventA (00000000CAFE4242,0x0004,0x0000,0x41000204,0000000000000000,0x0000,0x00000000,0000739BC7EDD618,0000000000000000): stub
03a0:trace:service:SetServiceStatus 00007FFFFF5FBB10 0x10 0x2 0x47 0 0 0xf 0x4e20
027c:trace:service:svcctl_SetServiceStatus (00007FFFFE8971C0, 00007FFFFE8CEBA4)
03a0:trace:service:SetServiceStatus 00007FFFFF5FBB10 0x10 0x4 0x47 0 0 0x10 0
0250:trace:service:svcctl_SetServiceStatus (00007FFFFE8971C0, 00007FFFFE8CEBA4)
03a0:fixme:seh:EnumDeviceDrivers (0000000000000000, 0, 0000739BC7EDA198): stub
0318:trace:service:QueryServiceStatus 0000782EE160BF90 00007FFFFE13F9BC
0318:trace:service:QueryServiceStatusEx 0000782EE160BF90 0 00007FFFFE13F540 36 00007FFFFE13F53C
0318:trace:service:CloseServiceHandle 0000782EE160BF90
0250:trace:service:svcctl_CloseServiceHandle (&00007FFFFE897100)
0318:trace:service:CloseServiceHandle 0000782EE15C12A0
027c:trace:service:svcctl_CloseServiceHandle (&00007FFFFE88D880)
0318:fixme:kernelbase:AppPolicyGetProcessTerminationMethod FFFFFFFFFFFFFFFA, 00007FFFFE13FEB0
0318:fixme:powrprof:PowerUnregisterSuspendResumeNotification (00000000DEADBEEF) stub!
03b8:trace:service:OpenSCManagerW (null) (null) 0xf003f
0250:trace:service:svcctl_OpenSCManagerW ((null), (null), f003f)
03b8:trace:service:OpenServiceW 00007FFFFE8218A0 L"CodeMeter.exe" 0xf003f
027c:trace:service:svcctl_OpenServiceW (L"CodeMeter.exe", 0xf003f)
03b8:trace:service:GetServiceDisplayNameW 00007FFFFE8218A0 L"CodeMeter.exe" 00007FFFFE23DE10 00007FFFFE23DE0C
0250:trace:service:svcctl_GetServiceDisplayNameW (L"CodeMeter.exe", 4095)
03b8:trace:service:StartServiceW 00007FFFFE8218E0 0 0000000000000000
027c:trace:service:svcctl_StartServiceW (00007FFFFE8B77E0, 0, 0000000000000000)
027c:trace:service:service_start returning 1056
03b8:trace:service:CloseServiceHandle 00007FFFFE8218E0
0250:trace:service:svcctl_CloseServiceHandle (&00007FFFFE8B77E0)
03b8:trace:service:CloseServiceHandle 00007FFFFE8218A0
027c:trace:service:svcctl_CloseServiceHandle (&00007FFFFE88D880)
03cc:trace:service:OpenSCManagerW L"" (null) 0x1
0250:trace:service:svcctl_OpenSCManagerW (L"", (null), 1)
03cc:trace:service:OpenServiceW 00007FFFFE7F2140 L"CodeMeter.exe" 0x1
027c:trace:service:svcctl_OpenServiceW (L"CodeMeter.exe", 0x1)
03cc:trace:service:QueryServiceConfigW 00007FFFFE7F2180 00007FFFFE7F2F60 4096 00007FFFFF22F500
0250:trace:service:svcctl_QueryServiceConfigW (00007FFFFE88C280)
03cc:trace:service:QueryServiceConfigW Image path           = L"C:\\Program Files\\CodeMeter\\Runtime\\bin\\CodeMeter.exe"
03cc:trace:service:QueryServiceConfigW Group                = L""
03cc:trace:service:QueryServiceConfigW Dependencies         = L""
03cc:trace:service:QueryServiceConfigW Service account name = L"LocalSystem"
03cc:trace:service:QueryServiceConfigW Display name         = L"CodeMeter Runtime Server"
03cc:trace:service:CloseServiceHandle 00007FFFFE7F2180
027c:trace:service:svcctl_CloseServiceHandle (&00007FFFFE8B77E0)
03cc:trace:service:OpenServiceW 00007FFFFE7F2140 L"CodeMeter.exe" 0x4
0250:trace:service:svcctl_OpenServiceW (L"CodeMeter.exe", 0x4)
03cc:trace:service:QueryServiceStatus 00007FFFFE7F2180 00007FFFFF22F620
03cc:trace:service:QueryServiceStatusEx 00007FFFFE7F2180 0 00007FFFFF22F4E0 36 00007FFFFF22F4DC
03cc:trace:service:CloseServiceHandle 00007FFFFE7F2180
0250:trace:service:svcctl_CloseServiceHandle (&00007FFFFE897100)
03cc:trace:service:CloseServiceHandle 00007FFFFE7F2140
027c:trace:service:svcctl_CloseServiceHandle (&00007FFFFE88D880)
MSIEXEC_EXIT=0
01f4:err:menubuilder:InvokeShellLinker failed to extract icon from L"C:\\ProgramData\\CodeMeter\\Backup"
0214:err:menubuilder:InvokeShellLinker failed to extract icon from L"C:\\ProgramData\\CodeMeter\\CmAct"
0204:err:menubuilder:InvokeShellLinker failed to extract icon from L"C:\\ProgramData\\CodeMeter\\Logs"
022c:err:menubuilder:InvokeShellLinker failed to extract icon from L"C:\\windows\\Installer\\{F5234E0C-A06D-4404-8175-DCF5F9CFC337}\\I_cmu_cmd_64.1992E333_D17A_448B_8484_ED047109D182.exe"
0234:err:menubuilder:InvokeShellLinker failed to extract icon from L"C:\\Program Files\\CodeMeter\\Runtime\\help\\8.40a\\CmUserHelp\\index.html"
01e4:err:menubuilder:InvokeShellLinker failed to extract icon from L"C:\\windows\\Installer\\{F5234E0C-A06D-4404-8175-DCF5F9CFC337}\\Icon_cmu.1992E333_D17A_448B_8484_ED047109D182.exe"
--- sc query CmWebAdmin.exe ---
03f0:trace:service:svcctl_OpenSCManagerW ((null), (null), f003f)
03f0:trace:service:svcctl_OpenServiceW (L"CmWebAdmin.exe", 0x4)
03f0:trace:service:svcctl_CloseServiceHandle (&00007FFFFE897100)
03f0:trace:service:svcctl_CloseServiceHandle (&00007FFFFE88D880)
SERVICE_NAME: CmWebAdmin.exe
        TYPE               : 10  WIN32_OWN_PROCESS
        STATE              : 4  RUNNING
        WIN32_EXIT_CODE    : 0  (0x0)
        SERVICE_EXIT_CODE  : 0  (0x0)
        CHECKPOINT         : 0x0
        WAIT_HINT          : 0x0
--- sc query CodeMeter.exe ---
03f0:trace:service:svcctl_OpenSCManagerW ((null), (null), f003f)
03f0:trace:service:svcctl_OpenServiceW (L"CodeMeter.exe", 0x4)
03f0:trace:service:svcctl_CloseServiceHandle (&00007FFFFE897100)
03f0:trace:service:svcctl_CloseServiceHandle (&00007FFFFE88D880)
SERVICE_NAME: CodeMeter.exe
        TYPE               : 10  WIN32_OWN_PROCESS
        STATE              : 4  RUNNING
        WIN32_EXIT_CODE    : 0  (0x0)
        SERVICE_EXIT_CODE  : 0  (0x0)
        CHECKPOINT         : 0x10
        WAIT_HINT          : 0x0
