[0174:0178][2026-10-03T23:47:22]i001: Burn v3.14.1.8722, Windows v10.0 (Build 19045: Service Pack 0), path: C:\windows\temp\{1BCE9658-7A47-4E5C-A471-BF0F6F9A0413}\.cr\vcredist2022_x64.exe
[0174:0178][2026-10-03T23:47:22]i009: Command Line: '"-burn.clean.room=C:\ProgramData\Package Cache\21CE0EE54BFF57F69FAFA741025BF2F15B356405\vcredist2022_x64.exe" -burn.filehandle.attached=128 -burn.filehandle.self=132 /install /quiet /norestart'
[0174:0178][2026-10-03T23:47:22]i000: Setting string variable 'WixBundleOriginalSource' to value 'C:\ProgramData\Package Cache\21CE0EE54BFF57F69FAFA741025BF2F15B356405\vcredist2022_x64.exe'
[0174:0178][2026-10-03T23:47:22]i000: Setting string variable 'WixBundleOriginalSourceFolder' to value 'C:\ProgramData\Package Cache\21CE0EE54BFF57F69FAFA741025BF2F15B356405\'
[0174:0178][2026-10-03T23:47:22]i000: Setting string variable 'WixBundleLog' to value 'C:\users\asdf\AppData\Local\Temp\dd_vcredist_amd64_20261003234722.log'
[0174:0178][2026-10-03T23:47:22]i000: Setting string variable 'WixBundleName' to value 'Microsoft Visual C++ 2015-2022 Redistributable (x64) - 14.44.35211'
[0174:0178][2026-10-03T23:47:22]i000: Setting string variable 'WixBundleManufacturer' to value 'Microsoft Corporation'
[0174:0184][2026-10-03T23:47:22]i000: Setting version variable 'WixBundleFileVersion' to value '14.44.35211.0'
[0174:0178][2026-10-03T23:47:22]i100: Detect begin, 11 packages
[0174:0178][2026-10-03T23:47:22]i000: Setting string variable 'Arm64_Check' to value 'AMD64'
[0174:0178][2026-10-03T23:47:22]i000: Setting version variable 'windows_uCRT_DetectKey' to value '10.0.14393.2247'
[0174:0178][2026-10-03T23:47:22]i000: Setting numeric variable 'windows_uCRT_DetectKeyExists' to value 1
[0174:0178][2026-10-03T23:47:22]i052: Condition '(VersionNT = v6.3 AND NOT VersionNT64) AND (windows_uCRT_DetectKeyExists AND windows_uCRT_DetectKey >= v10.0.10240.0)' evaluates to false.
[0174:0178][2026-10-03T23:47:22]i052: Condition '(VersionNT = v6.3 AND VersionNT64) AND (windows_uCRT_DetectKeyExists AND windows_uCRT_DetectKey >= v10.0.10240.0)' evaluates to false.
[0174:0178][2026-10-03T23:47:22]i052: Condition '(VersionNT = v6.2 AND NOT VersionNT64) AND (windows_uCRT_DetectKeyExists AND windows_uCRT_DetectKey >= v10.0.10240.0)' evaluates to false.
[0174:0178][2026-10-03T23:47:22]i052: Condition '(VersionNT = v6.2 AND VersionNT64) AND (windows_uCRT_DetectKeyExists AND windows_uCRT_DetectKey >= v10.0.10240.0)' evaluates to false.
[0174:0178][2026-10-03T23:47:22]i052: Condition '(VersionNT = v6.1 AND NOT VersionNT64) AND (windows_uCRT_DetectKeyExists AND windows_uCRT_DetectKey >= v10.0.10240.0)' evaluates to false.
[0174:0178][2026-10-03T23:47:22]i052: Condition '(VersionNT = v6.1 AND VersionNT64) AND (windows_uCRT_DetectKeyExists AND windows_uCRT_DetectKey >= v10.0.10240.0)' evaluates to false.
[0174:0178][2026-10-03T23:47:22]i052: Condition '(VersionNT = v6.0 AND NOT VersionNT64) AND (windows_uCRT_DetectKeyExists AND windows_uCRT_DetectKey >= v10.0.10240.0)' evaluates to false.
[0174:0178][2026-10-03T23:47:22]i052: Condition '(VersionNT = v6.0 AND VersionNT64) AND (windows_uCRT_DetectKeyExists AND windows_uCRT_DetectKey >= v10.0.10240.0)' evaluates to false.
[0174:0178][2026-10-03T23:47:22]i101: Detected package: Windows81_x86, state: Absent, cached: None
[0174:0178][2026-10-03T23:47:22]i101: Detected package: Windows81_x64, state: Absent, cached: None
[0174:0178][2026-10-03T23:47:22]i101: Detected package: Windows8_x86, state: Absent, cached: None
[0174:0178][2026-10-03T23:47:22]i101: Detected package: Windows8_x64, state: Absent, cached: None
[0174:0178][2026-10-03T23:47:22]i101: Detected package: Windows7_MSU_x86, state: Absent, cached: None
[0174:0178][2026-10-03T23:47:22]i101: Detected package: Windows7_MSU_x64, state: Absent, cached: None
[0174:0178][2026-10-03T23:47:22]i101: Detected package: WindowsVista_MSU_x86, state: Absent, cached: None
[0174:0178][2026-10-03T23:47:22]i101: Detected package: WindowsVista_MSU_x64, state: Absent, cached: None
[0174:0178][2026-10-03T23:47:22]i101: Detected package: vcRuntimeMinimum_x64, state: Absent, cached: None
[0174:0178][2026-10-03T23:47:22]i101: Detected package: vcRuntimeAdditional_x64, state: Absent, cached: None
[0174:0178][2026-10-03T23:47:22]i101: Detected package: vcRuntime_arm64, state: Absent, cached: None
[0174:0178][2026-10-03T23:47:22]i052: Condition 'VersionNT >= v6.1' evaluates to true.
[0174:0178][2026-10-03T23:47:22]i199: Detect complete, result: 0x0
[0174:0178][2026-10-03T23:47:22]i200: Plan begin, 11 packages, action: Install
[0174:0178][2026-10-03T23:47:22]i052: Condition 'VersionNT = v6.3 AND NOT VersionNT64' evaluates to false.
[0174:0178][2026-10-03T23:47:22]w321: Skipping dependency registration on package with no dependency providers: Windows81_x86
[0174:0178][2026-10-03T23:47:22]i052: Condition 'VersionNT = v6.3 AND VersionNT64' evaluates to false.
[0174:0178][2026-10-03T23:47:22]w321: Skipping dependency registration on package with no dependency providers: Windows81_x64
[0174:0178][2026-10-03T23:47:22]i052: Condition 'VersionNT = v6.2 AND NOT VersionNT64' evaluates to false.
[0174:0178][2026-10-03T23:47:22]w321: Skipping dependency registration on package with no dependency providers: Windows8_x86
[0174:0178][2026-10-03T23:47:22]i052: Condition 'VersionNT = v6.2 AND VersionNT64' evaluates to false.
[0174:0178][2026-10-03T23:47:22]w321: Skipping dependency registration on package with no dependency providers: Windows8_x64
[0174:0178][2026-10-03T23:47:22]i052: Condition 'VersionNT = v6.1 AND NOT VersionNT64' evaluates to false.
[0174:0178][2026-10-03T23:47:22]w321: Skipping dependency registration on package with no dependency providers: Windows7_MSU_x86
[0174:0178][2026-10-03T23:47:22]i052: Condition 'VersionNT = v6.1 AND VersionNT64' evaluates to false.
[0174:0178][2026-10-03T23:47:22]w321: Skipping dependency registration on package with no dependency providers: Windows7_MSU_x64
[0174:0178][2026-10-03T23:47:22]i052: Condition 'VersionNT = v6.0 AND NOT VersionNT64' evaluates to false.
[0174:0178][2026-10-03T23:47:22]w321: Skipping dependency registration on package with no dependency providers: WindowsVista_MSU_x86
[0174:0178][2026-10-03T23:47:22]i052: Condition 'VersionNT = v6.0 AND VersionNT64' evaluates to false.
[0174:0178][2026-10-03T23:47:22]w321: Skipping dependency registration on package with no dependency providers: WindowsVista_MSU_x64
[0174:0178][2026-10-03T23:47:22]i052: Condition '(VersionNT64) AND NOT (Arm64_Check = "ARM64")' evaluates to true.
[0174:0178][2026-10-03T23:47:22]i000: Setting string variable 'WixBundleRollbackLog_vcRuntimeMinimum_x64' to value 'C:\users\asdf\AppData\Local\Temp\dd_vcredist_amd64_20261003234722_000_vcRuntimeMinimum_x64_rollback.log'
[0174:0178][2026-10-03T23:47:22]i000: Setting string variable 'WixBundleLog_vcRuntimeMinimum_x64' to value 'C:\users\asdf\AppData\Local\Temp\dd_vcredist_amd64_20261003234722_000_vcRuntimeMinimum_x64.log'
[0174:0178][2026-10-03T23:47:22]i052: Condition '(VersionNT64) AND NOT (Arm64_Check = "ARM64")' evaluates to true.
[0174:0178][2026-10-03T23:47:22]i000: Setting string variable 'WixBundleRollbackLog_vcRuntimeAdditional_x64' to value 'C:\users\asdf\AppData\Local\Temp\dd_vcredist_amd64_20261003234722_001_vcRuntimeAdditional_x64_rollback.log'
[0174:0178][2026-10-03T23:47:22]i000: Setting string variable 'WixBundleLog_vcRuntimeAdditional_x64' to value 'C:\users\asdf\AppData\Local\Temp\dd_vcredist_amd64_20261003234722_001_vcRuntimeAdditional_x64.log'
[0174:0178][2026-10-03T23:47:22]i052: Condition 'Arm64_Check = "ARM64"' evaluates to false.
[0174:0178][2026-10-03T23:47:22]i201: Planned package: Windows81_x86, state: Absent, default requested: Absent, ba requested: Absent, execute: None, rollback: None, cache: No, uncache: No, dependency: None
[0174:0178][2026-10-03T23:47:22]i201: Planned package: Windows81_x64, state: Absent, default requested: Absent, ba requested: Absent, execute: None, rollback: None, cache: No, uncache: No, dependency: None
[0174:0178][2026-10-03T23:47:22]i201: Planned package: Windows8_x86, state: Absent, default requested: Absent, ba requested: Absent, execute: None, rollback: None, cache: No, uncache: No, dependency: None
[0174:0178][2026-10-03T23:47:22]i201: Planned package: Windows8_x64, state: Absent, default requested: Absent, ba requested: Absent, execute: None, rollback: None, cache: No, uncache: No, dependency: None
[0174:0178][2026-10-03T23:47:22]i201: Planned package: Windows7_MSU_x86, state: Absent, default requested: Absent, ba requested: Absent, execute: None, rollback: None, cache: No, uncache: No, dependency: None
[0174:0178][2026-10-03T23:47:22]i201: Planned package: Windows7_MSU_x64, state: Absent, default requested: Absent, ba requested: Absent, execute: None, rollback: None, cache: No, uncache: No, dependency: None
[0174:0178][2026-10-03T23:47:22]i201: Planned package: WindowsVista_MSU_x86, state: Absent, default requested: Absent, ba requested: Absent, execute: None, rollback: None, cache: No, uncache: No, dependency: None
[0174:0178][2026-10-03T23:47:22]i201: Planned package: WindowsVista_MSU_x64, state: Absent, default requested: Absent, ba requested: Absent, execute: None, rollback: None, cache: No, uncache: No, dependency: None
[0174:0178][2026-10-03T23:47:22]i201: Planned package: vcRuntimeMinimum_x64, state: Absent, default requested: Present, ba requested: Present, execute: Install, rollback: Uninstall, cache: Yes, uncache: No, dependency: Register
[0174:0178][2026-10-03T23:47:22]i201: Planned package: vcRuntimeAdditional_x64, state: Absent, default requested: Present, ba requested: Present, execute: Install, rollback: Uninstall, cache: Yes, uncache: No, dependency: Register
[0174:0178][2026-10-03T23:47:22]i201: Planned package: vcRuntime_arm64, state: Absent, default requested: Absent, ba requested: Absent, execute: None, rollback: None, cache: No, uncache: No, dependency: None
[0174:0178][2026-10-03T23:47:22]i299: Plan complete, result: 0x0
[0174:0178][2026-10-03T23:47:22]i300: Apply begin
[0174:0178][2026-10-03T23:47:22]i010: Launching elevated engine process.
[0174:0178][2026-10-03T23:47:22]i011: Launched elevated engine process.
[0174:0178][2026-10-03T23:47:23]i012: Connected to elevated engine.
[0188:018C][2026-10-03T23:47:23]i358: Pausing automatic updates.
[0188:018C][2026-10-03T23:47:23]i359: Paused automatic updates.
[0188:018C][2026-10-03T23:47:23]i360: Creating a system restore point.
[0188:018C][2026-10-03T23:47:23]i361: Created a system restore point.
[0188:018C][2026-10-03T23:47:23]i370: Session begin, registration key: SOFTWARE\Microsoft\Windows\CurrentVersion\Uninstall\{d8bbe9f9-7c5b-42c6-b715-9ee898a2e515}, options: 0x7, disable resume: No
[0188:018C][2026-10-03T23:47:23]i000: Caching bundle from: 'C:\windows\Temp\{EE5EA5EA-4D0C-4A5A-926A-D10C22B74B6F}\.be\VC_redist.x64.exe' to: 'C:\ProgramData\Package Cache\{d8bbe9f9-7c5b-42c6-b715-9ee898a2e515}\VC_redist.x64.exe'
[0188:018C][2026-10-03T23:47:23]i320: Registering bundle dependency provider: VC,redist.x64,amd64,14.44,bundle, version: 14.44.35211.0
[0188:018C][2026-10-03T23:47:23]i371: Updating session, registration key: SOFTWARE\Microsoft\Windows\CurrentVersion\Uninstall\{d8bbe9f9-7c5b-42c6-b715-9ee898a2e515}, resume: Active, restart initiated: No, disable resume: No
[0188:0198][2026-10-03T23:47:23]i305: Verified acquired payload: vcRuntimeMinimum_x64 at path: C:\ProgramData\Package Cache\.unverified\vcRuntimeMinimum_x64, moving to: C:\ProgramData\Package Cache\{43B0D101-A022-48F4-9D04-BA404CEB1D53}v14.44.35211\packages\vcRuntimeMinimum_amd64\vc_runtimeMinimum_x64.msi.
[0188:0198][2026-10-03T23:47:23]i305: Verified acquired payload: cab5046A8AB272BF37297BB7928664C9503 at path: C:\ProgramData\Package Cache\.unverified\cab5046A8AB272BF37297BB7928664C9503, moving to: C:\ProgramData\Package Cache\{43B0D101-A022-48F4-9D04-BA404CEB1D53}v14.44.35211\packages\vcRuntimeMinimum_amd64\cab1.cab.
[0188:0198][2026-10-03T23:47:23]i305: Verified acquired payload: vcRuntimeAdditional_x64 at path: C:\ProgramData\Package Cache\.unverified\vcRuntimeAdditional_x64, moving to: C:\ProgramData\Package Cache\{86AB2CC9-08BD-4643-B0F9-F82D006D72FF}v14.44.35211\packages\vcRuntimeAdditional_amd64\vc_runtimeAdditional_x64.msi.
[0188:0198][2026-10-03T23:47:23]i305: Verified acquired payload: cab2C04DDC374BD96EB5C8EB8208F2C7C92 at path: C:\ProgramData\Package Cache\.unverified\cab2C04DDC374BD96EB5C8EB8208F2C7C92, moving to: C:\ProgramData\Package Cache\{86AB2CC9-08BD-4643-B0F9-F82D006D72FF}v14.44.35211\packages\vcRuntimeAdditional_amd64\cab1.cab.
[0188:018C][2026-10-03T23:47:23]i301: Applying execute package: vcRuntimeMinimum_x64, action: Install, path: C:\ProgramData\Package Cache\{43B0D101-A022-48F4-9D04-BA404CEB1D53}v14.44.35211\packages\vcRuntimeMinimum_amd64\vc_runtimeMinimum_x64.msi, arguments: ' MSIFASTINSTALL="7" NOVSUI="1"'
[0174:0178][2026-10-03T23:47:23]i319: Applied execute package: vcRuntimeMinimum_x64, result: 0x0, restart: None
[0188:018C][2026-10-03T23:47:23]i325: Registering dependency: {d8bbe9f9-7c5b-42c6-b715-9ee898a2e515} on package provider: Microsoft.VS.VC_RuntimeMinimumVSU_amd64,v14, package: vcRuntimeMinimum_x64
[0188:018C][2026-10-03T23:47:23]i301: Applying execute package: vcRuntimeAdditional_x64, action: Install, path: C:\ProgramData\Package Cache\{86AB2CC9-08BD-4643-B0F9-F82D006D72FF}v14.44.35211\packages\vcRuntimeAdditional_amd64\vc_runtimeAdditional_x64.msi, arguments: ' MSIFASTINSTALL="7" NOVSUI="1"'
[0174:0178][2026-10-03T23:47:24]i319: Applied execute package: vcRuntimeAdditional_x64, result: 0x0, restart: None
[0188:018C][2026-10-03T23:47:24]i325: Registering dependency: {d8bbe9f9-7c5b-42c6-b715-9ee898a2e515} on package provider: Microsoft.VS.VC_RuntimeAdditionalVSU_amd64,v14, package: vcRuntimeAdditional_x64
[0188:018C][2026-10-03T23:47:24]i372: Session end, registration key: SOFTWARE\Microsoft\Windows\CurrentVersion\Uninstall\{d8bbe9f9-7c5b-42c6-b715-9ee898a2e515}, resume: ARP, restart: None, disable resume: No
[0188:018C][2026-10-03T23:47:24]i371: Updating session, registration key: SOFTWARE\Microsoft\Windows\CurrentVersion\Uninstall\{d8bbe9f9-7c5b-42c6-b715-9ee898a2e515}, resume: ARP, restart initiated: No, disable resume: No
[0174:0178][2026-10-03T23:47:24]i399: Apply complete, result: 0x0, restart: None, ba requested restart:  No
[0174:0178][2026-10-03T23:47:24]i500: Shutting down, exit code: 0x0
[0174:0178][2026-10-03T23:47:24]i410: Variable: Arm64_Check = AMD64
[0174:0178][2026-10-03T23:47:24]i410: Variable: SystemFolder = C:\windows\syswow64\
[0174:0178][2026-10-03T23:47:24]i410: Variable: VersionNT = 10.0.0.0
[0174:0178][2026-10-03T23:47:24]i410: Variable: VersionNT64 = 10.0.0.0
[0174:0178][2026-10-03T23:47:24]i410: Variable: windows_uCRT_DetectKey = 10.0.14393.2247
[0174:0178][2026-10-03T23:47:24]i410: Variable: windows_uCRT_DetectKeyExists = 1
[0174:0178][2026-10-03T23:47:24]i410: Variable: WixBundleAction = 5
[0174:0178][2026-10-03T23:47:24]i410: Variable: WixBundleElevated = 1
[0174:0178][2026-10-03T23:47:24]i410: Variable: WixBundleFileVersion = 14.44.35211.0
[0174:0178][2026-10-03T23:47:24]i410: Variable: WixBundleInstalled = 0
[0174:0178][2026-10-03T23:47:24]i410: Variable: WixBundleLog = C:\users\asdf\AppData\Local\Temp\dd_vcredist_amd64_20261003234722.log
[0174:0178][2026-10-03T23:47:24]i410: Variable: WixBundleLog_vcRuntimeAdditional_x64 = C:\users\asdf\AppData\Local\Temp\dd_vcredist_amd64_20261003234722_001_vcRuntimeAdditional_x64.log
[0174:0178][2026-10-03T23:47:24]i410: Variable: WixBundleLog_vcRuntimeMinimum_x64 = C:\users\asdf\AppData\Local\Temp\dd_vcredist_amd64_20261003234722_000_vcRuntimeMinimum_x64.log
[0174:0178][2026-10-03T23:47:24]i410: Variable: WixBundleManufacturer = Microsoft Corporation
[0174:0178][2026-10-03T23:47:24]i410: Variable: WixBundleName = Microsoft Visual C++ 2015-2022 Redistributable (x64) - 14.44.35211
[0174:0178][2026-10-03T23:47:24]i410: Variable: WixBundleOriginalSource = C:\ProgramData\Package Cache\21CE0EE54BFF57F69FAFA741025BF2F15B356405\vcredist2022_x64.exe
[0174:0178][2026-10-03T23:47:24]i410: Variable: WixBundleOriginalSourceFolder = C:\ProgramData\Package Cache\21CE0EE54BFF57F69FAFA741025BF2F15B356405\
[0174:0178][2026-10-03T23:47:24]i410: Variable: WixBundleProviderKey = VC,redist.x64,amd64,14.44,bundle
[0174:0178][2026-10-03T23:47:24]i410: Variable: WixBundleRollbackLog_vcRuntimeAdditional_x64 = C:\users\asdf\AppData\Local\Temp\dd_vcredist_amd64_20261003234722_001_vcRuntimeAdditional_x64_rollback.log
[0174:0178][2026-10-03T23:47:24]i410: Variable: WixBundleRollbackLog_vcRuntimeMinimum_x64 = C:\users\asdf\AppData\Local\Temp\dd_vcredist_amd64_20261003234722_000_vcRuntimeMinimum_x64_rollback.log
[0174:0178][2026-10-03T23:47:24]i410: Variable: WixBundleSourceProcessFolder = C:\ProgramData\Package Cache\21CE0EE54BFF57F69FAFA741025BF2F15B356405\
[0174:0178][2026-10-03T23:47:24]i410: Variable: WixBundleSourceProcessPath = C:\ProgramData\Package Cache\21CE0EE54BFF57F69FAFA741025BF2F15B356405\vcredist2022_x64.exe
[0174:0178][2026-10-03T23:47:24]i410: Variable: WixBundleTag = 
[0174:0178][2026-10-03T23:47:24]i410: Variable: WixBundleUILevel = 2
[0174:0178][2026-10-03T23:47:24]i410: Variable: WixBundleVersion = 14.44.35211.0
[0174:0178][2026-10-03T23:47:24]i007: Exit code: 0x0, restarting: No
